build-and-test	Run flutter test --coverage	﻿2025-07-30T14:28:24.5292485Z ##[group]Run flutter test --coverage
build-and-test	Run flutter test --coverage	2025-07-30T14:28:24.5292824Z [36;1mflutter test --coverage[0m
build-and-test	Run flutter test --coverage	2025-07-30T14:28:24.5320277Z shell: /usr/bin/bash -e {0}
build-and-test	Run flutter test --coverage	2025-07-30T14:28:24.5320506Z env:
build-and-test	Run flutter test --coverage	2025-07-30T14:28:24.5320751Z   FLUTTER_ROOT: /opt/hostedtoolcache/flutter/stable-3.27.1-x64
build-and-test	Run flutter test --coverage	2025-07-30T14:28:24.5321096Z   PUB_CACHE: /home/runner/.pub-cache
build-and-test	Run flutter test --coverage	2025-07-30T14:28:24.5321334Z ##[endgroup]
build-and-test	Run flutter test --coverage	2025-07-30T14:28:25.6841151Z 
build-and-test	Run flutter test --coverage	2025-07-30T14:28:27.8734939Z test/firebase_test_helper.dart:11:48: Error: Type 'FirebaseAuth' not found.
build-and-test	Run flutter test --coverage	2025-07-30T14:28:27.8742773Z class MockFirebaseAuth extends Mock implements FirebaseAuth {}
build-and-test	Run flutter test --coverage	2025-07-30T14:28:27.8743400Z                                                ^^^^^^^^^^^^
build-and-test	Run flutter test --coverage	2025-07-30T14:28:27.8743953Z test/firebase_test_helper.dart:13:40: Error: Type 'User' not found.
build-and-test	Run flutter test --coverage	2025-07-30T14:28:27.8744544Z class MockUser extends Mock implements User {}
build-and-test	Run flutter test --coverage	2025-07-30T14:28:27.8745004Z                                        ^^^^
build-and-test	Run flutter test --coverage	2025-07-30T14:28:27.8745570Z test/firebase_test_helper.dart:15:50: Error: Type 'UserCredential' not found.
build-and-test	Run flutter test --coverage	2025-07-30T14:28:27.8746429Z class MockUserCredential extends Mock implements UserCredential {}
build-and-test	Run flutter test --coverage	2025-07-30T14:28:27.8746992Z                                                  ^^^^^^^^^^^^^^
build-and-test	Run flutter test --coverage	2025-07-30T14:28:29.6797769Z test/widgets/login_screen_test.dart:83:7: Error: Setter not found: 'passwordField'.
build-and-test	Run flutter test --coverage	2025-07-30T14:28:29.6799110Z       passwordField = find.byType(TextField).last;
build-and-test	Run flutter test --coverage	2025-07-30T14:28:29.6799617Z       ^^^^^^^^^^^^^
build-and-test	Run flutter test --coverage	2025-07-30T14:28:29.6800209Z test/widgets/login_screen_test.dart:84:30: Error: Undefined name 'passwordField'.
build-and-test	Run flutter test --coverage	2025-07-30T14:28:29.6801041Z       await tester.enterText(passwordField, 'password123');
build-and-test	Run flutter test --coverage	2025-07-30T14:28:29.6801848Z                              ^^^^^^^^^^^^^
build-and-test	Run flutter test --coverage	2025-07-30T14:28:29.8120476Z test/firebase_test_helper.dart:78:25: Error: The getter 'uid' isn't defined for the class 'MockUser'.
build-and-test	Run flutter test --coverage	2025-07-30T14:28:29.8121483Z  - 'MockUser' is from 'test/firebase_test_helper.dart'.
build-and-test	Run flutter test --coverage	2025-07-30T14:28:29.8122576Z Try correcting the name to the name of an existing getter, or defining a getter or field named 'uid'.
build-and-test	Run flutter test --coverage	2025-07-30T14:28:29.8123467Z     when(() => mockUser.uid).thenReturn('test-user-id');
build-and-test	Run flutter test --coverage	2025-07-30T14:28:29.8123972Z                         ^^^
build-and-test	Run flutter test --coverage	2025-07-30T14:28:29.8124684Z test/firebase_test_helper.dart:79:25: Error: The getter 'email' isn't defined for the class 'MockUser'.
build-and-test	Run flutter test --coverage	2025-07-30T14:28:29.8125548Z  - 'MockUser' is from 'test/firebase_test_helper.dart'.
build-and-test	Run flutter test --coverage	2025-07-30T14:28:29.8126384Z Try correcting the name to the name of an existing getter, or defining a getter or field named 'email'.
build-and-test	Run flutter test --coverage	2025-07-30T14:28:29.8127256Z     when(() => mockUser.email).thenReturn('test@example.com');
build-and-test	Run flutter test --coverage	2025-07-30T14:28:29.8127787Z                         ^^^^^
build-and-test	Run flutter test --coverage	2025-07-30T14:28:29.8128550Z test/firebase_test_helper.dart:80:25: Error: The getter 'displayName' isn't defined for the class 'MockUser'.
build-and-test	Run flutter test --coverage	2025-07-30T14:28:29.8129461Z  - 'MockUser' is from 'test/firebase_test_helper.dart'.
build-and-test	Run flutter test --coverage	2025-07-30T14:28:29.8130311Z Try correcting the name to the name of an existing getter, or defining a getter or field named 'displayName'.
build-and-test	Run flutter test --coverage	2025-07-30T14:28:29.8131221Z     when(() => mockUser.displayName).thenReturn('Test User');
build-and-test	Run flutter test --coverage	2025-07-30T14:28:29.8131944Z                         ^^^^^^^^^^^
build-and-test	Run flutter test --coverage	2025-07-30T14:28:29.8132718Z test/firebase_test_helper.dart:81:25: Error: The getter 'photoURL' isn't defined for the class 'MockUser'.
build-and-test	Run flutter test --coverage	2025-07-30T14:28:29.8133626Z  - 'MockUser' is from 'test/firebase_test_helper.dart'.
build-and-test	Run flutter test --coverage	2025-07-30T14:28:29.8134482Z Try correcting the name to the name of an existing getter, or defining a getter or field named 'photoURL'.
build-and-test	Run flutter test --coverage	2025-07-30T14:28:29.8135530Z     when(() => mockUser.photoURL).thenReturn('https://example.com/photo.jpg');
build-and-test	Run flutter test --coverage	2025-07-30T14:28:29.8136174Z                         ^^^^^^^^
build-and-test	Run flutter test --coverage	2025-07-30T14:28:29.8136944Z test/firebase_test_helper.dart:82:25: Error: The getter 'isAnonymous' isn't defined for the class 'MockUser'.
build-and-test	Run flutter test --coverage	2025-07-30T14:28:29.8137893Z  - 'MockUser' is from 'test/firebase_test_helper.dart'.
build-and-test	Run flutter test --coverage	2025-07-30T14:28:29.8138766Z Try correcting the name to the name of an existing getter, or defining a getter or field named 'isAnonymous'.
build-and-test	Run flutter test --coverage	2025-07-30T14:28:29.8140169Z     when(() => mockUser.isAnonymous).thenReturn(false);
build-and-test	Run flutter test --coverage	2025-07-30T14:28:29.8140611Z                         ^^^^^^^^^^^
build-and-test	Run flutter test --coverage	2025-07-30T14:28:29.8141315Z test/firebase_test_helper.dart:83:25: Error: The getter 'emailVerified' isn't defined for the class 'MockUser'.
build-and-test	Run flutter test --coverage	2025-07-30T14:28:29.8142365Z  - 'MockUser' is from 'test/firebase_test_helper.dart'.
build-and-test	Run flutter test --coverage	2025-07-30T14:28:29.8143188Z Try correcting the name to the name of an existing getter, or defining a getter or field named 'emailVerified'.
build-and-test	Run flutter test --coverage	2025-07-30T14:28:29.8144060Z     when(() => mockUser.emailVerified).thenReturn(true);
build-and-test	Run flutter test --coverage	2025-07-30T14:28:29.8144554Z                         ^^^^^^^^^^^^^
build-and-test	Run flutter test --coverage	2025-07-30T14:28:29.8145360Z test/firebase_test_helper.dart:86:35: Error: The getter 'user' isn't defined for the class 'MockUserCredential'.
build-and-test	Run flutter test --coverage	2025-07-30T14:28:29.8146332Z  - 'MockUserCredential' is from 'test/firebase_test_helper.dart'.
build-and-test	Run flutter test --coverage	2025-07-30T14:28:29.8147242Z Try correcting the name to the name of an existing getter, or defining a getter or field named 'user'.
build-and-test	Run flutter test --coverage	2025-07-30T14:28:29.8148117Z     when(() => mockUserCredential.user).thenReturn(mockUser);
build-and-test	Run flutter test --coverage	2025-07-30T14:28:29.8148638Z                                   ^^^^
build-and-test	Run flutter test --coverage	2025-07-30T14:28:29.8149475Z test/firebase_test_helper.dart:89:25: Error: The getter 'currentUser' isn't defined for the class 'MockFirebaseAuth'.
build-and-test	Run flutter test --coverage	2025-07-30T14:28:29.8150787Z  - 'MockFirebaseAuth' is from 'test/firebase_test_helper.dart'.
build-and-test	Run flutter test --coverage	2025-07-30T14:28:29.8152028Z Try correcting the name to the name of an existing getter, or defining a getter or field named 'currentUser'.
build-and-test	Run flutter test --coverage	2025-07-30T14:28:29.8152919Z     when(() => mockAuth.currentUser).thenReturn(mockUser);
build-and-test	Run flutter test --coverage	2025-07-30T14:28:29.8153446Z                         ^^^^^^^^^^^
build-and-test	Run flutter test --coverage	2025-07-30T14:28:29.8154307Z test/firebase_test_helper.dart:90:25: Error: The method 'authStateChanges' isn't defined for the class 'MockFirebaseAuth'.
build-and-test	Run flutter test --coverage	2025-07-30T14:28:29.8155236Z  - 'MockFirebaseAuth' is from 'test/firebase_test_helper.dart'.
build-and-test	Run flutter test --coverage	2025-07-30T14:28:29.8156043Z Try correcting the name to the name of an existing method, or defining a method named 'authStateChanges'.
build-and-test	Run flutter test --coverage	2025-07-30T14:28:29.8156739Z     when(() => mockAuth.authStateChanges())
build-and-test	Run flutter test --coverage	2025-07-30T14:28:29.8157163Z                         ^^^^^^^^^^^^^^^^
build-and-test	Run flutter test --coverage	2025-07-30T14:28:29.8157913Z test/firebase_test_helper.dart:92:25: Error: The method 'userChanges' isn't defined for the class 'MockFirebaseAuth'.
build-and-test	Run flutter test --coverage	2025-07-30T14:28:29.8158891Z  - 'MockFirebaseAuth' is from 'test/firebase_test_helper.dart'.
build-and-test	Run flutter test --coverage	2025-07-30T14:28:29.8159779Z Try correcting the name to the name of an existing method, or defining a method named 'userChanges'.
build-and-test	Run flutter test --coverage	2025-07-30T14:28:29.8160560Z     when(() => mockAuth.userChanges())
build-and-test	Run flutter test --coverage	2025-07-30T14:28:29.8160991Z                         ^^^^^^^^^^^
build-and-test	Run flutter test --coverage	2025-07-30T14:28:29.8162113Z test/firebase_test_helper.dart:94:25: Error: The method 'signInWithEmailAndPassword' isn't defined for the class 'MockFirebaseAuth'.
build-and-test	Run flutter test --coverage	2025-07-30T14:28:29.8163200Z  - 'MockFirebaseAuth' is from 'test/firebase_test_helper.dart'.
build-and-test	Run flutter test --coverage	2025-07-30T14:28:29.8164192Z Try correcting the name to the name of an existing method, or defining a method named 'signInWithEmailAndPassword'.
build-and-test	Run flutter test --coverage	2025-07-30T14:28:29.8165149Z     when(() => mockAuth.signInWithEmailAndPassword(any(), any()))
build-and-test	Run flutter test --coverage	2025-07-30T14:28:29.8165719Z                         ^^^^^^^^^^^^^^^^^^^^^^^^^^
build-and-test	Run flutter test --coverage	2025-07-30T14:28:29.8166740Z test/firebase_test_helper.dart:96:25: Error: The method 'createUserWithEmailAndPassword' isn't defined for the class 'MockFirebaseAuth'.
build-and-test	Run flutter test --coverage	2025-07-30T14:28:29.8167871Z  - 'MockFirebaseAuth' is from 'test/firebase_test_helper.dart'.
build-and-test	Run flutter test --coverage	2025-07-30T14:28:29.8168824Z Try correcting the name to the name of an existing method, or defining a method named 'createUserWithEmailAndPassword'.
build-and-test	Run flutter test --coverage	2025-07-30T14:28:29.8169756Z     when(() => mockAuth.createUserWithEmailAndPassword(any(), any()))
build-and-test	Run flutter test --coverage	2025-07-30T14:28:29.8170298Z                         ^^^^^^^^^^^^^^^^^^^^^^^^^^^^^^
build-and-test	Run flutter test --coverage	2025-07-30T14:28:29.8171086Z test/firebase_test_helper.dart:98:25: Error: The method 'signOut' isn't defined for the class 'MockFirebaseAuth'.
build-and-test	Run flutter test --coverage	2025-07-30T14:28:29.8172581Z  - 'MockFirebaseAuth' is from 'test/firebase_test_helper.dart'.
build-and-test	Run flutter test --coverage	2025-07-30T14:28:29.8173447Z Try correcting the name to the name of an existing method, or defining a method named 'signOut'.
build-and-test	Run flutter test --coverage	2025-07-30T14:28:29.8174263Z     when(() => mockAuth.signOut()).thenAnswer((_) async {});
build-and-test	Run flutter test --coverage	2025-07-30T14:28:29.8174791Z                         ^^^^^^^
build-and-test	Run flutter test --coverage	2025-07-30T14:28:29.8175958Z test/firebase_test_helper.dart:108:60: Error: The argument type 'MockCollectionReference' can't be assigned to the parameter type 'CollectionReference<Map<String, dynamic>>'.
build-and-test	Run flutter test --coverage	2025-07-30T14:28:29.8177375Z  - 'MockCollectionReference' is from 'test/firebase_test_helper.dart'.
build-and-test	Run flutter test --coverage	2025-07-30T14:28:29.8178736Z  - 'CollectionReference' is from 'package:cloud_firestore/cloud_firestore.dart' ('../../../.pub-cache/hosted/pub.dev/cloud_firestore-5.6.11/lib/cloud_firestore.dart').
build-and-test	Run flutter test --coverage	2025-07-30T14:28:29.8179928Z  - 'Map' is from 'dart:core'.
build-and-test	Run flutter test --coverage	2025-07-30T14:28:29.8180518Z     when(() => mockFirestore.collection(any())).thenReturn(mockCollection);
build-and-test	Run flutter test --coverage	2025-07-30T14:28:29.8181153Z                                                            ^
build-and-test	Run flutter test --coverage	2025-07-30T14:28:29.8182487Z test/firebase_test_helper.dart:132:52: Error: A value of type 'MockDocumentSnapshot' can't be assigned to a variable of type 'QueryDocumentSnapshot<Object?>'.
build-and-test	Run flutter test --coverage	2025-07-30T14:28:29.8184048Z  - 'MockDocumentSnapshot' is from 'test/firebase_test_helper.dart'.
build-and-test	Run flutter test --coverage	2025-07-30T14:28:29.8185403Z  - 'QueryDocumentSnapshot' is from 'package:cloud_firestore/cloud_firestore.dart' ('../../../.pub-cache/hosted/pub.dev/cloud_firestore-5.6.11/lib/cloud_firestore.dart').
build-and-test	Run flutter test --coverage	2025-07-30T14:28:29.8186607Z  - 'Object' is from 'dart:core'.
build-and-test	Run flutter test --coverage	2025-07-30T14:28:29.8187209Z     when(() => mockQuerySnapshot.docs).thenReturn([mockDocumentSnapshot]);
build-and-test	Run flutter test --coverage	2025-07-30T14:28:29.8187840Z                                                    ^
build-and-test	Run flutter test --coverage	2025-07-30T14:28:36.0384267Z ##[group]❌ loading /home/runner/work/appoint/appoint/test/widgets/login_screen_test.dart (failed)
build-and-test	Run flutter test --coverage	2025-07-30T14:28:36.0397498Z Failed to load "/home/runner/work/appoint/appoint/test/widgets/login_screen_test.dart": Compilation failed for testPath=/home/runner/work/appoint/appoint/test/widgets/login_screen_test.dart
build-and-test	Run flutter test --coverage	2025-07-30T14:28:36.0405867Z 
build-and-test	Run flutter test --coverage	2025-07-30T14:28:36.0406404Z ##[endgroup]
build-and-test	Run flutter test --coverage	2025-07-30T14:28:36.0841019Z ##[group]❌ loading /home/runner/work/appoint/appoint/test/widgets/login_screen_test.dart (failed after test completion)
build-and-test	Run flutter test --coverage	2025-07-30T14:28:36.0841923Z Error: the Dart compiler exited unexpectedly.
build-and-test	Run flutter test --coverage	2025-07-30T14:28:36.0951649Z package:flutter_tools/src/base/common.dart 10:3  throwToolExit
build-and-test	Run flutter test --coverage	2025-07-30T14:28:36.0952536Z package:flutter_tools/src/compile.dart 893:9     DefaultResidentCompiler._compile.<fn>
build-and-test	Run flutter test --coverage	2025-07-30T14:28:36.0953312Z dart:async/zone.dart 1422:47                     _rootRunUnary
build-and-test	Run flutter test --coverage	2025-07-30T14:28:36.0953955Z dart:async/zone.dart 1324:19                     _CustomZone.runUnary
build-and-test	Run flutter test --coverage	2025-07-30T14:28:36.0954753Z dart:async/future_impl.dart 902:45               Future._propagateToListeners.handleValueCallback
build-and-test	Run flutter test --coverage	2025-07-30T14:28:36.0955638Z dart:async/future_impl.dart 931:13               Future._propagateToListeners
build-and-test	Run flutter test --coverage	2025-07-30T14:28:36.0956412Z dart:async/future_impl.dart 827:9                Future._propagateToListeners
build-and-test	Run flutter test --coverage	2025-07-30T14:28:36.0956974Z dart:async/future_impl.dart 707:5                Future._completeWithValue
build-and-test	Run flutter test --coverage	2025-07-30T14:28:36.0957486Z dart:async/future_impl.dart 777:7                Future._asyncCompleteWithValue.<fn>
build-and-test	Run flutter test --coverage	2025-07-30T14:28:36.0957920Z dart:async/zone.dart 1414:13                     _rootRun
build-and-test	Run flutter test --coverage	2025-07-30T14:28:36.0958293Z dart:async/zone.dart 1317:19                     _CustomZone.run
build-and-test	Run flutter test --coverage	2025-07-30T14:28:36.0958705Z dart:async/zone.dart 1225:7                      _CustomZone.runGuarded
build-and-test	Run flutter test --coverage	2025-07-30T14:28:36.0959161Z dart:async/zone.dart 1265:23                     _CustomZone.bindCallbackGuarded.<fn>
build-and-test	Run flutter test --coverage	2025-07-30T14:28:36.0959646Z dart:async/schedule_microtask.dart 40:21         _microtaskLoop
build-and-test	Run flutter test --coverage	2025-07-30T14:28:36.0960085Z dart:async/schedule_microtask.dart 49:5          _startMicrotaskLoop
build-and-test	Run flutter test --coverage	2025-07-30T14:28:36.0960946Z dart:isolate-patch/isolate_patch.dart 118:13     _runPendingImmediateCallback
build-and-test	Run flutter test --coverage	2025-07-30T14:28:36.0961489Z dart:isolate-patch/isolate_patch.dart 185:5      _RawReceivePort._handleMessage
build-and-test	Run flutter test --coverage	2025-07-30T14:28:36.0962389Z ##[endgroup]
build-and-test	Run flutter test --coverage	2025-07-30T14:28:44.7321209Z ✅ /home/runner/work/appoint/appoint/test/widgets/REDACTED_TOKEN.dart: BookingConflictDialog Boolean Return Values "Keep Mine" should return true
build-and-test	Run flutter test --coverage	2025-07-30T14:28:44.7858174Z ##[group]✅ /home/runner/work/appoint/appoint/test/widgets/booking_conflict_dialog_test.dart: BookingConflictDialog should return true when "Keep Mine" is tapped and false when "Keep Server" is tapped
build-and-test	Run flutter test --coverage	2025-07-30T14:28:44.7859834Z Keep local callback
build-and-test	Run flutter test --coverage	2025-07-30T14:28:44.7860317Z Keep remote callback
build-and-test	Run flutter test --coverage	2025-07-30T14:28:44.7861059Z ##[endgroup]
build-and-test	Run flutter test --coverage	2025-07-30T14:28:44.8293274Z ✅ /home/runner/work/appoint/appoint/test/widgets/REDACTED_TOKEN.dart: BookingConflictDialog Boolean Return Values "Keep Server" should return false
build-and-test	Run flutter test --coverage	2025-07-30T14:28:44.9378176Z ✅ /home/runner/work/appoint/appoint/test/widgets/booking_conflict_dialog_test.dart: BookingConflictDialog should return true for "Keep Mine" and false for "Keep Server" as boolean values
build-and-test	Run flutter test --coverage	2025-07-30T14:28:44.9690208Z ✅ /home/runner/work/appoint/appoint/test/widgets/REDACTED_TOKEN.dart: BookingConflictDialog Boolean Return Values both options should return correct boolean values
build-and-test	Run flutter test --coverage	2025-07-30T14:28:45.0011699Z ✅ /home/runner/work/appoint/appoint/test/widgets/booking_conflict_dialog_test.dart: BookingConflictDialog should display conflict information correctly
build-and-test	Run flutter test --coverage	2025-07-30T14:28:45.0757377Z ✅ /home/runner/work/appoint/appoint/test/widgets/booking_conflict_dialog_test.dart: BookingConflictDialog should return keepRemote when server version button is pressed
build-and-test	Run flutter test --coverage	2025-07-30T14:28:45.1497475Z ✅ /home/runner/work/appoint/appoint/test/widgets/booking_conflict_dialog_test.dart: BookingConflictDialog should return keepLocal when my version button is pressed
build-and-test	Run flutter test --coverage	2025-07-30T14:28:45.2003949Z ✅ /home/runner/work/appoint/appoint/test/widgets/booking_conflict_dialog_test.dart: BookingConflictDialog should show merge button when onMerge callback is provided
build-and-test	Run flutter test --coverage	2025-07-30T14:28:45.2555707Z ✅ /home/runner/work/appoint/appoint/test/widgets/booking_conflict_dialog_test.dart: BookingConflictDialog should not show merge button when onMerge callback is not provided
build-and-test	Run flutter test --coverage	2025-07-30T14:28:45.3233212Z ✅ /home/runner/work/appoint/appoint/test/widgets/booking_conflict_dialog_test.dart: BookingConflictDialog should return merge when merge button is pressed
build-and-test	Run flutter test --coverage	2025-07-30T14:28:45.3778766Z ✅ /home/runner/work/appoint/appoint/test/widgets/booking_conflict_dialog_test.dart: BookingConflictDialog should handle conflict without message
build-and-test	Run flutter test --coverage	2025-07-30T14:28:45.4363176Z ✅ /home/runner/work/appoint/appoint/test/widgets/booking_conflict_dialog_test.dart: BookingConflictDialog should call onKeepRemote callback when server version button is pressed
build-and-test	Run flutter test --coverage	2025-07-30T14:28:45.5118800Z ✅ /home/runner/work/appoint/appoint/test/widgets/booking_conflict_dialog_test.dart: BookingConflictDialog should call onKeepLocal callback when my version button is pressed
build-and-test	Run flutter test --coverage	2025-07-30T14:28:45.7696404Z test/widgets/booking_slot_chip_test.dart:22:7: Error: Setter not found: 'semantics'.
build-and-test	Run flutter test --coverage	2025-07-30T14:28:45.7697824Z       semantics = tester.getSemantics(find.byType(BookingSlotChip));
build-and-test	Run flutter test --coverage	2025-07-30T14:28:45.7698749Z       ^^^^^^^^^
build-and-test	Run flutter test --coverage	2025-07-30T14:28:45.7700752Z test/widgets/booking_slot_chip_test.dart:23:14: Error: Undefined name 'semantics'.
build-and-test	Run flutter test --coverage	2025-07-30T14:28:45.7711383Z       expect(semantics, isNotNull);
build-and-test	Run flutter test --coverage	2025-07-30T14:28:45.7712008Z              ^^^^^^^^^
build-and-test	Run flutter test --coverage	2025-07-30T14:28:45.7712594Z test/widgets/booking_slot_chip_test.dart:76:7: Error: Setter not found: 'semantics'.
build-and-test	Run flutter test --coverage	2025-07-30T14:28:45.7722878Z       semantics = tester.getSemantics(find.byType(BookingSlotChip));
build-and-test	Run flutter test --coverage	2025-07-30T14:28:45.7730199Z       ^^^^^^^^^
build-and-test	Run flutter test --coverage	2025-07-30T14:28:45.7730727Z test/widgets/booking_slot_chip_test.dart:77:14: Error: Undefined name 'semantics'.
build-and-test	Run flutter test --coverage	2025-07-30T14:28:45.7731280Z       expect(semantics, isNotNull);
build-and-test	Run flutter test --coverage	2025-07-30T14:28:45.7732116Z              ^^^^^^^^^
build-and-test	Run flutter test --coverage	2025-07-30T14:28:45.7732647Z test/widgets/booking_slot_chip_test.dart:94:7: Error: Setter not found: 'semantics'.
build-and-test	Run flutter test --coverage	2025-07-30T14:28:45.7733429Z       semantics = tester.getSemantics(find.byType(BookingSlotChip));
build-and-test	Run flutter test --coverage	2025-07-30T14:28:45.7733944Z       ^^^^^^^^^
build-and-test	Run flutter test --coverage	2025-07-30T14:28:45.7736936Z test/widgets/booking_slot_chip_test.dart:95:14: Error: Undefined name 'semantics'.
build-and-test	Run flutter test --coverage	2025-07-30T14:28:45.7737627Z       expect(semantics, isNotNull);
build-and-test	Run flutter test --coverage	2025-07-30T14:28:45.7738017Z              ^^^^^^^^^
build-and-test	Run flutter test --coverage	2025-07-30T14:28:45.7738559Z test/widgets/booking_slot_chip_test.dart:149:7: Error: Setter not found: 'chip'.
build-and-test	Run flutter test --coverage	2025-07-30T14:28:45.7739323Z       chip = tester.widget<FilterChip>(find.byType(FilterChip));
build-and-test	Run flutter test --coverage	2025-07-30T14:28:45.7739823Z       ^^^^
build-and-test	Run flutter test --coverage	2025-07-30T14:28:45.7740324Z test/widgets/booking_slot_chip_test.dart:150:14: Error: Undefined name 'chip'.
build-and-test	Run flutter test --coverage	2025-07-30T14:28:45.7740972Z       expect(chip.selected, true);
build-and-test	Run flutter test --coverage	2025-07-30T14:28:45.7741332Z              ^^^^
build-and-test	Run flutter test --coverage	2025-07-30T14:28:45.7742109Z test/widgets/booking_slot_chip_test.dart:167:7: Error: Setter not found: 'semantics'.
build-and-test	Run flutter test --coverage	2025-07-30T14:28:45.7742934Z       semantics = tester.getSemantics(find.byType(BookingSlotChip));
build-and-test	Run flutter test --coverage	2025-07-30T14:28:45.7743485Z       ^^^^^^^^^
build-and-test	Run flutter test --coverage	2025-07-30T14:28:45.7744018Z test/widgets/booking_slot_chip_test.dart:168:14: Error: Undefined name 'semantics'.
build-and-test	Run flutter test --coverage	2025-07-30T14:28:45.7744969Z       expect(semantics, isNotNull);
build-and-test	Run flutter test --coverage	2025-07-30T14:28:45.7745723Z              ^^^^^^^^^
build-and-test	Run flutter test --coverage	2025-07-30T14:28:45.7746286Z test/widgets/booking_slot_chip_test.dart:335:7: Error: Setter not found: 'chips'.
build-and-test	Run flutter test --coverage	2025-07-30T14:28:45.7746964Z       chips = find.byType(BookingSlotChip);
build-and-test	Run flutter test --coverage	2025-07-30T14:28:45.7747360Z       ^^^^^
build-and-test	Run flutter test --coverage	2025-07-30T14:28:45.7747872Z test/widgets/booking_slot_chip_test.dart:336:14: Error: Undefined name 'chips'.
build-and-test	Run flutter test --coverage	2025-07-30T14:28:45.7748531Z       expect(chips, findsNWidgets(3));
build-and-test	Run flutter test --coverage	2025-07-30T14:28:45.7748928Z              ^^^^^
build-and-test	Run flutter test --coverage	2025-07-30T14:28:45.7749432Z test/widgets/booking_slot_chip_test.dart:340:41: Error: Undefined name 'chips'.
build-and-test	Run flutter test --coverage	2025-07-30T14:28:45.7750146Z         semantics = tester.getSemantics(chips.at(i));
build-and-test	Run flutter test --coverage	2025-07-30T14:28:45.7750616Z                                         ^^^^^
build-and-test	Run flutter test --coverage	2025-07-30T14:28:45.7751245Z test/widgets/booking_slot_chip_test.dart:340:9: Error: Setter not found: 'semantics'.
build-and-test	Run flutter test --coverage	2025-07-30T14:28:45.7752315Z         semantics = tester.getSemantics(chips.at(i));
build-and-test	Run flutter test --coverage	2025-07-30T14:28:45.7752830Z         ^^^^^^^^^
build-and-test	Run flutter test --coverage	2025-07-30T14:28:45.7753384Z test/widgets/booking_slot_chip_test.dart:341:16: Error: Undefined name 'semantics'.
build-and-test	Run flutter test --coverage	2025-07-30T14:28:45.7754065Z         expect(semantics, isNotNull);
build-and-test	Run flutter test --coverage	2025-07-30T14:28:45.7754428Z                ^^^^^^^^^
build-and-test	Run flutter test --coverage	2025-07-30T14:28:45.8402076Z ##[group]❌ loading /home/runner/work/appoint/appoint/test/widgets/booking_slot_chip_test.dart (failed)
build-and-test	Run flutter test --coverage	2025-07-30T14:28:45.8403960Z Failed to load "/home/runner/work/appoint/appoint/test/widgets/booking_slot_chip_test.dart": Compilation failed for testPath=/home/runner/work/appoint/appoint/test/widgets/booking_slot_chip_test.dart
build-and-test	Run flutter test --coverage	2025-07-30T14:28:45.8405356Z 
build-and-test	Run flutter test --coverage	2025-07-30T14:28:45.8405781Z ##[endgroup]
build-and-test	Run flutter test --coverage	2025-07-30T14:28:45.8888459Z ##[group]❌ loading /home/runner/work/appoint/appoint/test/widgets/login_screen_test.dart (failed after test completion)
build-and-test	Run flutter test --coverage	2025-07-30T14:28:45.8889467Z Error: the Dart compiler exited unexpectedly.
build-and-test	Run flutter test --coverage	2025-07-30T14:28:45.8897649Z package:flutter_tools/src/base/common.dart 10:3  throwToolExit
build-and-test	Run flutter test --coverage	2025-07-30T14:28:45.8898798Z package:flutter_tools/src/compile.dart 893:9     DefaultResidentCompiler._compile.<fn>
build-and-test	Run flutter test --coverage	2025-07-30T14:28:45.8900186Z dart:async/zone.dart 1422:47                     _rootRunUnary
build-and-test	Run flutter test --coverage	2025-07-30T14:28:45.8901095Z dart:async/future_impl.dart 902:45               Future._propagateToListeners.handleValueCallback
build-and-test	Run flutter test --coverage	2025-07-30T14:28:45.8903405Z dart:async/future_impl.dart 931:13               Future._propagateToListeners
build-and-test	Run flutter test --coverage	2025-07-30T14:28:45.8904158Z dart:async/future_impl.dart 827:9                Future._propagateToListeners
build-and-test	Run flutter test --coverage	2025-07-30T14:28:45.8904887Z dart:async/future_impl.dart 707:5                Future._completeWithValue
build-and-test	Run flutter test --coverage	2025-07-30T14:28:45.8905941Z dart:async/future_impl.dart 777:7                Future._asyncCompleteWithValue.<fn>
build-and-test	Run flutter test --coverage	2025-07-30T14:28:45.8906596Z dart:async/zone.dart 1414:13                     _rootRun
build-and-test	Run flutter test --coverage	2025-07-30T14:28:45.8907164Z dart:async/zone.dart 1317:19                     _CustomZone.run
build-and-test	Run flutter test --coverage	2025-07-30T14:28:45.8907811Z dart:async/zone.dart 1225:7                      _CustomZone.runGuarded
build-and-test	Run flutter test --coverage	2025-07-30T14:28:45.8908502Z dart:async/zone.dart 1265:23                     _CustomZone.bindCallbackGuarded.<fn>
build-and-test	Run flutter test --coverage	2025-07-30T14:28:45.8909190Z dart:async/schedule_microtask.dart 40:21         _microtaskLoop
build-and-test	Run flutter test --coverage	2025-07-30T14:28:45.8909860Z dart:async/schedule_microtask.dart 49:5          _startMicrotaskLoop
build-and-test	Run flutter test --coverage	2025-07-30T14:28:45.8910629Z dart:isolate-patch/isolate_patch.dart 118:13     _runPendingImmediateCallback
build-and-test	Run flutter test --coverage	2025-07-30T14:28:45.8911449Z dart:isolate-patch/isolate_patch.dart 185:5      _RawReceivePort._handleMessage
build-and-test	Run flutter test --coverage	2025-07-30T14:28:45.8912522Z ##[endgroup]
build-and-test	Run flutter test --coverage	2025-07-30T14:28:48.6550595Z ✅ /home/runner/work/appoint/appoint/test/widgets/bottom_sheet_test.dart: BottomSheet opens and closes correctly
build-and-test	Run flutter test --coverage	2025-07-30T14:28:49.0163479Z ✅ /home/runner/work/appoint/appoint/test/widgets/REDACTED_TOKEN.dart: BookingConflictDialog Boolean Return Values should return true when "Keep Mine" is tapped and false when "Keep Server" is tapped
build-and-test	Run flutter test --coverage	2025-07-30T14:28:49.2256224Z ✅ /home/runner/work/appoint/appoint/test/widgets/REDACTED_TOKEN.dart: BookingConflictDialog Boolean Return Values should return correct boolean values for all dialog options
build-and-test	Run flutter test --coverage	2025-07-30T14:28:49.9824653Z test/firebase_test_helper.dart:11:48: Error: Type 'FirebaseAuth' not found.
build-and-test	Run flutter test --coverage	2025-07-30T14:28:49.9825833Z class MockFirebaseAuth extends Mock implements FirebaseAuth {}
build-and-test	Run flutter test --coverage	2025-07-30T14:28:49.9826778Z                                                ^^^^^^^^^^^^
build-and-test	Run flutter test --coverage	2025-07-30T14:28:49.9827656Z test/firebase_test_helper.dart:13:40: Error: Type 'User' not found.
build-and-test	Run flutter test --coverage	2025-07-30T14:28:49.9828289Z class MockUser extends Mock implements User {}
build-and-test	Run flutter test --coverage	2025-07-30T14:28:49.9828787Z                                        ^^^^
build-and-test	Run flutter test --coverage	2025-07-30T14:28:49.9829351Z test/firebase_test_helper.dart:15:50: Error: Type 'UserCredential' not found.
build-and-test	Run flutter test --coverage	2025-07-30T14:28:49.9830132Z class MockUserCredential extends Mock implements UserCredential {}
build-and-test	Run flutter test --coverage	2025-07-30T14:28:49.9830712Z                                                  ^^^^^^^^^^^^^^
build-and-test	Run flutter test --coverage	2025-07-30T14:28:50.6456956Z test/firebase_test_helper.dart:78:25: Error: The getter 'uid' isn't defined for the class 'MockUser'.
build-and-test	Run flutter test --coverage	2025-07-30T14:28:50.6459534Z  - 'MockUser' is from 'test/firebase_test_helper.dart'.
build-and-test	Run flutter test --coverage	2025-07-30T14:28:50.6460228Z Try correcting the name to the name of an existing getter, or defining a getter or field named 'uid'.
build-and-test	Run flutter test --coverage	2025-07-30T14:28:50.6460896Z     when(() => mockUser.uid).thenReturn('test-user-id');
build-and-test	Run flutter test --coverage	2025-07-30T14:28:50.6461278Z                         ^^^
build-and-test	Run flutter test --coverage	2025-07-30T14:28:50.6462025Z test/firebase_test_helper.dart:79:25: Error: The getter 'email' isn't defined for the class 'MockUser'.
build-and-test	Run flutter test --coverage	2025-07-30T14:28:50.6462713Z  - 'MockUser' is from 'test/firebase_test_helper.dart'.
build-and-test	Run flutter test --coverage	2025-07-30T14:28:50.6463408Z Try correcting the name to the name of an existing getter, or defining a getter or field named 'email'.
build-and-test	Run flutter test --coverage	2025-07-30T14:28:50.6464099Z     when(() => mockUser.email).thenReturn('test@example.com');
build-and-test	Run flutter test --coverage	2025-07-30T14:28:50.6464677Z                         ^^^^^
build-and-test	Run flutter test --coverage	2025-07-30T14:28:50.6465313Z test/firebase_test_helper.dart:80:25: Error: The getter 'displayName' isn't defined for the class 'MockUser'.
build-and-test	Run flutter test --coverage	2025-07-30T14:28:50.6466011Z  - 'MockUser' is from 'test/firebase_test_helper.dart'.
build-and-test	Run flutter test --coverage	2025-07-30T14:28:50.6466713Z Try correcting the name to the name of an existing getter, or defining a getter or field named 'displayName'.
build-and-test	Run flutter test --coverage	2025-07-30T14:28:50.6467406Z     when(() => mockUser.displayName).thenReturn('Test User');
build-and-test	Run flutter test --coverage	2025-07-30T14:28:50.6467803Z                         ^^^^^^^^^^^
build-and-test	Run flutter test --coverage	2025-07-30T14:28:50.6468382Z test/firebase_test_helper.dart:81:25: Error: The getter 'photoURL' isn't defined for the class 'MockUser'.
build-and-test	Run flutter test --coverage	2025-07-30T14:28:50.6469050Z  - 'MockUser' is from 'test/firebase_test_helper.dart'.
build-and-test	Run flutter test --coverage	2025-07-30T14:28:50.6470121Z Try correcting the name to the name of an existing getter, or defining a getter or field named 'photoURL'.
build-and-test	Run flutter test --coverage	2025-07-30T14:28:50.6470885Z     when(() => mockUser.photoURL).thenReturn('https://example.com/photo.jpg');
build-and-test	Run flutter test --coverage	2025-07-30T14:28:50.6471393Z                         ^^^^^^^^
build-and-test	Run flutter test --coverage	2025-07-30T14:28:50.6512168Z test/firebase_test_helper.dart:82:25: Error: The getter 'isAnonymous' isn't defined for the class 'MockUser'.
build-and-test	Run flutter test --coverage	2025-07-30T14:28:50.6513213Z  - 'MockUser' is from 'test/firebase_test_helper.dart'.
build-and-test	Run flutter test --coverage	2025-07-30T14:28:50.6514862Z Try correcting the name to the name of an existing getter, or defining a getter or field named 'isAnonymous'.
build-and-test	Run flutter test --coverage	2025-07-30T14:28:50.6515786Z     when(() => mockUser.isAnonymous).thenReturn(false);
build-and-test	Run flutter test --coverage	2025-07-30T14:28:50.6516288Z                         ^^^^^^^^^^^
build-and-test	Run flutter test --coverage	2025-07-30T14:28:50.6517084Z test/firebase_test_helper.dart:83:25: Error: The getter 'emailVerified' isn't defined for the class 'MockUser'.
build-and-test	Run flutter test --coverage	2025-07-30T14:28:50.6517979Z  - 'MockUser' is from 'test/firebase_test_helper.dart'.
build-and-test	Run flutter test --coverage	2025-07-30T14:28:50.6518893Z Try correcting the name to the name of an existing getter, or defining a getter or field named 'emailVerified'.
build-and-test	Run flutter test --coverage	2025-07-30T14:28:50.6519764Z     when(() => mockUser.emailVerified).thenReturn(true);
build-and-test	Run flutter test --coverage	2025-07-30T14:28:50.6520710Z                         ^^^^^^^^^^^^^
build-and-test	Run flutter test --coverage	2025-07-30T14:28:50.6521499Z test/firebase_test_helper.dart:86:35: Error: The getter 'user' isn't defined for the class 'MockUserCredential'.
build-and-test	Run flutter test --coverage	2025-07-30T14:28:50.6522711Z  - 'MockUserCredential' is from 'test/firebase_test_helper.dart'.
build-and-test	Run flutter test --coverage	2025-07-30T14:28:50.6523636Z Try correcting the name to the name of an existing getter, or defining a getter or field named 'user'.
build-and-test	Run flutter test --coverage	2025-07-30T14:28:50.6524474Z     when(() => mockUserCredential.user).thenReturn(mockUser);
build-and-test	Run flutter test --coverage	2025-07-30T14:28:50.6525012Z                                   ^^^^
build-and-test	Run flutter test --coverage	2025-07-30T14:28:50.6525845Z test/firebase_test_helper.dart:89:25: Error: The getter 'currentUser' isn't defined for the class 'MockFirebaseAuth'.
build-and-test	Run flutter test --coverage	2025-07-30T14:28:50.6526881Z  - 'MockFirebaseAuth' is from 'test/firebase_test_helper.dart'.
build-and-test	Run flutter test --coverage	2025-07-30T14:28:50.6527734Z Try correcting the name to the name of an existing getter, or defining a getter or field named 'currentUser'.
build-and-test	Run flutter test --coverage	2025-07-30T14:28:50.6528536Z     when(() => mockAuth.currentUser).thenReturn(mockUser);
build-and-test	Run flutter test --coverage	2025-07-30T14:28:50.6529037Z                         ^^^^^^^^^^^
build-and-test	Run flutter test --coverage	2025-07-30T14:28:50.6529856Z test/firebase_test_helper.dart:90:25: Error: The method 'authStateChanges' isn't defined for the class 'MockFirebaseAuth'.
build-and-test	Run flutter test --coverage	2025-07-30T14:28:50.6530865Z  - 'MockFirebaseAuth' is from 'test/firebase_test_helper.dart'.
build-and-test	Run flutter test --coverage	2025-07-30T14:28:50.6531998Z Try correcting the name to the name of an existing method, or defining a method named 'authStateChanges'.
build-and-test	Run flutter test --coverage	2025-07-30T14:28:50.6532780Z     when(() => mockAuth.authStateChanges())
build-and-test	Run flutter test --coverage	2025-07-30T14:28:50.6533246Z                         ^^^^^^^^^^^^^^^^
build-and-test	Run flutter test --coverage	2025-07-30T14:28:50.6534038Z test/firebase_test_helper.dart:92:25: Error: The method 'userChanges' isn't defined for the class 'MockFirebaseAuth'.
build-and-test	Run flutter test --coverage	2025-07-30T14:28:50.6534927Z  - 'MockFirebaseAuth' is from 'test/firebase_test_helper.dart'.
build-and-test	Run flutter test --coverage	2025-07-30T14:28:50.6535706Z Try correcting the name to the name of an existing method, or defining a method named 'userChanges'.
build-and-test	Run flutter test --coverage	2025-07-30T14:28:50.6536466Z     when(() => mockAuth.userChanges())
build-and-test	Run flutter test --coverage	2025-07-30T14:28:50.6536860Z                         ^^^^^^^^^^^
build-and-test	Run flutter test --coverage	2025-07-30T14:28:50.6537691Z test/firebase_test_helper.dart:94:25: Error: The method 'signInWithEmailAndPassword' isn't defined for the class 'MockFirebaseAuth'.
build-and-test	Run flutter test --coverage	2025-07-30T14:28:50.6538704Z  - 'MockFirebaseAuth' is from 'test/firebase_test_helper.dart'.
build-and-test	Run flutter test --coverage	2025-07-30T14:28:50.6539560Z Try correcting the name to the name of an existing method, or defining a method named 'signInWithEmailAndPassword'.
build-and-test	Run flutter test --coverage	2025-07-30T14:28:50.6540414Z     when(() => mockAuth.signInWithEmailAndPassword(any(), any()))
build-and-test	Run flutter test --coverage	2025-07-30T14:28:50.6540916Z                         ^^^^^^^^^^^^^^^^^^^^^^^^^^
build-and-test	Run flutter test --coverage	2025-07-30T14:28:50.6542021Z test/firebase_test_helper.dart:96:25: Error: The method 'createUserWithEmailAndPassword' isn't defined for the class 'MockFirebaseAuth'.
build-and-test	Run flutter test --coverage	2025-07-30T14:28:50.6543307Z  - 'MockFirebaseAuth' is from 'test/firebase_test_helper.dart'.
build-and-test	Run flutter test --coverage	2025-07-30T14:28:50.6544189Z Try correcting the name to the name of an existing method, or defining a method named 'createUserWithEmailAndPassword'.
build-and-test	Run flutter test --coverage	2025-07-30T14:28:50.6545108Z     when(() => mockAuth.createUserWithEmailAndPassword(any(), any()))
build-and-test	Run flutter test --coverage	2025-07-30T14:28:50.6545627Z                         ^^^^^^^^^^^^^^^^^^^^^^^^^^^^^^
build-and-test	Run flutter test --coverage	2025-07-30T14:28:50.6546363Z test/firebase_test_helper.dart:98:25: Error: The method 'signOut' isn't defined for the class 'MockFirebaseAuth'.
build-and-test	Run flutter test --coverage	2025-07-30T14:28:50.6547223Z  - 'MockFirebaseAuth' is from 'test/firebase_test_helper.dart'.
build-and-test	Run flutter test --coverage	2025-07-30T14:28:50.6547979Z Try correcting the name to the name of an existing method, or defining a method named 'signOut'.
build-and-test	Run flutter test --coverage	2025-07-30T14:28:50.6548692Z     when(() => mockAuth.signOut()).thenAnswer((_) async {});
build-and-test	Run flutter test --coverage	2025-07-30T14:28:50.6549127Z                         ^^^^^^^
build-and-test	Run flutter test --coverage	2025-07-30T14:28:50.6550151Z test/firebase_test_helper.dart:108:60: Error: The argument type 'MockCollectionReference' can't be assigned to the parameter type 'CollectionReference<Map<String, dynamic>>'.
build-and-test	Run flutter test --coverage	2025-07-30T14:28:50.6551396Z  - 'MockCollectionReference' is from 'test/firebase_test_helper.dart'.
build-and-test	Run flutter test --coverage	2025-07-30T14:28:50.6553046Z  - 'CollectionReference' is from 'package:cloud_firestore/cloud_firestore.dart' ('../../../.pub-cache/hosted/pub.dev/cloud_firestore-5.6.11/lib/cloud_firestore.dart').
build-and-test	Run flutter test --coverage	2025-07-30T14:28:50.6554067Z  - 'Map' is from 'dart:core'.
build-and-test	Run flutter test --coverage	2025-07-30T14:28:50.6554608Z     when(() => mockFirestore.collection(any())).thenReturn(mockCollection);
build-and-test	Run flutter test --coverage	2025-07-30T14:28:50.6555225Z                                                            ^
build-and-test	Run flutter test --coverage	2025-07-30T14:28:50.6556293Z test/firebase_test_helper.dart:132:52: Error: A value of type 'MockDocumentSnapshot' can't be assigned to a variable of type 'QueryDocumentSnapshot<Object?>'.
build-and-test	Run flutter test --coverage	2025-07-30T14:28:50.6557525Z  - 'MockDocumentSnapshot' is from 'test/firebase_test_helper.dart'.
build-and-test	Run flutter test --coverage	2025-07-30T14:28:50.6558839Z  - 'QueryDocumentSnapshot' is from 'package:cloud_firestore/cloud_firestore.dart' ('../../../.pub-cache/hosted/pub.dev/cloud_firestore-5.6.11/lib/cloud_firestore.dart').
build-and-test	Run flutter test --coverage	2025-07-30T14:28:50.6559967Z  - 'Object' is from 'dart:core'.
build-and-test	Run flutter test --coverage	2025-07-30T14:28:50.6560555Z     when(() => mockQuerySnapshot.docs).thenReturn([mockDocumentSnapshot]);
build-and-test	Run flutter test --coverage	2025-07-30T14:28:50.6561154Z                                                    ^
build-and-test	Run flutter test --coverage	2025-07-30T14:28:52.2459805Z ##[group]❌ loading /home/runner/work/appoint/appoint/test/widgets/REDACTED_TOKEN.dart (failed)
build-and-test	Run flutter test --coverage	2025-07-30T14:28:52.2463040Z Failed to load "/home/runner/work/appoint/appoint/test/widgets/REDACTED_TOKEN.dart": Compilation failed for testPath=/home/runner/work/appoint/appoint/test/widgets/REDACTED_TOKEN.dart
build-and-test	Run flutter test --coverage	2025-07-30T14:28:52.2464486Z 
build-and-test	Run flutter test --coverage	2025-07-30T14:28:52.2464842Z ##[endgroup]
build-and-test	Run flutter test --coverage	2025-07-30T14:28:52.2906154Z ##[group]❌ loading /home/runner/work/appoint/appoint/test/widgets/login_screen_test.dart (failed after test completion)
build-and-test	Run flutter test --coverage	2025-07-30T14:28:52.2907269Z Error: the Dart compiler exited unexpectedly.
build-and-test	Run flutter test --coverage	2025-07-30T14:28:52.2909957Z package:flutter_tools/src/base/common.dart 10:3  throwToolExit
build-and-test	Run flutter test --coverage	2025-07-30T14:28:52.2910976Z package:flutter_tools/src/compile.dart 893:9     DefaultResidentCompiler._compile.<fn>
build-and-test	Run flutter test --coverage	2025-07-30T14:28:52.2912445Z dart:async/zone.dart 1422:47                     _rootRunUnary
build-and-test	Run flutter test --coverage	2025-07-30T14:28:52.2913489Z dart:async/future_impl.dart 902:45               Future._propagateToListeners.handleValueCallback
build-and-test	Run flutter test --coverage	2025-07-30T14:28:52.2914640Z dart:async/future_impl.dart 931:13               Future._propagateToListeners
build-and-test	Run flutter test --coverage	2025-07-30T14:28:52.2915559Z dart:async/future_impl.dart 827:9                Future._propagateToListeners
build-and-test	Run flutter test --coverage	2025-07-30T14:28:52.2917248Z dart:async/future_impl.dart 707:5                Future._completeWithValue
build-and-test	Run flutter test --coverage	2025-07-30T14:28:52.2918048Z dart:async/future_impl.dart 777:7                Future._asyncCompleteWithValue.<fn>
build-and-test	Run flutter test --coverage	2025-07-30T14:28:52.2919096Z dart:async/zone.dart 1414:13                     _rootRun
build-and-test	Run flutter test --coverage	2025-07-30T14:28:52.2919692Z dart:async/zone.dart 1317:19                     _CustomZone.run
build-and-test	Run flutter test --coverage	2025-07-30T14:28:52.2920351Z dart:async/zone.dart 1225:7                      _CustomZone.runGuarded
build-and-test	Run flutter test --coverage	2025-07-30T14:28:52.2921014Z dart:async/zone.dart 1265:23                     _CustomZone.bindCallbackGuarded.<fn>
build-and-test	Run flutter test --coverage	2025-07-30T14:28:52.2921985Z dart:async/schedule_microtask.dart 40:21         _microtaskLoop
build-and-test	Run flutter test --coverage	2025-07-30T14:28:52.2922689Z dart:async/schedule_microtask.dart 49:5          _startMicrotaskLoop
build-and-test	Run flutter test --coverage	2025-07-30T14:28:52.2923508Z dart:isolate-patch/isolate_patch.dart 118:13     _runPendingImmediateCallback
build-and-test	Run flutter test --coverage	2025-07-30T14:28:52.2924396Z dart:isolate-patch/isolate_patch.dart 185:5      _RawReceivePort._handleMessage
build-and-test	Run flutter test --coverage	2025-07-30T14:28:52.2925356Z ##[endgroup]
build-and-test	Run flutter test --coverage	2025-07-30T14:28:54.1294914Z test/firebase_test_helper.dart:11:48: Error: Type 'FirebaseAuth' not found.
build-and-test	Run flutter test --coverage	2025-07-30T14:28:54.1304312Z class MockFirebaseAuth extends Mock implements FirebaseAuth {}
build-and-test	Run flutter test --coverage	2025-07-30T14:28:54.1304960Z                                                ^^^^^^^^^^^^
build-and-test	Run flutter test --coverage	2025-07-30T14:28:54.1305512Z test/firebase_test_helper.dart:13:40: Error: Type 'User' not found.
build-and-test	Run flutter test --coverage	2025-07-30T14:28:54.1306070Z class MockUser extends Mock implements User {}
build-and-test	Run flutter test --coverage	2025-07-30T14:28:54.1306494Z                                        ^^^^
build-and-test	Run flutter test --coverage	2025-07-30T14:28:54.1307514Z test/firebase_test_helper.dart:15:50: Error: Type 'UserCredential' not found.
build-and-test	Run flutter test --coverage	2025-07-30T14:28:54.1308229Z class MockUserCredential extends Mock implements UserCredential {}
build-and-test	Run flutter test --coverage	2025-07-30T14:28:54.1308755Z                                                  ^^^^^^^^^^^^^^
build-and-test	Run flutter test --coverage	2025-07-30T14:28:54.3032185Z test/ambassador_quota_service_test.dart:55:7: Error: Setter not found: 'quotas'.
build-and-test	Run flutter test --coverage	2025-07-30T14:28:54.3034902Z       quotas = AmbassadorQuotaService.ambassadorQuotas.values.toList();
build-and-test	Run flutter test --coverage	2025-07-30T14:28:54.3043375Z       ^^^^^^
build-and-test	Run flutter test --coverage	2025-07-30T14:28:54.3043945Z test/ambassador_quota_service_test.dart:57:11: Error: Undefined name 'quotas'.
build-and-test	Run flutter test --coverage	2025-07-30T14:28:54.3044743Z           quotas.fold<int>(0, (sum, final quota) => sum + quota) /
build-and-test	Run flutter test --coverage	2025-07-30T14:28:54.3045297Z           ^^^^^^
build-and-test	Run flutter test --coverage	2025-07-30T14:28:54.3045852Z test/ambassador_quota_service_test.dart:58:15: Error: Undefined name 'quotas'.
build-and-test	Run flutter test --coverage	2025-07-30T14:28:54.3046533Z               quotas.length;
build-and-test	Run flutter test --coverage	2025-07-30T14:28:54.3046890Z               ^^^^^^
build-and-test	Run flutter test --coverage	2025-07-30T14:28:54.3047467Z test/ambassador_quota_service_test.dart:91:7: Error: Setter not found: 'keys'.
build-and-test	Run flutter test --coverage	2025-07-30T14:28:54.3048316Z       keys = AmbassadorQuotaService.ambassadorQuotas.keys.toList();
build-and-test	Run flutter test --coverage	2025-07-30T14:28:54.3048916Z       ^^^^
build-and-test	Run flutter test --coverage	2025-07-30T14:28:54.3049429Z test/ambassador_quota_service_test.dart:92:20: Error: Undefined name 'keys'.
build-and-test	Run flutter test --coverage	2025-07-30T14:28:54.3050104Z       uniqueKeys = keys.toSet();
build-and-test	Run flutter test --coverage	2025-07-30T14:28:54.3050485Z                    ^^^^
build-and-test	Run flutter test --coverage	2025-07-30T14:28:54.3051082Z test/ambassador_quota_service_test.dart:92:7: Error: Setter not found: 'uniqueKeys'.
build-and-test	Run flutter test --coverage	2025-07-30T14:28:54.3052015Z       uniqueKeys = keys.toSet();
build-and-test	Run flutter test --coverage	2025-07-30T14:28:54.3052540Z       ^^^^^^^^^^
build-and-test	Run flutter test --coverage	2025-07-30T14:28:54.3053117Z test/ambassador_quota_service_test.dart:93:14: Error: Undefined name 'keys'.
build-and-test	Run flutter test --coverage	2025-07-30T14:28:54.3053825Z       expect(keys.length, uniqueKeys.length);
build-and-test	Run flutter test --coverage	2025-07-30T14:28:54.3054646Z              ^^^^
build-and-test	Run flutter test --coverage	2025-07-30T14:28:54.3055571Z test/ambassador_quota_service_test.dart:93:27: Error: Undefined name 'uniqueKeys'.
build-and-test	Run flutter test --coverage	2025-07-30T14:28:54.3056751Z       expect(keys.length, uniqueKeys.length);
build-and-test	Run flutter test --coverage	2025-07-30T14:28:54.3067012Z                           ^^^^^^^^^^
build-and-test	Run flutter test --coverage	2025-07-30T14:28:54.3067821Z test/ambassador_quota_service_test.dart:98:16: Error: Undefined name 'quota'.
build-and-test	Run flutter test --coverage	2025-07-30T14:28:54.3068667Z         expect(quota, isA<int>());
build-and-test	Run flutter test --coverage	2025-07-30T14:28:54.3069225Z                ^^^^^
build-and-test	Run flutter test --coverage	2025-07-30T14:28:54.3069960Z test/ambassador_quota_service_test.dart:99:16: Error: Undefined name 'quota'.
build-and-test	Run flutter test --coverage	2025-07-30T14:28:54.3070861Z         expect(quota, greaterThan(0));
build-and-test	Run flutter test --coverage	2025-07-30T14:28:54.3071684Z                ^^^^^
build-and-test	Run flutter test --coverage	2025-07-30T14:28:54.3072455Z test/ambassador_quota_service_test.dart:97:12: Error: Setter not found: 'quota'.
build-and-test	Run flutter test --coverage	2025-07-30T14:28:54.3073643Z       for (quota in AmbassadorQuotaService.ambassadorQuotas.values) {
build-and-test	Run flutter test --coverage	2025-07-30T14:28:54.3074167Z            ^^^^^
build-and-test	Run flutter test --coverage	2025-07-30T14:28:54.3074644Z test/ambassador_quota_service_test.dart:105:16: Error: Undefined name 'key'.
build-and-test	Run flutter test --coverage	2025-07-30T14:28:54.3075283Z         expect(key, matches(r'^[A-Z]{2}_[a-z]{2}$'));
build-and-test	Run flutter test --coverage	2025-07-30T14:28:54.3075685Z                ^^^
build-and-test	Run flutter test --coverage	2025-07-30T14:28:54.3076158Z test/ambassador_quota_service_test.dart:104:12: Error: Setter not found: 'key'.
build-and-test	Run flutter test --coverage	2025-07-30T14:28:54.3076846Z       for (key in AmbassadorQuotaService.ambassadorQuotas.keys) {
build-and-test	Run flutter test --coverage	2025-07-30T14:28:54.3077322Z            ^^^
build-and-test	Run flutter test --coverage	2025-07-30T14:28:54.3077764Z test/ambassador_quota_service_test.dart:165:51: Error: Undefined name 'entry'.
build-and-test	Run flutter test --coverage	2025-07-30T14:28:54.3078420Z           AmbassadorQuotaService.ambassadorQuotas[entry.key],
build-and-test	Run flutter test --coverage	2025-07-30T14:28:54.3078893Z                                                   ^^^^^
build-and-test	Run flutter test --coverage	2025-07-30T14:28:54.3079440Z test/ambassador_quota_service_test.dart:166:11: Error: Undefined name 'entry'.
build-and-test	Run flutter test --coverage	2025-07-30T14:28:54.3079982Z           entry.value,
build-and-test	Run flutter test --coverage	2025-07-30T14:28:54.3080258Z           ^^^^^
build-and-test	Run flutter test --coverage	2025-07-30T14:28:54.3080737Z test/ambassador_quota_service_test.dart:167:41: Error: Undefined name 'entry'.
build-and-test	Run flutter test --coverage	2025-07-30T14:28:54.3081360Z           reason: 'Quota mismatch for ${entry.key}',
build-and-test	Run flutter test --coverage	2025-07-30T14:28:54.3082154Z                                         ^^^^^
build-and-test	Run flutter test --coverage	2025-07-30T14:28:54.3082704Z test/ambassador_quota_service_test.dart:163:12: Error: Setter not found: 'entry'.
build-and-test	Run flutter test --coverage	2025-07-30T14:28:54.3083352Z       for (entry in expectedQuotas.entries) {
build-and-test	Run flutter test --coverage	2025-07-30T14:28:54.3083755Z            ^^^^^
build-and-test	Run flutter test --coverage	2025-07-30T14:28:54.3293434Z test/firebase_test_helper.dart:78:25: Error: The getter 'uid' isn't defined for the class 'MockUser'.
build-and-test	Run flutter test --coverage	2025-07-30T14:28:54.3297798Z  - 'MockUser' is from 'test/firebase_test_helper.dart'.
build-and-test	Run flutter test --coverage	2025-07-30T14:28:54.3300529Z Try correcting the name to the name of an existing getter, or defining a getter or field named 'uid'.
build-and-test	Run flutter test --coverage	2025-07-30T14:28:54.3303952Z     when(() => mockUser.uid).thenReturn('test-user-id');
build-and-test	Run flutter test --coverage	2025-07-30T14:28:54.3305390Z                         ^^^
build-and-test	Run flutter test --coverage	2025-07-30T14:28:54.3309073Z test/firebase_test_helper.dart:79:25: Error: The getter 'email' isn't defined for the class 'MockUser'.
build-and-test	Run flutter test --coverage	2025-07-30T14:28:54.3311036Z  - 'MockUser' is from 'test/firebase_test_helper.dart'.
build-and-test	Run flutter test --coverage	2025-07-30T14:28:54.3312055Z Try correcting the name to the name of an existing getter, or defining a getter or field named 'email'.
build-and-test	Run flutter test --coverage	2025-07-30T14:28:54.3312933Z     when(() => mockUser.email).thenReturn('test@example.com');
build-and-test	Run flutter test --coverage	2025-07-30T14:28:54.3313457Z                         ^^^^^
build-and-test	Run flutter test --coverage	2025-07-30T14:28:54.3314213Z test/firebase_test_helper.dart:80:25: Error: The getter 'displayName' isn't defined for the class 'MockUser'.
build-and-test	Run flutter test --coverage	2025-07-30T14:28:54.3315117Z  - 'MockUser' is from 'test/firebase_test_helper.dart'.
build-and-test	Run flutter test --coverage	2025-07-30T14:28:54.3315993Z Try correcting the name to the name of an existing getter, or defining a getter or field named 'displayName'.
build-and-test	Run flutter test --coverage	2025-07-30T14:28:54.3316883Z     when(() => mockUser.displayName).thenReturn('Test User');
build-and-test	Run flutter test --coverage	2025-07-30T14:28:54.3317412Z                         ^^^^^^^^^^^
build-and-test	Run flutter test --coverage	2025-07-30T14:28:54.3318168Z test/firebase_test_helper.dart:81:25: Error: The getter 'photoURL' isn't defined for the class 'MockUser'.
build-and-test	Run flutter test --coverage	2025-07-30T14:28:54.3319054Z  - 'MockUser' is from 'test/firebase_test_helper.dart'.
build-and-test	Run flutter test --coverage	2025-07-30T14:28:54.3319931Z Try correcting the name to the name of an existing getter, or defining a getter or field named 'photoURL'.
build-and-test	Run flutter test --coverage	2025-07-30T14:28:54.3320945Z     when(() => mockUser.photoURL).thenReturn('https://example.com/photo.jpg');
build-and-test	Run flutter test --coverage	2025-07-30T14:28:54.3321779Z                         ^^^^^^^^
build-and-test	Run flutter test --coverage	2025-07-30T14:28:54.3322557Z test/firebase_test_helper.dart:82:25: Error: The getter 'isAnonymous' isn't defined for the class 'MockUser'.
build-and-test	Run flutter test --coverage	2025-07-30T14:28:54.3323449Z  - 'MockUser' is from 'test/firebase_test_helper.dart'.
build-and-test	Run flutter test --coverage	2025-07-30T14:28:54.3324309Z Try correcting the name to the name of an existing getter, or defining a getter or field named 'isAnonymous'.
build-and-test	Run flutter test --coverage	2025-07-30T14:28:54.3325165Z     when(() => mockUser.isAnonymous).thenReturn(false);
build-and-test	Run flutter test --coverage	2025-07-30T14:28:54.3326082Z                         ^^^^^^^^^^^
build-and-test	Run flutter test --coverage	2025-07-30T14:28:54.3326873Z test/firebase_test_helper.dart:83:25: Error: The getter 'emailVerified' isn't defined for the class 'MockUser'.
build-and-test	Run flutter test --coverage	2025-07-30T14:28:54.3327768Z  - 'MockUser' is from 'test/firebase_test_helper.dart'.
build-and-test	Run flutter test --coverage	2025-07-30T14:28:54.3328621Z Try correcting the name to the name of an existing getter, or defining a getter or field named 'emailVerified'.
build-and-test	Run flutter test --coverage	2025-07-30T14:28:54.3329515Z     when(() => mockUser.emailVerified).thenReturn(true);
build-and-test	Run flutter test --coverage	2025-07-30T14:28:54.3331173Z                         ^^^^^^^^^^^^^
build-and-test	Run flutter test --coverage	2025-07-30T14:28:54.3332136Z test/firebase_test_helper.dart:86:35: Error: The getter 'user' isn't defined for the class 'MockUserCredential'.
build-and-test	Run flutter test --coverage	2025-07-30T14:28:54.3333141Z  - 'MockUserCredential' is from 'test/firebase_test_helper.dart'.
build-and-test	Run flutter test --coverage	2025-07-30T14:28:54.3334092Z Try correcting the name to the name of an existing getter, or defining a getter or field named 'user'.
build-and-test	Run flutter test --coverage	2025-07-30T14:28:54.3334951Z     when(() => mockUserCredential.user).thenReturn(mockUser);
build-and-test	Run flutter test --coverage	2025-07-30T14:28:54.3335477Z                                   ^^^^
build-and-test	Run flutter test --coverage	2025-07-30T14:28:54.3336278Z test/firebase_test_helper.dart:89:25: Error: The getter 'currentUser' isn't defined for the class 'MockFirebaseAuth'.
build-and-test	Run flutter test --coverage	2025-07-30T14:28:54.3337291Z  - 'MockFirebaseAuth' is from 'test/firebase_test_helper.dart'.
build-and-test	Run flutter test --coverage	2025-07-30T14:28:54.3338458Z Try correcting the name to the name of an existing getter, or defining a getter or field named 'currentUser'.
build-and-test	Run flutter test --coverage	2025-07-30T14:28:54.3339295Z     when(() => mockAuth.currentUser).thenReturn(mockUser);
build-and-test	Run flutter test --coverage	2025-07-30T14:28:54.3339748Z                         ^^^^^^^^^^^
build-and-test	Run flutter test --coverage	2025-07-30T14:28:54.3340583Z test/firebase_test_helper.dart:90:25: Error: The method 'authStateChanges' isn't defined for the class 'MockFirebaseAuth'.
build-and-test	Run flutter test --coverage	2025-07-30T14:28:54.3341772Z  - 'MockFirebaseAuth' is from 'test/firebase_test_helper.dart'.
build-and-test	Run flutter test --coverage	2025-07-30T14:28:54.3342695Z Try correcting the name to the name of an existing method, or defining a method named 'authStateChanges'.
build-and-test	Run flutter test --coverage	2025-07-30T14:28:54.3343522Z     when(() => mockAuth.authStateChanges())
build-and-test	Run flutter test --coverage	2025-07-30T14:28:54.3343970Z                         ^^^^^^^^^^^^^^^^
build-and-test	Run flutter test --coverage	2025-07-30T14:28:54.3344768Z test/firebase_test_helper.dart:92:25: Error: The method 'userChanges' isn't defined for the class 'MockFirebaseAuth'.
build-and-test	Run flutter test --coverage	2025-07-30T14:28:54.3345785Z  - 'MockFirebaseAuth' is from 'test/firebase_test_helper.dart'.
build-and-test	Run flutter test --coverage	2025-07-30T14:28:54.3346638Z Try correcting the name to the name of an existing method, or defining a method named 'userChanges'.
build-and-test	Run flutter test --coverage	2025-07-30T14:28:54.3347409Z     when(() => mockAuth.userChanges())
build-and-test	Run flutter test --coverage	2025-07-30T14:28:54.3347811Z                         ^^^^^^^^^^^
build-and-test	Run flutter test --coverage	2025-07-30T14:28:54.3348737Z test/firebase_test_helper.dart:94:25: Error: The method 'signInWithEmailAndPassword' isn't defined for the class 'MockFirebaseAuth'.
build-and-test	Run flutter test --coverage	2025-07-30T14:28:54.3349859Z  - 'MockFirebaseAuth' is from 'test/firebase_test_helper.dart'.
build-and-test	Run flutter test --coverage	2025-07-30T14:28:54.3350818Z Try correcting the name to the name of an existing method, or defining a method named 'signInWithEmailAndPassword'.
build-and-test	Run flutter test --coverage	2025-07-30T14:28:54.3351992Z     when(() => mockAuth.signInWithEmailAndPassword(any(), any()))
build-and-test	Run flutter test --coverage	2025-07-30T14:28:54.3352549Z                         ^^^^^^^^^^^^^^^^^^^^^^^^^^
build-and-test	Run flutter test --coverage	2025-07-30T14:28:54.3353556Z test/firebase_test_helper.dart:96:25: Error: The method 'createUserWithEmailAndPassword' isn't defined for the class 'MockFirebaseAuth'.
build-and-test	Run flutter test --coverage	2025-07-30T14:28:54.3354727Z  - 'MockFirebaseAuth' is from 'test/firebase_test_helper.dart'.
build-and-test	Run flutter test --coverage	2025-07-30T14:28:54.3355730Z Try correcting the name to the name of an existing method, or defining a method named 'createUserWithEmailAndPassword'.
build-and-test	Run flutter test --coverage	2025-07-30T14:28:54.3356741Z     when(() => mockAuth.createUserWithEmailAndPassword(any(), any()))
build-and-test	Run flutter test --coverage	2025-07-30T14:28:54.3357334Z                         ^^^^^^^^^^^^^^^^^^^^^^^^^^^^^^
build-and-test	Run flutter test --coverage	2025-07-30T14:28:54.3358133Z test/firebase_test_helper.dart:98:25: Error: The method 'signOut' isn't defined for the class 'MockFirebaseAuth'.
build-and-test	Run flutter test --coverage	2025-07-30T14:28:54.3359069Z  - 'MockFirebaseAuth' is from 'test/firebase_test_helper.dart'.
build-and-test	Run flutter test --coverage	2025-07-30T14:28:54.3360171Z Try correcting the name to the name of an existing method, or defining a method named 'signOut'.
build-and-test	Run flutter test --coverage	2025-07-30T14:28:54.3360986Z     when(() => mockAuth.signOut()).thenAnswer((_) async {});
build-and-test	Run flutter test --coverage	2025-07-30T14:28:54.3361485Z                         ^^^^^^^
build-and-test	Run flutter test --coverage	2025-07-30T14:28:54.3362817Z test/firebase_test_helper.dart:108:60: Error: The argument type 'MockCollectionReference' can't be assigned to the parameter type 'CollectionReference<Map<String, dynamic>>'.
build-and-test	Run flutter test --coverage	2025-07-30T14:28:54.3364201Z  - 'MockCollectionReference' is from 'test/firebase_test_helper.dart'.
build-and-test	Run flutter test --coverage	2025-07-30T14:28:54.3365560Z  - 'CollectionReference' is from 'package:cloud_firestore/cloud_firestore.dart' ('../../../.pub-cache/hosted/pub.dev/cloud_firestore-5.6.11/lib/cloud_firestore.dart').
build-and-test	Run flutter test --coverage	2025-07-30T14:28:54.3366762Z  - 'Map' is from 'dart:core'.
build-and-test	Run flutter test --coverage	2025-07-30T14:28:54.3367555Z     when(() => mockFirestore.collection(any())).thenReturn(mockCollection);
build-and-test	Run flutter test --coverage	2025-07-30T14:28:54.3368197Z                                                            ^
build-and-test	Run flutter test --coverage	2025-07-30T14:28:54.3369256Z test/firebase_test_helper.dart:132:52: Error: A value of type 'MockDocumentSnapshot' can't be assigned to a variable of type 'QueryDocumentSnapshot<Object?>'.
build-and-test	Run flutter test --coverage	2025-07-30T14:28:54.3370539Z  - 'MockDocumentSnapshot' is from 'test/firebase_test_helper.dart'.
build-and-test	Run flutter test --coverage	2025-07-30T14:28:54.3372305Z  - 'QueryDocumentSnapshot' is from 'package:cloud_firestore/cloud_firestore.dart' ('../../../.pub-cache/hosted/pub.dev/cloud_firestore-5.6.11/lib/cloud_firestore.dart').
build-and-test	Run flutter test --coverage	2025-07-30T14:28:54.3373459Z  - 'Object' is from 'dart:core'.
build-and-test	Run flutter test --coverage	2025-07-30T14:28:54.3374046Z     when(() => mockQuerySnapshot.docs).thenReturn([mockDocumentSnapshot]);
build-and-test	Run flutter test --coverage	2025-07-30T14:28:54.3374659Z                                                    ^
build-and-test	Run flutter test --coverage	2025-07-30T14:28:54.9653046Z ##[group]❌ loading /home/runner/work/appoint/appoint/test/ambassador_quota_service_test.dart (failed)
build-and-test	Run flutter test --coverage	2025-07-30T14:28:54.9655612Z Failed to load "/home/runner/work/appoint/appoint/test/ambassador_quota_service_test.dart": Compilation failed for testPath=/home/runner/work/appoint/appoint/test/ambassador_quota_service_test.dart
build-and-test	Run flutter test --coverage	2025-07-30T14:28:54.9657165Z 
build-and-test	Run flutter test --coverage	2025-07-30T14:28:54.9657866Z ##[endgroup]
build-and-test	Run flutter test --coverage	2025-07-30T14:28:54.9930763Z ##[group]❌ loading /home/runner/work/appoint/appoint/test/widgets/login_screen_test.dart (failed after test completion)
build-and-test	Run flutter test --coverage	2025-07-30T14:28:54.9932024Z Error: the Dart compiler exited unexpectedly.
build-and-test	Run flutter test --coverage	2025-07-30T14:28:54.9932575Z package:flutter_tools/src/base/common.dart 10:3  throwToolExit
build-and-test	Run flutter test --coverage	2025-07-30T14:28:54.9933366Z package:flutter_tools/src/compile.dart 893:9     DefaultResidentCompiler._compile.<fn>
build-and-test	Run flutter test --coverage	2025-07-30T14:28:54.9934127Z dart:async/zone.dart 1422:47                     _rootRunUnary
build-and-test	Run flutter test --coverage	2025-07-30T14:28:54.9934839Z dart:async/future_impl.dart 902:45               Future._propagateToListeners.handleValueCallback
build-and-test	Run flutter test --coverage	2025-07-30T14:28:54.9935662Z dart:async/future_impl.dart 931:13               Future._propagateToListeners
build-and-test	Run flutter test --coverage	2025-07-30T14:28:54.9936445Z dart:async/future_impl.dart 827:9                Future._propagateToListeners
build-and-test	Run flutter test --coverage	2025-07-30T14:28:54.9937217Z dart:async/future_impl.dart 707:5                Future._completeWithValue
build-and-test	Run flutter test --coverage	2025-07-30T14:28:54.9937999Z dart:async/future_impl.dart 777:7                Future._asyncCompleteWithValue.<fn>
build-and-test	Run flutter test --coverage	2025-07-30T14:28:54.9938697Z dart:async/zone.dart 1414:13                     _rootRun
build-and-test	Run flutter test --coverage	2025-07-30T14:28:54.9939295Z dart:async/zone.dart 1317:19                     _CustomZone.run
build-and-test	Run flutter test --coverage	2025-07-30T14:28:54.9939955Z dart:async/zone.dart 1225:7                      _CustomZone.runGuarded
build-and-test	Run flutter test --coverage	2025-07-30T14:28:54.9940687Z dart:async/zone.dart 1265:23                     _CustomZone.bindCallbackGuarded.<fn>
build-and-test	Run flutter test --coverage	2025-07-30T14:28:54.9941369Z dart:async/schedule_microtask.dart 40:21         _microtaskLoop
build-and-test	Run flutter test --coverage	2025-07-30T14:28:54.9942221Z dart:async/schedule_microtask.dart 49:5          _startMicrotaskLoop
build-and-test	Run flutter test --coverage	2025-07-30T14:28:54.9943035Z dart:isolate-patch/isolate_patch.dart 118:13     _runPendingImmediateCallback
build-and-test	Run flutter test --coverage	2025-07-30T14:28:54.9943900Z dart:isolate-patch/isolate_patch.dart 185:5      _RawReceivePort._handleMessage
build-and-test	Run flutter test --coverage	2025-07-30T14:28:54.9945203Z ##[endgroup]
build-and-test	Run flutter test --coverage	2025-07-30T14:28:55.0036013Z ✅ /home/runner/work/appoint/appoint/test/a11y/semantics_test.dart: Accessibility Tests should have proper semantics for basic widgets
build-and-test	Run flutter test --coverage	2025-07-30T14:28:55.2549880Z ✅ /home/runner/work/appoint/appoint/test/a11y/semantics_test.dart: Accessibility Tests should have proper semantics for form fields
build-and-test	Run flutter test --coverage	2025-07-30T14:28:55.2941384Z ✅ /home/runner/work/appoint/appoint/test/a11y/semantics_test.dart: Accessibility Tests should have proper semantics for IconButton
build-and-test	Run flutter test --coverage	2025-07-30T14:28:55.3147019Z ✅ /home/runner/work/appoint/appoint/test/a11y/semantics_test.dart: Accessibility Tests should have proper contrast for text
build-and-test	Run flutter test --coverage	2025-07-30T14:28:56.4932719Z test/security_rules_test.dart:139:9: Error: Setter not found: 'query'.
build-and-test	Run flutter test --coverage	2025-07-30T14:28:56.4933689Z         query = await fakeFirestore.collection('users').get();
build-and-test	Run flutter test --coverage	2025-07-30T14:28:56.4934286Z         ^^^^^
build-and-test	Run flutter test --coverage	2025-07-30T14:28:56.4934853Z test/security_rules_test.dart:140:16: Error: Undefined name 'query'.
build-and-test	Run flutter test --coverage	2025-07-30T14:28:56.4935569Z         expect(query.docs.length, 2);
build-and-test	Run flutter test --coverage	2025-07-30T14:28:56.4936095Z                ^^^^^
build-and-test	Run flutter test --coverage	2025-07-30T14:28:56.4936731Z test/security_rules_test.dart:169:9: Error: Setter not found: 'query'.
build-and-test	Run flutter test --coverage	2025-07-30T14:28:56.4937408Z         query = await fakeFirestore.collection('bookings').get();
build-and-test	Run flutter test --coverage	2025-07-30T14:28:56.4938348Z         ^^^^^
build-and-test	Run flutter test --coverage	2025-07-30T14:28:56.4938794Z test/security_rules_test.dart:170:16: Error: Undefined name 'query'.
build-and-test	Run flutter test --coverage	2025-07-30T14:28:56.4939381Z         expect(query.docs.length, 1);
build-and-test	Run flutter test --coverage	2025-07-30T14:28:56.4949457Z                ^^^^^
build-and-test	Run flutter test --coverage	2025-07-30T14:28:56.9111852Z ##[group]❌ loading /home/runner/work/appoint/appoint/test/security_rules_test.dart (failed)
build-and-test	Run flutter test --coverage	2025-07-30T14:28:56.9113923Z Failed to load "/home/runner/work/appoint/appoint/test/security_rules_test.dart": Compilation failed for testPath=/home/runner/work/appoint/appoint/test/security_rules_test.dart
build-and-test	Run flutter test --coverage	2025-07-30T14:28:56.9115307Z 
build-and-test	Run flutter test --coverage	2025-07-30T14:28:56.9116037Z ##[endgroup]
build-and-test	Run flutter test --coverage	2025-07-30T14:28:56.9367677Z ##[group]❌ loading /home/runner/work/appoint/appoint/test/widgets/login_screen_test.dart (failed after test completion)
build-and-test	Run flutter test --coverage	2025-07-30T14:28:56.9368946Z Error: the Dart compiler exited unexpectedly.
build-and-test	Run flutter test --coverage	2025-07-30T14:28:56.9371263Z package:flutter_tools/src/base/common.dart 10:3  throwToolExit
build-and-test	Run flutter test --coverage	2025-07-30T14:28:56.9372210Z package:flutter_tools/src/compile.dart 893:9     DefaultResidentCompiler._compile.<fn>
build-and-test	Run flutter test --coverage	2025-07-30T14:28:56.9373015Z dart:async/zone.dart 1422:47                     _rootRunUnary
build-and-test	Run flutter test --coverage	2025-07-30T14:28:56.9373759Z dart:async/future_impl.dart 902:45               Future._propagateToListeners.handleValueCallback
build-and-test	Run flutter test --coverage	2025-07-30T14:28:56.9374583Z dart:async/future_impl.dart 931:13               Future._propagateToListeners
build-and-test	Run flutter test --coverage	2025-07-30T14:28:56.9375375Z dart:async/future_impl.dart 827:9                Future._propagateToListeners
build-and-test	Run flutter test --coverage	2025-07-30T14:28:56.9376102Z dart:async/future_impl.dart 707:5                Future._completeWithValue
build-and-test	Run flutter test --coverage	2025-07-30T14:28:56.9376844Z dart:async/future_impl.dart 777:7                Future._asyncCompleteWithValue.<fn>
build-and-test	Run flutter test --coverage	2025-07-30T14:28:56.9377462Z dart:async/zone.dart 1414:13                     _rootRun
build-and-test	Run flutter test --coverage	2025-07-30T14:28:56.9378039Z dart:async/zone.dart 1317:19                     _CustomZone.run
build-and-test	Run flutter test --coverage	2025-07-30T14:28:56.9378699Z dart:async/zone.dart 1225:7                      _CustomZone.runGuarded
build-and-test	Run flutter test --coverage	2025-07-30T14:28:56.9379413Z dart:async/zone.dart 1265:23                     _CustomZone.bindCallbackGuarded.<fn>
build-and-test	Run flutter test --coverage	2025-07-30T14:28:56.9380135Z dart:async/schedule_microtask.dart 40:21         _microtaskLoop
build-and-test	Run flutter test --coverage	2025-07-30T14:28:56.9380823Z dart:async/schedule_microtask.dart 49:5          _startMicrotaskLoop
build-and-test	Run flutter test --coverage	2025-07-30T14:28:56.9381811Z dart:isolate-patch/isolate_patch.dart 118:13     _runPendingImmediateCallback
build-and-test	Run flutter test --coverage	2025-07-30T14:28:56.9382660Z dart:isolate-patch/isolate_patch.dart 185:5      _RawReceivePort._handleMessage
build-and-test	Run flutter test --coverage	2025-07-30T14:28:56.9383554Z ##[endgroup]
build-and-test	Run flutter test --coverage	2025-07-30T14:28:58.2917411Z test/firebase_test_helper.dart:11:48: Error: Type 'FirebaseAuth' not found.
build-and-test	Run flutter test --coverage	2025-07-30T14:28:58.2918250Z class MockFirebaseAuth extends Mock implements FirebaseAuth {}
build-and-test	Run flutter test --coverage	2025-07-30T14:28:58.2919233Z                                                ^^^^^^^^^^^^
build-and-test	Run flutter test --coverage	2025-07-30T14:28:58.2919751Z test/firebase_test_helper.dart:13:40: Error: Type 'User' not found.
build-and-test	Run flutter test --coverage	2025-07-30T14:28:58.2920681Z class MockUser extends Mock implements User {}
build-and-test	Run flutter test --coverage	2025-07-30T14:28:58.2921100Z                                        ^^^^
build-and-test	Run flutter test --coverage	2025-07-30T14:28:58.2921879Z test/firebase_test_helper.dart:15:50: Error: Type 'UserCredential' not found.
build-and-test	Run flutter test --coverage	2025-07-30T14:28:58.2922619Z class MockUserCredential extends Mock implements UserCredential {}
build-and-test	Run flutter test --coverage	2025-07-30T14:28:58.2923129Z                                                  ^^^^^^^^^^^^^^
build-and-test	Run flutter test --coverage	2025-07-30T14:28:58.4399974Z test/ui/edit_profile_screen_test.dart:27:7: Error: Setter not found: 'bioField'.
build-and-test	Run flutter test --coverage	2025-07-30T14:28:58.4401123Z       bioField = find.byType(TextFormField);
build-and-test	Run flutter test --coverage	2025-07-30T14:28:58.4402003Z       ^^^^^^^^
build-and-test	Run flutter test --coverage	2025-07-30T14:28:58.4406083Z test/ui/edit_profile_screen_test.dart:28:24: Error: Undefined name 'bioField'.
build-and-test	Run flutter test --coverage	2025-07-30T14:28:58.4408998Z       await tester.tap(bioField);
build-and-test	Run flutter test --coverage	2025-07-30T14:28:58.4409475Z                        ^^^^^^^^
build-and-test	Run flutter test --coverage	2025-07-30T14:28:58.4410091Z test/ui/edit_profile_screen_test.dart:29:30: Error: Undefined name 'bioField'.
build-and-test	Run flutter test --coverage	2025-07-30T14:28:58.4410762Z       await tester.enterText(bioField, 'a' * 10);
build-and-test	Run flutter test --coverage	2025-07-30T14:28:58.4411082Z                              ^^^^^^^^
build-and-test	Run flutter test --coverage	2025-07-30T14:28:58.4412087Z test/ui/edit_profile_screen_test.dart:33:30: Error: Undefined name 'bioField'.
build-and-test	Run flutter test --coverage	2025-07-30T14:28:58.4412550Z       await tester.enterText(bioField, 'b' * 200);
build-and-test	Run flutter test --coverage	2025-07-30T14:28:58.4412865Z                              ^^^^^^^^
build-and-test	Run flutter test --coverage	2025-07-30T14:28:58.4413254Z test/ui/edit_profile_screen_test.dart:36:48: Error: Undefined name 'bioField'.
build-and-test	Run flutter test --coverage	2025-07-30T14:28:58.4413732Z       textField = tester.widget<TextFormField>(bioField);
build-and-test	Run flutter test --coverage	2025-07-30T14:28:58.4414063Z                                                ^^^^^^^^
build-and-test	Run flutter test --coverage	2025-07-30T14:28:58.4414489Z test/ui/edit_profile_screen_test.dart:36:7: Error: Setter not found: 'textField'.
build-and-test	Run flutter test --coverage	2025-07-30T14:28:58.4414972Z       textField = tester.widget<TextFormField>(bioField);
build-and-test	Run flutter test --coverage	2025-07-30T14:28:58.4415292Z       ^^^^^^^^^
build-and-test	Run flutter test --coverage	2025-07-30T14:28:58.4415636Z test/ui/edit_profile_screen_test.dart:37:14: Error: Undefined name 'textField'.
build-and-test	Run flutter test --coverage	2025-07-30T14:28:58.4416180Z       expect(textField.controller!.text.length, lessThanOrEqualTo(150));
build-and-test	Run flutter test --coverage	2025-07-30T14:28:58.4416577Z              ^^^^^^^^^
build-and-test	Run flutter test --coverage	2025-07-30T14:28:58.4488934Z test/firebase_test_helper.dart:78:25: Error: The getter 'uid' isn't defined for the class 'MockUser'.
build-and-test	Run flutter test --coverage	2025-07-30T14:28:58.4490987Z  - 'MockUser' is from 'test/firebase_test_helper.dart'.
build-and-test	Run flutter test --coverage	2025-07-30T14:28:58.4492059Z Try correcting the name to the name of an existing getter, or defining a getter or field named 'uid'.
build-and-test	Run flutter test --coverage	2025-07-30T14:28:58.4492885Z     when(() => mockUser.uid).thenReturn('test-user-id');
build-and-test	Run flutter test --coverage	2025-07-30T14:28:58.4493369Z                         ^^^
build-and-test	Run flutter test --coverage	2025-07-30T14:28:58.4494065Z test/firebase_test_helper.dart:79:25: Error: The getter 'email' isn't defined for the class 'MockUser'.
build-and-test	Run flutter test --coverage	2025-07-30T14:28:58.4494935Z  - 'MockUser' is from 'test/firebase_test_helper.dart'.
build-and-test	Run flutter test --coverage	2025-07-30T14:28:58.4495775Z Try correcting the name to the name of an existing getter, or defining a getter or field named 'email'.
build-and-test	Run flutter test --coverage	2025-07-30T14:28:58.4496648Z     when(() => mockUser.email).thenReturn('test@example.com');
build-and-test	Run flutter test --coverage	2025-07-30T14:28:58.4497182Z                         ^^^^^
build-and-test	Run flutter test --coverage	2025-07-30T14:28:58.4497927Z test/firebase_test_helper.dart:80:25: Error: The getter 'displayName' isn't defined for the class 'MockUser'.
build-and-test	Run flutter test --coverage	2025-07-30T14:28:58.4498829Z  - 'MockUser' is from 'test/firebase_test_helper.dart'.
build-and-test	Run flutter test --coverage	2025-07-30T14:28:58.4499680Z Try correcting the name to the name of an existing getter, or defining a getter or field named 'displayName'.
build-and-test	Run flutter test --coverage	2025-07-30T14:28:58.4500573Z     when(() => mockUser.displayName).thenReturn('Test User');
build-and-test	Run flutter test --coverage	2025-07-30T14:28:58.4501087Z                         ^^^^^^^^^^^
build-and-test	Run flutter test --coverage	2025-07-30T14:28:58.4502018Z test/firebase_test_helper.dart:81:25: Error: The getter 'photoURL' isn't defined for the class 'MockUser'.
build-and-test	Run flutter test --coverage	2025-07-30T14:28:58.4502894Z  - 'MockUser' is from 'test/firebase_test_helper.dart'.
build-and-test	Run flutter test --coverage	2025-07-30T14:28:58.4504156Z Try correcting the name to the name of an existing getter, or defining a getter or field named 'photoURL'.
build-and-test	Run flutter test --coverage	2025-07-30T14:28:58.4505166Z     when(() => mockUser.photoURL).thenReturn('https://example.com/photo.jpg');
build-and-test	Run flutter test --coverage	2025-07-30T14:28:58.4505816Z                         ^^^^^^^^
build-and-test	Run flutter test --coverage	2025-07-30T14:28:58.4506596Z test/firebase_test_helper.dart:82:25: Error: The getter 'isAnonymous' isn't defined for the class 'MockUser'.
build-and-test	Run flutter test --coverage	2025-07-30T14:28:58.4507548Z  - 'MockUser' is from 'test/firebase_test_helper.dart'.
build-and-test	Run flutter test --coverage	2025-07-30T14:28:58.4508432Z Try correcting the name to the name of an existing getter, or defining a getter or field named 'isAnonymous'.
build-and-test	Run flutter test --coverage	2025-07-30T14:28:58.4509317Z     when(() => mockUser.isAnonymous).thenReturn(false);
build-and-test	Run flutter test --coverage	2025-07-30T14:28:58.4509814Z                         ^^^^^^^^^^^
build-and-test	Run flutter test --coverage	2025-07-30T14:28:58.4510586Z test/firebase_test_helper.dart:83:25: Error: The getter 'emailVerified' isn't defined for the class 'MockUser'.
build-and-test	Run flutter test --coverage	2025-07-30T14:28:58.4511473Z  - 'MockUser' is from 'test/firebase_test_helper.dart'.
build-and-test	Run flutter test --coverage	2025-07-30T14:28:58.4512576Z Try correcting the name to the name of an existing getter, or defining a getter or field named 'emailVerified'.
build-and-test	Run flutter test --coverage	2025-07-30T14:28:58.4513449Z     when(() => mockUser.emailVerified).thenReturn(true);
build-and-test	Run flutter test --coverage	2025-07-30T14:28:58.4513942Z                         ^^^^^^^^^^^^^
build-and-test	Run flutter test --coverage	2025-07-30T14:28:58.4515028Z test/firebase_test_helper.dart:86:35: Error: The getter 'user' isn't defined for the class 'MockUserCredential'.
build-and-test	Run flutter test --coverage	2025-07-30T14:28:58.4515997Z  - 'MockUserCredential' is from 'test/firebase_test_helper.dart'.
build-and-test	Run flutter test --coverage	2025-07-30T14:28:58.4516830Z Try correcting the name to the name of an existing getter, or defining a getter or field named 'user'.
build-and-test	Run flutter test --coverage	2025-07-30T14:28:58.4517627Z     when(() => mockUserCredential.user).thenReturn(mockUser);
build-and-test	Run flutter test --coverage	2025-07-30T14:28:58.4518143Z                                   ^^^^
build-and-test	Run flutter test --coverage	2025-07-30T14:28:58.4518982Z test/firebase_test_helper.dart:89:25: Error: The getter 'currentUser' isn't defined for the class 'MockFirebaseAuth'.
build-and-test	Run flutter test --coverage	2025-07-30T14:28:58.4520005Z  - 'MockFirebaseAuth' is from 'test/firebase_test_helper.dart'.
build-and-test	Run flutter test --coverage	2025-07-30T14:28:58.4520922Z Try correcting the name to the name of an existing getter, or defining a getter or field named 'currentUser'.
build-and-test	Run flutter test --coverage	2025-07-30T14:28:58.4522020Z     when(() => mockAuth.currentUser).thenReturn(mockUser);
build-and-test	Run flutter test --coverage	2025-07-30T14:28:58.4522537Z                         ^^^^^^^^^^^
build-and-test	Run flutter test --coverage	2025-07-30T14:28:58.4523478Z test/firebase_test_helper.dart:90:25: Error: The method 'authStateChanges' isn't defined for the class 'MockFirebaseAuth'.
build-and-test	Run flutter test --coverage	2025-07-30T14:28:58.4524531Z  - 'MockFirebaseAuth' is from 'test/firebase_test_helper.dart'.
build-and-test	Run flutter test --coverage	2025-07-30T14:28:58.4525430Z Try correcting the name to the name of an existing method, or defining a method named 'authStateChanges'.
build-and-test	Run flutter test --coverage	2025-07-30T14:28:58.4526254Z     when(() => mockAuth.authStateChanges())
build-and-test	Run flutter test --coverage	2025-07-30T14:28:58.4526705Z                         ^^^^^^^^^^^^^^^^
build-and-test	Run flutter test --coverage	2025-07-30T14:28:58.4527527Z test/firebase_test_helper.dart:92:25: Error: The method 'userChanges' isn't defined for the class 'MockFirebaseAuth'.
build-and-test	Run flutter test --coverage	2025-07-30T14:28:58.4528498Z  - 'MockFirebaseAuth' is from 'test/firebase_test_helper.dart'.
build-and-test	Run flutter test --coverage	2025-07-30T14:28:58.4529318Z Try correcting the name to the name of an existing method, or defining a method named 'userChanges'.
build-and-test	Run flutter test --coverage	2025-07-30T14:28:58.4530080Z     when(() => mockAuth.userChanges())
build-and-test	Run flutter test --coverage	2025-07-30T14:28:58.4530507Z                         ^^^^^^^^^^^
build-and-test	Run flutter test --coverage	2025-07-30T14:28:58.4531411Z test/firebase_test_helper.dart:94:25: Error: The method 'signInWithEmailAndPassword' isn't defined for the class 'MockFirebaseAuth'.
build-and-test	Run flutter test --coverage	2025-07-30T14:28:58.4532737Z  - 'MockFirebaseAuth' is from 'test/firebase_test_helper.dart'.
build-and-test	Run flutter test --coverage	2025-07-30T14:28:58.4533722Z Try correcting the name to the name of an existing method, or defining a method named 'signInWithEmailAndPassword'.
build-and-test	Run flutter test --coverage	2025-07-30T14:28:58.4534656Z     when(() => mockAuth.signInWithEmailAndPassword(any(), any()))
build-and-test	Run flutter test --coverage	2025-07-30T14:28:58.4535177Z                         ^^^^^^^^^^^^^^^^^^^^^^^^^^
build-and-test	Run flutter test --coverage	2025-07-30T14:28:58.4536155Z test/firebase_test_helper.dart:96:25: Error: The method 'createUserWithEmailAndPassword' isn't defined for the class 'MockFirebaseAuth'.
build-and-test	Run flutter test --coverage	2025-07-30T14:28:58.4537513Z  - 'MockFirebaseAuth' is from 'test/firebase_test_helper.dart'.
build-and-test	Run flutter test --coverage	2025-07-30T14:28:58.4538507Z Try correcting the name to the name of an existing method, or defining a method named 'createUserWithEmailAndPassword'.
build-and-test	Run flutter test --coverage	2025-07-30T14:28:58.4539524Z     when(() => mockAuth.createUserWithEmailAndPassword(any(), any()))
build-and-test	Run flutter test --coverage	2025-07-30T14:28:58.4540110Z                         ^^^^^^^^^^^^^^^^^^^^^^^^^^^^^^
build-and-test	Run flutter test --coverage	2025-07-30T14:28:58.4540932Z test/firebase_test_helper.dart:98:25: Error: The method 'signOut' isn't defined for the class 'MockFirebaseAuth'.
build-and-test	Run flutter test --coverage	2025-07-30T14:28:58.4542090Z  - 'MockFirebaseAuth' is from 'test/firebase_test_helper.dart'.
build-and-test	Run flutter test --coverage	2025-07-30T14:28:58.4542958Z Try correcting the name to the name of an existing method, or defining a method named 'signOut'.
build-and-test	Run flutter test --coverage	2025-07-30T14:28:58.4543717Z     when(() => mockAuth.signOut()).thenAnswer((_) async {});
build-and-test	Run flutter test --coverage	2025-07-30T14:28:58.4544189Z                         ^^^^^^^
build-and-test	Run flutter test --coverage	2025-07-30T14:28:58.4545304Z test/firebase_test_helper.dart:108:60: Error: The argument type 'MockCollectionReference' can't be assigned to the parameter type 'CollectionReference<Map<String, dynamic>>'.
build-and-test	Run flutter test --coverage	2025-07-30T14:28:58.4546725Z  - 'MockCollectionReference' is from 'test/firebase_test_helper.dart'.
build-and-test	Run flutter test --coverage	2025-07-30T14:28:58.4548366Z  - 'CollectionReference' is from 'package:cloud_firestore/cloud_firestore.dart' ('../../../.pub-cache/hosted/pub.dev/cloud_firestore-5.6.11/lib/cloud_firestore.dart').
build-and-test	Run flutter test --coverage	2025-07-30T14:28:58.4549535Z  - 'Map' is from 'dart:core'.
build-and-test	Run flutter test --coverage	2025-07-30T14:28:58.4550118Z     when(() => mockFirestore.collection(any())).thenReturn(mockCollection);
build-and-test	Run flutter test --coverage	2025-07-30T14:28:58.4550733Z                                                            ^
build-and-test	Run flutter test --coverage	2025-07-30T14:28:58.4552028Z test/firebase_test_helper.dart:132:52: Error: A value of type 'MockDocumentSnapshot' can't be assigned to a variable of type 'QueryDocumentSnapshot<Object?>'.
build-and-test	Run flutter test --coverage	2025-07-30T14:28:58.4553314Z  - 'MockDocumentSnapshot' is from 'test/firebase_test_helper.dart'.
build-and-test	Run flutter test --coverage	2025-07-30T14:28:58.4554675Z  - 'QueryDocumentSnapshot' is from 'package:cloud_firestore/cloud_firestore.dart' ('../../../.pub-cache/hosted/pub.dev/cloud_firestore-5.6.11/lib/cloud_firestore.dart').
build-and-test	Run flutter test --coverage	2025-07-30T14:28:58.4555861Z  - 'Object' is from 'dart:core'.
build-and-test	Run flutter test --coverage	2025-07-30T14:28:58.4556461Z     when(() => mockQuerySnapshot.docs).thenReturn([mockDocumentSnapshot]);
build-and-test	Run flutter test --coverage	2025-07-30T14:28:58.4557095Z                                                    ^
build-and-test	Run flutter test --coverage	2025-07-30T14:28:59.0976911Z ##[group]❌ loading /home/runner/work/appoint/appoint/test/ui/edit_profile_screen_test.dart (failed)
build-and-test	Run flutter test --coverage	2025-07-30T14:28:59.0979074Z Failed to load "/home/runner/work/appoint/appoint/test/ui/edit_profile_screen_test.dart": Compilation failed for testPath=/home/runner/work/appoint/appoint/test/ui/edit_profile_screen_test.dart
build-and-test	Run flutter test --coverage	2025-07-30T14:28:59.0980590Z 
build-and-test	Run flutter test --coverage	2025-07-30T14:28:59.0981172Z ##[endgroup]
build-and-test	Run flutter test --coverage	2025-07-30T14:28:59.1244120Z ##[group]❌ loading /home/runner/work/appoint/appoint/test/widgets/login_screen_test.dart (failed after test completion)
build-and-test	Run flutter test --coverage	2025-07-30T14:28:59.1245227Z Error: the Dart compiler exited unexpectedly.
build-and-test	Run flutter test --coverage	2025-07-30T14:28:59.1247911Z package:flutter_tools/src/base/common.dart 10:3  throwToolExit
build-and-test	Run flutter test --coverage	2025-07-30T14:28:59.1248715Z package:flutter_tools/src/compile.dart 893:9     DefaultResidentCompiler._compile.<fn>
build-and-test	Run flutter test --coverage	2025-07-30T14:28:59.1249503Z dart:async/zone.dart 1422:47                     _rootRunUnary
build-and-test	Run flutter test --coverage	2025-07-30T14:28:59.1250242Z dart:async/future_impl.dart 902:45               Future._propagateToListeners.handleValueCallback
build-and-test	Run flutter test --coverage	2025-07-30T14:28:59.1251057Z dart:async/future_impl.dart 931:13               Future._propagateToListeners
build-and-test	Run flutter test --coverage	2025-07-30T14:28:59.1252039Z dart:async/future_impl.dart 827:9                Future._propagateToListeners
build-and-test	Run flutter test --coverage	2025-07-30T14:28:59.1252785Z dart:async/future_impl.dart 707:5                Future._completeWithValue
build-and-test	Run flutter test --coverage	2025-07-30T14:28:59.1253540Z dart:async/future_impl.dart 777:7                Future._asyncCompleteWithValue.<fn>
build-and-test	Run flutter test --coverage	2025-07-30T14:28:59.1254201Z dart:async/zone.dart 1414:13                     _rootRun
build-and-test	Run flutter test --coverage	2025-07-30T14:28:59.1255303Z dart:async/zone.dart 1317:19                     _CustomZone.run
build-and-test	Run flutter test --coverage	2025-07-30T14:28:59.1256089Z dart:async/zone.dart 1225:7                      _CustomZone.runGuarded
build-and-test	Run flutter test --coverage	2025-07-30T14:28:59.1256964Z dart:async/zone.dart 1265:23                     _CustomZone.bindCallbackGuarded.<fn>
build-and-test	Run flutter test --coverage	2025-07-30T14:28:59.1257686Z dart:async/schedule_microtask.dart 40:21         _microtaskLoop
build-and-test	Run flutter test --coverage	2025-07-30T14:28:59.1258383Z dart:async/schedule_microtask.dart 49:5          _startMicrotaskLoop
build-and-test	Run flutter test --coverage	2025-07-30T14:28:59.1259167Z dart:isolate-patch/isolate_patch.dart 118:13     _runPendingImmediateCallback
build-and-test	Run flutter test --coverage	2025-07-30T14:28:59.1260025Z dart:isolate-patch/isolate_patch.dart 185:5      _RawReceivePort._handleMessage
build-and-test	Run flutter test --coverage	2025-07-30T14:28:59.1260879Z ##[endgroup]
build-and-test	Run flutter test --coverage	2025-07-30T14:29:00.8068418Z test/firebase_test_helper.dart:11:48: Error: Type 'FirebaseAuth' not found.
build-and-test	Run flutter test --coverage	2025-07-30T14:29:00.8072222Z class MockFirebaseAuth extends Mock implements FirebaseAuth {}
build-and-test	Run flutter test --coverage	2025-07-30T14:29:00.8074574Z                                                ^^^^^^^^^^^^
build-and-test	Run flutter test --coverage	2025-07-30T14:29:00.8076565Z test/firebase_test_helper.dart:13:40: Error: Type 'User' not found.
build-and-test	Run flutter test --coverage	2025-07-30T14:29:00.8081053Z class MockUser extends Mock implements User {}
build-and-test	Run flutter test --coverage	2025-07-30T14:29:00.8081479Z                                        ^^^^
build-and-test	Run flutter test --coverage	2025-07-30T14:29:00.8082529Z test/firebase_test_helper.dart:15:50: Error: Type 'UserCredential' not found.
build-and-test	Run flutter test --coverage	2025-07-30T14:29:00.8083244Z class MockUserCredential extends Mock implements UserCredential {}
build-and-test	Run flutter test --coverage	2025-07-30T14:29:00.8083771Z                                                  ^^^^^^^^^^^^^^
build-and-test	Run flutter test --coverage	2025-07-30T14:29:00.9825569Z test/firebase_test_helper.dart:78:25: Error: The getter 'uid' isn't defined for the class 'MockUser'.
build-and-test	Run flutter test --coverage	2025-07-30T14:29:00.9828682Z  - 'MockUser' is from 'test/firebase_test_helper.dart'.
build-and-test	Run flutter test --coverage	2025-07-30T14:29:00.9829564Z Try correcting the name to the name of an existing getter, or defining a getter or field named 'uid'.
build-and-test	Run flutter test --coverage	2025-07-30T14:29:00.9830411Z     when(() => mockUser.uid).thenReturn('test-user-id');
build-and-test	Run flutter test --coverage	2025-07-30T14:29:00.9830905Z                         ^^^
build-and-test	Run flutter test --coverage	2025-07-30T14:29:00.9831826Z test/firebase_test_helper.dart:79:25: Error: The getter 'email' isn't defined for the class 'MockUser'.
build-and-test	Run flutter test --coverage	2025-07-30T14:29:00.9832705Z  - 'MockUser' is from 'test/firebase_test_helper.dart'.
build-and-test	Run flutter test --coverage	2025-07-30T14:29:00.9833564Z Try correcting the name to the name of an existing getter, or defining a getter or field named 'email'.
build-and-test	Run flutter test --coverage	2025-07-30T14:29:00.9834413Z     when(() => mockUser.email).thenReturn('test@example.com');
build-and-test	Run flutter test --coverage	2025-07-30T14:29:00.9850073Z                         ^^^^^
build-and-test	Run flutter test --coverage	2025-07-30T14:29:00.9850865Z test/firebase_test_helper.dart:80:25: Error: The getter 'displayName' isn't defined for the class 'MockUser'.
build-and-test	Run flutter test --coverage	2025-07-30T14:29:00.9851874Z  - 'MockUser' is from 'test/firebase_test_helper.dart'.
build-and-test	Run flutter test --coverage	2025-07-30T14:29:00.9852688Z Try correcting the name to the name of an existing getter, or defining a getter or field named 'displayName'.
build-and-test	Run flutter test --coverage	2025-07-30T14:29:00.9853588Z     when(() => mockUser.displayName).thenReturn('Test User');
build-and-test	Run flutter test --coverage	2025-07-30T14:29:00.9854121Z                         ^^^^^^^^^^^
build-and-test	Run flutter test --coverage	2025-07-30T14:29:00.9854865Z test/firebase_test_helper.dart:81:25: Error: The getter 'photoURL' isn't defined for the class 'MockUser'.
build-and-test	Run flutter test --coverage	2025-07-30T14:29:00.9855728Z  - 'MockUser' is from 'test/firebase_test_helper.dart'.
build-and-test	Run flutter test --coverage	2025-07-30T14:29:00.9856521Z Try correcting the name to the name of an existing getter, or defining a getter or field named 'photoURL'.
build-and-test	Run flutter test --coverage	2025-07-30T14:29:00.9857475Z     when(() => mockUser.photoURL).thenReturn('https://example.com/photo.jpg');
build-and-test	Run flutter test --coverage	2025-07-30T14:29:00.9858059Z                         ^^^^^^^^
build-and-test	Run flutter test --coverage	2025-07-30T14:29:00.9858755Z test/firebase_test_helper.dart:82:25: Error: The getter 'isAnonymous' isn't defined for the class 'MockUser'.
build-and-test	Run flutter test --coverage	2025-07-30T14:29:00.9859576Z  - 'MockUser' is from 'test/firebase_test_helper.dart'.
build-and-test	Run flutter test --coverage	2025-07-30T14:29:00.9860380Z Try correcting the name to the name of an existing getter, or defining a getter or field named 'isAnonymous'.
build-and-test	Run flutter test --coverage	2025-07-30T14:29:00.9861176Z     when(() => mockUser.isAnonymous).thenReturn(false);
build-and-test	Run flutter test --coverage	2025-07-30T14:29:00.9862305Z                         ^^^^^^^^^^^
build-and-test	Run flutter test --coverage	2025-07-30T14:29:00.9863056Z test/firebase_test_helper.dart:83:25: Error: The getter 'emailVerified' isn't defined for the class 'MockUser'.
build-and-test	Run flutter test --coverage	2025-07-30T14:29:00.9863975Z  - 'MockUser' is from 'test/firebase_test_helper.dart'.
build-and-test	Run flutter test --coverage	2025-07-30T14:29:00.9864834Z Try correcting the name to the name of an existing getter, or defining a getter or field named 'emailVerified'.
build-and-test	Run flutter test --coverage	2025-07-30T14:29:00.9865656Z     when(() => mockUser.emailVerified).thenReturn(true);
build-and-test	Run flutter test --coverage	2025-07-30T14:29:00.9866107Z                         ^^^^^^^^^^^^^
build-and-test	Run flutter test --coverage	2025-07-30T14:29:00.9866824Z test/firebase_test_helper.dart:86:35: Error: The getter 'user' isn't defined for the class 'MockUserCredential'.
build-and-test	Run flutter test --coverage	2025-07-30T14:29:00.9867744Z  - 'MockUserCredential' is from 'test/firebase_test_helper.dart'.
build-and-test	Run flutter test --coverage	2025-07-30T14:29:00.9868612Z Try correcting the name to the name of an existing getter, or defining a getter or field named 'user'.
build-and-test	Run flutter test --coverage	2025-07-30T14:29:00.9869469Z     when(() => mockUserCredential.user).thenReturn(mockUser);
build-and-test	Run flutter test --coverage	2025-07-30T14:29:00.9870065Z                                   ^^^^
build-and-test	Run flutter test --coverage	2025-07-30T14:29:00.9870899Z test/firebase_test_helper.dart:89:25: Error: The getter 'currentUser' isn't defined for the class 'MockFirebaseAuth'.
build-and-test	Run flutter test --coverage	2025-07-30T14:29:00.9872087Z  - 'MockFirebaseAuth' is from 'test/firebase_test_helper.dart'.
build-and-test	Run flutter test --coverage	2025-07-30T14:29:00.9873258Z Try correcting the name to the name of an existing getter, or defining a getter or field named 'currentUser'.
build-and-test	Run flutter test --coverage	2025-07-30T14:29:00.9874127Z     when(() => mockAuth.currentUser).thenReturn(mockUser);
build-and-test	Run flutter test --coverage	2025-07-30T14:29:00.9874609Z                         ^^^^^^^^^^^
build-and-test	Run flutter test --coverage	2025-07-30T14:29:00.9882773Z test/firebase_test_helper.dart:90:25: Error: The method 'authStateChanges' isn't defined for the class 'MockFirebaseAuth'.
build-and-test	Run flutter test --coverage	2025-07-30T14:29:00.9883853Z  - 'MockFirebaseAuth' is from 'test/firebase_test_helper.dart'.
build-and-test	Run flutter test --coverage	2025-07-30T14:29:00.9884764Z Try correcting the name to the name of an existing method, or defining a method named 'authStateChanges'.
build-and-test	Run flutter test --coverage	2025-07-30T14:29:00.9885568Z     when(() => mockAuth.authStateChanges())
build-and-test	Run flutter test --coverage	2025-07-30T14:29:00.9886009Z                         ^^^^^^^^^^^^^^^^
build-and-test	Run flutter test --coverage	2025-07-30T14:29:00.9886848Z test/firebase_test_helper.dart:92:25: Error: The method 'userChanges' isn't defined for the class 'MockFirebaseAuth'.
build-and-test	Run flutter test --coverage	2025-07-30T14:29:00.9887855Z  - 'MockFirebaseAuth' is from 'test/firebase_test_helper.dart'.
build-and-test	Run flutter test --coverage	2025-07-30T14:29:00.9888768Z Try correcting the name to the name of an existing method, or defining a method named 'userChanges'.
build-and-test	Run flutter test --coverage	2025-07-30T14:29:00.9889553Z     when(() => mockAuth.userChanges())
build-and-test	Run flutter test --coverage	2025-07-30T14:29:00.9889963Z                         ^^^^^^^^^^^
build-and-test	Run flutter test --coverage	2025-07-30T14:29:00.9890894Z test/firebase_test_helper.dart:94:25: Error: The method 'signInWithEmailAndPassword' isn't defined for the class 'MockFirebaseAuth'.
build-and-test	Run flutter test --coverage	2025-07-30T14:29:00.9892167Z  - 'MockFirebaseAuth' is from 'test/firebase_test_helper.dart'.
build-and-test	Run flutter test --coverage	2025-07-30T14:29:00.9893133Z Try correcting the name to the name of an existing method, or defining a method named 'signInWithEmailAndPassword'.
build-and-test	Run flutter test --coverage	2025-07-30T14:29:00.9894086Z     when(() => mockAuth.signInWithEmailAndPassword(any(), any()))
build-and-test	Run flutter test --coverage	2025-07-30T14:29:00.9894652Z                         ^^^^^^^^^^^^^^^^^^^^^^^^^^
build-and-test	Run flutter test --coverage	2025-07-30T14:29:00.9895336Z test/firebase_test_helper.dart:96:25: Error: The method 'createUserWithEmailAndPassword' isn't defined for the class 'MockFirebaseAuth'.
build-and-test	Run flutter test --coverage	2025-07-30T14:29:00.9896502Z  - 'MockFirebaseAuth' is from 'test/firebase_test_helper.dart'.
build-and-test	Run flutter test --coverage	2025-07-30T14:29:00.9897520Z Try correcting the name to the name of an existing method, or defining a method named 'createUserWithEmailAndPassword'.
build-and-test	Run flutter test --coverage	2025-07-30T14:29:00.9898552Z     when(() => mockAuth.createUserWithEmailAndPassword(any(), any()))
build-and-test	Run flutter test --coverage	2025-07-30T14:29:00.9899139Z                         ^^^^^^^^^^^^^^^^^^^^^^^^^^^^^^
build-and-test	Run flutter test --coverage	2025-07-30T14:29:00.9899981Z test/firebase_test_helper.dart:98:25: Error: The method 'signOut' isn't defined for the class 'MockFirebaseAuth'.
build-and-test	Run flutter test --coverage	2025-07-30T14:29:00.9900958Z  - 'MockFirebaseAuth' is from 'test/firebase_test_helper.dart'.
build-and-test	Run flutter test --coverage	2025-07-30T14:29:00.9902027Z Try correcting the name to the name of an existing method, or defining a method named 'signOut'.
build-and-test	Run flutter test --coverage	2025-07-30T14:29:00.9903107Z     when(() => mockAuth.signOut()).thenAnswer((_) async {});
build-and-test	Run flutter test --coverage	2025-07-30T14:29:00.9903621Z                         ^^^^^^^
build-and-test	Run flutter test --coverage	2025-07-30T14:29:00.9904794Z test/firebase_test_helper.dart:108:60: Error: The argument type 'MockCollectionReference' can't be assigned to the parameter type 'CollectionReference<Map<String, dynamic>>'.
build-and-test	Run flutter test --coverage	2025-07-30T14:29:00.9906232Z  - 'MockCollectionReference' is from 'test/firebase_test_helper.dart'.
build-and-test	Run flutter test --coverage	2025-07-30T14:29:00.9907601Z  - 'CollectionReference' is from 'package:cloud_firestore/cloud_firestore.dart' ('../../../.pub-cache/hosted/pub.dev/cloud_firestore-5.6.11/lib/cloud_firestore.dart').
build-and-test	Run flutter test --coverage	2025-07-30T14:29:00.9908761Z  - 'Map' is from 'dart:core'.
build-and-test	Run flutter test --coverage	2025-07-30T14:29:00.9909338Z     when(() => mockFirestore.collection(any())).thenReturn(mockCollection);
build-and-test	Run flutter test --coverage	2025-07-30T14:29:00.9909951Z                                                            ^
build-and-test	Run flutter test --coverage	2025-07-30T14:29:00.9911031Z test/firebase_test_helper.dart:132:52: Error: A value of type 'MockDocumentSnapshot' can't be assigned to a variable of type 'QueryDocumentSnapshot<Object?>'.
build-and-test	Run flutter test --coverage	2025-07-30T14:29:00.9912468Z  - 'MockDocumentSnapshot' is from 'test/firebase_test_helper.dart'.
build-and-test	Run flutter test --coverage	2025-07-30T14:29:00.9913773Z  - 'QueryDocumentSnapshot' is from 'package:cloud_firestore/cloud_firestore.dart' ('../../../.pub-cache/hosted/pub.dev/cloud_firestore-5.6.11/lib/cloud_firestore.dart').
build-and-test	Run flutter test --coverage	2025-07-30T14:29:00.9915167Z  - 'Object' is from 'dart:core'.
build-and-test	Run flutter test --coverage	2025-07-30T14:29:00.9915732Z     when(() => mockQuerySnapshot.docs).thenReturn([mockDocumentSnapshot]);
build-and-test	Run flutter test --coverage	2025-07-30T14:29:00.9916340Z                                                    ^
build-and-test	Run flutter test --coverage	2025-07-30T14:29:01.6489886Z ##[group]❌ loading /home/runner/work/appoint/appoint/test/common/ui/empty_screen_test.dart (failed)
build-and-test	Run flutter test --coverage	2025-07-30T14:29:01.6494390Z Failed to load "/home/runner/work/appoint/appoint/test/common/ui/empty_screen_test.dart": Compilation failed for testPath=/home/runner/work/appoint/appoint/test/common/ui/empty_screen_test.dart
build-and-test	Run flutter test --coverage	2025-07-30T14:29:01.6506482Z 
build-and-test	Run flutter test --coverage	2025-07-30T14:29:01.6506981Z ##[endgroup]
build-and-test	Run flutter test --coverage	2025-07-30T14:29:01.6769572Z ##[group]❌ loading /home/runner/work/appoint/appoint/test/widgets/login_screen_test.dart (failed after test completion)
build-and-test	Run flutter test --coverage	2025-07-30T14:29:01.6770585Z Error: the Dart compiler exited unexpectedly.
build-and-test	Run flutter test --coverage	2025-07-30T14:29:01.6776010Z package:flutter_tools/src/base/common.dart 10:3  throwToolExit
build-and-test	Run flutter test --coverage	2025-07-30T14:29:01.6776861Z package:flutter_tools/src/compile.dart 893:9     DefaultResidentCompiler._compile.<fn>
build-and-test	Run flutter test --coverage	2025-07-30T14:29:01.6777653Z dart:async/zone.dart 1422:47                     _rootRunUnary
build-and-test	Run flutter test --coverage	2025-07-30T14:29:01.6778412Z dart:async/future_impl.dart 902:45               Future._propagateToListeners.handleValueCallback
build-and-test	Run flutter test --coverage	2025-07-30T14:29:01.6779252Z dart:async/future_impl.dart 931:13               Future._propagateToListeners
build-and-test	Run flutter test --coverage	2025-07-30T14:29:01.6779953Z dart:async/future_impl.dart 827:9                Future._propagateToListeners
build-and-test	Run flutter test --coverage	2025-07-30T14:29:01.6780654Z dart:async/future_impl.dart 707:5                Future._completeWithValue
build-and-test	Run flutter test --coverage	2025-07-30T14:29:01.6781417Z dart:async/future_impl.dart 777:7                Future._asyncCompleteWithValue.<fn>
build-and-test	Run flutter test --coverage	2025-07-30T14:29:01.6782845Z dart:async/zone.dart 1414:13                     _rootRun
build-and-test	Run flutter test --coverage	2025-07-30T14:29:01.6783440Z dart:async/zone.dart 1317:19                     _CustomZone.run
build-and-test	Run flutter test --coverage	2025-07-30T14:29:01.6784087Z dart:async/zone.dart 1225:7                      _CustomZone.runGuarded
build-and-test	Run flutter test --coverage	2025-07-30T14:29:01.6784766Z dart:async/zone.dart 1265:23                     _CustomZone.bindCallbackGuarded.<fn>
build-and-test	Run flutter test --coverage	2025-07-30T14:29:01.6785443Z dart:async/schedule_microtask.dart 40:21         _microtaskLoop
build-and-test	Run flutter test --coverage	2025-07-30T14:29:01.6786141Z dart:async/schedule_microtask.dart 49:5          _startMicrotaskLoop
build-and-test	Run flutter test --coverage	2025-07-30T14:29:01.6786945Z dart:isolate-patch/isolate_patch.dart 118:13     _runPendingImmediateCallback
build-and-test	Run flutter test --coverage	2025-07-30T14:29:01.6787810Z dart:isolate-patch/isolate_patch.dart 185:5      _RawReceivePort._handleMessage
build-and-test	Run flutter test --coverage	2025-07-30T14:29:01.6788765Z ##[endgroup]
build-and-test	Run flutter test --coverage	2025-07-30T14:29:01.7402578Z ✅ /home/runner/work/appoint/appoint/test/ui/comments/comment_item_test.dart: CommentItem should display comment text
build-and-test	Run flutter test --coverage	2025-07-30T14:29:01.7560056Z ✅ /home/runner/work/appoint/appoint/test/ui/comments/comment_item_test.dart: CommentItem should have correct comment properties
build-and-test	Run flutter test --coverage	2025-07-30T14:29:03.0724691Z test/firebase_test_helper.dart:11:48: Error: Type 'FirebaseAuth' not found.
build-and-test	Run flutter test --coverage	2025-07-30T14:29:03.0725643Z class MockFirebaseAuth extends Mock implements FirebaseAuth {}
build-and-test	Run flutter test --coverage	2025-07-30T14:29:03.0726439Z                                                ^^^^^^^^^^^^
build-and-test	Run flutter test --coverage	2025-07-30T14:29:03.0727802Z test/firebase_test_helper.dart:13:40: Error: Type 'User' not found.
build-and-test	Run flutter test --coverage	2025-07-30T14:29:03.0728687Z class MockUser extends Mock implements User {}
build-and-test	Run flutter test --coverage	2025-07-30T14:29:03.0729214Z                                        ^^^^
build-and-test	Run flutter test --coverage	2025-07-30T14:29:03.0729888Z test/firebase_test_helper.dart:15:50: Error: Type 'UserCredential' not found.
build-and-test	Run flutter test --coverage	2025-07-30T14:29:03.0730703Z class MockUserCredential extends Mock implements UserCredential {}
build-and-test	Run flutter test --coverage	2025-07-30T14:29:03.0731168Z                                                  ^^^^^^^^^^^^^^
build-and-test	Run flutter test --coverage	2025-07-30T14:29:03.2295488Z test/firebase_test_helper.dart:78:25: Error: The getter 'uid' isn't defined for the class 'MockUser'.
build-and-test	Run flutter test --coverage	2025-07-30T14:29:03.2296426Z  - 'MockUser' is from 'test/firebase_test_helper.dart'.
build-and-test	Run flutter test --coverage	2025-07-30T14:29:03.2297712Z Try correcting the name to the name of an existing getter, or defining a getter or field named 'uid'.
build-and-test	Run flutter test --coverage	2025-07-30T14:29:03.2298514Z     when(() => mockUser.uid).thenReturn('test-user-id');
build-and-test	Run flutter test --coverage	2025-07-30T14:29:03.2298984Z                         ^^^
build-and-test	Run flutter test --coverage	2025-07-30T14:29:03.2299670Z test/firebase_test_helper.dart:79:25: Error: The getter 'email' isn't defined for the class 'MockUser'.
build-and-test	Run flutter test --coverage	2025-07-30T14:29:03.2300490Z  - 'MockUser' is from 'test/firebase_test_helper.dart'.
build-and-test	Run flutter test --coverage	2025-07-30T14:29:03.2301288Z Try correcting the name to the name of an existing getter, or defining a getter or field named 'email'.
build-and-test	Run flutter test --coverage	2025-07-30T14:29:03.2302299Z     when(() => mockUser.email).thenReturn('test@example.com');
build-and-test	Run flutter test --coverage	2025-07-30T14:29:03.2302832Z                         ^^^^^
build-and-test	Run flutter test --coverage	2025-07-30T14:29:03.2303564Z test/firebase_test_helper.dart:80:25: Error: The getter 'displayName' isn't defined for the class 'MockUser'.
build-and-test	Run flutter test --coverage	2025-07-30T14:29:03.2304421Z  - 'MockUser' is from 'test/firebase_test_helper.dart'.
build-and-test	Run flutter test --coverage	2025-07-30T14:29:03.2305255Z Try correcting the name to the name of an existing getter, or defining a getter or field named 'displayName'.
build-and-test	Run flutter test --coverage	2025-07-30T14:29:03.2306069Z     when(() => mockUser.displayName).thenReturn('Test User');
build-and-test	Run flutter test --coverage	2025-07-30T14:29:03.2306549Z                         ^^^^^^^^^^^
build-and-test	Run flutter test --coverage	2025-07-30T14:29:03.2307241Z test/firebase_test_helper.dart:81:25: Error: The getter 'photoURL' isn't defined for the class 'MockUser'.
build-and-test	Run flutter test --coverage	2025-07-30T14:29:03.2308048Z  - 'MockUser' is from 'test/firebase_test_helper.dart'.
build-and-test	Run flutter test --coverage	2025-07-30T14:29:03.2308836Z Try correcting the name to the name of an existing getter, or defining a getter or field named 'photoURL'.
build-and-test	Run flutter test --coverage	2025-07-30T14:29:03.2309758Z     when(() => mockUser.photoURL).thenReturn('https://example.com/photo.jpg');
build-and-test	Run flutter test --coverage	2025-07-30T14:29:03.2310364Z                         ^^^^^^^^
build-and-test	Run flutter test --coverage	2025-07-30T14:29:03.2311061Z test/firebase_test_helper.dart:82:25: Error: The getter 'isAnonymous' isn't defined for the class 'MockUser'.
build-and-test	Run flutter test --coverage	2025-07-30T14:29:03.2312035Z  - 'MockUser' is from 'test/firebase_test_helper.dart'.
build-and-test	Run flutter test --coverage	2025-07-30T14:29:03.2312846Z Try correcting the name to the name of an existing getter, or defining a getter or field named 'isAnonymous'.
build-and-test	Run flutter test --coverage	2025-07-30T14:29:03.2313639Z     when(() => mockUser.isAnonymous).thenReturn(false);
build-and-test	Run flutter test --coverage	2025-07-30T14:29:03.2314083Z                         ^^^^^^^^^^^
build-and-test	Run flutter test --coverage	2025-07-30T14:29:03.2314795Z test/firebase_test_helper.dart:83:25: Error: The getter 'emailVerified' isn't defined for the class 'MockUser'.
build-and-test	Run flutter test --coverage	2025-07-30T14:29:03.2315636Z  - 'MockUser' is from 'test/firebase_test_helper.dart'.
build-and-test	Run flutter test --coverage	2025-07-30T14:29:03.2316437Z Try correcting the name to the name of an existing getter, or defining a getter or field named 'emailVerified'.
build-and-test	Run flutter test --coverage	2025-07-30T14:29:03.2317241Z     when(() => mockUser.emailVerified).thenReturn(true);
build-and-test	Run flutter test --coverage	2025-07-30T14:29:03.2317925Z                         ^^^^^^^^^^^^^
build-and-test	Run flutter test --coverage	2025-07-30T14:29:03.2318641Z test/firebase_test_helper.dart:86:35: Error: The getter 'user' isn't defined for the class 'MockUserCredential'.
build-and-test	Run flutter test --coverage	2025-07-30T14:29:03.2319541Z  - 'MockUserCredential' is from 'test/firebase_test_helper.dart'.
build-and-test	Run flutter test --coverage	2025-07-30T14:29:03.2320373Z Try correcting the name to the name of an existing getter, or defining a getter or field named 'user'.
build-and-test	Run flutter test --coverage	2025-07-30T14:29:03.2321168Z     when(() => mockUserCredential.user).thenReturn(mockUser);
build-and-test	Run flutter test --coverage	2025-07-30T14:29:03.2321787Z                                   ^^^^
build-and-test	Run flutter test --coverage	2025-07-30T14:29:03.2322553Z test/firebase_test_helper.dart:89:25: Error: The getter 'currentUser' isn't defined for the class 'MockFirebaseAuth'.
build-and-test	Run flutter test --coverage	2025-07-30T14:29:03.2323497Z  - 'MockFirebaseAuth' is from 'test/firebase_test_helper.dart'.
build-and-test	Run flutter test --coverage	2025-07-30T14:29:03.2324359Z Try correcting the name to the name of an existing getter, or defining a getter or field named 'currentUser'.
build-and-test	Run flutter test --coverage	2025-07-30T14:29:03.2325173Z     when(() => mockAuth.currentUser).thenReturn(mockUser);
build-and-test	Run flutter test --coverage	2025-07-30T14:29:03.2325637Z                         ^^^^^^^^^^^
build-and-test	Run flutter test --coverage	2025-07-30T14:29:03.2326425Z test/firebase_test_helper.dart:90:25: Error: The method 'authStateChanges' isn't defined for the class 'MockFirebaseAuth'.
build-and-test	Run flutter test --coverage	2025-07-30T14:29:03.2327561Z  - 'MockFirebaseAuth' is from 'test/firebase_test_helper.dart'.
build-and-test	Run flutter test --coverage	2025-07-30T14:29:03.2328391Z Try correcting the name to the name of an existing method, or defining a method named 'authStateChanges'.
build-and-test	Run flutter test --coverage	2025-07-30T14:29:03.2329154Z     when(() => mockAuth.authStateChanges())
build-and-test	Run flutter test --coverage	2025-07-30T14:29:03.2329564Z                         ^^^^^^^^^^^^^^^^
build-and-test	Run flutter test --coverage	2025-07-30T14:29:03.2330327Z test/firebase_test_helper.dart:92:25: Error: The method 'userChanges' isn't defined for the class 'MockFirebaseAuth'.
build-and-test	Run flutter test --coverage	2025-07-30T14:29:03.2331243Z  - 'MockFirebaseAuth' is from 'test/firebase_test_helper.dart'.
build-and-test	Run flutter test --coverage	2025-07-30T14:29:03.2332190Z Try correcting the name to the name of an existing method, or defining a method named 'userChanges'.
build-and-test	Run flutter test --coverage	2025-07-30T14:29:03.2332914Z     when(() => mockAuth.userChanges())
build-and-test	Run flutter test --coverage	2025-07-30T14:29:03.2333293Z                         ^^^^^^^^^^^
build-and-test	Run flutter test --coverage	2025-07-30T14:29:03.2334165Z test/firebase_test_helper.dart:94:25: Error: The method 'signInWithEmailAndPassword' isn't defined for the class 'MockFirebaseAuth'.
build-and-test	Run flutter test --coverage	2025-07-30T14:29:03.2335195Z  - 'MockFirebaseAuth' is from 'test/firebase_test_helper.dart'.
build-and-test	Run flutter test --coverage	2025-07-30T14:29:03.2336081Z Try correcting the name to the name of an existing method, or defining a method named 'signInWithEmailAndPassword'.
build-and-test	Run flutter test --coverage	2025-07-30T14:29:03.2336977Z     when(() => mockAuth.signInWithEmailAndPassword(any(), any()))
build-and-test	Run flutter test --coverage	2025-07-30T14:29:03.2337492Z                         ^^^^^^^^^^^^^^^^^^^^^^^^^^
build-and-test	Run flutter test --coverage	2025-07-30T14:29:03.2338423Z test/firebase_test_helper.dart:96:25: Error: The method 'createUserWithEmailAndPassword' isn't defined for the class 'MockFirebaseAuth'.
build-and-test	Run flutter test --coverage	2025-07-30T14:29:03.2339470Z  - 'MockFirebaseAuth' is from 'test/firebase_test_helper.dart'.
build-and-test	Run flutter test --coverage	2025-07-30T14:29:03.2340392Z Try correcting the name to the name of an existing method, or defining a method named 'createUserWithEmailAndPassword'.
build-and-test	Run flutter test --coverage	2025-07-30T14:29:03.2341360Z     when(() => mockAuth.createUserWithEmailAndPassword(any(), any()))
build-and-test	Run flutter test --coverage	2025-07-30T14:29:03.2342041Z                         ^^^^^^^^^^^^^^^^^^^^^^^^^^^^^^
build-and-test	Run flutter test --coverage	2025-07-30T14:29:03.2342812Z test/firebase_test_helper.dart:98:25: Error: The method 'signOut' isn't defined for the class 'MockFirebaseAuth'.
build-and-test	Run flutter test --coverage	2025-07-30T14:29:03.2343671Z  - 'MockFirebaseAuth' is from 'test/firebase_test_helper.dart'.
build-and-test	Run flutter test --coverage	2025-07-30T14:29:03.2344134Z Try correcting the name to the name of an existing method, or defining a method named 'signOut'.
build-and-test	Run flutter test --coverage	2025-07-30T14:29:03.2344565Z     when(() => mockAuth.signOut()).thenAnswer((_) async {});
build-and-test	Run flutter test --coverage	2025-07-30T14:29:03.2344829Z                         ^^^^^^^
build-and-test	Run flutter test --coverage	2025-07-30T14:29:03.2345436Z test/firebase_test_helper.dart:108:60: Error: The argument type 'MockCollectionReference' can't be assigned to the parameter type 'CollectionReference<Map<String, dynamic>>'.
build-and-test	Run flutter test --coverage	2025-07-30T14:29:03.2346165Z  - 'MockCollectionReference' is from 'test/firebase_test_helper.dart'.
build-and-test	Run flutter test --coverage	2025-07-30T14:29:03.2347012Z  - 'CollectionReference' is from 'package:cloud_firestore/cloud_firestore.dart' ('../../../.pub-cache/hosted/pub.dev/cloud_firestore-5.6.11/lib/cloud_firestore.dart').
build-and-test	Run flutter test --coverage	2025-07-30T14:29:03.2347641Z  - 'Map' is from 'dart:core'.
build-and-test	Run flutter test --coverage	2025-07-30T14:29:03.2347964Z     when(() => mockFirestore.collection(any())).thenReturn(mockCollection);
build-and-test	Run flutter test --coverage	2025-07-30T14:29:03.2348307Z                                                            ^
build-and-test	Run flutter test --coverage	2025-07-30T14:29:03.2348921Z test/firebase_test_helper.dart:132:52: Error: A value of type 'MockDocumentSnapshot' can't be assigned to a variable of type 'QueryDocumentSnapshot<Object?>'.
build-and-test	Run flutter test --coverage	2025-07-30T14:29:03.2349583Z  - 'MockDocumentSnapshot' is from 'test/firebase_test_helper.dart'.
build-and-test	Run flutter test --coverage	2025-07-30T14:29:03.2350309Z  - 'QueryDocumentSnapshot' is from 'package:cloud_firestore/cloud_firestore.dart' ('../../../.pub-cache/hosted/pub.dev/cloud_firestore-5.6.11/lib/cloud_firestore.dart').
build-and-test	Run flutter test --coverage	2025-07-30T14:29:03.2350936Z  - 'Object' is from 'dart:core'.
build-and-test	Run flutter test --coverage	2025-07-30T14:29:03.2351261Z     when(() => mockQuerySnapshot.docs).thenReturn([mockDocumentSnapshot]);
build-and-test	Run flutter test --coverage	2025-07-30T14:29:03.2351798Z                                                    ^
build-and-test	Run flutter test --coverage	2025-07-30T14:29:03.8718774Z ##[group]❌ loading /home/runner/work/appoint/appoint/test/common/ui/error_screen_test.dart (failed)
build-and-test	Run flutter test --coverage	2025-07-30T14:29:03.8720917Z Failed to load "/home/runner/work/appoint/appoint/test/common/ui/error_screen_test.dart": Compilation failed for testPath=/home/runner/work/appoint/appoint/test/common/ui/error_screen_test.dart
build-and-test	Run flutter test --coverage	2025-07-30T14:29:03.8722275Z 
build-and-test	Run flutter test --coverage	2025-07-30T14:29:03.8722544Z ##[endgroup]
build-and-test	Run flutter test --coverage	2025-07-30T14:29:03.8991426Z ##[group]❌ loading /home/runner/work/appoint/appoint/test/widgets/login_screen_test.dart (failed after test completion)
build-and-test	Run flutter test --coverage	2025-07-30T14:29:03.8992291Z Error: the Dart compiler exited unexpectedly.
build-and-test	Run flutter test --coverage	2025-07-30T14:29:03.8994649Z package:flutter_tools/src/base/common.dart 10:3  throwToolExit
build-and-test	Run flutter test --coverage	2025-07-30T14:29:03.8995457Z package:flutter_tools/src/compile.dart 893:9     DefaultResidentCompiler._compile.<fn>
build-and-test	Run flutter test --coverage	2025-07-30T14:29:03.8996246Z dart:async/zone.dart 1422:47                     _rootRunUnary
build-and-test	Run flutter test --coverage	2025-07-30T14:29:03.8996995Z dart:async/future_impl.dart 902:45               Future._propagateToListeners.handleValueCallback
build-and-test	Run flutter test --coverage	2025-07-30T14:29:03.8997767Z dart:async/future_impl.dart 931:13               Future._propagateToListeners
build-and-test	Run flutter test --coverage	2025-07-30T14:29:03.8998235Z dart:async/future_impl.dart 827:9                Future._propagateToListeners
build-and-test	Run flutter test --coverage	2025-07-30T14:29:03.8998701Z dart:async/future_impl.dart 707:5                Future._completeWithValue
build-and-test	Run flutter test --coverage	2025-07-30T14:29:03.8999152Z dart:async/future_impl.dart 777:7                Future._asyncCompleteWithValue.<fn>
build-and-test	Run flutter test --coverage	2025-07-30T14:29:03.8999550Z dart:async/zone.dart 1414:13                     _rootRun
build-and-test	Run flutter test --coverage	2025-07-30T14:29:03.8999888Z dart:async/zone.dart 1317:19                     _CustomZone.run
build-and-test	Run flutter test --coverage	2025-07-30T14:29:03.9000256Z dart:async/zone.dart 1225:7                      _CustomZone.runGuarded
build-and-test	Run flutter test --coverage	2025-07-30T14:29:03.9000665Z dart:async/zone.dart 1265:23                     _CustomZone.bindCallbackGuarded.<fn>
build-and-test	Run flutter test --coverage	2025-07-30T14:29:03.9001073Z dart:async/schedule_microtask.dart 40:21         _microtaskLoop
build-and-test	Run flutter test --coverage	2025-07-30T14:29:03.9001461Z dart:async/schedule_microtask.dart 49:5          _startMicrotaskLoop
build-and-test	Run flutter test --coverage	2025-07-30T14:29:03.9002263Z dart:isolate-patch/isolate_patch.dart 118:13     _runPendingImmediateCallback
build-and-test	Run flutter test --coverage	2025-07-30T14:29:03.9002759Z dart:isolate-patch/isolate_patch.dart 185:5      _RawReceivePort._handleMessage
build-and-test	Run flutter test --coverage	2025-07-30T14:29:03.9003285Z ##[endgroup]
build-and-test	Run flutter test --coverage	2025-07-30T14:29:06.1102589Z ✅ /home/runner/work/appoint/appoint/test/admin_broadcast_test.dart: AdminBroadcastMessage Tests should create AdminBroadcastMessage with required fields
build-and-test	Run flutter test --coverage	2025-07-30T14:29:06.1150430Z ✅ /home/runner/work/appoint/appoint/test/admin_broadcast_test.dart: AdminBroadcastMessage Tests should create BroadcastTargetingFilters with optional fields
build-and-test	Run flutter test --coverage	2025-07-30T14:29:06.1179629Z ✅ /home/runner/work/appoint/appoint/test/admin_broadcast_test.dart: AdminBroadcastMessage Tests should create UserProfile with required fields
build-and-test	Run flutter test --coverage	2025-07-30T14:29:06.3244416Z ✅ /home/runner/work/appoint/appoint/test/smoke_test.dart: Smoke test - basic functionality
build-and-test	Run flutter test --coverage	2025-07-30T14:29:07.1317932Z test/booking_conflict_test.dart:7:8: Error: Error when reading 'test/booking_conflict_test.mocks.dart': No such file or directory
build-and-test	Run flutter test --coverage	2025-07-30T14:29:07.1320061Z import 'booking_conflict_test.mocks.dart';
build-and-test	Run flutter test --coverage	2025-07-30T14:29:07.1320538Z        ^
build-and-test	Run flutter test --coverage	2025-07-30T14:29:07.3032548Z test/booking_conflict_test.dart:13:28: Error: Method not found: 'MockBookingService'.
build-and-test	Run flutter test --coverage	2025-07-30T14:29:07.3051928Z       mockBookingService = MockBookingService();
build-and-test	Run flutter test --coverage	2025-07-30T14:29:07.3054458Z                            ^^^^^^^^^^^^^^^^^^
build-and-test	Run flutter test --coverage	2025-07-30T14:29:07.3055197Z test/booking_conflict_test.dart:13:7: Error: Setter not found: 'mockBookingService'.
build-and-test	Run flutter test --coverage	2025-07-30T14:29:07.3055955Z       mockBookingService = MockBookingService();
build-and-test	Run flutter test --coverage	2025-07-30T14:29:07.3056435Z       ^^^^^^^^^^^^^^^^^^
build-and-test	Run flutter test --coverage	2025-07-30T14:29:07.3057034Z test/booking_conflict_test.dart:34:12: Error: Undefined name 'mockBookingService'.
build-and-test	Run flutter test --coverage	2025-07-30T14:29:07.3057812Z       when(mockBookingService.getBookings())
build-and-test	Run flutter test --coverage	2025-07-30T14:29:07.3058263Z            ^^^^^^^^^^^^^^^^^^
build-and-test	Run flutter test --coverage	2025-07-30T14:29:07.3058835Z test/booking_conflict_test.dart:45:15: Error: Setter not found: 'aEnd'.
build-and-test	Run flutter test --coverage	2025-07-30T14:29:07.3059496Z               aEnd = a.dateTime.add(a.duration);
build-and-test	Run flutter test --coverage	2025-07-30T14:29:07.3060419Z               ^^^^
build-and-test	Run flutter test --coverage	2025-07-30T14:29:07.3060941Z test/booking_conflict_test.dart:47:15: Error: Setter not found: 'bEnd'.
build-and-test	Run flutter test --coverage	2025-07-30T14:29:07.3061789Z               bEnd = b.dateTime.add(b.duration);
build-and-test	Run flutter test --coverage	2025-07-30T14:29:07.3062241Z               ^^^^
build-and-test	Run flutter test --coverage	2025-07-30T14:29:07.3062735Z test/booking_conflict_test.dart:48:35: Error: Undefined name 'bEnd'.
build-and-test	Run flutter test --coverage	2025-07-30T14:29:07.3063427Z               if (aStart.isBefore(bEnd) && bStart.isBefore(aEnd)) {
build-and-test	Run flutter test --coverage	2025-07-30T14:29:07.3063939Z                                   ^^^^
build-and-test	Run flutter test --coverage	2025-07-30T14:29:07.3064554Z test/booking_conflict_test.dart:48:60: Error: Undefined name 'aEnd'.
build-and-test	Run flutter test --coverage	2025-07-30T14:29:07.3065290Z               if (aStart.isBefore(bEnd) && bStart.isBefore(aEnd)) {
build-and-test	Run flutter test --coverage	2025-07-30T14:29:07.3065847Z                                                            ^^^^
build-and-test	Run flutter test --coverage	2025-07-30T14:29:07.3066555Z test/booking_conflict_test.dart:57:24: Error: Undefined name 'mockBookingService'.
build-and-test	Run flutter test --coverage	2025-07-30T14:29:07.3067362Z       bookingsStream = mockBookingService.getBookings();
build-and-test	Run flutter test --coverage	2025-07-30T14:29:07.3067912Z                        ^^^^^^^^^^^^^^^^^^
build-and-test	Run flutter test --coverage	2025-07-30T14:29:07.3068569Z test/booking_conflict_test.dart:57:7: Error: Setter not found: 'bookingsStream'.
build-and-test	Run flutter test --coverage	2025-07-30T14:29:07.3069349Z       bookingsStream = mockBookingService.getBookings();
build-and-test	Run flutter test --coverage	2025-07-30T14:29:07.3069862Z       ^^^^^^^^^^^^^^
build-and-test	Run flutter test --coverage	2025-07-30T14:29:07.3070418Z test/booking_conflict_test.dart:58:30: Error: Undefined name 'bookingsStream'.
build-and-test	Run flutter test --coverage	2025-07-30T14:29:07.3071124Z       final bookings = await bookingsStream.first;
build-and-test	Run flutter test --coverage	2025-07-30T14:29:07.3073063Z                              ^^^^^^^^^^^^^^
build-and-test	Run flutter test --coverage	2025-07-30T14:29:07.3073720Z test/booking_conflict_test.dart:59:7: Error: Setter not found: 'conflict'.
build-and-test	Run flutter test --coverage	2025-07-30T14:29:07.3074345Z       conflict = hasConflict(bookings);
build-and-test	Run flutter test --coverage	2025-07-30T14:29:07.3074721Z       ^^^^^^^^
build-and-test	Run flutter test --coverage	2025-07-30T14:29:07.3075187Z test/booking_conflict_test.dart:60:14: Error: Undefined name 'conflict'.
build-and-test	Run flutter test --coverage	2025-07-30T14:29:07.3075786Z       expect(conflict, isTrue);
build-and-test	Run flutter test --coverage	2025-07-30T14:29:07.3076132Z              ^^^^^^^^
build-and-test	Run flutter test --coverage	2025-07-30T14:29:07.5870134Z ##[group]❌ loading /home/runner/work/appoint/appoint/test/booking_conflict_test.dart (failed)
build-and-test	Run flutter test --coverage	2025-07-30T14:29:07.5872056Z Failed to load "/home/runner/work/appoint/appoint/test/booking_conflict_test.dart": Compilation failed for testPath=/home/runner/work/appoint/appoint/test/booking_conflict_test.dart
build-and-test	Run flutter test --coverage	2025-07-30T14:29:07.5873190Z 
build-and-test	Run flutter test --coverage	2025-07-30T14:29:07.5874523Z ##[endgroup]
build-and-test	Run flutter test --coverage	2025-07-30T14:29:07.6109790Z ##[group]❌ loading /home/runner/work/appoint/appoint/test/widgets/login_screen_test.dart (failed after test completion)
build-and-test	Run flutter test --coverage	2025-07-30T14:29:07.6110899Z Error: the Dart compiler exited unexpectedly.
build-and-test	Run flutter test --coverage	2025-07-30T14:29:07.6113015Z package:flutter_tools/src/base/common.dart 10:3  throwToolExit
build-and-test	Run flutter test --coverage	2025-07-30T14:29:07.6114414Z package:flutter_tools/src/compile.dart 893:9     DefaultResidentCompiler._compile.<fn>
build-and-test	Run flutter test --coverage	2025-07-30T14:29:07.6115266Z dart:async/zone.dart 1422:47                     _rootRunUnary
build-and-test	Run flutter test --coverage	2025-07-30T14:29:07.6116162Z dart:async/future_impl.dart 902:45               Future._propagateToListeners.handleValueCallback
build-and-test	Run flutter test --coverage	2025-07-30T14:29:07.6117128Z dart:async/future_impl.dart 931:13               Future._propagateToListeners
build-and-test	Run flutter test --coverage	2025-07-30T14:29:07.6118162Z dart:async/future_impl.dart 827:9                Future._propagateToListeners
build-and-test	Run flutter test --coverage	2025-07-30T14:29:07.6119011Z dart:async/future_impl.dart 707:5                Future._completeWithValue
build-and-test	Run flutter test --coverage	2025-07-30T14:29:07.6119805Z dart:async/future_impl.dart 777:7                Future._asyncCompleteWithValue.<fn>
build-and-test	Run flutter test --coverage	2025-07-30T14:29:07.6120562Z dart:async/zone.dart 1414:13                     _rootRun
build-and-test	Run flutter test --coverage	2025-07-30T14:29:07.6121195Z dart:async/zone.dart 1317:19                     _CustomZone.run
build-and-test	Run flutter test --coverage	2025-07-30T14:29:07.6122120Z dart:async/zone.dart 1225:7                      _CustomZone.runGuarded
build-and-test	Run flutter test --coverage	2025-07-30T14:29:07.6122847Z dart:async/zone.dart 1265:23                     _CustomZone.bindCallbackGuarded.<fn>
build-and-test	Run flutter test --coverage	2025-07-30T14:29:07.6123558Z dart:async/schedule_microtask.dart 40:21         _microtaskLoop
build-and-test	Run flutter test --coverage	2025-07-30T14:29:07.6124231Z dart:async/schedule_microtask.dart 49:5          _startMicrotaskLoop
build-and-test	Run flutter test --coverage	2025-07-30T14:29:07.6125255Z dart:isolate-patch/isolate_patch.dart 118:13     _runPendingImmediateCallback
build-and-test	Run flutter test --coverage	2025-07-30T14:29:07.6126106Z dart:isolate-patch/isolate_patch.dart 185:5      _RawReceivePort._handleMessage
build-and-test	Run flutter test --coverage	2025-07-30T14:29:07.6127080Z ##[endgroup]
build-and-test	Run flutter test --coverage	2025-07-30T14:29:08.2816679Z ✅ /home/runner/work/appoint/appoint/test/accessibility_standalone_test.dart: Standalone Accessibility Tests should have proper semantics for basic widgets
build-and-test	Run flutter test --coverage	2025-07-30T14:29:08.5173976Z ✅ /home/runner/work/appoint/appoint/test/accessibility_standalone_test.dart: Standalone Accessibility Tests should have proper semantics for form fields
build-and-test	Run flutter test --coverage	2025-07-30T14:29:08.5584923Z ✅ /home/runner/work/appoint/appoint/test/accessibility_standalone_test.dart: Standalone Accessibility Tests should have proper semantics for IconButton
build-and-test	Run flutter test --coverage	2025-07-30T14:29:08.5803595Z ✅ /home/runner/work/appoint/appoint/test/accessibility_standalone_test.dart: Standalone Accessibility Tests should have proper contrast for text
build-and-test	Run flutter test --coverage	2025-07-30T14:29:08.8372717Z test/models/price_model_test.dart:12:7: Error: Setter not found: 'changed'.
build-and-test	Run flutter test --coverage	2025-07-30T14:29:08.8375902Z       changed = base.copyWith(amount: 60);
build-and-test	Run flutter test --coverage	2025-07-30T14:29:08.8376335Z       ^^^^^^^
build-and-test	Run flutter test --coverage	2025-07-30T14:29:08.8376800Z test/models/price_model_test.dart:13:14: Error: Undefined name 'changed'.
build-and-test	Run flutter test --coverage	2025-07-30T14:29:08.8377435Z       expect(changed.amount, 60.0);
build-and-test	Run flutter test --coverage	2025-07-30T14:29:08.8377754Z              ^^^^^^^
build-and-test	Run flutter test --coverage	2025-07-30T14:29:08.8378170Z test/models/price_model_test.dart:14:14: Error: Undefined name 'changed'.
build-and-test	Run flutter test --coverage	2025-07-30T14:29:08.8378705Z       expect(changed.currency, base.currency);
build-and-test	Run flutter test --coverage	2025-07-30T14:29:08.8379069Z              ^^^^^^^
build-and-test	Run flutter test --coverage	2025-07-30T14:29:08.8380816Z test/models/price_model_test.dart:33:7: Error: Setter not found: 'json'.
build-and-test	Run flutter test --coverage	2025-07-30T14:29:08.8381898Z       json = base.toJson();
build-and-test	Run flutter test --coverage	2025-07-30T14:29:08.8382548Z       ^^^^
build-and-test	Run flutter test --coverage	2025-07-30T14:29:08.8383093Z test/models/price_model_test.dart:34:39: Error: Undefined name 'json'.
build-and-test	Run flutter test --coverage	2025-07-30T14:29:08.8383772Z       roundTrip = PriceModel.fromJson(json);
build-and-test	Run flutter test --coverage	2025-07-30T14:29:08.8384245Z                                       ^^^^
build-and-test	Run flutter test --coverage	2025-07-30T14:29:08.8384899Z test/models/price_model_test.dart:34:7: Error: Setter not found: 'roundTrip'.
build-and-test	Run flutter test --coverage	2025-07-30T14:29:08.8385594Z       roundTrip = PriceModel.fromJson(json);
build-and-test	Run flutter test --coverage	2025-07-30T14:29:08.8386041Z       ^^^^^^^^^
build-and-test	Run flutter test --coverage	2025-07-30T14:29:08.8386567Z test/models/price_model_test.dart:35:14: Error: Undefined name 'roundTrip'.
build-and-test	Run flutter test --coverage	2025-07-30T14:29:08.8387245Z       expect(roundTrip, base);
build-and-test	Run flutter test --coverage	2025-07-30T14:29:08.8387631Z              ^^^^^^^^^
build-and-test	Run flutter test --coverage	2025-07-30T14:29:08.9352548Z ##[group]❌ loading /home/runner/work/appoint/appoint/test/models/price_model_test.dart (failed)
build-and-test	Run flutter test --coverage	2025-07-30T14:29:08.9357749Z Failed to load "/home/runner/work/appoint/appoint/test/models/price_model_test.dart": Compilation failed for testPath=/home/runner/work/appoint/appoint/test/models/price_model_test.dart
build-and-test	Run flutter test --coverage	2025-07-30T14:29:08.9360280Z 
build-and-test	Run flutter test --coverage	2025-07-30T14:29:08.9361964Z ##[endgroup]
build-and-test	Run flutter test --coverage	2025-07-30T14:29:08.9714916Z ##[group]❌ loading /home/runner/work/appoint/appoint/test/widgets/login_screen_test.dart (failed after test completion)
build-and-test	Run flutter test --coverage	2025-07-30T14:29:08.9715645Z Error: the Dart compiler exited unexpectedly.
build-and-test	Run flutter test --coverage	2025-07-30T14:29:08.9719352Z package:flutter_tools/src/base/common.dart 10:3  throwToolExit
build-and-test	Run flutter test --coverage	2025-07-30T14:29:08.9720183Z package:flutter_tools/src/compile.dart 893:9     DefaultResidentCompiler._compile.<fn>
build-and-test	Run flutter test --coverage	2025-07-30T14:29:08.9720957Z dart:async/zone.dart 1422:47                     _rootRunUnary
build-and-test	Run flutter test --coverage	2025-07-30T14:29:08.9721881Z dart:async/future_impl.dart 902:45               Future._propagateToListeners.handleValueCallback
build-and-test	Run flutter test --coverage	2025-07-30T14:29:08.9722713Z dart:async/future_impl.dart 931:13               Future._propagateToListeners
build-and-test	Run flutter test --coverage	2025-07-30T14:29:08.9723433Z dart:async/future_impl.dart 827:9                Future._propagateToListeners
build-and-test	Run flutter test --coverage	2025-07-30T14:29:08.9724195Z dart:async/future_impl.dart 707:5                Future._completeWithValue
build-and-test	Run flutter test --coverage	2025-07-30T14:29:08.9724663Z dart:async/future_impl.dart 777:7                Future._asyncCompleteWithValue.<fn>
build-and-test	Run flutter test --coverage	2025-07-30T14:29:08.9725352Z dart:async/zone.dart 1414:13                     _rootRun
build-and-test	Run flutter test --coverage	2025-07-30T14:29:08.9725704Z dart:async/zone.dart 1317:19                     _CustomZone.run
build-and-test	Run flutter test --coverage	2025-07-30T14:29:08.9726087Z dart:async/zone.dart 1225:7                      _CustomZone.runGuarded
build-and-test	Run flutter test --coverage	2025-07-30T14:29:08.9726515Z dart:async/zone.dart 1265:23                     _CustomZone.bindCallbackGuarded.<fn>
build-and-test	Run flutter test --coverage	2025-07-30T14:29:08.9726942Z dart:async/schedule_microtask.dart 40:21         _microtaskLoop
build-and-test	Run flutter test --coverage	2025-07-30T14:29:08.9727348Z dart:async/schedule_microtask.dart 49:5          _startMicrotaskLoop
build-and-test	Run flutter test --coverage	2025-07-30T14:29:08.9727815Z dart:isolate-patch/isolate_patch.dart 118:13     _runPendingImmediateCallback
build-and-test	Run flutter test --coverage	2025-07-30T14:29:08.9728312Z dart:isolate-patch/isolate_patch.dart 185:5      _RawReceivePort._handleMessage
build-and-test	Run flutter test --coverage	2025-07-30T14:29:08.9728858Z ##[endgroup]
build-and-test	Run flutter test --coverage	2025-07-30T14:29:10.3212266Z test/firebase_test_helper.dart:11:48: Error: Type 'FirebaseAuth' not found.
build-and-test	Run flutter test --coverage	2025-07-30T14:29:10.3213083Z class MockFirebaseAuth extends Mock implements FirebaseAuth {}
build-and-test	Run flutter test --coverage	2025-07-30T14:29:10.3213624Z                                                ^^^^^^^^^^^^
build-and-test	Run flutter test --coverage	2025-07-30T14:29:10.3214638Z test/firebase_test_helper.dart:13:40: Error: Type 'User' not found.
build-and-test	Run flutter test --coverage	2025-07-30T14:29:10.3216963Z class MockUser extends Mock implements User {}
build-and-test	Run flutter test --coverage	2025-07-30T14:29:10.3217374Z                                        ^^^^
build-and-test	Run flutter test --coverage	2025-07-30T14:29:10.3217912Z test/firebase_test_helper.dart:15:50: Error: Type 'UserCredential' not found.
build-and-test	Run flutter test --coverage	2025-07-30T14:29:10.3218770Z class MockUserCredential extends Mock implements UserCredential {}
build-and-test	Run flutter test --coverage	2025-07-30T14:29:10.3219386Z                                                  ^^^^^^^^^^^^^^
build-and-test	Run flutter test --coverage	2025-07-30T14:29:10.4685507Z test/models/appointment_test.dart:58:7: Error: Setter not found: 'json'.
build-and-test	Run flutter test --coverage	2025-07-30T14:29:10.4686323Z       json = appointment.toJson();
build-and-test	Run flutter test --coverage	2025-07-30T14:29:10.4686739Z       ^^^^
build-and-test	Run flutter test --coverage	2025-07-30T14:29:10.4687244Z test/models/appointment_test.dart:59:45: Error: Undefined name 'json'.
build-and-test	Run flutter test --coverage	2025-07-30T14:29:10.4687944Z       newAppointment = Appointment.fromJson(json);
build-and-test	Run flutter test --coverage	2025-07-30T14:29:10.4688460Z                                             ^^^^
build-and-test	Run flutter test --coverage	2025-07-30T14:29:10.4689128Z test/models/appointment_test.dart:59:7: Error: Setter not found: 'newAppointment'.
build-and-test	Run flutter test --coverage	2025-07-30T14:29:10.4689895Z       newAppointment = Appointment.fromJson(json);
build-and-test	Run flutter test --coverage	2025-07-30T14:29:10.4690352Z       ^^^^^^^^^^^^^^
build-and-test	Run flutter test --coverage	2025-07-30T14:29:10.4690912Z test/models/appointment_test.dart:61:14: Error: Undefined name 'newAppointment'.
build-and-test	Run flutter test --coverage	2025-07-30T14:29:10.4691919Z       expect(newAppointment.id, appointment.id);
build-and-test	Run flutter test --coverage	2025-07-30T14:29:10.4692386Z              ^^^^^^^^^^^^^^
build-and-test	Run flutter test --coverage	2025-07-30T14:29:10.4692934Z test/models/appointment_test.dart:62:14: Error: Undefined name 'newAppointment'.
build-and-test	Run flutter test --coverage	2025-07-30T14:29:10.4693686Z       expect(newAppointment.creatorId, appointment.creatorId);
build-and-test	Run flutter test --coverage	2025-07-30T14:29:10.4694731Z              ^^^^^^^^^^^^^^
build-and-test	Run flutter test --coverage	2025-07-30T14:29:10.4695337Z test/models/appointment_test.dart:63:14: Error: Undefined name 'newAppointment'.
build-and-test	Run flutter test --coverage	2025-07-30T14:29:10.4696141Z       expect(newAppointment.inviteeId, appointment.inviteeId);
build-and-test	Run flutter test --coverage	2025-07-30T14:29:10.4696680Z              ^^^^^^^^^^^^^^
build-and-test	Run flutter test --coverage	2025-07-30T14:29:10.4697274Z test/models/appointment_test.dart:64:14: Error: Undefined name 'newAppointment'.
build-and-test	Run flutter test --coverage	2025-07-30T14:29:10.4698115Z       expect(newAppointment.scheduledAt, appointment.scheduledAt);
build-and-test	Run flutter test --coverage	2025-07-30T14:29:10.4698698Z              ^^^^^^^^^^^^^^
build-and-test	Run flutter test --coverage	2025-07-30T14:29:10.4699319Z test/models/appointment_test.dart:65:14: Error: Undefined name 'newAppointment'.
build-and-test	Run flutter test --coverage	2025-07-30T14:29:10.4700056Z       expect(newAppointment.type, appointment.type);
build-and-test	Run flutter test --coverage	2025-07-30T14:29:10.4700555Z              ^^^^^^^^^^^^^^
build-and-test	Run flutter test --coverage	2025-07-30T14:29:10.4701220Z test/models/appointment_test.dart:66:14: Error: Undefined name 'newAppointment'.
build-and-test	Run flutter test --coverage	2025-07-30T14:29:10.4702196Z       expect(newAppointment.status, appointment.status);
build-and-test	Run flutter test --coverage	2025-07-30T14:29:10.4702724Z              ^^^^^^^^^^^^^^
build-and-test	Run flutter test --coverage	2025-07-30T14:29:10.4734828Z test/firebase_test_helper.dart:78:25: Error: The getter 'uid' isn't defined for the class 'MockUser'.
build-and-test	Run flutter test --coverage	2025-07-30T14:29:10.4735741Z  - 'MockUser' is from 'test/firebase_test_helper.dart'.
build-and-test	Run flutter test --coverage	2025-07-30T14:29:10.4736910Z Try correcting the name to the name of an existing getter, or defining a getter or field named 'uid'.
build-and-test	Run flutter test --coverage	2025-07-30T14:29:10.4737764Z     when(() => mockUser.uid).thenReturn('test-user-id');
build-and-test	Run flutter test --coverage	2025-07-30T14:29:10.4738272Z                         ^^^
build-and-test	Run flutter test --coverage	2025-07-30T14:29:10.4738961Z test/firebase_test_helper.dart:79:25: Error: The getter 'email' isn't defined for the class 'MockUser'.
build-and-test	Run flutter test --coverage	2025-07-30T14:29:10.4739821Z  - 'MockUser' is from 'test/firebase_test_helper.dart'.
build-and-test	Run flutter test --coverage	2025-07-30T14:29:10.4740654Z Try correcting the name to the name of an existing getter, or defining a getter or field named 'email'.
build-and-test	Run flutter test --coverage	2025-07-30T14:29:10.4741732Z     when(() => mockUser.email).thenReturn('test@example.com');
build-and-test	Run flutter test --coverage	2025-07-30T14:29:10.4742320Z                         ^^^^^
build-and-test	Run flutter test --coverage	2025-07-30T14:29:10.4743056Z test/firebase_test_helper.dart:80:25: Error: The getter 'displayName' isn't defined for the class 'MockUser'.
build-and-test	Run flutter test --coverage	2025-07-30T14:29:10.4743972Z  - 'MockUser' is from 'test/firebase_test_helper.dart'.
build-and-test	Run flutter test --coverage	2025-07-30T14:29:10.4744850Z Try correcting the name to the name of an existing getter, or defining a getter or field named 'displayName'.
build-and-test	Run flutter test --coverage	2025-07-30T14:29:10.4745785Z     when(() => mockUser.displayName).thenReturn('Test User');
build-and-test	Run flutter test --coverage	2025-07-30T14:29:10.4746305Z                         ^^^^^^^^^^^
build-and-test	Run flutter test --coverage	2025-07-30T14:29:10.4747068Z test/firebase_test_helper.dart:81:25: Error: The getter 'photoURL' isn't defined for the class 'MockUser'.
build-and-test	Run flutter test --coverage	2025-07-30T14:29:10.4747941Z  - 'MockUser' is from 'test/firebase_test_helper.dart'.
build-and-test	Run flutter test --coverage	2025-07-30T14:29:10.4748806Z Try correcting the name to the name of an existing getter, or defining a getter or field named 'photoURL'.
build-and-test	Run flutter test --coverage	2025-07-30T14:29:10.4749811Z     when(() => mockUser.photoURL).thenReturn('https://example.com/photo.jpg');
build-and-test	Run flutter test --coverage	2025-07-30T14:29:10.4750469Z                         ^^^^^^^^
build-and-test	Run flutter test --coverage	2025-07-30T14:29:10.4751251Z test/firebase_test_helper.dart:82:25: Error: The getter 'isAnonymous' isn't defined for the class 'MockUser'.
build-and-test	Run flutter test --coverage	2025-07-30T14:29:10.4752365Z  - 'MockUser' is from 'test/firebase_test_helper.dart'.
build-and-test	Run flutter test --coverage	2025-07-30T14:29:10.4753276Z Try correcting the name to the name of an existing getter, or defining a getter or field named 'isAnonymous'.
build-and-test	Run flutter test --coverage	2025-07-30T14:29:10.4754147Z     when(() => mockUser.isAnonymous).thenReturn(false);
build-and-test	Run flutter test --coverage	2025-07-30T14:29:10.4754638Z                         ^^^^^^^^^^^
build-and-test	Run flutter test --coverage	2025-07-30T14:29:10.4755403Z test/firebase_test_helper.dart:83:25: Error: The getter 'emailVerified' isn't defined for the class 'MockUser'.
build-and-test	Run flutter test --coverage	2025-07-30T14:29:10.4756267Z  - 'MockUser' is from 'test/firebase_test_helper.dart'.
build-and-test	Run flutter test --coverage	2025-07-30T14:29:10.4757136Z Try correcting the name to the name of an existing getter, or defining a getter or field named 'emailVerified'.
build-and-test	Run flutter test --coverage	2025-07-30T14:29:10.4758009Z     when(() => mockUser.emailVerified).thenReturn(true);
build-and-test	Run flutter test --coverage	2025-07-30T14:29:10.4758807Z                         ^^^^^^^^^^^^^
build-and-test	Run flutter test --coverage	2025-07-30T14:29:10.4759594Z test/firebase_test_helper.dart:86:35: Error: The getter 'user' isn't defined for the class 'MockUserCredential'.
build-and-test	Run flutter test --coverage	2025-07-30T14:29:10.4760546Z  - 'MockUserCredential' is from 'test/firebase_test_helper.dart'.
build-and-test	Run flutter test --coverage	2025-07-30T14:29:10.4761438Z Try correcting the name to the name of an existing getter, or defining a getter or field named 'user'.
build-and-test	Run flutter test --coverage	2025-07-30T14:29:10.4762428Z     when(() => mockUserCredential.user).thenReturn(mockUser);
build-and-test	Run flutter test --coverage	2025-07-30T14:29:10.4762907Z                                   ^^^^
build-and-test	Run flutter test --coverage	2025-07-30T14:29:10.4763691Z test/firebase_test_helper.dart:89:25: Error: The getter 'currentUser' isn't defined for the class 'MockFirebaseAuth'.
build-and-test	Run flutter test --coverage	2025-07-30T14:29:10.4764721Z  - 'MockFirebaseAuth' is from 'test/firebase_test_helper.dart'.
build-and-test	Run flutter test --coverage	2025-07-30T14:29:10.4765643Z Try correcting the name to the name of an existing getter, or defining a getter or field named 'currentUser'.
build-and-test	Run flutter test --coverage	2025-07-30T14:29:10.4766508Z     when(() => mockAuth.currentUser).thenReturn(mockUser);
build-and-test	Run flutter test --coverage	2025-07-30T14:29:10.4766961Z                         ^^^^^^^^^^^
build-and-test	Run flutter test --coverage	2025-07-30T14:29:10.4767750Z test/firebase_test_helper.dart:90:25: Error: The method 'authStateChanges' isn't defined for the class 'MockFirebaseAuth'.
build-and-test	Run flutter test --coverage	2025-07-30T14:29:10.4769017Z  - 'MockFirebaseAuth' is from 'test/firebase_test_helper.dart'.
build-and-test	Run flutter test --coverage	2025-07-30T14:29:10.4769921Z Try correcting the name to the name of an existing method, or defining a method named 'authStateChanges'.
build-and-test	Run flutter test --coverage	2025-07-30T14:29:10.4770745Z     when(() => mockAuth.authStateChanges())
build-and-test	Run flutter test --coverage	2025-07-30T14:29:10.4771205Z                         ^^^^^^^^^^^^^^^^
build-and-test	Run flutter test --coverage	2025-07-30T14:29:10.4772263Z test/firebase_test_helper.dart:92:25: Error: The method 'userChanges' isn't defined for the class 'MockFirebaseAuth'.
build-and-test	Run flutter test --coverage	2025-07-30T14:29:10.4773265Z  - 'MockFirebaseAuth' is from 'test/firebase_test_helper.dart'.
build-and-test	Run flutter test --coverage	2025-07-30T14:29:10.4774152Z Try correcting the name to the name of an existing method, or defining a method named 'userChanges'.
build-and-test	Run flutter test --coverage	2025-07-30T14:29:10.4774943Z     when(() => mockAuth.userChanges())
build-and-test	Run flutter test --coverage	2025-07-30T14:29:10.4775356Z                         ^^^^^^^^^^^
build-and-test	Run flutter test --coverage	2025-07-30T14:29:10.4776265Z test/firebase_test_helper.dart:94:25: Error: The method 'signInWithEmailAndPassword' isn't defined for the class 'MockFirebaseAuth'.
build-and-test	Run flutter test --coverage	2025-07-30T14:29:10.4777409Z  - 'MockFirebaseAuth' is from 'test/firebase_test_helper.dart'.
build-and-test	Run flutter test --coverage	2025-07-30T14:29:10.4778379Z Try correcting the name to the name of an existing method, or defining a method named 'signInWithEmailAndPassword'.
build-and-test	Run flutter test --coverage	2025-07-30T14:29:10.4779375Z     when(() => mockAuth.signInWithEmailAndPassword(any(), any()))
build-and-test	Run flutter test --coverage	2025-07-30T14:29:10.4779938Z                         ^^^^^^^^^^^^^^^^^^^^^^^^^^
build-and-test	Run flutter test --coverage	2025-07-30T14:29:10.4780963Z test/firebase_test_helper.dart:96:25: Error: The method 'createUserWithEmailAndPassword' isn't defined for the class 'MockFirebaseAuth'.
build-and-test	Run flutter test --coverage	2025-07-30T14:29:10.4782274Z  - 'MockFirebaseAuth' is from 'test/firebase_test_helper.dart'.
build-and-test	Run flutter test --coverage	2025-07-30T14:29:10.4783254Z Try correcting the name to the name of an existing method, or defining a method named 'createUserWithEmailAndPassword'.
build-and-test	Run flutter test --coverage	2025-07-30T14:29:10.4784281Z     when(() => mockAuth.createUserWithEmailAndPassword(any(), any()))
build-and-test	Run flutter test --coverage	2025-07-30T14:29:10.4784866Z                         ^^^^^^^^^^^^^^^^^^^^^^^^^^^^^^
build-and-test	Run flutter test --coverage	2025-07-30T14:29:10.4785682Z test/firebase_test_helper.dart:98:25: Error: The method 'signOut' isn't defined for the class 'MockFirebaseAuth'.
build-and-test	Run flutter test --coverage	2025-07-30T14:29:10.4786597Z  - 'MockFirebaseAuth' is from 'test/firebase_test_helper.dart'.
build-and-test	Run flutter test --coverage	2025-07-30T14:29:10.4787411Z Try correcting the name to the name of an existing method, or defining a method named 'signOut'.
build-and-test	Run flutter test --coverage	2025-07-30T14:29:10.4788199Z     when(() => mockAuth.signOut()).thenAnswer((_) async {});
build-and-test	Run flutter test --coverage	2025-07-30T14:29:10.4788683Z                         ^^^^^^^
build-and-test	Run flutter test --coverage	2025-07-30T14:29:10.4789834Z test/firebase_test_helper.dart:108:60: Error: The argument type 'MockCollectionReference' can't be assigned to the parameter type 'CollectionReference<Map<String, dynamic>>'.
build-and-test	Run flutter test --coverage	2025-07-30T14:29:10.4791243Z  - 'MockCollectionReference' is from 'test/firebase_test_helper.dart'.
build-and-test	Run flutter test --coverage	2025-07-30T14:29:10.4793092Z  - 'CollectionReference' is from 'package:cloud_firestore/cloud_firestore.dart' ('../../../.pub-cache/hosted/pub.dev/cloud_firestore-5.6.11/lib/cloud_firestore.dart').
build-and-test	Run flutter test --coverage	2025-07-30T14:29:10.4794311Z  - 'Map' is from 'dart:core'.
build-and-test	Run flutter test --coverage	2025-07-30T14:29:10.4794923Z     when(() => mockFirestore.collection(any())).thenReturn(mockCollection);
build-and-test	Run flutter test --coverage	2025-07-30T14:29:10.4795560Z                                                            ^
build-and-test	Run flutter test --coverage	2025-07-30T14:29:10.4796680Z test/firebase_test_helper.dart:132:52: Error: A value of type 'MockDocumentSnapshot' can't be assigned to a variable of type 'QueryDocumentSnapshot<Object?>'.
build-and-test	Run flutter test --coverage	2025-07-30T14:29:10.4797947Z  - 'MockDocumentSnapshot' is from 'test/firebase_test_helper.dart'.
build-and-test	Run flutter test --coverage	2025-07-30T14:29:10.4799308Z  - 'QueryDocumentSnapshot' is from 'package:cloud_firestore/cloud_firestore.dart' ('../../../.pub-cache/hosted/pub.dev/cloud_firestore-5.6.11/lib/cloud_firestore.dart').
build-and-test	Run flutter test --coverage	2025-07-30T14:29:10.4800545Z  - 'Object' is from 'dart:core'.
build-and-test	Run flutter test --coverage	2025-07-30T14:29:10.4801220Z     when(() => mockQuerySnapshot.docs).thenReturn([mockDocumentSnapshot]);
build-and-test	Run flutter test --coverage	2025-07-30T14:29:10.4802039Z                                                    ^
build-and-test	Run flutter test --coverage	2025-07-30T14:29:11.1059402Z ##[group]❌ loading /home/runner/work/appoint/appoint/test/models/appointment_test.dart (failed)
build-and-test	Run flutter test --coverage	2025-07-30T14:29:11.1061351Z Failed to load "/home/runner/work/appoint/appoint/test/models/appointment_test.dart": Compilation failed for testPath=/home/runner/work/appoint/appoint/test/models/appointment_test.dart
build-and-test	Run flutter test --coverage	2025-07-30T14:29:11.1062733Z 
build-and-test	Run flutter test --coverage	2025-07-30T14:29:11.1063120Z ##[endgroup]
build-and-test	Run flutter test --coverage	2025-07-30T14:29:11.1343044Z ##[group]❌ loading /home/runner/work/appoint/appoint/test/widgets/login_screen_test.dart (failed after test completion)
build-and-test	Run flutter test --coverage	2025-07-30T14:29:11.1344023Z Error: the Dart compiler exited unexpectedly.
build-and-test	Run flutter test --coverage	2025-07-30T14:29:11.1346463Z package:flutter_tools/src/base/common.dart 10:3  throwToolExit
build-and-test	Run flutter test --coverage	2025-07-30T14:29:11.1347253Z package:flutter_tools/src/compile.dart 893:9     DefaultResidentCompiler._compile.<fn>
build-and-test	Run flutter test --coverage	2025-07-30T14:29:11.1348062Z dart:async/zone.dart 1422:47                     _rootRunUnary
build-and-test	Run flutter test --coverage	2025-07-30T14:29:11.1348827Z dart:async/future_impl.dart 902:45               Future._propagateToListeners.handleValueCallback
build-and-test	Run flutter test --coverage	2025-07-30T14:29:11.1349682Z dart:async/future_impl.dart 931:13               Future._propagateToListeners
build-and-test	Run flutter test --coverage	2025-07-30T14:29:11.1350477Z dart:async/future_impl.dart 827:9                Future._propagateToListeners
build-and-test	Run flutter test --coverage	2025-07-30T14:29:11.1351218Z dart:async/future_impl.dart 707:5                Future._completeWithValue
build-and-test	Run flutter test --coverage	2025-07-30T14:29:11.1352429Z dart:async/future_impl.dart 777:7                Future._asyncCompleteWithValue.<fn>
build-and-test	Run flutter test --coverage	2025-07-30T14:29:11.1353185Z dart:async/zone.dart 1414:13                     _rootRun
build-and-test	Run flutter test --coverage	2025-07-30T14:29:11.1353769Z dart:async/zone.dart 1317:19                     _CustomZone.run
build-and-test	Run flutter test --coverage	2025-07-30T14:29:11.1354425Z dart:async/zone.dart 1225:7                      _CustomZone.runGuarded
build-and-test	Run flutter test --coverage	2025-07-30T14:29:11.1355139Z dart:async/zone.dart 1265:23                     _CustomZone.bindCallbackGuarded.<fn>
build-and-test	Run flutter test --coverage	2025-07-30T14:29:11.1355870Z dart:async/schedule_microtask.dart 40:21         _microtaskLoop
build-and-test	Run flutter test --coverage	2025-07-30T14:29:11.1356553Z dart:async/schedule_microtask.dart 49:5          _startMicrotaskLoop
build-and-test	Run flutter test --coverage	2025-07-30T14:29:11.1357322Z dart:isolate-patch/isolate_patch.dart 118:13     _runPendingImmediateCallback
build-and-test	Run flutter test --coverage	2025-07-30T14:29:11.1358167Z dart:isolate-patch/isolate_patch.dart 185:5      _RawReceivePort._handleMessage
build-and-test	Run flutter test --coverage	2025-07-30T14:29:11.1359247Z ##[endgroup]
build-and-test	Run flutter test --coverage	2025-07-30T14:29:12.4700089Z test/firebase_test_helper.dart:11:48: Error: Type 'FirebaseAuth' not found.
build-and-test	Run flutter test --coverage	2025-07-30T14:29:12.4701272Z class MockFirebaseAuth extends Mock implements FirebaseAuth {}
build-and-test	Run flutter test --coverage	2025-07-30T14:29:12.4702362Z                                                ^^^^^^^^^^^^
build-and-test	Run flutter test --coverage	2025-07-30T14:29:12.4703139Z test/firebase_test_helper.dart:13:40: Error: Type 'User' not found.
build-and-test	Run flutter test --coverage	2025-07-30T14:29:12.4703685Z class MockUser extends Mock implements User {}
build-and-test	Run flutter test --coverage	2025-07-30T14:29:12.4704047Z                                        ^^^^
build-and-test	Run flutter test --coverage	2025-07-30T14:29:12.4704926Z test/firebase_test_helper.dart:15:50: Error: Type 'UserCredential' not found.
build-and-test	Run flutter test --coverage	2025-07-30T14:29:12.4705551Z class MockUserCredential extends Mock implements UserCredential {}
build-and-test	Run flutter test --coverage	2025-07-30T14:29:12.4706022Z                                                  ^^^^^^^^^^^^^^
build-and-test	Run flutter test --coverage	2025-07-30T14:29:12.6168255Z test/models/support_ticket_test.dart:20:7: Error: Setter not found: 'json'.
build-and-test	Run flutter test --coverage	2025-07-30T14:29:12.6169199Z       json = ticket.toJson();
build-and-test	Run flutter test --coverage	2025-07-30T14:29:12.6169660Z       ^^^^
build-and-test	Run flutter test --coverage	2025-07-30T14:29:12.6170285Z test/models/support_ticket_test.dart:21:37: Error: Undefined name 'json'.
build-and-test	Run flutter test --coverage	2025-07-30T14:29:12.6170966Z       copy = SupportTicket.fromJson(json);
build-and-test	Run flutter test --coverage	2025-07-30T14:29:12.6171399Z                                     ^^^^
build-and-test	Run flutter test --coverage	2025-07-30T14:29:12.6172188Z test/models/support_ticket_test.dart:21:7: Error: Setter not found: 'copy'.
build-and-test	Run flutter test --coverage	2025-07-30T14:29:12.6172872Z       copy = SupportTicket.fromJson(json);
build-and-test	Run flutter test --coverage	2025-07-30T14:29:12.6173286Z       ^^^^
build-and-test	Run flutter test --coverage	2025-07-30T14:29:12.6173778Z test/models/support_ticket_test.dart:22:14: Error: Undefined name 'copy'.
build-and-test	Run flutter test --coverage	2025-07-30T14:29:12.6174456Z       expect(copy.id, ticket.id);
build-and-test	Run flutter test --coverage	2025-07-30T14:29:12.6174839Z              ^^^^
build-and-test	Run flutter test --coverage	2025-07-30T14:29:12.6175346Z test/models/support_ticket_test.dart:23:14: Error: Undefined name 'copy'.
build-and-test	Run flutter test --coverage	2025-07-30T14:29:12.6176417Z       expect(copy.userId, ticket.userId);
build-and-test	Run flutter test --coverage	2025-07-30T14:29:12.6176835Z              ^^^^
build-and-test	Run flutter test --coverage	2025-07-30T14:29:12.6177338Z test/models/support_ticket_test.dart:24:14: Error: Undefined name 'copy'.
build-and-test	Run flutter test --coverage	2025-07-30T14:29:12.6177993Z       expect(copy.subject, ticket.subject);
build-and-test	Run flutter test --coverage	2025-07-30T14:29:12.6178404Z              ^^^^
build-and-test	Run flutter test --coverage	2025-07-30T14:29:12.6178908Z test/models/support_ticket_test.dart:25:14: Error: Undefined name 'copy'.
build-and-test	Run flutter test --coverage	2025-07-30T14:29:12.6179556Z       expect(copy.message, ticket.message);
build-and-test	Run flutter test --coverage	2025-07-30T14:29:12.6179973Z              ^^^^
build-and-test	Run flutter test --coverage	2025-07-30T14:29:12.6180466Z test/models/support_ticket_test.dart:26:14: Error: Undefined name 'copy'.
build-and-test	Run flutter test --coverage	2025-07-30T14:29:12.6181141Z       expect(copy.createdAt, ticket.createdAt);
build-and-test	Run flutter test --coverage	2025-07-30T14:29:12.6181702Z              ^^^^
build-and-test	Run flutter test --coverage	2025-07-30T14:29:12.6182163Z test/models/support_ticket_test.dart:27:14: Error: Undefined name 'copy'.
build-and-test	Run flutter test --coverage	2025-07-30T14:29:12.6182760Z       expect(copy.status, ticket.status);
build-and-test	Run flutter test --coverage	2025-07-30T14:29:12.6183133Z              ^^^^
build-and-test	Run flutter test --coverage	2025-07-30T14:29:12.6188998Z test/firebase_test_helper.dart:78:25: Error: The getter 'uid' isn't defined for the class 'MockUser'.
build-and-test	Run flutter test --coverage	2025-07-30T14:29:12.6189907Z  - 'MockUser' is from 'test/firebase_test_helper.dart'.
build-and-test	Run flutter test --coverage	2025-07-30T14:29:12.6190743Z Try correcting the name to the name of an existing getter, or defining a getter or field named 'uid'.
build-and-test	Run flutter test --coverage	2025-07-30T14:29:12.6191778Z     when(() => mockUser.uid).thenReturn('test-user-id');
build-and-test	Run flutter test --coverage	2025-07-30T14:29:12.6192287Z                         ^^^
build-and-test	Run flutter test --coverage	2025-07-30T14:29:12.6192994Z test/firebase_test_helper.dart:79:25: Error: The getter 'email' isn't defined for the class 'MockUser'.
build-and-test	Run flutter test --coverage	2025-07-30T14:29:12.6193852Z  - 'MockUser' is from 'test/firebase_test_helper.dart'.
build-and-test	Run flutter test --coverage	2025-07-30T14:29:12.6194700Z Try correcting the name to the name of an existing getter, or defining a getter or field named 'email'.
build-and-test	Run flutter test --coverage	2025-07-30T14:29:12.6195602Z     when(() => mockUser.email).thenReturn('test@example.com');
build-and-test	Run flutter test --coverage	2025-07-30T14:29:12.6196134Z                         ^^^^^
build-and-test	Run flutter test --coverage	2025-07-30T14:29:12.6196892Z test/firebase_test_helper.dart:80:25: Error: The getter 'displayName' isn't defined for the class 'MockUser'.
build-and-test	Run flutter test --coverage	2025-07-30T14:29:12.6197804Z  - 'MockUser' is from 'test/firebase_test_helper.dart'.
build-and-test	Run flutter test --coverage	2025-07-30T14:29:12.6198696Z Try correcting the name to the name of an existing getter, or defining a getter or field named 'displayName'.
build-and-test	Run flutter test --coverage	2025-07-30T14:29:12.6199603Z     when(() => mockUser.displayName).thenReturn('Test User');
build-and-test	Run flutter test --coverage	2025-07-30T14:29:12.6200132Z                         ^^^^^^^^^^^
build-and-test	Run flutter test --coverage	2025-07-30T14:29:12.6200879Z test/firebase_test_helper.dart:81:25: Error: The getter 'photoURL' isn't defined for the class 'MockUser'.
build-and-test	Run flutter test --coverage	2025-07-30T14:29:12.6201973Z  - 'MockUser' is from 'test/firebase_test_helper.dart'.
build-and-test	Run flutter test --coverage	2025-07-30T14:29:12.6202836Z Try correcting the name to the name of an existing getter, or defining a getter or field named 'photoURL'.
build-and-test	Run flutter test --coverage	2025-07-30T14:29:12.6204217Z     when(() => mockUser.photoURL).thenReturn('https://example.com/photo.jpg');
build-and-test	Run flutter test --coverage	2025-07-30T14:29:12.6204880Z                         ^^^^^^^^
build-and-test	Run flutter test --coverage	2025-07-30T14:29:12.6205672Z test/firebase_test_helper.dart:82:25: Error: The getter 'isAnonymous' isn't defined for the class 'MockUser'.
build-and-test	Run flutter test --coverage	2025-07-30T14:29:12.6206592Z  - 'MockUser' is from 'test/firebase_test_helper.dart'.
build-and-test	Run flutter test --coverage	2025-07-30T14:29:12.6207469Z Try correcting the name to the name of an existing getter, or defining a getter or field named 'isAnonymous'.
build-and-test	Run flutter test --coverage	2025-07-30T14:29:12.6208350Z     when(() => mockUser.isAnonymous).thenReturn(false);
build-and-test	Run flutter test --coverage	2025-07-30T14:29:12.6208856Z                         ^^^^^^^^^^^
build-and-test	Run flutter test --coverage	2025-07-30T14:29:12.6209661Z test/firebase_test_helper.dart:83:25: Error: The getter 'emailVerified' isn't defined for the class 'MockUser'.
build-and-test	Run flutter test --coverage	2025-07-30T14:29:12.6210589Z  - 'MockUser' is from 'test/firebase_test_helper.dart'.
build-and-test	Run flutter test --coverage	2025-07-30T14:29:12.6211500Z Try correcting the name to the name of an existing getter, or defining a getter or field named 'emailVerified'.
build-and-test	Run flutter test --coverage	2025-07-30T14:29:12.6212616Z     when(() => mockUser.emailVerified).thenReturn(true);
build-and-test	Run flutter test --coverage	2025-07-30T14:29:12.6213130Z                         ^^^^^^^^^^^^^
build-and-test	Run flutter test --coverage	2025-07-30T14:29:12.6214189Z test/firebase_test_helper.dart:86:35: Error: The getter 'user' isn't defined for the class 'MockUserCredential'.
build-and-test	Run flutter test --coverage	2025-07-30T14:29:12.6215197Z  - 'MockUserCredential' is from 'test/firebase_test_helper.dart'.
build-and-test	Run flutter test --coverage	2025-07-30T14:29:12.6216135Z Try correcting the name to the name of an existing getter, or defining a getter or field named 'user'.
build-and-test	Run flutter test --coverage	2025-07-30T14:29:12.6216969Z     when(() => mockUserCredential.user).thenReturn(mockUser);
build-and-test	Run flutter test --coverage	2025-07-30T14:29:12.6217484Z                                   ^^^^
build-and-test	Run flutter test --coverage	2025-07-30T14:29:12.6218268Z test/firebase_test_helper.dart:89:25: Error: The getter 'currentUser' isn't defined for the class 'MockFirebaseAuth'.
build-and-test	Run flutter test --coverage	2025-07-30T14:29:12.6219217Z  - 'MockFirebaseAuth' is from 'test/firebase_test_helper.dart'.
build-and-test	Run flutter test --coverage	2025-07-30T14:29:12.6220168Z Try correcting the name to the name of an existing getter, or defining a getter or field named 'currentUser'.
build-and-test	Run flutter test --coverage	2025-07-30T14:29:12.6221037Z     when(() => mockAuth.currentUser).thenReturn(mockUser);
build-and-test	Run flutter test --coverage	2025-07-30T14:29:12.6221776Z                         ^^^^^^^^^^^
build-and-test	Run flutter test --coverage	2025-07-30T14:29:12.6222632Z test/firebase_test_helper.dart:90:25: Error: The method 'authStateChanges' isn't defined for the class 'MockFirebaseAuth'.
build-and-test	Run flutter test --coverage	2025-07-30T14:29:12.6223596Z  - 'MockFirebaseAuth' is from 'test/firebase_test_helper.dart'.
build-and-test	Run flutter test --coverage	2025-07-30T14:29:12.6224464Z Try correcting the name to the name of an existing method, or defining a method named 'authStateChanges'.
build-and-test	Run flutter test --coverage	2025-07-30T14:29:12.6225261Z     when(() => mockAuth.authStateChanges())
build-and-test	Run flutter test --coverage	2025-07-30T14:29:12.6225716Z                         ^^^^^^^^^^^^^^^^
build-and-test	Run flutter test --coverage	2025-07-30T14:29:12.6226555Z test/firebase_test_helper.dart:92:25: Error: The method 'userChanges' isn't defined for the class 'MockFirebaseAuth'.
build-and-test	Run flutter test --coverage	2025-07-30T14:29:12.6227568Z  - 'MockFirebaseAuth' is from 'test/firebase_test_helper.dart'.
build-and-test	Run flutter test --coverage	2025-07-30T14:29:12.6228467Z Try correcting the name to the name of an existing method, or defining a method named 'userChanges'.
build-and-test	Run flutter test --coverage	2025-07-30T14:29:12.6229248Z     when(() => mockAuth.userChanges())
build-and-test	Run flutter test --coverage	2025-07-30T14:29:12.6229675Z                         ^^^^^^^^^^^
build-and-test	Run flutter test --coverage	2025-07-30T14:29:12.6230615Z test/firebase_test_helper.dart:94:25: Error: The method 'signInWithEmailAndPassword' isn't defined for the class 'MockFirebaseAuth'.
build-and-test	Run flutter test --coverage	2025-07-30T14:29:12.6231982Z  - 'MockFirebaseAuth' is from 'test/firebase_test_helper.dart'.
build-and-test	Run flutter test --coverage	2025-07-30T14:29:12.6232981Z Try correcting the name to the name of an existing method, or defining a method named 'signInWithEmailAndPassword'.
build-and-test	Run flutter test --coverage	2025-07-30T14:29:12.6233974Z     when(() => mockAuth.signInWithEmailAndPassword(any(), any()))
build-and-test	Run flutter test --coverage	2025-07-30T14:29:12.6234540Z                         ^^^^^^^^^^^^^^^^^^^^^^^^^^
build-and-test	Run flutter test --coverage	2025-07-30T14:29:12.6235570Z test/firebase_test_helper.dart:96:25: Error: The method 'createUserWithEmailAndPassword' isn't defined for the class 'MockFirebaseAuth'.
build-and-test	Run flutter test --coverage	2025-07-30T14:29:12.6237093Z  - 'MockFirebaseAuth' is from 'test/firebase_test_helper.dart'.
build-and-test	Run flutter test --coverage	2025-07-30T14:29:12.6238123Z Try correcting the name to the name of an existing method, or defining a method named 'createUserWithEmailAndPassword'.
build-and-test	Run flutter test --coverage	2025-07-30T14:29:12.6239114Z     when(() => mockAuth.createUserWithEmailAndPassword(any(), any()))
build-and-test	Run flutter test --coverage	2025-07-30T14:29:12.6239715Z                         ^^^^^^^^^^^^^^^^^^^^^^^^^^^^^^
build-and-test	Run flutter test --coverage	2025-07-30T14:29:12.6240543Z test/firebase_test_helper.dart:98:25: Error: The method 'signOut' isn't defined for the class 'MockFirebaseAuth'.
build-and-test	Run flutter test --coverage	2025-07-30T14:29:12.6241706Z  - 'MockFirebaseAuth' is from 'test/firebase_test_helper.dart'.
build-and-test	Run flutter test --coverage	2025-07-30T14:29:12.6242595Z Try correcting the name to the name of an existing method, or defining a method named 'signOut'.
build-and-test	Run flutter test --coverage	2025-07-30T14:29:12.6243370Z     when(() => mockAuth.signOut()).thenAnswer((_) async {});
build-and-test	Run flutter test --coverage	2025-07-30T14:29:12.6243831Z                         ^^^^^^^
build-and-test	Run flutter test --coverage	2025-07-30T14:29:12.6244933Z test/firebase_test_helper.dart:108:60: Error: The argument type 'MockCollectionReference' can't be assigned to the parameter type 'CollectionReference<Map<String, dynamic>>'.
build-and-test	Run flutter test --coverage	2025-07-30T14:29:12.6246350Z  - 'MockCollectionReference' is from 'test/firebase_test_helper.dart'.
build-and-test	Run flutter test --coverage	2025-07-30T14:29:12.6247778Z  - 'CollectionReference' is from 'package:cloud_firestore/cloud_firestore.dart' ('../../../.pub-cache/hosted/pub.dev/cloud_firestore-5.6.11/lib/cloud_firestore.dart').
build-and-test	Run flutter test --coverage	2025-07-30T14:29:12.6249314Z  - 'Map' is from 'dart:core'.
build-and-test	Run flutter test --coverage	2025-07-30T14:29:12.6250119Z     when(() => mockFirestore.collection(any())).thenReturn(mockCollection);
build-and-test	Run flutter test --coverage	2025-07-30T14:29:12.6251185Z                                                            ^
build-and-test	Run flutter test --coverage	2025-07-30T14:29:12.6252800Z test/firebase_test_helper.dart:132:52: Error: A value of type 'MockDocumentSnapshot' can't be assigned to a variable of type 'QueryDocumentSnapshot<Object?>'.
build-and-test	Run flutter test --coverage	2025-07-30T14:29:12.6254262Z  - 'MockDocumentSnapshot' is from 'test/firebase_test_helper.dart'.
build-and-test	Run flutter test --coverage	2025-07-30T14:29:12.6255959Z  - 'QueryDocumentSnapshot' is from 'package:cloud_firestore/cloud_firestore.dart' ('../../../.pub-cache/hosted/pub.dev/cloud_firestore-5.6.11/lib/cloud_firestore.dart').
build-and-test	Run flutter test --coverage	2025-07-30T14:29:12.6257445Z  - 'Object' is from 'dart:core'.
build-and-test	Run flutter test --coverage	2025-07-30T14:29:12.6258182Z     when(() => mockQuerySnapshot.docs).thenReturn([mockDocumentSnapshot]);
build-and-test	Run flutter test --coverage	2025-07-30T14:29:12.6259146Z                                                    ^
build-and-test	Run flutter test --coverage	2025-07-30T14:29:13.2442479Z ##[group]❌ loading /home/runner/work/appoint/appoint/test/models/support_ticket_test.dart (failed)
build-and-test	Run flutter test --coverage	2025-07-30T14:29:13.2444725Z Failed to load "/home/runner/work/appoint/appoint/test/models/support_ticket_test.dart": Compilation failed for testPath=/home/runner/work/appoint/appoint/test/models/support_ticket_test.dart
build-and-test	Run flutter test --coverage	2025-07-30T14:29:13.2445982Z 
build-and-test	Run flutter test --coverage	2025-07-30T14:29:13.2446948Z ##[endgroup]
build-and-test	Run flutter test --coverage	2025-07-30T14:29:13.2735657Z ##[group]❌ loading /home/runner/work/appoint/appoint/test/widgets/login_screen_test.dart (failed after test completion)
build-and-test	Run flutter test --coverage	2025-07-30T14:29:13.2736333Z Error: the Dart compiler exited unexpectedly.
build-and-test	Run flutter test --coverage	2025-07-30T14:29:13.2738349Z package:flutter_tools/src/base/common.dart 10:3  throwToolExit
build-and-test	Run flutter test --coverage	2025-07-30T14:29:13.2739164Z package:flutter_tools/src/compile.dart 893:9     DefaultResidentCompiler._compile.<fn>
build-and-test	Run flutter test --coverage	2025-07-30T14:29:13.2739682Z dart:async/zone.dart 1422:47                     _rootRunUnary
build-and-test	Run flutter test --coverage	2025-07-30T14:29:13.2740195Z dart:async/future_impl.dart 902:45               Future._propagateToListeners.handleValueCallback
build-and-test	Run flutter test --coverage	2025-07-30T14:29:13.2740745Z dart:async/future_impl.dart 931:13               Future._propagateToListeners
build-and-test	Run flutter test --coverage	2025-07-30T14:29:13.2741230Z dart:async/future_impl.dart 827:9                Future._propagateToListeners
build-and-test	Run flutter test --coverage	2025-07-30T14:29:13.2742053Z dart:async/future_impl.dart 707:5                Future._completeWithValue
build-and-test	Run flutter test --coverage	2025-07-30T14:29:13.2742547Z dart:async/future_impl.dart 777:7                Future._asyncCompleteWithValue.<fn>
build-and-test	Run flutter test --coverage	2025-07-30T14:29:13.2742983Z dart:async/zone.dart 1414:13                     _rootRun
build-and-test	Run flutter test --coverage	2025-07-30T14:29:13.2743356Z dart:async/zone.dart 1317:19                     _CustomZone.run
build-and-test	Run flutter test --coverage	2025-07-30T14:29:13.2744063Z dart:async/zone.dart 1225:7                      _CustomZone.runGuarded
build-and-test	Run flutter test --coverage	2025-07-30T14:29:13.2744520Z dart:async/zone.dart 1265:23                     _CustomZone.bindCallbackGuarded.<fn>
build-and-test	Run flutter test --coverage	2025-07-30T14:29:13.2744975Z dart:async/schedule_microtask.dart 40:21         _microtaskLoop
build-and-test	Run flutter test --coverage	2025-07-30T14:29:13.2745423Z dart:async/schedule_microtask.dart 49:5          _startMicrotaskLoop
build-and-test	Run flutter test --coverage	2025-07-30T14:29:13.2745920Z dart:isolate-patch/isolate_patch.dart 118:13     _runPendingImmediateCallback
build-and-test	Run flutter test --coverage	2025-07-30T14:29:13.2746464Z dart:isolate-patch/isolate_patch.dart 185:5      _RawReceivePort._handleMessage
build-and-test	Run flutter test --coverage	2025-07-30T14:29:13.2747036Z ##[endgroup]
build-and-test	Run flutter test --coverage	2025-07-30T14:29:14.5883594Z test/firebase_test_helper.dart:11:48: Error: Type 'FirebaseAuth' not found.
build-and-test	Run flutter test --coverage	2025-07-30T14:29:14.5884631Z class MockFirebaseAuth extends Mock implements FirebaseAuth {}
build-and-test	Run flutter test --coverage	2025-07-30T14:29:14.5885688Z                                                ^^^^^^^^^^^^
build-and-test	Run flutter test --coverage	2025-07-30T14:29:14.5886582Z test/firebase_test_helper.dart:13:40: Error: Type 'User' not found.
build-and-test	Run flutter test --coverage	2025-07-30T14:29:14.5887339Z class MockUser extends Mock implements User {}
build-and-test	Run flutter test --coverage	2025-07-30T14:29:14.5887810Z                                        ^^^^
build-and-test	Run flutter test --coverage	2025-07-30T14:29:14.5888442Z test/firebase_test_helper.dart:15:50: Error: Type 'UserCredential' not found.
build-and-test	Run flutter test --coverage	2025-07-30T14:29:14.5889704Z class MockUserCredential extends Mock implements UserCredential {}
build-and-test	Run flutter test --coverage	2025-07-30T14:29:14.5890308Z                                                  ^^^^^^^^^^^^^^
build-and-test	Run flutter test --coverage	2025-07-30T14:29:14.7343281Z test/models/admin_broadcast_message_test.dart:67:7: Error: Setter not found: 'json'.
build-and-test	Run flutter test --coverage	2025-07-30T14:29:14.7353817Z       json = original.toJson();
build-and-test	Run flutter test --coverage	2025-07-30T14:29:14.7354500Z       ^^^^
build-and-test	Run flutter test --coverage	2025-07-30T14:29:14.7355661Z test/models/admin_broadcast_message_test.dart:68:53: Error: Undefined name 'json'.
build-and-test	Run flutter test --coverage	2025-07-30T14:29:14.7356706Z       deserialized = AdminBroadcastMessage.fromJson(json);
build-and-test	Run flutter test --coverage	2025-07-30T14:29:14.7358272Z                                                     ^^^^
build-and-test	Run flutter test --coverage	2025-07-30T14:29:14.7359056Z test/models/admin_broadcast_message_test.dart:68:7: Error: Setter not found: 'deserialized'.
build-and-test	Run flutter test --coverage	2025-07-30T14:29:14.7359897Z       deserialized = AdminBroadcastMessage.fromJson(json);
build-and-test	Run flutter test --coverage	2025-07-30T14:29:14.7360411Z       ^^^^^^^^^^^^
build-and-test	Run flutter test --coverage	2025-07-30T14:29:14.7360939Z test/models/admin_broadcast_message_test.dart:70:14: Error: Undefined name 'deserialized'.
build-and-test	Run flutter test --coverage	2025-07-30T14:29:14.7361899Z       expect(deserialized.id, equals(original.id));
build-and-test	Run flutter test --coverage	2025-07-30T14:29:14.7362335Z              ^^^^^^^^^^^^
build-and-test	Run flutter test --coverage	2025-07-30T14:29:14.7362936Z test/models/admin_broadcast_message_test.dart:71:14: Error: Undefined name 'deserialized'.
build-and-test	Run flutter test --coverage	2025-07-30T14:29:14.7363738Z       expect(deserialized.title, equals(original.title));
build-and-test	Run flutter test --coverage	2025-07-30T14:29:14.7364216Z              ^^^^^^^^^^^^
build-and-test	Run flutter test --coverage	2025-07-30T14:29:14.7364848Z test/models/admin_broadcast_message_test.dart:72:14: Error: Undefined name 'deserialized'.
build-and-test	Run flutter test --coverage	2025-07-30T14:29:14.7365636Z       expect(deserialized.content, equals(original.content));
build-and-test	Run flutter test --coverage	2025-07-30T14:29:14.7366134Z              ^^^^^^^^^^^^
build-and-test	Run flutter test --coverage	2025-07-30T14:29:14.7366764Z test/models/admin_broadcast_message_test.dart:73:14: Error: Undefined name 'deserialized'.
build-and-test	Run flutter test --coverage	2025-07-30T14:29:14.7367577Z       expect(deserialized.type, equals(original.type));
build-and-test	Run flutter test --coverage	2025-07-30T14:29:14.7368076Z              ^^^^^^^^^^^^
build-and-test	Run flutter test --coverage	2025-07-30T14:29:14.7368713Z test/models/admin_broadcast_message_test.dart:74:14: Error: Undefined name 'deserialized'.
build-and-test	Run flutter test --coverage	2025-07-30T14:29:14.7369705Z       expect(deserialized.createdByAdminId, equals(original.createdByAdminId));
build-and-test	Run flutter test --coverage	2025-07-30T14:29:14.7370372Z              ^^^^^^^^^^^^
build-and-test	Run flutter test --coverage	2025-07-30T14:29:14.7371027Z test/models/admin_broadcast_message_test.dart:75:14: Error: Undefined name 'deserialized'.
build-and-test	Run flutter test --coverage	2025-07-30T14:29:14.7372082Z       expect(deserialized.status, equals(original.status));
build-and-test	Run flutter test --coverage	2025-07-30T14:29:14.7372591Z              ^^^^^^^^^^^^
build-and-test	Run flutter test --coverage	2025-07-30T14:29:14.7373228Z test/models/admin_broadcast_message_test.dart:76:14: Error: Undefined name 'deserialized'.
build-and-test	Run flutter test --coverage	2025-07-30T14:29:14.7374194Z       expect(deserialized.targetingFilters.countries, equals(['US', 'CA']));
build-and-test	Run flutter test --coverage	2025-07-30T14:29:14.7375281Z              ^^^^^^^^^^^^
build-and-test	Run flutter test --coverage	2025-07-30T14:29:14.7375935Z test/models/admin_broadcast_message_test.dart:77:14: Error: Undefined name 'deserialized'.
build-and-test	Run flutter test --coverage	2025-07-30T14:29:14.7376879Z       expect(deserialized.targetingFilters.userRoles, equals(['user']));
build-and-test	Run flutter test --coverage	2025-07-30T14:29:14.7377519Z              ^^^^^^^^^^^^
build-and-test	Run flutter test --coverage	2025-07-30T14:29:14.7378220Z test/firebase_test_helper.dart:78:25: Error: The getter 'uid' isn't defined for the class 'MockUser'.
build-and-test	Run flutter test --coverage	2025-07-30T14:29:14.7379073Z  - 'MockUser' is from 'test/firebase_test_helper.dart'.
build-and-test	Run flutter test --coverage	2025-07-30T14:29:14.7379890Z Try correcting the name to the name of an existing getter, or defining a getter or field named 'uid'.
build-and-test	Run flutter test --coverage	2025-07-30T14:29:14.7380720Z     when(() => mockUser.uid).thenReturn('test-user-id');
build-and-test	Run flutter test --coverage	2025-07-30T14:29:14.7381193Z                         ^^^
build-and-test	Run flutter test --coverage	2025-07-30T14:29:14.7382102Z test/firebase_test_helper.dart:79:25: Error: The getter 'email' isn't defined for the class 'MockUser'.
build-and-test	Run flutter test --coverage	2025-07-30T14:29:14.7382970Z  - 'MockUser' is from 'test/firebase_test_helper.dart'.
build-and-test	Run flutter test --coverage	2025-07-30T14:29:14.7383835Z Try correcting the name to the name of an existing getter, or defining a getter or field named 'email'.
build-and-test	Run flutter test --coverage	2025-07-30T14:29:14.7384719Z     when(() => mockUser.email).thenReturn('test@example.com');
build-and-test	Run flutter test --coverage	2025-07-30T14:29:14.7385237Z                         ^^^^^
build-and-test	Run flutter test --coverage	2025-07-30T14:29:14.7386240Z test/firebase_test_helper.dart:80:25: Error: The getter 'displayName' isn't defined for the class 'MockUser'.
build-and-test	Run flutter test --coverage	2025-07-30T14:29:14.7387130Z  - 'MockUser' is from 'test/firebase_test_helper.dart'.
build-and-test	Run flutter test --coverage	2025-07-30T14:29:14.7388019Z Try correcting the name to the name of an existing getter, or defining a getter or field named 'displayName'.
build-and-test	Run flutter test --coverage	2025-07-30T14:29:14.7388914Z     when(() => mockUser.displayName).thenReturn('Test User');
build-and-test	Run flutter test --coverage	2025-07-30T14:29:14.7389440Z                         ^^^^^^^^^^^
build-and-test	Run flutter test --coverage	2025-07-30T14:29:14.7390190Z test/firebase_test_helper.dart:81:25: Error: The getter 'photoURL' isn't defined for the class 'MockUser'.
build-and-test	Run flutter test --coverage	2025-07-30T14:29:14.7391054Z  - 'MockUser' is from 'test/firebase_test_helper.dart'.
build-and-test	Run flutter test --coverage	2025-07-30T14:29:14.7392318Z Try correcting the name to the name of an existing getter, or defining a getter or field named 'photoURL'.
build-and-test	Run flutter test --coverage	2025-07-30T14:29:14.7393355Z     when(() => mockUser.photoURL).thenReturn('https://example.com/photo.jpg');
build-and-test	Run flutter test --coverage	2025-07-30T14:29:14.7394029Z                         ^^^^^^^^
build-and-test	Run flutter test --coverage	2025-07-30T14:29:14.7394824Z test/firebase_test_helper.dart:82:25: Error: The getter 'isAnonymous' isn't defined for the class 'MockUser'.
build-and-test	Run flutter test --coverage	2025-07-30T14:29:14.7395740Z  - 'MockUser' is from 'test/firebase_test_helper.dart'.
build-and-test	Run flutter test --coverage	2025-07-30T14:29:14.7396572Z Try correcting the name to the name of an existing getter, or defining a getter or field named 'isAnonymous'.
build-and-test	Run flutter test --coverage	2025-07-30T14:29:14.7397410Z     when(() => mockUser.isAnonymous).thenReturn(false);
build-and-test	Run flutter test --coverage	2025-07-30T14:29:14.7397894Z                         ^^^^^^^^^^^
build-and-test	Run flutter test --coverage	2025-07-30T14:29:14.7398681Z test/firebase_test_helper.dart:83:25: Error: The getter 'emailVerified' isn't defined for the class 'MockUser'.
build-and-test	Run flutter test --coverage	2025-07-30T14:29:14.7399592Z  - 'MockUser' is from 'test/firebase_test_helper.dart'.
build-and-test	Run flutter test --coverage	2025-07-30T14:29:14.7400498Z Try correcting the name to the name of an existing getter, or defining a getter or field named 'emailVerified'.
build-and-test	Run flutter test --coverage	2025-07-30T14:29:14.7401355Z     when(() => mockUser.emailVerified).thenReturn(true);
build-and-test	Run flutter test --coverage	2025-07-30T14:29:14.7402008Z                         ^^^^^^^^^^^^^
build-and-test	Run flutter test --coverage	2025-07-30T14:29:14.7402699Z test/firebase_test_helper.dart:86:35: Error: The getter 'user' isn't defined for the class 'MockUserCredential'.
build-and-test	Run flutter test --coverage	2025-07-30T14:29:14.7403636Z  - 'MockUserCredential' is from 'test/firebase_test_helper.dart'.
build-and-test	Run flutter test --coverage	2025-07-30T14:29:14.7404544Z Try correcting the name to the name of an existing getter, or defining a getter or field named 'user'.
build-and-test	Run flutter test --coverage	2025-07-30T14:29:14.7405401Z     when(() => mockUserCredential.user).thenReturn(mockUser);
build-and-test	Run flutter test --coverage	2025-07-30T14:29:14.7405938Z                                   ^^^^
build-and-test	Run flutter test --coverage	2025-07-30T14:29:14.7406740Z test/firebase_test_helper.dart:89:25: Error: The getter 'currentUser' isn't defined for the class 'MockFirebaseAuth'.
build-and-test	Run flutter test --coverage	2025-07-30T14:29:14.7407909Z  - 'MockFirebaseAuth' is from 'test/firebase_test_helper.dart'.
build-and-test	Run flutter test --coverage	2025-07-30T14:29:14.7408784Z Try correcting the name to the name of an existing getter, or defining a getter or field named 'currentUser'.
build-and-test	Run flutter test --coverage	2025-07-30T14:29:14.7409617Z     when(() => mockAuth.currentUser).thenReturn(mockUser);
build-and-test	Run flutter test --coverage	2025-07-30T14:29:14.7410127Z                         ^^^^^^^^^^^
build-and-test	Run flutter test --coverage	2025-07-30T14:29:14.7410964Z test/firebase_test_helper.dart:90:25: Error: The method 'authStateChanges' isn't defined for the class 'MockFirebaseAuth'.
build-and-test	Run flutter test --coverage	2025-07-30T14:29:14.7412270Z  - 'MockFirebaseAuth' is from 'test/firebase_test_helper.dart'.
build-and-test	Run flutter test --coverage	2025-07-30T14:29:14.7413197Z Try correcting the name to the name of an existing method, or defining a method named 'authStateChanges'.
build-and-test	Run flutter test --coverage	2025-07-30T14:29:14.7414012Z     when(() => mockAuth.authStateChanges())
build-and-test	Run flutter test --coverage	2025-07-30T14:29:14.7414474Z                         ^^^^^^^^^^^^^^^^
build-and-test	Run flutter test --coverage	2025-07-30T14:29:14.7415294Z test/firebase_test_helper.dart:92:25: Error: The method 'userChanges' isn't defined for the class 'MockFirebaseAuth'.
build-and-test	Run flutter test --coverage	2025-07-30T14:29:14.7416327Z  - 'MockFirebaseAuth' is from 'test/firebase_test_helper.dart'.
build-and-test	Run flutter test --coverage	2025-07-30T14:29:14.7417203Z Try correcting the name to the name of an existing method, or defining a method named 'userChanges'.
build-and-test	Run flutter test --coverage	2025-07-30T14:29:14.7417981Z     when(() => mockAuth.userChanges())
build-and-test	Run flutter test --coverage	2025-07-30T14:29:14.7418699Z                         ^^^^^^^^^^^
build-and-test	Run flutter test --coverage	2025-07-30T14:29:14.7419653Z test/firebase_test_helper.dart:94:25: Error: The method 'signInWithEmailAndPassword' isn't defined for the class 'MockFirebaseAuth'.
build-and-test	Run flutter test --coverage	2025-07-30T14:29:14.7420781Z  - 'MockFirebaseAuth' is from 'test/firebase_test_helper.dart'.
build-and-test	Run flutter test --coverage	2025-07-30T14:29:14.7421948Z Try correcting the name to the name of an existing method, or defining a method named 'signInWithEmailAndPassword'.
build-and-test	Run flutter test --coverage	2025-07-30T14:29:14.7422933Z     when(() => mockAuth.signInWithEmailAndPassword(any(), any()))
build-and-test	Run flutter test --coverage	2025-07-30T14:29:14.7423485Z                         ^^^^^^^^^^^^^^^^^^^^^^^^^^
build-and-test	Run flutter test --coverage	2025-07-30T14:29:14.7424454Z test/firebase_test_helper.dart:96:25: Error: The method 'createUserWithEmailAndPassword' isn't defined for the class 'MockFirebaseAuth'.
build-and-test	Run flutter test --coverage	2025-07-30T14:29:14.7425603Z  - 'MockFirebaseAuth' is from 'test/firebase_test_helper.dart'.
build-and-test	Run flutter test --coverage	2025-07-30T14:29:14.7426595Z Try correcting the name to the name of an existing method, or defining a method named 'createUserWithEmailAndPassword'.
build-and-test	Run flutter test --coverage	2025-07-30T14:29:14.7427597Z     when(() => mockAuth.createUserWithEmailAndPassword(any(), any()))
build-and-test	Run flutter test --coverage	2025-07-30T14:29:14.7428150Z                         ^^^^^^^^^^^^^^^^^^^^^^^^^^^^^^
build-and-test	Run flutter test --coverage	2025-07-30T14:29:14.7428927Z test/firebase_test_helper.dart:98:25: Error: The method 'signOut' isn't defined for the class 'MockFirebaseAuth'.
build-and-test	Run flutter test --coverage	2025-07-30T14:29:14.7429856Z  - 'MockFirebaseAuth' is from 'test/firebase_test_helper.dart'.
build-and-test	Run flutter test --coverage	2025-07-30T14:29:14.7430696Z Try correcting the name to the name of an existing method, or defining a method named 'signOut'.
build-and-test	Run flutter test --coverage	2025-07-30T14:29:14.7431697Z     when(() => mockAuth.signOut()).thenAnswer((_) async {});
build-and-test	Run flutter test --coverage	2025-07-30T14:29:14.7432205Z                         ^^^^^^^
build-and-test	Run flutter test --coverage	2025-07-30T14:29:14.7433336Z test/firebase_test_helper.dart:108:60: Error: The argument type 'MockCollectionReference' can't be assigned to the parameter type 'CollectionReference<Map<String, dynamic>>'.
build-and-test	Run flutter test --coverage	2025-07-30T14:29:14.7434705Z  - 'MockCollectionReference' is from 'test/firebase_test_helper.dart'.
build-and-test	Run flutter test --coverage	2025-07-30T14:29:14.7436055Z  - 'CollectionReference' is from 'package:cloud_firestore/cloud_firestore.dart' ('../../../.pub-cache/hosted/pub.dev/cloud_firestore-5.6.11/lib/cloud_firestore.dart').
build-and-test	Run flutter test --coverage	2025-07-30T14:29:14.7437226Z  - 'Map' is from 'dart:core'.
build-and-test	Run flutter test --coverage	2025-07-30T14:29:14.7437814Z     when(() => mockFirestore.collection(any())).thenReturn(mockCollection);
build-and-test	Run flutter test --coverage	2025-07-30T14:29:14.7438452Z                                                            ^
build-and-test	Run flutter test --coverage	2025-07-30T14:29:14.7439536Z test/firebase_test_helper.dart:132:52: Error: A value of type 'MockDocumentSnapshot' can't be assigned to a variable of type 'QueryDocumentSnapshot<Object?>'.
build-and-test	Run flutter test --coverage	2025-07-30T14:29:14.7440819Z  - 'MockDocumentSnapshot' is from 'test/firebase_test_helper.dart'.
build-and-test	Run flutter test --coverage	2025-07-30T14:29:14.7442633Z  - 'QueryDocumentSnapshot' is from 'package:cloud_firestore/cloud_firestore.dart' ('../../../.pub-cache/hosted/pub.dev/cloud_firestore-5.6.11/lib/cloud_firestore.dart').
build-and-test	Run flutter test --coverage	2025-07-30T14:29:14.7443832Z  - 'Object' is from 'dart:core'.
build-and-test	Run flutter test --coverage	2025-07-30T14:29:14.7444460Z     when(() => mockQuerySnapshot.docs).thenReturn([mockDocumentSnapshot]);
build-and-test	Run flutter test --coverage	2025-07-30T14:29:14.7445092Z                                                    ^
build-and-test	Run flutter test --coverage	2025-07-30T14:29:15.3726803Z ##[group]❌ loading /home/runner/work/appoint/appoint/test/models/admin_broadcast_message_test.dart (failed)
build-and-test	Run flutter test --coverage	2025-07-30T14:29:15.3728788Z Failed to load "/home/runner/work/appoint/appoint/test/models/admin_broadcast_message_test.dart": Compilation failed for testPath=/home/runner/work/appoint/appoint/test/models/admin_broadcast_message_test.dart
build-and-test	Run flutter test --coverage	2025-07-30T14:29:15.3730142Z 
build-and-test	Run flutter test --coverage	2025-07-30T14:29:15.3730422Z ##[endgroup]
build-and-test	Run flutter test --coverage	2025-07-30T14:29:15.3990358Z ##[group]❌ loading /home/runner/work/appoint/appoint/test/widgets/login_screen_test.dart (failed after test completion)
build-and-test	Run flutter test --coverage	2025-07-30T14:29:15.3991032Z Error: the Dart compiler exited unexpectedly.
build-and-test	Run flutter test --coverage	2025-07-30T14:29:15.3993544Z package:flutter_tools/src/base/common.dart 10:3  throwToolExit
build-and-test	Run flutter test --coverage	2025-07-30T14:29:15.3994133Z package:flutter_tools/src/compile.dart 893:9     DefaultResidentCompiler._compile.<fn>
build-and-test	Run flutter test --coverage	2025-07-30T14:29:15.3994957Z dart:async/zone.dart 1422:47                     _rootRunUnary
build-and-test	Run flutter test --coverage	2025-07-30T14:29:15.3995581Z dart:async/future_impl.dart 902:45               Future._propagateToListeners.handleValueCallback
build-and-test	Run flutter test --coverage	2025-07-30T14:29:15.3996135Z dart:async/future_impl.dart 931:13               Future._propagateToListeners
build-and-test	Run flutter test --coverage	2025-07-30T14:29:15.3996592Z dart:async/future_impl.dart 827:9                Future._propagateToListeners
build-and-test	Run flutter test --coverage	2025-07-30T14:29:15.3997039Z dart:async/future_impl.dart 707:5                Future._completeWithValue
build-and-test	Run flutter test --coverage	2025-07-30T14:29:15.3997496Z dart:async/future_impl.dart 777:7                Future._asyncCompleteWithValue.<fn>
build-and-test	Run flutter test --coverage	2025-07-30T14:29:15.3997909Z dart:async/zone.dart 1414:13                     _rootRun
build-and-test	Run flutter test --coverage	2025-07-30T14:29:15.3998274Z dart:async/zone.dart 1317:19                     _CustomZone.run
build-and-test	Run flutter test --coverage	2025-07-30T14:29:15.3998734Z dart:async/zone.dart 1225:7                      _CustomZone.runGuarded
build-and-test	Run flutter test --coverage	2025-07-30T14:29:15.3999396Z dart:async/zone.dart 1265:23                     _CustomZone.bindCallbackGuarded.<fn>
build-and-test	Run flutter test --coverage	2025-07-30T14:29:15.4000089Z dart:async/schedule_microtask.dart 40:21         _microtaskLoop
build-and-test	Run flutter test --coverage	2025-07-30T14:29:15.4000777Z dart:async/schedule_microtask.dart 49:5          _startMicrotaskLoop
build-and-test	Run flutter test --coverage	2025-07-30T14:29:15.4001855Z dart:isolate-patch/isolate_patch.dart 118:13     _runPendingImmediateCallback
build-and-test	Run flutter test --coverage	2025-07-30T14:29:15.4002759Z dart:isolate-patch/isolate_patch.dart 185:5      _RawReceivePort._handleMessage
build-and-test	Run flutter test --coverage	2025-07-30T14:29:15.4003675Z ##[endgroup]
build-and-test	Run flutter test --coverage	2025-07-30T14:29:16.7299970Z test/firebase_test_helper.dart:11:48: Error: Type 'FirebaseAuth' not found.
build-and-test	Run flutter test --coverage	2025-07-30T14:29:16.7301108Z class MockFirebaseAuth extends Mock implements FirebaseAuth {}
build-and-test	Run flutter test --coverage	2025-07-30T14:29:16.7305476Z                                                ^^^^^^^^^^^^
build-and-test	Run flutter test --coverage	2025-07-30T14:29:16.7306016Z test/firebase_test_helper.dart:13:40: Error: Type 'User' not found.
build-and-test	Run flutter test --coverage	2025-07-30T14:29:16.7306583Z class MockUser extends Mock implements User {}
build-and-test	Run flutter test --coverage	2025-07-30T14:29:16.7306969Z                                        ^^^^
build-and-test	Run flutter test --coverage	2025-07-30T14:29:16.7307522Z test/firebase_test_helper.dart:15:50: Error: Type 'UserCredential' not found.
build-and-test	Run flutter test --coverage	2025-07-30T14:29:16.7308192Z class MockUserCredential extends Mock implements UserCredential {}
build-and-test	Run flutter test --coverage	2025-07-30T14:29:16.7308724Z                                                  ^^^^^^^^^^^^^^
build-and-test	Run flutter test --coverage	2025-07-30T14:29:16.8762052Z test/models/personal_appointment_test.dart:21:7: Error: Setter not found: 'json'.
build-and-test	Run flutter test --coverage	2025-07-30T14:29:16.8762820Z       json = appt.toJson();
build-and-test	Run flutter test --coverage	2025-07-30T14:29:16.8763214Z       ^^^^
build-and-test	Run flutter test --coverage	2025-07-30T14:29:16.8763975Z test/models/personal_appointment_test.dart:22:43: Error: Undefined name 'json'.
build-and-test	Run flutter test --coverage	2025-07-30T14:29:16.8764803Z       copy = PersonalAppointment.fromJson(json);
build-and-test	Run flutter test --coverage	2025-07-30T14:29:16.8765798Z                                           ^^^^
build-and-test	Run flutter test --coverage	2025-07-30T14:29:16.8766521Z test/models/personal_appointment_test.dart:22:7: Error: Setter not found: 'copy'.
build-and-test	Run flutter test --coverage	2025-07-30T14:29:16.8767142Z       copy = PersonalAppointment.fromJson(json);
build-and-test	Run flutter test --coverage	2025-07-30T14:29:16.8767643Z       ^^^^
build-and-test	Run flutter test --coverage	2025-07-30T14:29:16.8768276Z test/models/personal_appointment_test.dart:23:14: Error: Undefined name 'copy'.
build-and-test	Run flutter test --coverage	2025-07-30T14:29:16.8768958Z       expect(copy.id, appt.id);
build-and-test	Run flutter test --coverage	2025-07-30T14:29:16.8769305Z              ^^^^
build-and-test	Run flutter test --coverage	2025-07-30T14:29:16.8769842Z test/models/personal_appointment_test.dart:24:14: Error: Undefined name 'copy'.
build-and-test	Run flutter test --coverage	2025-07-30T14:29:16.8770517Z       expect(copy.userId, appt.userId);
build-and-test	Run flutter test --coverage	2025-07-30T14:29:16.8770920Z              ^^^^
build-and-test	Run flutter test --coverage	2025-07-30T14:29:16.8771440Z test/models/personal_appointment_test.dart:25:14: Error: Undefined name 'copy'.
build-and-test	Run flutter test --coverage	2025-07-30T14:29:16.8772233Z       expect(copy.title, appt.title);
build-and-test	Run flutter test --coverage	2025-07-30T14:29:16.8772614Z              ^^^^
build-and-test	Run flutter test --coverage	2025-07-30T14:29:16.8773127Z test/models/personal_appointment_test.dart:26:14: Error: Undefined name 'copy'.
build-and-test	Run flutter test --coverage	2025-07-30T14:29:16.8773818Z       expect(copy.description, appt.description);
build-and-test	Run flutter test --coverage	2025-07-30T14:29:16.8774250Z              ^^^^
build-and-test	Run flutter test --coverage	2025-07-30T14:29:16.8774757Z test/models/personal_appointment_test.dart:27:14: Error: Undefined name 'copy'.
build-and-test	Run flutter test --coverage	2025-07-30T14:29:16.8775678Z       expect(copy.startTime, appt.startTime);
build-and-test	Run flutter test --coverage	2025-07-30T14:29:16.8776088Z              ^^^^
build-and-test	Run flutter test --coverage	2025-07-30T14:29:16.8776617Z test/models/personal_appointment_test.dart:28:14: Error: Undefined name 'copy'.
build-and-test	Run flutter test --coverage	2025-07-30T14:29:16.8777275Z       expect(copy.endTime, appt.endTime);
build-and-test	Run flutter test --coverage	2025-07-30T14:29:16.8777671Z              ^^^^
build-and-test	Run flutter test --coverage	2025-07-30T14:29:16.8782663Z test/firebase_test_helper.dart:78:25: Error: The getter 'uid' isn't defined for the class 'MockUser'.
build-and-test	Run flutter test --coverage	2025-07-30T14:29:16.8783888Z  - 'MockUser' is from 'test/firebase_test_helper.dart'.
build-and-test	Run flutter test --coverage	2025-07-30T14:29:16.8784728Z Try correcting the name to the name of an existing getter, or defining a getter or field named 'uid'.
build-and-test	Run flutter test --coverage	2025-07-30T14:29:16.8785547Z     when(() => mockUser.uid).thenReturn('test-user-id');
build-and-test	Run flutter test --coverage	2025-07-30T14:29:16.8786052Z                         ^^^
build-and-test	Run flutter test --coverage	2025-07-30T14:29:16.8786748Z test/firebase_test_helper.dart:79:25: Error: The getter 'email' isn't defined for the class 'MockUser'.
build-and-test	Run flutter test --coverage	2025-07-30T14:29:16.8787612Z  - 'MockUser' is from 'test/firebase_test_helper.dart'.
build-and-test	Run flutter test --coverage	2025-07-30T14:29:16.8788456Z Try correcting the name to the name of an existing getter, or defining a getter or field named 'email'.
build-and-test	Run flutter test --coverage	2025-07-30T14:29:16.8789313Z     when(() => mockUser.email).thenReturn('test@example.com');
build-and-test	Run flutter test --coverage	2025-07-30T14:29:16.8789851Z                         ^^^^^
build-and-test	Run flutter test --coverage	2025-07-30T14:29:16.8790586Z test/firebase_test_helper.dart:80:25: Error: The getter 'displayName' isn't defined for the class 'MockUser'.
build-and-test	Run flutter test --coverage	2025-07-30T14:29:16.8791689Z  - 'MockUser' is from 'test/firebase_test_helper.dart'.
build-and-test	Run flutter test --coverage	2025-07-30T14:29:16.8792591Z Try correcting the name to the name of an existing getter, or defining a getter or field named 'displayName'.
build-and-test	Run flutter test --coverage	2025-07-30T14:29:16.8793479Z     when(() => mockUser.displayName).thenReturn('Test User');
build-and-test	Run flutter test --coverage	2025-07-30T14:29:16.8794029Z                         ^^^^^^^^^^^
build-and-test	Run flutter test --coverage	2025-07-30T14:29:16.8794794Z test/firebase_test_helper.dart:81:25: Error: The getter 'photoURL' isn't defined for the class 'MockUser'.
build-and-test	Run flutter test --coverage	2025-07-30T14:29:16.8795680Z  - 'MockUser' is from 'test/firebase_test_helper.dart'.
build-and-test	Run flutter test --coverage	2025-07-30T14:29:16.8796528Z Try correcting the name to the name of an existing getter, or defining a getter or field named 'photoURL'.
build-and-test	Run flutter test --coverage	2025-07-30T14:29:16.8797571Z     when(() => mockUser.photoURL).thenReturn('https://example.com/photo.jpg');
build-and-test	Run flutter test --coverage	2025-07-30T14:29:16.8798259Z                         ^^^^^^^^
build-and-test	Run flutter test --coverage	2025-07-30T14:29:16.8798997Z test/firebase_test_helper.dart:82:25: Error: The getter 'isAnonymous' isn't defined for the class 'MockUser'.
build-and-test	Run flutter test --coverage	2025-07-30T14:29:16.8799900Z  - 'MockUser' is from 'test/firebase_test_helper.dart'.
build-and-test	Run flutter test --coverage	2025-07-30T14:29:16.8800800Z Try correcting the name to the name of an existing getter, or defining a getter or field named 'isAnonymous'.
build-and-test	Run flutter test --coverage	2025-07-30T14:29:16.8801886Z     when(() => mockUser.isAnonymous).thenReturn(false);
build-and-test	Run flutter test --coverage	2025-07-30T14:29:16.8802714Z                         ^^^^^^^^^^^
build-and-test	Run flutter test --coverage	2025-07-30T14:29:16.8803521Z test/firebase_test_helper.dart:83:25: Error: The getter 'emailVerified' isn't defined for the class 'MockUser'.
build-and-test	Run flutter test --coverage	2025-07-30T14:29:16.8804454Z  - 'MockUser' is from 'test/firebase_test_helper.dart'.
build-and-test	Run flutter test --coverage	2025-07-30T14:29:16.8805339Z Try correcting the name to the name of an existing getter, or defining a getter or field named 'emailVerified'.
build-and-test	Run flutter test --coverage	2025-07-30T14:29:16.8806226Z     when(() => mockUser.emailVerified).thenReturn(true);
build-and-test	Run flutter test --coverage	2025-07-30T14:29:16.8806724Z                         ^^^^^^^^^^^^^
build-and-test	Run flutter test --coverage	2025-07-30T14:29:16.8807521Z test/firebase_test_helper.dart:86:35: Error: The getter 'user' isn't defined for the class 'MockUserCredential'.
build-and-test	Run flutter test --coverage	2025-07-30T14:29:16.8808474Z  - 'MockUserCredential' is from 'test/firebase_test_helper.dart'.
build-and-test	Run flutter test --coverage	2025-07-30T14:29:16.8809363Z Try correcting the name to the name of an existing getter, or defining a getter or field named 'user'.
build-and-test	Run flutter test --coverage	2025-07-30T14:29:16.8810133Z     when(() => mockUserCredential.user).thenReturn(mockUser);
build-and-test	Run flutter test --coverage	2025-07-30T14:29:16.8810650Z                                   ^^^^
build-and-test	Run flutter test --coverage	2025-07-30T14:29:16.8811477Z test/firebase_test_helper.dart:89:25: Error: The getter 'currentUser' isn't defined for the class 'MockFirebaseAuth'.
build-and-test	Run flutter test --coverage	2025-07-30T14:29:16.8812962Z  - 'MockFirebaseAuth' is from 'test/firebase_test_helper.dart'.
build-and-test	Run flutter test --coverage	2025-07-30T14:29:16.8813901Z Try correcting the name to the name of an existing getter, or defining a getter or field named 'currentUser'.
build-and-test	Run flutter test --coverage	2025-07-30T14:29:16.8814754Z     when(() => mockAuth.currentUser).thenReturn(mockUser);
build-and-test	Run flutter test --coverage	2025-07-30T14:29:16.8815206Z                         ^^^^^^^^^^^
build-and-test	Run flutter test --coverage	2025-07-30T14:29:16.8816011Z test/firebase_test_helper.dart:90:25: Error: The method 'authStateChanges' isn't defined for the class 'MockFirebaseAuth'.
build-and-test	Run flutter test --coverage	2025-07-30T14:29:16.8817019Z  - 'MockFirebaseAuth' is from 'test/firebase_test_helper.dart'.
build-and-test	Run flutter test --coverage	2025-07-30T14:29:16.8817916Z Try correcting the name to the name of an existing method, or defining a method named 'authStateChanges'.
build-and-test	Run flutter test --coverage	2025-07-30T14:29:16.8818740Z     when(() => mockAuth.authStateChanges())
build-and-test	Run flutter test --coverage	2025-07-30T14:29:16.8819194Z                         ^^^^^^^^^^^^^^^^
build-and-test	Run flutter test --coverage	2025-07-30T14:29:16.8820035Z test/firebase_test_helper.dart:92:25: Error: The method 'userChanges' isn't defined for the class 'MockFirebaseAuth'.
build-and-test	Run flutter test --coverage	2025-07-30T14:29:16.8821028Z  - 'MockFirebaseAuth' is from 'test/firebase_test_helper.dart'.
build-and-test	Run flutter test --coverage	2025-07-30T14:29:16.8822140Z Try correcting the name to the name of an existing method, or defining a method named 'userChanges'.
build-and-test	Run flutter test --coverage	2025-07-30T14:29:16.8822923Z     when(() => mockAuth.userChanges())
build-and-test	Run flutter test --coverage	2025-07-30T14:29:16.8823344Z                         ^^^^^^^^^^^
build-and-test	Run flutter test --coverage	2025-07-30T14:29:16.8824264Z test/firebase_test_helper.dart:94:25: Error: The method 'signInWithEmailAndPassword' isn't defined for the class 'MockFirebaseAuth'.
build-and-test	Run flutter test --coverage	2025-07-30T14:29:16.8825364Z  - 'MockFirebaseAuth' is from 'test/firebase_test_helper.dart'.
build-and-test	Run flutter test --coverage	2025-07-30T14:29:16.8826335Z Try correcting the name to the name of an existing method, or defining a method named 'signInWithEmailAndPassword'.
build-and-test	Run flutter test --coverage	2025-07-30T14:29:16.8827311Z     when(() => mockAuth.signInWithEmailAndPassword(any(), any()))
build-and-test	Run flutter test --coverage	2025-07-30T14:29:16.8827883Z                         ^^^^^^^^^^^^^^^^^^^^^^^^^^
build-and-test	Run flutter test --coverage	2025-07-30T14:29:16.8828904Z test/firebase_test_helper.dart:96:25: Error: The method 'createUserWithEmailAndPassword' isn't defined for the class 'MockFirebaseAuth'.
build-and-test	Run flutter test --coverage	2025-07-30T14:29:16.8830066Z  - 'MockFirebaseAuth' is from 'test/firebase_test_helper.dart'.
build-and-test	Run flutter test --coverage	2025-07-30T14:29:16.8831019Z Try correcting the name to the name of an existing method, or defining a method named 'createUserWithEmailAndPassword'.
build-and-test	Run flutter test --coverage	2025-07-30T14:29:16.8832229Z     when(() => mockAuth.createUserWithEmailAndPassword(any(), any()))
build-and-test	Run flutter test --coverage	2025-07-30T14:29:16.8832819Z                         ^^^^^^^^^^^^^^^^^^^^^^^^^^^^^^
build-and-test	Run flutter test --coverage	2025-07-30T14:29:16.8833648Z test/firebase_test_helper.dart:98:25: Error: The method 'signOut' isn't defined for the class 'MockFirebaseAuth'.
build-and-test	Run flutter test --coverage	2025-07-30T14:29:16.8834593Z  - 'MockFirebaseAuth' is from 'test/firebase_test_helper.dart'.
build-and-test	Run flutter test --coverage	2025-07-30T14:29:16.8835640Z Try correcting the name to the name of an existing method, or defining a method named 'signOut'.
build-and-test	Run flutter test --coverage	2025-07-30T14:29:16.8836400Z     when(() => mockAuth.signOut()).thenAnswer((_) async {});
build-and-test	Run flutter test --coverage	2025-07-30T14:29:16.8836885Z                         ^^^^^^^
build-and-test	Run flutter test --coverage	2025-07-30T14:29:16.8838016Z test/firebase_test_helper.dart:108:60: Error: The argument type 'MockCollectionReference' can't be assigned to the parameter type 'CollectionReference<Map<String, dynamic>>'.
build-and-test	Run flutter test --coverage	2025-07-30T14:29:16.8839443Z  - 'MockCollectionReference' is from 'test/firebase_test_helper.dart'.
build-and-test	Run flutter test --coverage	2025-07-30T14:29:16.8840788Z  - 'CollectionReference' is from 'package:cloud_firestore/cloud_firestore.dart' ('../../../.pub-cache/hosted/pub.dev/cloud_firestore-5.6.11/lib/cloud_firestore.dart').
build-and-test	Run flutter test --coverage	2025-07-30T14:29:16.8842128Z  - 'Map' is from 'dart:core'.
build-and-test	Run flutter test --coverage	2025-07-30T14:29:16.8842734Z     when(() => mockFirestore.collection(any())).thenReturn(mockCollection);
build-and-test	Run flutter test --coverage	2025-07-30T14:29:16.8843383Z                                                            ^
build-and-test	Run flutter test --coverage	2025-07-30T14:29:16.8844473Z test/firebase_test_helper.dart:132:52: Error: A value of type 'MockDocumentSnapshot' can't be assigned to a variable of type 'QueryDocumentSnapshot<Object?>'.
build-and-test	Run flutter test --coverage	2025-07-30T14:29:16.8845757Z  - 'MockDocumentSnapshot' is from 'test/firebase_test_helper.dart'.
build-and-test	Run flutter test --coverage	2025-07-30T14:29:16.8847377Z  - 'QueryDocumentSnapshot' is from 'package:cloud_firestore/cloud_firestore.dart' ('../../../.pub-cache/hosted/pub.dev/cloud_firestore-5.6.11/lib/cloud_firestore.dart').
build-and-test	Run flutter test --coverage	2025-07-30T14:29:16.8848638Z  - 'Object' is from 'dart:core'.
build-and-test	Run flutter test --coverage	2025-07-30T14:29:16.8849246Z     when(() => mockQuerySnapshot.docs).thenReturn([mockDocumentSnapshot]);
build-and-test	Run flutter test --coverage	2025-07-30T14:29:16.8849878Z                                                    ^
build-and-test	Run flutter test --coverage	2025-07-30T14:29:17.5078358Z ##[group]❌ loading /home/runner/work/appoint/appoint/test/models/personal_appointment_test.dart (failed)
build-and-test	Run flutter test --coverage	2025-07-30T14:29:17.5080310Z Failed to load "/home/runner/work/appoint/appoint/test/models/personal_appointment_test.dart": Compilation failed for testPath=/home/runner/work/appoint/appoint/test/models/personal_appointment_test.dart
build-and-test	Run flutter test --coverage	2025-07-30T14:29:17.5081872Z 
build-and-test	Run flutter test --coverage	2025-07-30T14:29:17.5090615Z ##[endgroup]
build-and-test	Run flutter test --coverage	2025-07-30T14:29:17.5358285Z ##[group]❌ loading /home/runner/work/appoint/appoint/test/widgets/login_screen_test.dart (failed after test completion)
build-and-test	Run flutter test --coverage	2025-07-30T14:29:17.5358981Z Error: the Dart compiler exited unexpectedly.
build-and-test	Run flutter test --coverage	2025-07-30T14:29:17.5361004Z package:flutter_tools/src/base/common.dart 10:3  throwToolExit
build-and-test	Run flutter test --coverage	2025-07-30T14:29:17.5361984Z package:flutter_tools/src/compile.dart 893:9     DefaultResidentCompiler._compile.<fn>
build-and-test	Run flutter test --coverage	2025-07-30T14:29:17.5362554Z dart:async/zone.dart 1422:47                     _rootRunUnary
build-and-test	Run flutter test --coverage	2025-07-30T14:29:17.5363083Z dart:async/future_impl.dart 902:45               Future._propagateToListeners.handleValueCallback
build-and-test	Run flutter test --coverage	2025-07-30T14:29:17.5363748Z dart:async/future_impl.dart 931:13               Future._propagateToListeners
build-and-test	Run flutter test --coverage	2025-07-30T14:29:17.5364329Z dart:async/future_impl.dart 827:9                Future._propagateToListeners
build-and-test	Run flutter test --coverage	2025-07-30T14:29:17.5365138Z dart:async/future_impl.dart 707:5                Future._completeWithValue
build-and-test	Run flutter test --coverage	2025-07-30T14:29:17.5365894Z dart:async/future_impl.dart 777:7                Future._asyncCompleteWithValue.<fn>
build-and-test	Run flutter test --coverage	2025-07-30T14:29:17.5366390Z dart:async/zone.dart 1414:13                     _rootRun
build-and-test	Run flutter test --coverage	2025-07-30T14:29:17.5366771Z dart:async/zone.dart 1317:19                     _CustomZone.run
build-and-test	Run flutter test --coverage	2025-07-30T14:29:17.5367191Z dart:async/zone.dart 1225:7                      _CustomZone.runGuarded
build-and-test	Run flutter test --coverage	2025-07-30T14:29:17.5367659Z dart:async/zone.dart 1265:23                     _CustomZone.bindCallbackGuarded.<fn>
build-and-test	Run flutter test --coverage	2025-07-30T14:29:17.5368113Z dart:async/schedule_microtask.dart 40:21         _microtaskLoop
build-and-test	Run flutter test --coverage	2025-07-30T14:29:17.5368553Z dart:async/schedule_microtask.dart 49:5          _startMicrotaskLoop
build-and-test	Run flutter test --coverage	2025-07-30T14:29:17.5369068Z dart:isolate-patch/isolate_patch.dart 118:13     _runPendingImmediateCallback
build-and-test	Run flutter test --coverage	2025-07-30T14:29:17.5369626Z dart:isolate-patch/isolate_patch.dart 185:5      _RawReceivePort._handleMessage
build-and-test	Run flutter test --coverage	2025-07-30T14:29:17.5370511Z ##[endgroup]
build-and-test	Run flutter test --coverage	2025-07-30T14:29:18.8998448Z test/firebase_test_helper.dart:11:48: Error: Type 'FirebaseAuth' not found.
build-and-test	Run flutter test --coverage	2025-07-30T14:29:18.8999635Z class MockFirebaseAuth extends Mock implements FirebaseAuth {}
build-and-test	Run flutter test --coverage	2025-07-30T14:29:18.9000411Z                                                ^^^^^^^^^^^^
build-and-test	Run flutter test --coverage	2025-07-30T14:29:18.9001127Z test/firebase_test_helper.dart:13:40: Error: Type 'User' not found.
build-and-test	Run flutter test --coverage	2025-07-30T14:29:18.9001940Z class MockUser extends Mock implements User {}
build-and-test	Run flutter test --coverage	2025-07-30T14:29:18.9002420Z                                        ^^^^
build-and-test	Run flutter test --coverage	2025-07-30T14:29:18.9003052Z test/firebase_test_helper.dart:15:50: Error: Type 'UserCredential' not found.
build-and-test	Run flutter test --coverage	2025-07-30T14:29:18.9003909Z class MockUserCredential extends Mock implements UserCredential {}
build-and-test	Run flutter test --coverage	2025-07-30T14:29:18.9004552Z                                                  ^^^^^^^^^^^^^^
build-and-test	Run flutter test --coverage	2025-07-30T14:29:19.0509583Z test/models/user_profile_test.dart:22:7: Error: Setter not found: 'json'.
build-and-test	Run flutter test --coverage	2025-07-30T14:29:19.0510503Z       json = profile.toJson();
build-and-test	Run flutter test --coverage	2025-07-30T14:29:19.0511004Z       ^^^^
build-and-test	Run flutter test --coverage	2025-07-30T14:29:19.0511727Z test/models/user_profile_test.dart:23:35: Error: Undefined name 'json'.
build-and-test	Run flutter test --coverage	2025-07-30T14:29:19.0512424Z       copy = UserProfile.fromJson(json);
build-and-test	Run flutter test --coverage	2025-07-30T14:29:19.0512818Z                                   ^^^^
build-and-test	Run flutter test --coverage	2025-07-30T14:29:19.0513761Z test/models/user_profile_test.dart:23:7: Error: Setter not found: 'copy'.
build-and-test	Run flutter test --coverage	2025-07-30T14:29:19.0516123Z       copy = UserProfile.fromJson(json);
build-and-test	Run flutter test --coverage	2025-07-30T14:29:19.0517020Z       ^^^^
build-and-test	Run flutter test --coverage	2025-07-30T14:29:19.0517550Z test/models/user_profile_test.dart:25:14: Error: Undefined name 'copy'.
build-and-test	Run flutter test --coverage	2025-07-30T14:29:19.0518209Z       expect(copy.id, profile.id);
build-and-test	Run flutter test --coverage	2025-07-30T14:29:19.0518605Z              ^^^^
build-and-test	Run flutter test --coverage	2025-07-30T14:29:19.0519120Z test/models/user_profile_test.dart:26:14: Error: Undefined name 'copy'.
build-and-test	Run flutter test --coverage	2025-07-30T14:29:19.0519779Z       expect(copy.name, profile.name);
build-and-test	Run flutter test --coverage	2025-07-30T14:29:19.0520194Z              ^^^^
build-and-test	Run flutter test --coverage	2025-07-30T14:29:19.0520697Z test/models/user_profile_test.dart:27:14: Error: Undefined name 'copy'.
build-and-test	Run flutter test --coverage	2025-07-30T14:29:19.0521361Z       expect(copy.email, profile.email);
build-and-test	Run flutter test --coverage	2025-07-30T14:29:19.0522016Z              ^^^^
build-and-test	Run flutter test --coverage	2025-07-30T14:29:19.0522469Z test/models/user_profile_test.dart:28:14: Error: Undefined name 'copy'.
build-and-test	Run flutter test --coverage	2025-07-30T14:29:19.0523064Z       expect(copy.phone, profile.phone);
build-and-test	Run flutter test --coverage	2025-07-30T14:29:19.0523470Z              ^^^^
build-and-test	Run flutter test --coverage	2025-07-30T14:29:19.0523925Z test/models/user_profile_test.dart:29:14: Error: Undefined name 'copy'.
build-and-test	Run flutter test --coverage	2025-07-30T14:29:19.0524534Z       expect(copy.photoUrl, profile.photoUrl);
build-and-test	Run flutter test --coverage	2025-07-30T14:29:19.0524938Z              ^^^^
build-and-test	Run flutter test --coverage	2025-07-30T14:29:19.0525398Z test/models/user_profile_test.dart:30:14: Error: Undefined name 'copy'.
build-and-test	Run flutter test --coverage	2025-07-30T14:29:19.0525973Z       expect(copy.isAdminFreeAccess, profile.isAdminFreeAccess);
build-and-test	Run flutter test --coverage	2025-07-30T14:29:19.0526533Z              ^^^^
build-and-test	Run flutter test --coverage	2025-07-30T14:29:19.0527688Z test/firebase_test_helper.dart:78:25: Error: The getter 'uid' isn't defined for the class 'MockUser'.
build-and-test	Run flutter test --coverage	2025-07-30T14:29:19.0528676Z  - 'MockUser' is from 'test/firebase_test_helper.dart'.
build-and-test	Run flutter test --coverage	2025-07-30T14:29:19.0529740Z Try correcting the name to the name of an existing getter, or defining a getter or field named 'uid'.
build-and-test	Run flutter test --coverage	2025-07-30T14:29:19.0530692Z     when(() => mockUser.uid).thenReturn('test-user-id');
build-and-test	Run flutter test --coverage	2025-07-30T14:29:19.0531319Z                         ^^^
build-and-test	Run flutter test --coverage	2025-07-30T14:29:19.0532270Z test/firebase_test_helper.dart:79:25: Error: The getter 'email' isn't defined for the class 'MockUser'.
build-and-test	Run flutter test --coverage	2025-07-30T14:29:19.0533120Z  - 'MockUser' is from 'test/firebase_test_helper.dart'.
build-and-test	Run flutter test --coverage	2025-07-30T14:29:19.0533926Z Try correcting the name to the name of an existing getter, or defining a getter or field named 'email'.
build-and-test	Run flutter test --coverage	2025-07-30T14:29:19.0534782Z     when(() => mockUser.email).thenReturn('test@example.com');
build-and-test	Run flutter test --coverage	2025-07-30T14:29:19.0535321Z                         ^^^^^
build-and-test	Run flutter test --coverage	2025-07-30T14:29:19.0536058Z test/firebase_test_helper.dart:80:25: Error: The getter 'displayName' isn't defined for the class 'MockUser'.
build-and-test	Run flutter test --coverage	2025-07-30T14:29:19.0536939Z  - 'MockUser' is from 'test/firebase_test_helper.dart'.
build-and-test	Run flutter test --coverage	2025-07-30T14:29:19.0538112Z Try correcting the name to the name of an existing getter, or defining a getter or field named 'displayName'.
build-and-test	Run flutter test --coverage	2025-07-30T14:29:19.0538994Z     when(() => mockUser.displayName).thenReturn('Test User');
build-and-test	Run flutter test --coverage	2025-07-30T14:29:19.0539518Z                         ^^^^^^^^^^^
build-and-test	Run flutter test --coverage	2025-07-30T14:29:19.0540265Z test/firebase_test_helper.dart:81:25: Error: The getter 'photoURL' isn't defined for the class 'MockUser'.
build-and-test	Run flutter test --coverage	2025-07-30T14:29:19.0541141Z  - 'MockUser' is from 'test/firebase_test_helper.dart'.
build-and-test	Run flutter test --coverage	2025-07-30T14:29:19.0542311Z Try correcting the name to the name of an existing getter, or defining a getter or field named 'photoURL'.
build-and-test	Run flutter test --coverage	2025-07-30T14:29:19.0543289Z     when(() => mockUser.photoURL).thenReturn('https://example.com/photo.jpg');
build-and-test	Run flutter test --coverage	2025-07-30T14:29:19.0543916Z                         ^^^^^^^^
build-and-test	Run flutter test --coverage	2025-07-30T14:29:19.0544670Z test/firebase_test_helper.dart:82:25: Error: The getter 'isAnonymous' isn't defined for the class 'MockUser'.
build-and-test	Run flutter test --coverage	2025-07-30T14:29:19.0545554Z  - 'MockUser' is from 'test/firebase_test_helper.dart'.
build-and-test	Run flutter test --coverage	2025-07-30T14:29:19.0546399Z Try correcting the name to the name of an existing getter, or defining a getter or field named 'isAnonymous'.
build-and-test	Run flutter test --coverage	2025-07-30T14:29:19.0547259Z     when(() => mockUser.isAnonymous).thenReturn(false);
build-and-test	Run flutter test --coverage	2025-07-30T14:29:19.0547734Z                         ^^^^^^^^^^^
build-and-test	Run flutter test --coverage	2025-07-30T14:29:19.0548820Z test/firebase_test_helper.dart:83:25: Error: The getter 'emailVerified' isn't defined for the class 'MockUser'.
build-and-test	Run flutter test --coverage	2025-07-30T14:29:19.0549707Z  - 'MockUser' is from 'test/firebase_test_helper.dart'.
build-and-test	Run flutter test --coverage	2025-07-30T14:29:19.0550558Z Try correcting the name to the name of an existing getter, or defining a getter or field named 'emailVerified'.
build-and-test	Run flutter test --coverage	2025-07-30T14:29:19.0551416Z     when(() => mockUser.emailVerified).thenReturn(true);
build-and-test	Run flutter test --coverage	2025-07-30T14:29:19.0552111Z                         ^^^^^^^^^^^^^
build-and-test	Run flutter test --coverage	2025-07-30T14:29:19.0552869Z test/firebase_test_helper.dart:86:35: Error: The getter 'user' isn't defined for the class 'MockUserCredential'.
build-and-test	Run flutter test --coverage	2025-07-30T14:29:19.0553840Z  - 'MockUserCredential' is from 'test/firebase_test_helper.dart'.
build-and-test	Run flutter test --coverage	2025-07-30T14:29:19.0554727Z Try correcting the name to the name of an existing getter, or defining a getter or field named 'user'.
build-and-test	Run flutter test --coverage	2025-07-30T14:29:19.0555572Z     when(() => mockUserCredential.user).thenReturn(mockUser);
build-and-test	Run flutter test --coverage	2025-07-30T14:29:19.0556085Z                                   ^^^^
build-and-test	Run flutter test --coverage	2025-07-30T14:29:19.0556898Z test/firebase_test_helper.dart:89:25: Error: The getter 'currentUser' isn't defined for the class 'MockFirebaseAuth'.
build-and-test	Run flutter test --coverage	2025-07-30T14:29:19.0557585Z  - 'MockFirebaseAuth' is from 'test/firebase_test_helper.dart'.
build-and-test	Run flutter test --coverage	2025-07-30T14:29:19.0558092Z Try correcting the name to the name of an existing getter, or defining a getter or field named 'currentUser'.
build-and-test	Run flutter test --coverage	2025-07-30T14:29:19.0558562Z     when(() => mockAuth.currentUser).thenReturn(mockUser);
build-and-test	Run flutter test --coverage	2025-07-30T14:29:19.0558835Z                         ^^^^^^^^^^^
build-and-test	Run flutter test --coverage	2025-07-30T14:29:19.0559283Z test/firebase_test_helper.dart:90:25: Error: The method 'authStateChanges' isn't defined for the class 'MockFirebaseAuth'.
build-and-test	Run flutter test --coverage	2025-07-30T14:29:19.0559839Z  - 'MockFirebaseAuth' is from 'test/firebase_test_helper.dart'.
build-and-test	Run flutter test --coverage	2025-07-30T14:29:19.0560322Z Try correcting the name to the name of an existing method, or defining a method named 'authStateChanges'.
build-and-test	Run flutter test --coverage	2025-07-30T14:29:19.0560766Z     when(() => mockAuth.authStateChanges())
build-and-test	Run flutter test --coverage	2025-07-30T14:29:19.0561032Z                         ^^^^^^^^^^^^^^^^
build-and-test	Run flutter test --coverage	2025-07-30T14:29:19.0561469Z test/firebase_test_helper.dart:92:25: Error: The method 'userChanges' isn't defined for the class 'MockFirebaseAuth'.
build-and-test	Run flutter test --coverage	2025-07-30T14:29:19.0562311Z  - 'MockFirebaseAuth' is from 'test/firebase_test_helper.dart'.
build-and-test	Run flutter test --coverage	2025-07-30T14:29:19.0562780Z Try correcting the name to the name of an existing method, or defining a method named 'userChanges'.
build-and-test	Run flutter test --coverage	2025-07-30T14:29:19.0563192Z     when(() => mockAuth.userChanges())
build-and-test	Run flutter test --coverage	2025-07-30T14:29:19.0563423Z                         ^^^^^^^^^^^
build-and-test	Run flutter test --coverage	2025-07-30T14:29:19.0563917Z test/firebase_test_helper.dart:94:25: Error: The method 'signInWithEmailAndPassword' isn't defined for the class 'MockFirebaseAuth'.
build-and-test	Run flutter test --coverage	2025-07-30T14:29:19.0564679Z  - 'MockFirebaseAuth' is from 'test/firebase_test_helper.dart'.
build-and-test	Run flutter test --coverage	2025-07-30T14:29:19.0565190Z Try correcting the name to the name of an existing method, or defining a method named 'signInWithEmailAndPassword'.
build-and-test	Run flutter test --coverage	2025-07-30T14:29:19.0565702Z     when(() => mockAuth.signInWithEmailAndPassword(any(), any()))
build-and-test	Run flutter test --coverage	2025-07-30T14:29:19.0566004Z                         ^^^^^^^^^^^^^^^^^^^^^^^^^^
build-and-test	Run flutter test --coverage	2025-07-30T14:29:19.0566531Z test/firebase_test_helper.dart:96:25: Error: The method 'createUserWithEmailAndPassword' isn't defined for the class 'MockFirebaseAuth'.
build-and-test	Run flutter test --coverage	2025-07-30T14:29:19.0567124Z  - 'MockFirebaseAuth' is from 'test/firebase_test_helper.dart'.
build-and-test	Run flutter test --coverage	2025-07-30T14:29:19.0567640Z Try correcting the name to the name of an existing method, or defining a method named 'createUserWithEmailAndPassword'.
build-and-test	Run flutter test --coverage	2025-07-30T14:29:19.0568178Z     when(() => mockAuth.createUserWithEmailAndPassword(any(), any()))
build-and-test	Run flutter test --coverage	2025-07-30T14:29:19.0568491Z                         ^^^^^^^^^^^^^^^^^^^^^^^^^^^^^^
build-and-test	Run flutter test --coverage	2025-07-30T14:29:19.0568931Z test/firebase_test_helper.dart:98:25: Error: The method 'signOut' isn't defined for the class 'MockFirebaseAuth'.
build-and-test	Run flutter test --coverage	2025-07-30T14:29:19.0569432Z  - 'MockFirebaseAuth' is from 'test/firebase_test_helper.dart'.
build-and-test	Run flutter test --coverage	2025-07-30T14:29:19.0569877Z Try correcting the name to the name of an existing method, or defining a method named 'signOut'.
build-and-test	Run flutter test --coverage	2025-07-30T14:29:19.0570461Z     when(() => mockAuth.signOut()).thenAnswer((_) async {});
build-and-test	Run flutter test --coverage	2025-07-30T14:29:19.0570728Z                         ^^^^^^^
build-and-test	Run flutter test --coverage	2025-07-30T14:29:19.0571334Z test/firebase_test_helper.dart:108:60: Error: The argument type 'MockCollectionReference' can't be assigned to the parameter type 'CollectionReference<Map<String, dynamic>>'.
build-and-test	Run flutter test --coverage	2025-07-30T14:29:19.0572202Z  - 'MockCollectionReference' is from 'test/firebase_test_helper.dart'.
build-and-test	Run flutter test --coverage	2025-07-30T14:29:19.0572909Z  - 'CollectionReference' is from 'package:cloud_firestore/cloud_firestore.dart' ('../../../.pub-cache/hosted/pub.dev/cloud_firestore-5.6.11/lib/cloud_firestore.dart').
build-and-test	Run flutter test --coverage	2025-07-30T14:29:19.0573527Z  - 'Map' is from 'dart:core'.
build-and-test	Run flutter test --coverage	2025-07-30T14:29:19.0573846Z     when(() => mockFirestore.collection(any())).thenReturn(mockCollection);
build-and-test	Run flutter test --coverage	2025-07-30T14:29:19.0574186Z                                                            ^
build-and-test	Run flutter test --coverage	2025-07-30T14:29:19.0574763Z test/firebase_test_helper.dart:132:52: Error: A value of type 'MockDocumentSnapshot' can't be assigned to a variable of type 'QueryDocumentSnapshot<Object?>'.
build-and-test	Run flutter test --coverage	2025-07-30T14:29:19.0575422Z  - 'MockDocumentSnapshot' is from 'test/firebase_test_helper.dart'.
build-and-test	Run flutter test --coverage	2025-07-30T14:29:19.0576127Z  - 'QueryDocumentSnapshot' is from 'package:cloud_firestore/cloud_firestore.dart' ('../../../.pub-cache/hosted/pub.dev/cloud_firestore-5.6.11/lib/cloud_firestore.dart').
build-and-test	Run flutter test --coverage	2025-07-30T14:29:19.0576743Z  - 'Object' is from 'dart:core'.
build-and-test	Run flutter test --coverage	2025-07-30T14:29:19.0577062Z     when(() => mockQuerySnapshot.docs).thenReturn([mockDocumentSnapshot]);
build-and-test	Run flutter test --coverage	2025-07-30T14:29:19.0577393Z                                                    ^
build-and-test	Run flutter test --coverage	2025-07-30T14:29:19.6921438Z ##[group]❌ loading /home/runner/work/appoint/appoint/test/models/user_profile_test.dart (failed)
build-and-test	Run flutter test --coverage	2025-07-30T14:29:19.6923775Z Failed to load "/home/runner/work/appoint/appoint/test/models/user_profile_test.dart": Compilation failed for testPath=/home/runner/work/appoint/appoint/test/models/user_profile_test.dart
build-and-test	Run flutter test --coverage	2025-07-30T14:29:19.6924993Z 
build-and-test	Run flutter test --coverage	2025-07-30T14:29:19.6925684Z ##[endgroup]
build-and-test	Run flutter test --coverage	2025-07-30T14:29:19.7193021Z ##[group]❌ loading /home/runner/work/appoint/appoint/test/widgets/login_screen_test.dart (failed after test completion)
build-and-test	Run flutter test --coverage	2025-07-30T14:29:19.7193629Z Error: the Dart compiler exited unexpectedly.
build-and-test	Run flutter test --coverage	2025-07-30T14:29:19.7195880Z package:flutter_tools/src/base/common.dart 10:3  throwToolExit
build-and-test	Run flutter test --coverage	2025-07-30T14:29:19.7196641Z package:flutter_tools/src/compile.dart 893:9     DefaultResidentCompiler._compile.<fn>
build-and-test	Run flutter test --coverage	2025-07-30T14:29:19.7197086Z dart:async/zone.dart 1422:47                     _rootRunUnary
build-and-test	Run flutter test --coverage	2025-07-30T14:29:19.7197525Z dart:async/future_impl.dart 902:45               Future._propagateToListeners.handleValueCallback
build-and-test	Run flutter test --coverage	2025-07-30T14:29:19.7198012Z dart:async/future_impl.dart 931:13               Future._propagateToListeners
build-and-test	Run flutter test --coverage	2025-07-30T14:29:19.7198788Z dart:async/future_impl.dart 827:9                Future._propagateToListeners
build-and-test	Run flutter test --coverage	2025-07-30T14:29:19.7199212Z dart:async/future_impl.dart 707:5                Future._completeWithValue
build-and-test	Run flutter test --coverage	2025-07-30T14:29:19.7199671Z dart:async/future_impl.dart 777:7                Future._asyncCompleteWithValue.<fn>
build-and-test	Run flutter test --coverage	2025-07-30T14:29:19.7200068Z dart:async/zone.dart 1414:13                     _rootRun
build-and-test	Run flutter test --coverage	2025-07-30T14:29:19.7200400Z dart:async/zone.dart 1317:19                     _CustomZone.run
build-and-test	Run flutter test --coverage	2025-07-30T14:29:19.7200775Z dart:async/zone.dart 1225:7                      _CustomZone.runGuarded
build-and-test	Run flutter test --coverage	2025-07-30T14:29:19.7201178Z dart:async/zone.dart 1265:23                     _CustomZone.bindCallbackGuarded.<fn>
build-and-test	Run flutter test --coverage	2025-07-30T14:29:19.7201908Z dart:async/schedule_microtask.dart 40:21         _microtaskLoop
build-and-test	Run flutter test --coverage	2025-07-30T14:29:19.7202324Z dart:async/schedule_microtask.dart 49:5          _startMicrotaskLoop
build-and-test	Run flutter test --coverage	2025-07-30T14:29:19.7202784Z dart:isolate-patch/isolate_patch.dart 118:13     _runPendingImmediateCallback
build-and-test	Run flutter test --coverage	2025-07-30T14:29:19.7203279Z dart:isolate-patch/isolate_patch.dart 185:5      _RawReceivePort._handleMessage
build-and-test	Run flutter test --coverage	2025-07-30T14:29:19.7203797Z ##[endgroup]
build-and-test	Run flutter test --coverage	2025-07-30T14:29:21.5146014Z test/firebase_test_helper.dart:11:48: Error: Type 'FirebaseAuth' not found.
build-and-test	Run flutter test --coverage	2025-07-30T14:29:21.5149774Z class MockFirebaseAuth extends Mock implements FirebaseAuth {}
build-and-test	Run flutter test --coverage	2025-07-30T14:29:21.5153080Z                                                ^^^^^^^^^^^^
build-and-test	Run flutter test --coverage	2025-07-30T14:29:21.5156434Z test/firebase_test_helper.dart:13:40: Error: Type 'User' not found.
build-and-test	Run flutter test --coverage	2025-07-30T14:29:21.5159370Z class MockUser extends Mock implements User {}
build-and-test	Run flutter test --coverage	2025-07-30T14:29:21.5161412Z                                        ^^^^
build-and-test	Run flutter test --coverage	2025-07-30T14:29:21.5164544Z test/firebase_test_helper.dart:15:50: Error: Type 'UserCredential' not found.
build-and-test	Run flutter test --coverage	2025-07-30T14:29:21.5165533Z class MockUserCredential extends Mock implements UserCredential {}
build-and-test	Run flutter test --coverage	2025-07-30T14:29:21.5167521Z                                                  ^^^^^^^^^^^^^^
build-and-test	Run flutter test --coverage	2025-07-30T14:29:21.6588345Z test/firebase_test_helper.dart:78:25: Error: The getter 'uid' isn't defined for the class 'MockUser'.
build-and-test	Run flutter test --coverage	2025-07-30T14:29:21.6596881Z  - 'MockUser' is from 'test/firebase_test_helper.dart'.
build-and-test	Run flutter test --coverage	2025-07-30T14:29:21.6597747Z Try correcting the name to the name of an existing getter, or defining a getter or field named 'uid'.
build-and-test	Run flutter test --coverage	2025-07-30T14:29:21.6598637Z     when(() => mockUser.uid).thenReturn('test-user-id');
build-and-test	Run flutter test --coverage	2025-07-30T14:29:21.6599137Z                         ^^^
build-and-test	Run flutter test --coverage	2025-07-30T14:29:21.6599853Z test/firebase_test_helper.dart:79:25: Error: The getter 'email' isn't defined for the class 'MockUser'.
build-and-test	Run flutter test --coverage	2025-07-30T14:29:21.6600720Z  - 'MockUser' is from 'test/firebase_test_helper.dart'.
build-and-test	Run flutter test --coverage	2025-07-30T14:29:21.6602078Z Try correcting the name to the name of an existing getter, or defining a getter or field named 'email'.
build-and-test	Run flutter test --coverage	2025-07-30T14:29:21.6603003Z     when(() => mockUser.email).thenReturn('test@example.com');
build-and-test	Run flutter test --coverage	2025-07-30T14:29:21.6603532Z                         ^^^^^
build-and-test	Run flutter test --coverage	2025-07-30T14:29:21.6604309Z test/firebase_test_helper.dart:80:25: Error: The getter 'displayName' isn't defined for the class 'MockUser'.
build-and-test	Run flutter test --coverage	2025-07-30T14:29:21.6605197Z  - 'MockUser' is from 'test/firebase_test_helper.dart'.
build-and-test	Run flutter test --coverage	2025-07-30T14:29:21.6606057Z Try correcting the name to the name of an existing getter, or defining a getter or field named 'displayName'.
build-and-test	Run flutter test --coverage	2025-07-30T14:29:21.6606939Z     when(() => mockUser.displayName).thenReturn('Test User');
build-and-test	Run flutter test --coverage	2025-07-30T14:29:21.6607449Z                         ^^^^^^^^^^^
build-and-test	Run flutter test --coverage	2025-07-30T14:29:21.6608164Z test/firebase_test_helper.dart:81:25: Error: The getter 'photoURL' isn't defined for the class 'MockUser'.
build-and-test	Run flutter test --coverage	2025-07-30T14:29:21.6608986Z  - 'MockUser' is from 'test/firebase_test_helper.dart'.
build-and-test	Run flutter test --coverage	2025-07-30T14:29:21.6609814Z Try correcting the name to the name of an existing getter, or defining a getter or field named 'photoURL'.
build-and-test	Run flutter test --coverage	2025-07-30T14:29:21.6610781Z     when(() => mockUser.photoURL).thenReturn('https://example.com/photo.jpg');
build-and-test	Run flutter test --coverage	2025-07-30T14:29:21.6611394Z                         ^^^^^^^^
build-and-test	Run flutter test --coverage	2025-07-30T14:29:21.6612696Z test/firebase_test_helper.dart:82:25: Error: The getter 'isAnonymous' isn't defined for the class 'MockUser'.
build-and-test	Run flutter test --coverage	2025-07-30T14:29:21.6613546Z  - 'MockUser' is from 'test/firebase_test_helper.dart'.
build-and-test	Run flutter test --coverage	2025-07-30T14:29:21.6614374Z Try correcting the name to the name of an existing getter, or defining a getter or field named 'isAnonymous'.
build-and-test	Run flutter test --coverage	2025-07-30T14:29:21.6615214Z     when(() => mockUser.isAnonymous).thenReturn(false);
build-and-test	Run flutter test --coverage	2025-07-30T14:29:21.6615678Z                         ^^^^^^^^^^^
build-and-test	Run flutter test --coverage	2025-07-30T14:29:21.6617215Z test/firebase_test_helper.dart:83:25: Error: The getter 'emailVerified' isn't defined for the class 'MockUser'.
build-and-test	Run flutter test --coverage	2025-07-30T14:29:21.6630722Z  - 'MockUser' is from 'test/firebase_test_helper.dart'.
build-and-test	Run flutter test --coverage	2025-07-30T14:29:21.6632116Z Try correcting the name to the name of an existing getter, or defining a getter or field named 'emailVerified'.
build-and-test	Run flutter test --coverage	2025-07-30T14:29:21.6633269Z     when(() => mockUser.emailVerified).thenReturn(true);
build-and-test	Run flutter test --coverage	2025-07-30T14:29:21.6634965Z                         ^^^^^^^^^^^^^
build-and-test	Run flutter test --coverage	2025-07-30T14:29:21.6635778Z test/firebase_test_helper.dart:86:35: Error: The getter 'user' isn't defined for the class 'MockUserCredential'.
build-and-test	Run flutter test --coverage	2025-07-30T14:29:21.6636764Z  - 'MockUserCredential' is from 'test/firebase_test_helper.dart'.
build-and-test	Run flutter test --coverage	2025-07-30T14:29:21.6637681Z Try correcting the name to the name of an existing getter, or defining a getter or field named 'user'.
build-and-test	Run flutter test --coverage	2025-07-30T14:29:21.6638843Z     when(() => mockUserCredential.user).thenReturn(mockUser);
build-and-test	Run flutter test --coverage	2025-07-30T14:29:21.6639373Z                                   ^^^^
build-and-test	Run flutter test --coverage	2025-07-30T14:29:21.6640201Z test/firebase_test_helper.dart:89:25: Error: The getter 'currentUser' isn't defined for the class 'MockFirebaseAuth'.
build-and-test	Run flutter test --coverage	2025-07-30T14:29:21.6641213Z  - 'MockFirebaseAuth' is from 'test/firebase_test_helper.dart'.
build-and-test	Run flutter test --coverage	2025-07-30T14:29:21.6642323Z Try correcting the name to the name of an existing getter, or defining a getter or field named 'currentUser'.
build-and-test	Run flutter test --coverage	2025-07-30T14:29:21.6643168Z     when(() => mockAuth.currentUser).thenReturn(mockUser);
build-and-test	Run flutter test --coverage	2025-07-30T14:29:21.6643657Z                         ^^^^^^^^^^^
build-and-test	Run flutter test --coverage	2025-07-30T14:29:21.6644512Z test/firebase_test_helper.dart:90:25: Error: The method 'authStateChanges' isn't defined for the class 'MockFirebaseAuth'.
build-and-test	Run flutter test --coverage	2025-07-30T14:29:21.6645559Z  - 'MockFirebaseAuth' is from 'test/firebase_test_helper.dart'.
build-and-test	Run flutter test --coverage	2025-07-30T14:29:21.6646489Z Try correcting the name to the name of an existing method, or defining a method named 'authStateChanges'.
build-and-test	Run flutter test --coverage	2025-07-30T14:29:21.6647304Z     when(() => mockAuth.authStateChanges())
build-and-test	Run flutter test --coverage	2025-07-30T14:29:21.6647755Z                         ^^^^^^^^^^^^^^^^
build-and-test	Run flutter test --coverage	2025-07-30T14:29:21.6648586Z test/firebase_test_helper.dart:92:25: Error: The method 'userChanges' isn't defined for the class 'MockFirebaseAuth'.
build-and-test	Run flutter test --coverage	2025-07-30T14:29:21.6649557Z  - 'MockFirebaseAuth' is from 'test/firebase_test_helper.dart'.
build-and-test	Run flutter test --coverage	2025-07-30T14:29:21.6650409Z Try correcting the name to the name of an existing method, or defining a method named 'userChanges'.
build-and-test	Run flutter test --coverage	2025-07-30T14:29:21.6651153Z     when(() => mockAuth.userChanges())
build-and-test	Run flutter test --coverage	2025-07-30T14:29:21.6651764Z                         ^^^^^^^^^^^
build-and-test	Run flutter test --coverage	2025-07-30T14:29:21.6652663Z test/firebase_test_helper.dart:94:25: Error: The method 'signInWithEmailAndPassword' isn't defined for the class 'MockFirebaseAuth'.
build-and-test	Run flutter test --coverage	2025-07-30T14:29:21.6653751Z  - 'MockFirebaseAuth' is from 'test/firebase_test_helper.dart'.
build-and-test	Run flutter test --coverage	2025-07-30T14:29:21.6654730Z Try correcting the name to the name of an existing method, or defining a method named 'signInWithEmailAndPassword'.
build-and-test	Run flutter test --coverage	2025-07-30T14:29:21.6655702Z     when(() => mockAuth.signInWithEmailAndPassword(any(), any()))
build-and-test	Run flutter test --coverage	2025-07-30T14:29:21.6656273Z                         ^^^^^^^^^^^^^^^^^^^^^^^^^^
build-and-test	Run flutter test --coverage	2025-07-30T14:29:21.6657191Z test/firebase_test_helper.dart:96:25: Error: The method 'createUserWithEmailAndPassword' isn't defined for the class 'MockFirebaseAuth'.
build-and-test	Run flutter test --coverage	2025-07-30T14:29:21.6658297Z  - 'MockFirebaseAuth' is from 'test/firebase_test_helper.dart'.
build-and-test	Run flutter test --coverage	2025-07-30T14:29:21.6659294Z Try correcting the name to the name of an existing method, or defining a method named 'createUserWithEmailAndPassword'.
build-and-test	Run flutter test --coverage	2025-07-30T14:29:21.6660584Z     when(() => mockAuth.createUserWithEmailAndPassword(any(), any()))
build-and-test	Run flutter test --coverage	2025-07-30T14:29:21.6661179Z                         ^^^^^^^^^^^^^^^^^^^^^^^^^^^^^^
build-and-test	Run flutter test --coverage	2025-07-30T14:29:21.6662205Z test/firebase_test_helper.dart:98:25: Error: The method 'signOut' isn't defined for the class 'MockFirebaseAuth'.
build-and-test	Run flutter test --coverage	2025-07-30T14:29:21.6663166Z  - 'MockFirebaseAuth' is from 'test/firebase_test_helper.dart'.
build-and-test	Run flutter test --coverage	2025-07-30T14:29:21.6664011Z Try correcting the name to the name of an existing method, or defining a method named 'signOut'.
build-and-test	Run flutter test --coverage	2025-07-30T14:29:21.6664822Z     when(() => mockAuth.signOut()).thenAnswer((_) async {});
build-and-test	Run flutter test --coverage	2025-07-30T14:29:21.6665317Z                         ^^^^^^^
build-and-test	Run flutter test --coverage	2025-07-30T14:29:21.6666420Z test/firebase_test_helper.dart:108:60: Error: The argument type 'MockCollectionReference' can't be assigned to the parameter type 'CollectionReference<Map<String, dynamic>>'.
build-and-test	Run flutter test --coverage	2025-07-30T14:29:21.6667806Z  - 'MockCollectionReference' is from 'test/firebase_test_helper.dart'.
build-and-test	Run flutter test --coverage	2025-07-30T14:29:21.6669153Z  - 'CollectionReference' is from 'package:cloud_firestore/cloud_firestore.dart' ('../../../.pub-cache/hosted/pub.dev/cloud_firestore-5.6.11/lib/cloud_firestore.dart').
build-and-test	Run flutter test --coverage	2025-07-30T14:29:21.6670306Z  - 'Map' is from 'dart:core'.
build-and-test	Run flutter test --coverage	2025-07-30T14:29:21.6670892Z     when(() => mockFirestore.collection(any())).thenReturn(mockCollection);
build-and-test	Run flutter test --coverage	2025-07-30T14:29:21.6672002Z                                                            ^
build-and-test	Run flutter test --coverage	2025-07-30T14:29:21.6673109Z test/firebase_test_helper.dart:132:52: Error: A value of type 'MockDocumentSnapshot' can't be assigned to a variable of type 'QueryDocumentSnapshot<Object?>'.
build-and-test	Run flutter test --coverage	2025-07-30T14:29:21.6674369Z  - 'MockDocumentSnapshot' is from 'test/firebase_test_helper.dart'.
build-and-test	Run flutter test --coverage	2025-07-30T14:29:21.6675716Z  - 'QueryDocumentSnapshot' is from 'package:cloud_firestore/cloud_firestore.dart' ('../../../.pub-cache/hosted/pub.dev/cloud_firestore-5.6.11/lib/cloud_firestore.dart').
build-and-test	Run flutter test --coverage	2025-07-30T14:29:21.6676921Z  - 'Object' is from 'dart:core'.
build-and-test	Run flutter test --coverage	2025-07-30T14:29:21.6677519Z     when(() => mockQuerySnapshot.docs).thenReturn([mockDocumentSnapshot]);
build-and-test	Run flutter test --coverage	2025-07-30T14:29:21.6678171Z                                                    ^
build-and-test	Run flutter test --coverage	2025-07-30T14:29:21.7693596Z ✅ /home/runner/work/appoint/appoint/test/models/meeting_test.dart: Meeting Type Logic Tests Meeting with 1 participant (2 total) should be personal meeting
build-and-test	Run flutter test --coverage	2025-07-30T14:29:21.7718231Z ✅ /home/runner/work/appoint/appoint/test/models/meeting_test.dart: Meeting Type Logic Tests Meeting with 2 participants (3 total) should be personal meeting
build-and-test	Run flutter test --coverage	2025-07-30T14:29:21.7741005Z ✅ /home/runner/work/appoint/appoint/test/models/meeting_test.dart: Meeting Type Logic Tests Meeting with 3 participants (4 total) should be event
build-and-test	Run flutter test --coverage	2025-07-30T14:29:21.7765146Z ✅ /home/runner/work/appoint/appoint/test/models/meeting_test.dart: Meeting Type Logic Tests Meeting with many participants should be event
build-and-test	Run flutter test --coverage	2025-07-30T14:29:21.7791379Z ✅ /home/runner/work/appoint/appoint/test/models/meeting_test.dart: Meeting Validation Tests Meeting with no participants should fail validation
build-and-test	Run flutter test --coverage	2025-07-30T14:29:21.7813471Z ✅ /home/runner/work/appoint/appoint/test/models/meeting_test.dart: Meeting Validation Tests Meeting with participants should pass validation
build-and-test	Run flutter test --coverage	2025-07-30T14:29:21.7841440Z ✅ /home/runner/work/appoint/appoint/test/models/meeting_test.dart: Participant Role Tests Organizer should be identified correctly
build-and-test	Run flutter test --coverage	2025-07-30T14:29:21.7871303Z ✅ /home/runner/work/appoint/appoint/test/models/meeting_test.dart: Participant Role Tests Admin roles should be identified correctly
build-and-test	Run flutter test --coverage	2025-07-30T14:29:21.7894203Z ✅ /home/runner/work/appoint/appoint/test/models/meeting_test.dart: Participant Role Tests Event feature access should work correctly
build-and-test	Run flutter test --coverage	2025-07-30T14:29:21.7948334Z ✅ /home/runner/work/appoint/appoint/test/models/meeting_test.dart: Participant Role Tests Personal meeting should not have event feature access
build-and-test	Run flutter test --coverage	2025-07-30T14:29:21.7975443Z ✅ /home/runner/work/appoint/appoint/test/models/meeting_test.dart: Participant Role Tests Get participant by user ID should work
build-and-test	Run flutter test --coverage	2025-07-30T14:29:21.8004188Z ✅ /home/runner/work/appoint/appoint/test/models/meeting_test.dart: Event Features Tests Event should have event features
build-and-test	Run flutter test --coverage	2025-07-30T14:29:21.8025877Z ✅ /home/runner/work/appoint/appoint/test/models/meeting_test.dart: Event Features Tests Personal meeting should not have event features
build-and-test	Run flutter test --coverage	2025-07-30T14:29:21.8051410Z ✅ /home/runner/work/appoint/appoint/test/models/meeting_test.dart: Participant Response Tests Participant response tracking should work
build-and-test	Run flutter test --coverage	2025-07-30T14:29:21.8074083Z ✅ /home/runner/work/appoint/appoint/test/models/meeting_test.dart: Participant Response Tests Default participant values should be correct
build-and-test	Run flutter test --coverage	2025-07-30T14:29:21.8110721Z ✅ /home/runner/work/appoint/appoint/test/models/meeting_test.dart: Meeting Status Tests Meeting status should default to draft
build-and-test	Run flutter test --coverage	2025-07-30T14:29:21.8146853Z ✅ /home/runner/work/appoint/appoint/test/models/meeting_test.dart: Meeting Status Tests Meeting status can be set to different values
build-and-test	Run flutter test --coverage	2025-07-30T14:29:21.8169406Z ✅ /home/runner/work/appoint/appoint/test/models/meeting_test.dart: Meeting Type Threshold Edge Cases Exactly 3 total participants (2 + organizer) should be personal
build-and-test	Run flutter test --coverage	2025-07-30T14:29:21.8188995Z ✅ /home/runner/work/appoint/appoint/test/models/meeting_test.dart: Meeting Type Threshold Edge Cases Exactly 4 total participants (3 + organizer) should be event
build-and-test	Run flutter test --coverage	2025-07-30T14:29:21.8417883Z ✅ /home/runner/work/appoint/appoint/test/models/meeting_test.dart: Meeting Serialization Tests Meeting should serialize and deserialize correctly
build-and-test	Run flutter test --coverage	2025-07-30T14:29:22.3608523Z ##[group]❌ loading /home/runner/work/appoint/appoint/test/widget_test.dart (failed)
build-and-test	Run flutter test --coverage	2025-07-30T14:29:22.3610427Z Failed to load "/home/runner/work/appoint/appoint/test/widget_test.dart": Compilation failed for testPath=/home/runner/work/appoint/appoint/test/widget_test.dart
build-and-test	Run flutter test --coverage	2025-07-30T14:29:22.3611973Z 
build-and-test	Run flutter test --coverage	2025-07-30T14:29:22.3612654Z ##[endgroup]
build-and-test	Run flutter test --coverage	2025-07-30T14:29:22.3918542Z ##[group]❌ loading /home/runner/work/appoint/appoint/test/widgets/login_screen_test.dart (failed after test completion)
build-and-test	Run flutter test --coverage	2025-07-30T14:29:22.3919301Z Error: the Dart compiler exited unexpectedly.
build-and-test	Run flutter test --coverage	2025-07-30T14:29:22.3921051Z package:flutter_tools/src/base/common.dart 10:3  throwToolExit
build-and-test	Run flutter test --coverage	2025-07-30T14:29:22.3921939Z package:flutter_tools/src/compile.dart 893:9     DefaultResidentCompiler._compile.<fn>
build-and-test	Run flutter test --coverage	2025-07-30T14:29:22.3922497Z dart:async/zone.dart 1422:47                     _rootRunUnary
build-and-test	Run flutter test --coverage	2025-07-30T14:29:22.3923059Z dart:async/future_impl.dart 902:45               Future._propagateToListeners.handleValueCallback
build-and-test	Run flutter test --coverage	2025-07-30T14:29:22.3923785Z dart:async/future_impl.dart 931:13               Future._propagateToListeners
build-and-test	Run flutter test --coverage	2025-07-30T14:29:22.3924314Z dart:async/future_impl.dart 827:9                Future._propagateToListeners
build-and-test	Run flutter test --coverage	2025-07-30T14:29:22.3924828Z dart:async/future_impl.dart 707:5                Future._completeWithValue
build-and-test	Run flutter test --coverage	2025-07-30T14:29:22.3925354Z dart:async/future_impl.dart 777:7                Future._asyncCompleteWithValue.<fn>
build-and-test	Run flutter test --coverage	2025-07-30T14:29:22.3925830Z dart:async/zone.dart 1414:13                     _rootRun
build-and-test	Run flutter test --coverage	2025-07-30T14:29:22.3926240Z dart:async/zone.dart 1317:19                     _CustomZone.run
build-and-test	Run flutter test --coverage	2025-07-30T14:29:22.3926694Z dart:async/zone.dart 1225:7                      _CustomZone.runGuarded
build-and-test	Run flutter test --coverage	2025-07-30T14:29:22.3927181Z dart:async/zone.dart 1265:23                     _CustomZone.bindCallbackGuarded.<fn>
build-and-test	Run flutter test --coverage	2025-07-30T14:29:22.3927680Z dart:async/schedule_microtask.dart 40:21         _microtaskLoop
build-and-test	Run flutter test --coverage	2025-07-30T14:29:22.3928150Z dart:async/schedule_microtask.dart 49:5          _startMicrotaskLoop
build-and-test	Run flutter test --coverage	2025-07-30T14:29:22.3928686Z dart:isolate-patch/isolate_patch.dart 118:13     _runPendingImmediateCallback
build-and-test	Run flutter test --coverage	2025-07-30T14:29:22.3929275Z dart:isolate-patch/isolate_patch.dart 185:5      _RawReceivePort._handleMessage
build-and-test	Run flutter test --coverage	2025-07-30T14:29:22.3929932Z ##[endgroup]
build-and-test	Run flutter test --coverage	2025-07-30T14:29:24.3282460Z test/exceptions/booking_conflict_exception_test.dart:7:7: Error: Setter not found: 'localTime'.
build-and-test	Run flutter test --coverage	2025-07-30T14:29:24.3284449Z       localTime = DateTime(2023, 1, 1, 10);
build-and-test	Run flutter test --coverage	2025-07-30T14:29:24.3284888Z       ^^^^^^^^^
build-and-test	Run flutter test --coverage	2025-07-30T14:29:24.3291210Z test/exceptions/booking_conflict_exception_test.dart:8:7: Error: Setter not found: 'remoteTime'.
build-and-test	Run flutter test --coverage	2025-07-30T14:29:24.3292693Z       remoteTime = DateTime(2023, 1, 1, 11);
build-and-test	Run flutter test --coverage	2025-07-30T14:29:24.3293122Z       ^^^^^^^^^^
build-and-test	Run flutter test --coverage	2025-07-30T14:29:24.3319541Z test/exceptions/booking_conflict_exception_test.dart:12:25: Error: Undefined name 'localTime'.
build-and-test	Run flutter test --coverage	2025-07-30T14:29:24.3320531Z         localUpdatedAt: localTime,
build-and-test	Run flutter test --coverage	2025-07-30T14:29:24.3320911Z                         ^^^^^^^^^
build-and-test	Run flutter test --coverage	2025-07-30T14:29:24.3323988Z test/exceptions/booking_conflict_exception_test.dart:13:26: Error: Undefined name 'remoteTime'.
build-and-test	Run flutter test --coverage	2025-07-30T14:29:24.3325808Z         remoteUpdatedAt: remoteTime,
build-and-test	Run flutter test --coverage	2025-07-30T14:29:24.3326315Z                          ^^^^^^^^^^
build-and-test	Run flutter test --coverage	2025-07-30T14:29:24.3327191Z test/exceptions/booking_conflict_exception_test.dart:18:47: Error: Undefined name 'localTime'.
build-and-test	Run flutter test --coverage	2025-07-30T14:29:24.3328499Z       expect(exception.localUpdatedAt, equals(localTime));
build-and-test	Run flutter test --coverage	2025-07-30T14:29:24.3332821Z                                               ^^^^^^^^^
build-and-test	Run flutter test --coverage	2025-07-30T14:29:24.3333602Z test/exceptions/booking_conflict_exception_test.dart:19:48: Error: Undefined name 'remoteTime'.
build-and-test	Run flutter test --coverage	2025-07-30T14:29:24.3334492Z       expect(exception.remoteUpdatedAt, equals(remoteTime));
build-and-test	Run flutter test --coverage	2025-07-30T14:29:24.3335238Z                                                ^^^^^^^^^^
build-and-test	Run flutter test --coverage	2025-07-30T14:29:24.3336352Z test/exceptions/booking_conflict_exception_test.dart:34:7: Error: Setter not found: 'localTime'.
build-and-test	Run flutter test --coverage	2025-07-30T14:29:24.3337190Z       localTime = DateTime(2023, 1, 1, 10);
build-and-test	Run flutter test --coverage	2025-07-30T14:29:24.3337591Z       ^^^^^^^^^
build-and-test	Run flutter test --coverage	2025-07-30T14:29:24.3338262Z test/exceptions/booking_conflict_exception_test.dart:35:7: Error: Setter not found: 'remoteTime'.
build-and-test	Run flutter test --coverage	2025-07-30T14:29:24.3339103Z       remoteTime = DateTime(2023, 1, 1, 11);
build-and-test	Run flutter test --coverage	2025-07-30T14:29:24.3339559Z       ^^^^^^^^^^
build-and-test	Run flutter test --coverage	2025-07-30T14:29:24.3340195Z test/exceptions/booking_conflict_exception_test.dart:39:25: Error: Undefined name 'localTime'.
build-and-test	Run flutter test --coverage	2025-07-30T14:29:24.3340971Z         localUpdatedAt: localTime,
build-and-test	Run flutter test --coverage	2025-07-30T14:29:24.3341349Z                         ^^^^^^^^^
build-and-test	Run flutter test --coverage	2025-07-30T14:29:24.3342253Z test/exceptions/booking_conflict_exception_test.dart:40:26: Error: Undefined name 'remoteTime'.
build-and-test	Run flutter test --coverage	2025-07-30T14:29:24.3343040Z         remoteUpdatedAt: remoteTime,
build-and-test	Run flutter test --coverage	2025-07-30T14:29:24.3343438Z                          ^^^^^^^^^^
build-and-test	Run flutter test --coverage	2025-07-30T14:29:24.3344173Z test/exceptions/booking_conflict_exception_test.dart:44:7: Error: Setter not found: 'stringRep'.
build-and-test	Run flutter test --coverage	2025-07-30T14:29:24.3344968Z       stringRep = exception.toString();
build-and-test	Run flutter test --coverage	2025-07-30T14:29:24.3345382Z       ^^^^^^^^^
build-and-test	Run flutter test --coverage	2025-07-30T14:29:24.3346002Z test/exceptions/booking_conflict_exception_test.dart:45:14: Error: Undefined name 'stringRep'.
build-and-test	Run flutter test --coverage	2025-07-30T14:29:24.3346882Z       expect(stringRep, contains('BookingConflictException'));
build-and-test	Run flutter test --coverage	2025-07-30T14:29:24.3347384Z              ^^^^^^^^^
build-and-test	Run flutter test --coverage	2025-07-30T14:29:24.3348021Z test/exceptions/booking_conflict_exception_test.dart:46:14: Error: Undefined name 'stringRep'.
build-and-test	Run flutter test --coverage	2025-07-30T14:29:24.3348835Z       expect(stringRep, contains('test-booking-123'));
build-and-test	Run flutter test --coverage	2025-07-30T14:29:24.3349288Z              ^^^^^^^^^
build-and-test	Run flutter test --coverage	2025-07-30T14:29:24.3349924Z test/exceptions/booking_conflict_exception_test.dart:47:14: Error: Undefined name 'stringRep'.
build-and-test	Run flutter test --coverage	2025-07-30T14:29:24.3350768Z       expect(stringRep, contains('Server cancelled booking'));
build-and-test	Run flutter test --coverage	2025-07-30T14:29:24.3351278Z              ^^^^^^^^^
build-and-test	Run flutter test --coverage	2025-07-30T14:29:24.3354719Z test/exceptions/booking_conflict_exception_test.dart:48:14: Error: Undefined name 'stringRep'.
build-and-test	Run flutter test --coverage	2025-07-30T14:29:24.3355626Z       expect(stringRep, contains('2023-01-01 10:00:00'));
build-and-test	Run flutter test --coverage	2025-07-30T14:29:24.3472307Z              ^^^^^^^^^
build-and-test	Run flutter test --coverage	2025-07-30T14:29:24.3473132Z test/exceptions/booking_conflict_exception_test.dart:49:14: Error: Undefined name 'stringRep'.
build-and-test	Run flutter test --coverage	2025-07-30T14:29:24.3473991Z       expect(stringRep, contains('2023-01-01 11:00:00'));
build-and-test	Run flutter test --coverage	2025-07-30T14:29:24.3474454Z              ^^^^^^^^^
build-and-test	Run flutter test --coverage	2025-07-30T14:29:24.4277583Z ##[group]❌ loading /home/runner/work/appoint/appoint/test/exceptions/booking_conflict_exception_test.dart (failed)
build-and-test	Run flutter test --coverage	2025-07-30T14:29:24.4279745Z Failed to load "/home/runner/work/appoint/appoint/test/exceptions/booking_conflict_exception_test.dart": Compilation failed for testPath=/home/runner/work/appoint/appoint/test/exceptions/booking_conflict_exception_test.dart
build-and-test	Run flutter test --coverage	2025-07-30T14:29:24.4282165Z 
build-and-test	Run flutter test --coverage	2025-07-30T14:29:24.4282564Z ##[endgroup]
build-and-test	Run flutter test --coverage	2025-07-30T14:29:24.4666854Z ##[group]❌ loading /home/runner/work/appoint/appoint/test/widgets/login_screen_test.dart (failed after test completion)
build-and-test	Run flutter test --coverage	2025-07-30T14:29:24.4671852Z Error: the Dart compiler exited unexpectedly.
build-and-test	Run flutter test --coverage	2025-07-30T14:29:24.4679778Z package:flutter_tools/src/base/common.dart 10:3  throwToolExit
build-and-test	Run flutter test --coverage	2025-07-30T14:29:24.4681028Z package:flutter_tools/src/compile.dart 893:9     DefaultResidentCompiler._compile.<fn>
build-and-test	Run flutter test --coverage	2025-07-30T14:29:24.4682519Z dart:async/zone.dart 1422:47                     _rootRunUnary
build-and-test	Run flutter test --coverage	2025-07-30T14:29:24.4683696Z dart:async/future_impl.dart 902:45               Future._propagateToListeners.handleValueCallback
build-and-test	Run flutter test --coverage	2025-07-30T14:29:24.4684829Z dart:async/future_impl.dart 931:13               Future._propagateToListeners
build-and-test	Run flutter test --coverage	2025-07-30T14:29:24.4686035Z dart:async/future_impl.dart 827:9                Future._propagateToListeners
build-and-test	Run flutter test --coverage	2025-07-30T14:29:24.4687299Z dart:async/future_impl.dart 707:5                Future._completeWithValue
build-and-test	Run flutter test --coverage	2025-07-30T14:29:24.4688568Z dart:async/future_impl.dart 777:7                Future._asyncCompleteWithValue.<fn>
build-and-test	Run flutter test --coverage	2025-07-30T14:29:24.4690141Z dart:async/zone.dart 1414:13                     _rootRun
build-and-test	Run flutter test --coverage	2025-07-30T14:29:24.4696131Z dart:async/zone.dart 1317:19                     _CustomZone.run
build-and-test	Run flutter test --coverage	2025-07-30T14:29:24.4697233Z dart:async/zone.dart 1225:7                      _CustomZone.runGuarded
build-and-test	Run flutter test --coverage	2025-07-30T14:29:24.4698351Z dart:async/zone.dart 1265:23                     _CustomZone.bindCallbackGuarded.<fn>
build-and-test	Run flutter test --coverage	2025-07-30T14:29:24.4699258Z dart:async/schedule_microtask.dart 40:21         _microtaskLoop
build-and-test	Run flutter test --coverage	2025-07-30T14:29:24.4700113Z dart:async/schedule_microtask.dart 49:5          _startMicrotaskLoop
build-and-test	Run flutter test --coverage	2025-07-30T14:29:24.4702656Z dart:isolate-patch/isolate_patch.dart 118:13     _runPendingImmediateCallback
build-and-test	Run flutter test --coverage	2025-07-30T14:29:24.4704138Z dart:isolate-patch/isolate_patch.dart 185:5      _RawReceivePort._handleMessage
build-and-test	Run flutter test --coverage	2025-07-30T14:29:24.4705941Z ##[endgroup]
build-and-test	Run flutter test --coverage	2025-07-30T14:29:25.4618771Z ✅ /home/runner/work/appoint/appoint/test/main_offline_banner_test.dart: Offline Banner Widget Tests shows offline banner when connectivity is lost
build-and-test	Run flutter test --coverage	2025-07-30T14:29:25.4989786Z ✅ /home/runner/work/appoint/appoint/test/main_offline_banner_test.dart: Offline Banner Widget Tests hides offline banner when connectivity is restored
build-and-test	Run flutter test --coverage	2025-07-30T14:29:26.5312783Z test/firebase_test_helper.dart:11:48: Error: Type 'FirebaseAuth' not found.
build-and-test	Run flutter test --coverage	2025-07-30T14:29:26.5313762Z class MockFirebaseAuth extends Mock implements FirebaseAuth {}
build-and-test	Run flutter test --coverage	2025-07-30T14:29:26.5314417Z                                                ^^^^^^^^^^^^
build-and-test	Run flutter test --coverage	2025-07-30T14:29:26.5315058Z test/firebase_test_helper.dart:13:40: Error: Type 'User' not found.
build-and-test	Run flutter test --coverage	2025-07-30T14:29:26.5315864Z class MockUser extends Mock implements User {}
build-and-test	Run flutter test --coverage	2025-07-30T14:29:26.5316386Z                                        ^^^^
build-and-test	Run flutter test --coverage	2025-07-30T14:29:26.5317099Z test/firebase_test_helper.dart:15:50: Error: Type 'UserCredential' not found.
build-and-test	Run flutter test --coverage	2025-07-30T14:29:26.5317924Z class MockUserCredential extends Mock implements UserCredential {}
build-and-test	Run flutter test --coverage	2025-07-30T14:29:26.5318545Z                                                  ^^^^^^^^^^^^^^
build-and-test	Run flutter test --coverage	2025-07-30T14:29:27.2777852Z test/firebase_test_helper.dart:78:25: Error: The getter 'uid' isn't defined for the class 'MockUser'.
build-and-test	Run flutter test --coverage	2025-07-30T14:29:27.2778774Z  - 'MockUser' is from 'test/firebase_test_helper.dart'.
build-and-test	Run flutter test --coverage	2025-07-30T14:29:27.2779565Z Try correcting the name to the name of an existing getter, or defining a getter or field named 'uid'.
build-and-test	Run flutter test --coverage	2025-07-30T14:29:27.2780342Z     when(() => mockUser.uid).thenReturn('test-user-id');
build-and-test	Run flutter test --coverage	2025-07-30T14:29:27.2780791Z                         ^^^
build-and-test	Run flutter test --coverage	2025-07-30T14:29:27.2781459Z test/firebase_test_helper.dart:79:25: Error: The getter 'email' isn't defined for the class 'MockUser'.
build-and-test	Run flutter test --coverage	2025-07-30T14:29:27.2782484Z  - 'MockUser' is from 'test/firebase_test_helper.dart'.
build-and-test	Run flutter test --coverage	2025-07-30T14:29:27.2783254Z Try correcting the name to the name of an existing getter, or defining a getter or field named 'email'.
build-and-test	Run flutter test --coverage	2025-07-30T14:29:27.2784505Z     when(() => mockUser.email).thenReturn('test@example.com');
build-and-test	Run flutter test --coverage	2025-07-30T14:29:27.2784993Z                         ^^^^^
build-and-test	Run flutter test --coverage	2025-07-30T14:29:27.2785701Z test/firebase_test_helper.dart:80:25: Error: The getter 'displayName' isn't defined for the class 'MockUser'.
build-and-test	Run flutter test --coverage	2025-07-30T14:29:27.2786546Z  - 'MockUser' is from 'test/firebase_test_helper.dart'.
build-and-test	Run flutter test --coverage	2025-07-30T14:29:27.2787344Z Try correcting the name to the name of an existing getter, or defining a getter or field named 'displayName'.
build-and-test	Run flutter test --coverage	2025-07-30T14:29:27.2788169Z     when(() => mockUser.displayName).thenReturn('Test User');
build-and-test	Run flutter test --coverage	2025-07-30T14:29:27.2788643Z                         ^^^^^^^^^^^
build-and-test	Run flutter test --coverage	2025-07-30T14:29:27.2789366Z test/firebase_test_helper.dart:81:25: Error: The getter 'photoURL' isn't defined for the class 'MockUser'.
build-and-test	Run flutter test --coverage	2025-07-30T14:29:27.2790170Z  - 'MockUser' is from 'test/firebase_test_helper.dart'.
build-and-test	Run flutter test --coverage	2025-07-30T14:29:27.2790946Z Try correcting the name to the name of an existing getter, or defining a getter or field named 'photoURL'.
build-and-test	Run flutter test --coverage	2025-07-30T14:29:27.2792018Z     when(() => mockUser.photoURL).thenReturn('https://example.com/photo.jpg');
build-and-test	Run flutter test --coverage	2025-07-30T14:29:27.2792598Z                         ^^^^^^^^
build-and-test	Run flutter test --coverage	2025-07-30T14:29:27.2793522Z test/firebase_test_helper.dart:82:25: Error: The getter 'isAnonymous' isn't defined for the class 'MockUser'.
build-and-test	Run flutter test --coverage	2025-07-30T14:29:27.2794338Z  - 'MockUser' is from 'test/firebase_test_helper.dart'.
build-and-test	Run flutter test --coverage	2025-07-30T14:29:27.2795129Z Try correcting the name to the name of an existing getter, or defining a getter or field named 'isAnonymous'.
build-and-test	Run flutter test --coverage	2025-07-30T14:29:27.2795914Z     when(() => mockUser.isAnonymous).thenReturn(false);
build-and-test	Run flutter test --coverage	2025-07-30T14:29:27.2796355Z                         ^^^^^^^^^^^
build-and-test	Run flutter test --coverage	2025-07-30T14:29:27.2797074Z test/firebase_test_helper.dart:83:25: Error: The getter 'emailVerified' isn't defined for the class 'MockUser'.
build-and-test	Run flutter test --coverage	2025-07-30T14:29:27.2797900Z  - 'MockUser' is from 'test/firebase_test_helper.dart'.
build-and-test	Run flutter test --coverage	2025-07-30T14:29:27.2798710Z Try correcting the name to the name of an existing getter, or defining a getter or field named 'emailVerified'.
build-and-test	Run flutter test --coverage	2025-07-30T14:29:27.2799510Z     when(() => mockUser.emailVerified).thenReturn(true);
build-and-test	Run flutter test --coverage	2025-07-30T14:29:27.2799979Z                         ^^^^^^^^^^^^^
build-and-test	Run flutter test --coverage	2025-07-30T14:29:27.2800705Z test/firebase_test_helper.dart:86:35: Error: The getter 'user' isn't defined for the class 'MockUserCredential'.
build-and-test	Run flutter test --coverage	2025-07-30T14:29:27.2801850Z  - 'MockUserCredential' is from 'test/firebase_test_helper.dart'.
build-and-test	Run flutter test --coverage	2025-07-30T14:29:27.2802689Z Try correcting the name to the name of an existing getter, or defining a getter or field named 'user'.
build-and-test	Run flutter test --coverage	2025-07-30T14:29:27.2803465Z     when(() => mockUserCredential.user).thenReturn(mockUser);
build-and-test	Run flutter test --coverage	2025-07-30T14:29:27.2803941Z                                   ^^^^
build-and-test	Run flutter test --coverage	2025-07-30T14:29:27.2804707Z test/firebase_test_helper.dart:89:25: Error: The getter 'currentUser' isn't defined for the class 'MockFirebaseAuth'.
build-and-test	Run flutter test --coverage	2025-07-30T14:29:27.2805618Z  - 'MockFirebaseAuth' is from 'test/firebase_test_helper.dart'.
build-and-test	Run flutter test --coverage	2025-07-30T14:29:27.2806476Z Try correcting the name to the name of an existing getter, or defining a getter or field named 'currentUser'.
build-and-test	Run flutter test --coverage	2025-07-30T14:29:27.2807273Z     when(() => mockAuth.currentUser).thenReturn(mockUser);
build-and-test	Run flutter test --coverage	2025-07-30T14:29:27.2807730Z                         ^^^^^^^^^^^
build-and-test	Run flutter test --coverage	2025-07-30T14:29:27.2808520Z test/firebase_test_helper.dart:90:25: Error: The method 'authStateChanges' isn't defined for the class 'MockFirebaseAuth'.
build-and-test	Run flutter test --coverage	2025-07-30T14:29:27.2809464Z  - 'MockFirebaseAuth' is from 'test/firebase_test_helper.dart'.
build-and-test	Run flutter test --coverage	2025-07-30T14:29:27.2810295Z Try correcting the name to the name of an existing method, or defining a method named 'authStateChanges'.
build-and-test	Run flutter test --coverage	2025-07-30T14:29:27.2811033Z     when(() => mockAuth.authStateChanges())
build-and-test	Run flutter test --coverage	2025-07-30T14:29:27.2811445Z                         ^^^^^^^^^^^^^^^^
build-and-test	Run flutter test --coverage	2025-07-30T14:29:27.2812350Z test/firebase_test_helper.dart:92:25: Error: The method 'userChanges' isn't defined for the class 'MockFirebaseAuth'.
build-and-test	Run flutter test --coverage	2025-07-30T14:29:27.2813268Z  - 'MockFirebaseAuth' is from 'test/firebase_test_helper.dart'.
build-and-test	Run flutter test --coverage	2025-07-30T14:29:27.2814247Z Try correcting the name to the name of an existing method, or defining a method named 'userChanges'.
build-and-test	Run flutter test --coverage	2025-07-30T14:29:27.2814950Z     when(() => mockAuth.userChanges())
build-and-test	Run flutter test --coverage	2025-07-30T14:29:27.2815339Z                         ^^^^^^^^^^^
build-and-test	Run flutter test --coverage	2025-07-30T14:29:27.2816191Z test/firebase_test_helper.dart:94:25: Error: The method 'signInWithEmailAndPassword' isn't defined for the class 'MockFirebaseAuth'.
build-and-test	Run flutter test --coverage	2025-07-30T14:29:27.2817217Z  - 'MockFirebaseAuth' is from 'test/firebase_test_helper.dart'.
build-and-test	Run flutter test --coverage	2025-07-30T14:29:27.2818100Z Try correcting the name to the name of an existing method, or defining a method named 'signInWithEmailAndPassword'.
build-and-test	Run flutter test --coverage	2025-07-30T14:29:27.2818982Z     when(() => mockAuth.signInWithEmailAndPassword(any(), any()))
build-and-test	Run flutter test --coverage	2025-07-30T14:29:27.2819496Z                         ^^^^^^^^^^^^^^^^^^^^^^^^^^
build-and-test	Run flutter test --coverage	2025-07-30T14:29:27.2820429Z test/firebase_test_helper.dart:96:25: Error: The method 'createUserWithEmailAndPassword' isn't defined for the class 'MockFirebaseAuth'.
build-and-test	Run flutter test --coverage	2025-07-30T14:29:27.2821492Z  - 'MockFirebaseAuth' is from 'test/firebase_test_helper.dart'.
build-and-test	Run flutter test --coverage	2025-07-30T14:29:27.2822562Z Try correcting the name to the name of an existing method, or defining a method named 'createUserWithEmailAndPassword'.
build-and-test	Run flutter test --coverage	2025-07-30T14:29:27.2823626Z     when(() => mockAuth.createUserWithEmailAndPassword(any(), any()))
build-and-test	Run flutter test --coverage	2025-07-30T14:29:27.2823962Z                         ^^^^^^^^^^^^^^^^^^^^^^^^^^^^^^
build-and-test	Run flutter test --coverage	2025-07-30T14:29:27.2824402Z test/firebase_test_helper.dart:98:25: Error: The method 'signOut' isn't defined for the class 'MockFirebaseAuth'.
build-and-test	Run flutter test --coverage	2025-07-30T14:29:27.2824914Z  - 'MockFirebaseAuth' is from 'test/firebase_test_helper.dart'.
build-and-test	Run flutter test --coverage	2025-07-30T14:29:27.2825382Z Try correcting the name to the name of an existing method, or defining a method named 'signOut'.
build-and-test	Run flutter test --coverage	2025-07-30T14:29:27.2825823Z     when(() => mockAuth.signOut()).thenAnswer((_) async {});
build-and-test	Run flutter test --coverage	2025-07-30T14:29:27.2826095Z                         ^^^^^^^
build-and-test	Run flutter test --coverage	2025-07-30T14:29:27.2826687Z test/firebase_test_helper.dart:108:60: Error: The argument type 'MockCollectionReference' can't be assigned to the parameter type 'CollectionReference<Map<String, dynamic>>'.
build-and-test	Run flutter test --coverage	2025-07-30T14:29:27.2827420Z  - 'MockCollectionReference' is from 'test/firebase_test_helper.dart'.
build-and-test	Run flutter test --coverage	2025-07-30T14:29:27.2828121Z  - 'CollectionReference' is from 'package:cloud_firestore/cloud_firestore.dart' ('../../../.pub-cache/hosted/pub.dev/cloud_firestore-5.6.11/lib/cloud_firestore.dart').
build-and-test	Run flutter test --coverage	2025-07-30T14:29:27.2828733Z  - 'Map' is from 'dart:core'.
build-and-test	Run flutter test --coverage	2025-07-30T14:29:27.2829040Z     when(() => mockFirestore.collection(any())).thenReturn(mockCollection);
build-and-test	Run flutter test --coverage	2025-07-30T14:29:27.2829374Z                                                            ^
build-and-test	Run flutter test --coverage	2025-07-30T14:29:27.2829950Z test/firebase_test_helper.dart:132:52: Error: A value of type 'MockDocumentSnapshot' can't be assigned to a variable of type 'QueryDocumentSnapshot<Object?>'.
build-and-test	Run flutter test --coverage	2025-07-30T14:29:27.2830603Z  - 'MockDocumentSnapshot' is from 'test/firebase_test_helper.dart'.
build-and-test	Run flutter test --coverage	2025-07-30T14:29:27.2831304Z  - 'QueryDocumentSnapshot' is from 'package:cloud_firestore/cloud_firestore.dart' ('../../../.pub-cache/hosted/pub.dev/cloud_firestore-5.6.11/lib/cloud_firestore.dart').
build-and-test	Run flutter test --coverage	2025-07-30T14:29:27.2832080Z  - 'Object' is from 'dart:core'.
build-and-test	Run flutter test --coverage	2025-07-30T14:29:27.2832406Z     when(() => mockQuerySnapshot.docs).thenReturn([mockDocumentSnapshot]);
build-and-test	Run flutter test --coverage	2025-07-30T14:29:27.2832749Z                                                    ^
build-and-test	Run flutter test --coverage	2025-07-30T14:29:29.2755122Z ##[group]❌ loading /home/runner/work/appoint/appoint/test/features/auth/login_screen_test.dart (failed)
build-and-test	Run flutter test --coverage	2025-07-30T14:29:29.2757092Z Failed to load "/home/runner/work/appoint/appoint/test/features/auth/login_screen_test.dart": Compilation failed for testPath=/home/runner/work/appoint/appoint/test/features/auth/login_screen_test.dart
build-and-test	Run flutter test --coverage	2025-07-30T14:29:29.2758317Z 
build-and-test	Run flutter test --coverage	2025-07-30T14:29:29.2758657Z ##[endgroup]
build-and-test	Run flutter test --coverage	2025-07-30T14:29:29.3268255Z ##[group]❌ loading /home/runner/work/appoint/appoint/test/widgets/login_screen_test.dart (failed after test completion)
build-and-test	Run flutter test --coverage	2025-07-30T14:29:29.3268890Z Error: the Dart compiler exited unexpectedly.
build-and-test	Run flutter test --coverage	2025-07-30T14:29:29.3270443Z package:flutter_tools/src/base/common.dart 10:3  throwToolExit
build-and-test	Run flutter test --coverage	2025-07-30T14:29:29.3280536Z package:flutter_tools/src/compile.dart 893:9     DefaultResidentCompiler._compile.<fn>
build-and-test	Run flutter test --coverage	2025-07-30T14:29:29.3281107Z dart:async/zone.dart 1422:47                     _rootRunUnary
build-and-test	Run flutter test --coverage	2025-07-30T14:29:29.3281827Z dart:async/future_impl.dart 902:45               Future._propagateToListeners.handleValueCallback
build-and-test	Run flutter test --coverage	2025-07-30T14:29:29.3282446Z dart:async/future_impl.dart 931:13               Future._propagateToListeners
build-and-test	Run flutter test --coverage	2025-07-30T14:29:29.3282888Z dart:async/future_impl.dart 827:9                Future._propagateToListeners
build-and-test	Run flutter test --coverage	2025-07-30T14:29:29.3283309Z dart:async/future_impl.dart 707:5                Future._completeWithValue
build-and-test	Run flutter test --coverage	2025-07-30T14:29:29.3283763Z dart:async/future_impl.dart 777:7                Future._asyncCompleteWithValue.<fn>
build-and-test	Run flutter test --coverage	2025-07-30T14:29:29.3284164Z dart:async/zone.dart 1414:13                     _rootRun
build-and-test	Run flutter test --coverage	2025-07-30T14:29:29.3284500Z dart:async/zone.dart 1317:19                     _CustomZone.run
build-and-test	Run flutter test --coverage	2025-07-30T14:29:29.3284889Z dart:async/zone.dart 1225:7                      _CustomZone.runGuarded
build-and-test	Run flutter test --coverage	2025-07-30T14:29:29.3285295Z dart:async/zone.dart 1265:23                     _CustomZone.bindCallbackGuarded.<fn>
build-and-test	Run flutter test --coverage	2025-07-30T14:29:29.3285919Z dart:async/schedule_microtask.dart 40:21         _microtaskLoop
build-and-test	Run flutter test --coverage	2025-07-30T14:29:29.3286310Z dart:async/schedule_microtask.dart 49:5          _startMicrotaskLoop
build-and-test	Run flutter test --coverage	2025-07-30T14:29:29.3286760Z dart:isolate-patch/isolate_patch.dart 118:13     _runPendingImmediateCallback
build-and-test	Run flutter test --coverage	2025-07-30T14:29:29.3287250Z dart:isolate-patch/isolate_patch.dart 185:5      _RawReceivePort._handleMessage
build-and-test	Run flutter test --coverage	2025-07-30T14:29:29.3287753Z ##[endgroup]
build-and-test	Run flutter test --coverage	2025-07-30T14:29:33.8680227Z test/features/auth/auth_wrapper_network_error_test.dart:58:7: Error: Setter not found: 'retryText'.
build-and-test	Run flutter test --coverage	2025-07-30T14:29:33.8681472Z       retryText = find.text('Retry');
build-and-test	Run flutter test --coverage	2025-07-30T14:29:33.8682474Z       ^^^^^^^^^
build-and-test	Run flutter test --coverage	2025-07-30T14:29:33.8683342Z test/features/auth/auth_wrapper_network_error_test.dart:59:14: Error: Undefined name 'retryText'.
build-and-test	Run flutter test --coverage	2025-07-30T14:29:33.8684429Z       expect(retryText, findsOneWidget);
build-and-test	Run flutter test --coverage	2025-07-30T14:29:33.8685951Z              ^^^^^^^^^
build-and-test	Run flutter test --coverage	2025-07-30T14:29:33.8686663Z test/features/auth/auth_wrapper_network_error_test.dart:60:24: Error: Undefined name 'retryText'.
build-and-test	Run flutter test --coverage	2025-07-30T14:29:33.8687497Z       await tester.tap(retryText);
build-and-test	Run flutter test --coverage	2025-07-30T14:29:33.8687908Z                        ^^^^^^^^^
build-and-test	Run flutter test --coverage	2025-07-30T14:29:33.8688673Z test/features/auth/auth_wrapper_network_error_test.dart:81:7: Error: Setter not found: 'wifiOffIcon'.
build-and-test	Run flutter test --coverage	2025-07-30T14:29:33.8689637Z       wifiOffIcon = tester.widget<Icon>(find.byIcon(Icons.wifi_off));
build-and-test	Run flutter test --coverage	2025-07-30T14:29:33.8690217Z       ^^^^^^^^^^^
build-and-test	Run flutter test --coverage	2025-07-30T14:29:33.8690903Z test/features/auth/auth_wrapper_network_error_test.dart:82:14: Error: Undefined name 'wifiOffIcon'.
build-and-test	Run flutter test --coverage	2025-07-30T14:29:33.8691912Z       expect(wifiOffIcon.size, 64);
build-and-test	Run flutter test --coverage	2025-07-30T14:29:33.8692328Z              ^^^^^^^^^^^
build-and-test	Run flutter test --coverage	2025-07-30T14:29:33.8693030Z test/features/auth/auth_wrapper_network_error_test.dart:83:14: Error: Undefined name 'wifiOffIcon'.
build-and-test	Run flutter test --coverage	2025-07-30T14:29:33.8693907Z       expect(wifiOffIcon.color, Colors.red);
build-and-test	Run flutter test --coverage	2025-07-30T14:29:33.8694348Z              ^^^^^^^^^^^
build-and-test	Run flutter test --coverage	2025-07-30T14:29:33.8695047Z test/features/auth/auth_wrapper_network_error_test.dart:86:7: Error: Setter not found: 'retryText'.
build-and-test	Run flutter test --coverage	2025-07-30T14:29:33.8695849Z       retryText = find.text('Retry');
build-and-test	Run flutter test --coverage	2025-07-30T14:29:33.8696243Z       ^^^^^^^^^
build-and-test	Run flutter test --coverage	2025-07-30T14:29:33.8696899Z test/features/auth/auth_wrapper_network_error_test.dart:87:14: Error: Undefined name 'retryText'.
build-and-test	Run flutter test --coverage	2025-07-30T14:29:33.8697691Z       expect(retryText, findsOneWidget);
build-and-test	Run flutter test --coverage	2025-07-30T14:29:33.8698105Z              ^^^^^^^^^
build-and-test	Run flutter test --coverage	2025-07-30T14:29:33.8698786Z test/features/auth/auth_wrapper_network_error_test.dart:132:7: Error: Setter not found: 'retryText'.
build-and-test	Run flutter test --coverage	2025-07-30T14:29:33.8699595Z       retryText = find.text('Retry');
build-and-test	Run flutter test --coverage	2025-07-30T14:29:33.8699984Z       ^^^^^^^^^
build-and-test	Run flutter test --coverage	2025-07-30T14:29:33.8700642Z test/features/auth/auth_wrapper_network_error_test.dart:133:14: Error: Undefined name 'retryText'.
build-and-test	Run flutter test --coverage	2025-07-30T14:29:33.8702062Z       expect(retryText, findsOneWidget);
build-and-test	Run flutter test --coverage	2025-07-30T14:29:33.8702539Z              ^^^^^^^^^
build-and-test	Run flutter test --coverage	2025-07-30T14:29:33.8703222Z test/features/auth/auth_wrapper_network_error_test.dart:160:7: Error: Setter not found: 'retryText'.
build-and-test	Run flutter test --coverage	2025-07-30T14:29:33.8703994Z       retryText = find.text('Retry');
build-and-test	Run flutter test --coverage	2025-07-30T14:29:33.8704380Z       ^^^^^^^^^
build-and-test	Run flutter test --coverage	2025-07-30T14:29:33.8704999Z test/features/auth/auth_wrapper_network_error_test.dart:161:14: Error: Undefined name 'retryText'.
build-and-test	Run flutter test --coverage	2025-07-30T14:29:33.8705761Z       expect(retryText, findsOneWidget);
build-and-test	Run flutter test --coverage	2025-07-30T14:29:33.8706152Z              ^^^^^^^^^
build-and-test	Run flutter test --coverage	2025-07-30T14:29:33.8706796Z test/features/auth/auth_wrapper_network_error_test.dart:164:24: Error: Undefined name 'retryText'.
build-and-test	Run flutter test --coverage	2025-07-30T14:29:33.8707539Z       await tester.tap(retryText);
build-and-test	Run flutter test --coverage	2025-07-30T14:29:33.8707905Z                        ^^^^^^^^^
build-and-test	Run flutter test --coverage	2025-07-30T14:29:34.1059158Z ##[group]❌ loading /home/runner/work/appoint/appoint/test/features/auth/auth_wrapper_network_error_test.dart (failed)
build-and-test	Run flutter test --coverage	2025-07-30T14:29:34.1071373Z Failed to load "/home/runner/work/appoint/appoint/test/features/auth/auth_wrapper_network_error_test.dart": Compilation failed for testPath=/home/runner/work/appoint/appoint/test/features/auth/auth_wrapper_network_error_test.dart
build-and-test	Run flutter test --coverage	2025-07-30T14:29:34.1073562Z 
build-and-test	Run flutter test --coverage	2025-07-30T14:29:34.1074033Z ##[endgroup]
build-and-test	Run flutter test --coverage	2025-07-30T14:29:34.1636496Z ##[group]❌ loading /home/runner/work/appoint/appoint/test/widgets/login_screen_test.dart (failed after test completion)
build-and-test	Run flutter test --coverage	2025-07-30T14:29:34.1637521Z Error: the Dart compiler exited unexpectedly.
build-and-test	Run flutter test --coverage	2025-07-30T14:29:34.1639059Z package:flutter_tools/src/base/common.dart 10:3  throwToolExit
build-and-test	Run flutter test --coverage	2025-07-30T14:29:34.1640315Z package:flutter_tools/src/compile.dart 893:9     DefaultResidentCompiler._compile.<fn>
build-and-test	Run flutter test --coverage	2025-07-30T14:29:34.1642270Z dart:async/zone.dart 1422:47                     _rootRunUnary
build-and-test	Run flutter test --coverage	2025-07-30T14:29:34.1643186Z dart:async/future_impl.dart 902:45               Future._propagateToListeners.handleValueCallback
build-and-test	Run flutter test --coverage	2025-07-30T14:29:34.1644285Z dart:async/future_impl.dart 931:13               Future._propagateToListeners
build-and-test	Run flutter test --coverage	2025-07-30T14:29:34.1645212Z dart:async/future_impl.dart 827:9                Future._propagateToListeners
build-and-test	Run flutter test --coverage	2025-07-30T14:29:34.1645963Z dart:async/future_impl.dart 707:5                Future._completeWithValue
build-and-test	Run flutter test --coverage	2025-07-30T14:29:34.1646735Z dart:async/future_impl.dart 777:7                Future._asyncCompleteWithValue.<fn>
build-and-test	Run flutter test --coverage	2025-07-30T14:29:34.1647422Z dart:async/zone.dart 1414:13                     _rootRun
build-and-test	Run flutter test --coverage	2025-07-30T14:29:34.1647895Z dart:async/zone.dart 1317:19                     _CustomZone.run
build-and-test	Run flutter test --coverage	2025-07-30T14:29:34.1648289Z dart:async/zone.dart 1225:7                      _CustomZone.runGuarded
build-and-test	Run flutter test --coverage	2025-07-30T14:29:34.1648695Z dart:async/zone.dart 1265:23                     _CustomZone.bindCallbackGuarded.<fn>
build-and-test	Run flutter test --coverage	2025-07-30T14:29:34.1649109Z dart:async/schedule_microtask.dart 40:21         _microtaskLoop
build-and-test	Run flutter test --coverage	2025-07-30T14:29:34.1649529Z dart:async/schedule_microtask.dart 49:5          _startMicrotaskLoop
build-and-test	Run flutter test --coverage	2025-07-30T14:29:34.1649991Z dart:isolate-patch/isolate_patch.dart 118:13     _runPendingImmediateCallback
build-and-test	Run flutter test --coverage	2025-07-30T14:29:34.1650498Z dart:isolate-patch/isolate_patch.dart 185:5      _RawReceivePort._handleMessage
build-and-test	Run flutter test --coverage	2025-07-30T14:29:34.1651009Z ##[endgroup]
build-and-test	Run flutter test --coverage	2025-07-30T14:29:34.9837834Z ✅ /home/runner/work/appoint/appoint/test/features/auth/auth_wrapper_failure_test.dart: AuthWrapper Failure Scenarios renders without crashing
build-and-test	Run flutter test --coverage	2025-07-30T14:29:35.0162609Z ✅ /home/runner/work/appoint/appoint/test/features/auth/auth_wrapper_failure_test.dart: AuthWrapper Failure Scenarios shows basic UI structure
build-and-test	Run flutter test --coverage	2025-07-30T14:29:35.0416028Z ✅ /home/runner/work/appoint/appoint/test/features/auth/auth_wrapper_failure_test.dart: AuthWrapper Failure Scenarios handles auth service injection
build-and-test	Run flutter test --coverage	2025-07-30T14:29:35.0668850Z ✅ /home/runner/work/appoint/appoint/test/features/auth/auth_wrapper_failure_test.dart: AuthWrapper Failure Scenarios handles auth state changes
build-and-test	Run flutter test --coverage	2025-07-30T14:29:35.1075648Z ✅ /home/runner/work/appoint/appoint/test/features/auth/auth_wrapper_failure_test.dart: AuthWrapper Failure Scenarios renders consistently across rebuilds
build-and-test	Run flutter test --coverage	2025-07-30T14:29:35.1628833Z ✅ /home/runner/work/appoint/appoint/test/features/auth/auth_wrapper_failure_test.dart: AuthWrapper Failure Scenarios shows error UI when authentication fails
build-and-test	Run flutter test --coverage	2025-07-30T14:29:35.1863396Z ✅ /home/runner/work/appoint/appoint/test/features/auth/auth_wrapper_failure_test.dart: AuthWrapper Failure Scenarios shows network error when connection fails
build-and-test	Run flutter test --coverage	2025-07-30T14:29:35.2116628Z ✅ /home/runner/work/appoint/appoint/test/features/auth/auth_wrapper_failure_test.dart: AuthWrapper Failure Scenarios shows loading state during authentication
build-and-test	Run flutter test --coverage	2025-07-30T14:29:35.2354204Z ✅ /home/runner/work/appoint/appoint/test/features/auth/auth_wrapper_failure_test.dart: AuthWrapper Failure Scenarios handles timeout errors gracefully
build-and-test	Run flutter test --coverage	2025-07-30T14:29:36.6299751Z test/firebase_test_helper.dart:11:48: Error: Type 'FirebaseAuth' not found.
build-and-test	Run flutter test --coverage	2025-07-30T14:29:36.6303288Z class MockFirebaseAuth extends Mock implements FirebaseAuth {}
build-and-test	Run flutter test --coverage	2025-07-30T14:29:36.6303863Z                                                ^^^^^^^^^^^^
build-and-test	Run flutter test --coverage	2025-07-30T14:29:36.6304392Z test/firebase_test_helper.dart:13:40: Error: Type 'User' not found.
build-and-test	Run flutter test --coverage	2025-07-30T14:29:36.6304965Z class MockUser extends Mock implements User {}
build-and-test	Run flutter test --coverage	2025-07-30T14:29:36.6305746Z                                        ^^^^
build-and-test	Run flutter test --coverage	2025-07-30T14:29:36.6306289Z test/firebase_test_helper.dart:15:50: Error: Type 'UserCredential' not found.
build-and-test	Run flutter test --coverage	2025-07-30T14:29:36.6306973Z class MockUserCredential extends Mock implements UserCredential {}
build-and-test	Run flutter test --coverage	2025-07-30T14:29:36.6307511Z                                                  ^^^^^^^^^^^^^^
build-and-test	Run flutter test --coverage	2025-07-30T14:29:36.7832871Z test/firebase_test_helper.dart:78:25: Error: The getter 'uid' isn't defined for the class 'MockUser'.
build-and-test	Run flutter test --coverage	2025-07-30T14:29:36.7834016Z  - 'MockUser' is from 'test/firebase_test_helper.dart'.
build-and-test	Run flutter test --coverage	2025-07-30T14:29:36.7835022Z Try correcting the name to the name of an existing getter, or defining a getter or field named 'uid'.
build-and-test	Run flutter test --coverage	2025-07-30T14:29:36.7835912Z     when(() => mockUser.uid).thenReturn('test-user-id');
build-and-test	Run flutter test --coverage	2025-07-30T14:29:36.7838257Z                         ^^^
build-and-test	Run flutter test --coverage	2025-07-30T14:29:36.7864645Z test/firebase_test_helper.dart:79:25: Error: The getter 'email' isn't defined for the class 'MockUser'.
build-and-test	Run flutter test --coverage	2025-07-30T14:29:36.7865547Z  - 'MockUser' is from 'test/firebase_test_helper.dart'.
build-and-test	Run flutter test --coverage	2025-07-30T14:29:36.7866460Z Try correcting the name to the name of an existing getter, or defining a getter or field named 'email'.
build-and-test	Run flutter test --coverage	2025-07-30T14:29:36.7868070Z     when(() => mockUser.email).thenReturn('test@example.com');
build-and-test	Run flutter test --coverage	2025-07-30T14:29:36.7868897Z                         ^^^^^
build-and-test	Run flutter test --coverage	2025-07-30T14:29:36.7869940Z test/firebase_test_helper.dart:80:25: Error: The getter 'displayName' isn't defined for the class 'MockUser'.
build-and-test	Run flutter test --coverage	2025-07-30T14:29:36.7871092Z  - 'MockUser' is from 'test/firebase_test_helper.dart'.
build-and-test	Run flutter test --coverage	2025-07-30T14:29:36.7872521Z Try correcting the name to the name of an existing getter, or defining a getter or field named 'displayName'.
build-and-test	Run flutter test --coverage	2025-07-30T14:29:36.7873651Z     when(() => mockUser.displayName).thenReturn('Test User');
build-and-test	Run flutter test --coverage	2025-07-30T14:29:36.7874182Z                         ^^^^^^^^^^^
build-and-test	Run flutter test --coverage	2025-07-30T14:29:36.7874907Z test/firebase_test_helper.dart:81:25: Error: The getter 'photoURL' isn't defined for the class 'MockUser'.
build-and-test	Run flutter test --coverage	2025-07-30T14:29:36.7875714Z  - 'MockUser' is from 'test/firebase_test_helper.dart'.
build-and-test	Run flutter test --coverage	2025-07-30T14:29:36.7876493Z Try correcting the name to the name of an existing getter, or defining a getter or field named 'photoURL'.
build-and-test	Run flutter test --coverage	2025-07-30T14:29:36.7877415Z     when(() => mockUser.photoURL).thenReturn('https://example.com/photo.jpg');
build-and-test	Run flutter test --coverage	2025-07-30T14:29:36.7877987Z                         ^^^^^^^^
build-and-test	Run flutter test --coverage	2025-07-30T14:29:36.7883007Z test/firebase_test_helper.dart:82:25: Error: The getter 'isAnonymous' isn't defined for the class 'MockUser'.
build-and-test	Run flutter test --coverage	2025-07-30T14:29:36.7884294Z  - 'MockUser' is from 'test/firebase_test_helper.dart'.
build-and-test	Run flutter test --coverage	2025-07-30T14:29:36.7885575Z Try correcting the name to the name of an existing getter, or defining a getter or field named 'isAnonymous'.
build-and-test	Run flutter test --coverage	2025-07-30T14:29:36.7886744Z     when(() => mockUser.isAnonymous).thenReturn(false);
build-and-test	Run flutter test --coverage	2025-07-30T14:29:36.7888137Z                         ^^^^^^^^^^^
build-and-test	Run flutter test --coverage	2025-07-30T14:29:36.7891828Z test/firebase_test_helper.dart:83:25: Error: The getter 'emailVerified' isn't defined for the class 'MockUser'.
build-and-test	Run flutter test --coverage	2025-07-30T14:29:36.7892734Z  - 'MockUser' is from 'test/firebase_test_helper.dart'.
build-and-test	Run flutter test --coverage	2025-07-30T14:29:36.7893623Z Try correcting the name to the name of an existing getter, or defining a getter or field named 'emailVerified'.
build-and-test	Run flutter test --coverage	2025-07-30T14:29:36.7894513Z     when(() => mockUser.emailVerified).thenReturn(true);
build-and-test	Run flutter test --coverage	2025-07-30T14:29:36.7895004Z                         ^^^^^^^^^^^^^
build-and-test	Run flutter test --coverage	2025-07-30T14:29:36.7895736Z test/firebase_test_helper.dart:86:35: Error: The getter 'user' isn't defined for the class 'MockUserCredential'.
build-and-test	Run flutter test --coverage	2025-07-30T14:29:36.7896701Z  - 'MockUserCredential' is from 'test/firebase_test_helper.dart'.
build-and-test	Run flutter test --coverage	2025-07-30T14:29:36.7897572Z Try correcting the name to the name of an existing getter, or defining a getter or field named 'user'.
build-and-test	Run flutter test --coverage	2025-07-30T14:29:36.7898346Z     when(() => mockUserCredential.user).thenReturn(mockUser);
build-and-test	Run flutter test --coverage	2025-07-30T14:29:36.7898812Z                                   ^^^^
build-and-test	Run flutter test --coverage	2025-07-30T14:29:36.7899728Z test/firebase_test_helper.dart:89:25: Error: The getter 'currentUser' isn't defined for the class 'MockFirebaseAuth'.
build-and-test	Run flutter test --coverage	2025-07-30T14:29:36.7900916Z  - 'MockFirebaseAuth' is from 'test/firebase_test_helper.dart'.
build-and-test	Run flutter test --coverage	2025-07-30T14:29:36.7902079Z Try correcting the name to the name of an existing getter, or defining a getter or field named 'currentUser'.
build-and-test	Run flutter test --coverage	2025-07-30T14:29:36.7902949Z     when(() => mockAuth.currentUser).thenReturn(mockUser);
build-and-test	Run flutter test --coverage	2025-07-30T14:29:36.7903441Z                         ^^^^^^^^^^^
build-and-test	Run flutter test --coverage	2025-07-30T14:29:36.7904267Z test/firebase_test_helper.dart:90:25: Error: The method 'authStateChanges' isn't defined for the class 'MockFirebaseAuth'.
build-and-test	Run flutter test --coverage	2025-07-30T14:29:36.7905280Z  - 'MockFirebaseAuth' is from 'test/firebase_test_helper.dart'.
build-and-test	Run flutter test --coverage	2025-07-30T14:29:36.7906184Z Try correcting the name to the name of an existing method, or defining a method named 'authStateChanges'.
build-and-test	Run flutter test --coverage	2025-07-30T14:29:36.7907005Z     when(() => mockAuth.authStateChanges())
build-and-test	Run flutter test --coverage	2025-07-30T14:29:36.7907479Z                         ^^^^^^^^^^^^^^^^
build-and-test	Run flutter test --coverage	2025-07-30T14:29:36.7909548Z test/firebase_test_helper.dart:92:25: Error: The method 'userChanges' isn't defined for the class 'MockFirebaseAuth'.
build-and-test	Run flutter test --coverage	2025-07-30T14:29:36.7910573Z  - 'MockFirebaseAuth' is from 'test/firebase_test_helper.dart'.
build-and-test	Run flutter test --coverage	2025-07-30T14:29:36.7911452Z Try correcting the name to the name of an existing method, or defining a method named 'userChanges'.
build-and-test	Run flutter test --coverage	2025-07-30T14:29:36.7912445Z     when(() => mockAuth.userChanges())
build-and-test	Run flutter test --coverage	2025-07-30T14:29:36.7912881Z                         ^^^^^^^^^^^
build-and-test	Run flutter test --coverage	2025-07-30T14:29:36.7913822Z test/firebase_test_helper.dart:94:25: Error: The method 'signInWithEmailAndPassword' isn't defined for the class 'MockFirebaseAuth'.
build-and-test	Run flutter test --coverage	2025-07-30T14:29:36.7914954Z  - 'MockFirebaseAuth' is from 'test/firebase_test_helper.dart'.
build-and-test	Run flutter test --coverage	2025-07-30T14:29:36.7915937Z Try correcting the name to the name of an existing method, or defining a method named 'signInWithEmailAndPassword'.
build-and-test	Run flutter test --coverage	2025-07-30T14:29:36.7916927Z     when(() => mockAuth.signInWithEmailAndPassword(any(), any()))
build-and-test	Run flutter test --coverage	2025-07-30T14:29:36.7917506Z                         ^^^^^^^^^^^^^^^^^^^^^^^^^^
build-and-test	Run flutter test --coverage	2025-07-30T14:29:36.7918507Z test/firebase_test_helper.dart:96:25: Error: The method 'createUserWithEmailAndPassword' isn't defined for the class 'MockFirebaseAuth'.
build-and-test	Run flutter test --coverage	2025-07-30T14:29:36.7919635Z  - 'MockFirebaseAuth' is from 'test/firebase_test_helper.dart'.
build-and-test	Run flutter test --coverage	2025-07-30T14:29:36.7920635Z Try correcting the name to the name of an existing method, or defining a method named 'createUserWithEmailAndPassword'.
build-and-test	Run flutter test --coverage	2025-07-30T14:29:36.7921930Z     when(() => mockAuth.createUserWithEmailAndPassword(any(), any()))
build-and-test	Run flutter test --coverage	2025-07-30T14:29:36.7922534Z                         ^^^^^^^^^^^^^^^^^^^^^^^^^^^^^^
build-and-test	Run flutter test --coverage	2025-07-30T14:29:36.7923361Z test/firebase_test_helper.dart:98:25: Error: The method 'signOut' isn't defined for the class 'MockFirebaseAuth'.
build-and-test	Run flutter test --coverage	2025-07-30T14:29:36.7924349Z  - 'MockFirebaseAuth' is from 'test/firebase_test_helper.dart'.
build-and-test	Run flutter test --coverage	2025-07-30T14:29:36.7925550Z Try correcting the name to the name of an existing method, or defining a method named 'signOut'.
build-and-test	Run flutter test --coverage	2025-07-30T14:29:36.7926363Z     when(() => mockAuth.signOut()).thenAnswer((_) async {});
build-and-test	Run flutter test --coverage	2025-07-30T14:29:36.7926877Z                         ^^^^^^^
build-and-test	Run flutter test --coverage	2025-07-30T14:29:36.7928031Z test/firebase_test_helper.dart:108:60: Error: The argument type 'MockCollectionReference' can't be assigned to the parameter type 'CollectionReference<Map<String, dynamic>>'.
build-and-test	Run flutter test --coverage	2025-07-30T14:29:36.7929360Z  - 'MockCollectionReference' is from 'test/firebase_test_helper.dart'.
build-and-test	Run flutter test --coverage	2025-07-30T14:29:36.7930637Z  - 'CollectionReference' is from 'package:cloud_firestore/cloud_firestore.dart' ('../../../.pub-cache/hosted/pub.dev/cloud_firestore-5.6.11/lib/cloud_firestore.dart').
build-and-test	Run flutter test --coverage	2025-07-30T14:29:36.7931966Z  - 'Map' is from 'dart:core'.
build-and-test	Run flutter test --coverage	2025-07-30T14:29:36.7932552Z     when(() => mockFirestore.collection(any())).thenReturn(mockCollection);
build-and-test	Run flutter test --coverage	2025-07-30T14:29:36.7933178Z                                                            ^
build-and-test	Run flutter test --coverage	2025-07-30T14:29:36.7934280Z test/firebase_test_helper.dart:132:52: Error: A value of type 'MockDocumentSnapshot' can't be assigned to a variable of type 'QueryDocumentSnapshot<Object?>'.
build-and-test	Run flutter test --coverage	2025-07-30T14:29:36.7935570Z  - 'MockDocumentSnapshot' is from 'test/firebase_test_helper.dart'.
build-and-test	Run flutter test --coverage	2025-07-30T14:29:36.7937166Z  - 'QueryDocumentSnapshot' is from 'package:cloud_firestore/cloud_firestore.dart' ('../../../.pub-cache/hosted/pub.dev/cloud_firestore-5.6.11/lib/cloud_firestore.dart').
build-and-test	Run flutter test --coverage	2025-07-30T14:29:36.7938360Z  - 'Object' is from 'dart:core'.
build-and-test	Run flutter test --coverage	2025-07-30T14:29:36.7938940Z     when(() => mockQuerySnapshot.docs).thenReturn([mockDocumentSnapshot]);
build-and-test	Run flutter test --coverage	2025-07-30T14:29:36.7939576Z                                                    ^
build-and-test	Run flutter test --coverage	2025-07-30T14:29:38.1071372Z ##[group]❌ loading /home/runner/work/appoint/appoint/test/features/common/ui/error_screen_test.dart (failed)
build-and-test	Run flutter test --coverage	2025-07-30T14:29:38.1074221Z Failed to load "/home/runner/work/appoint/appoint/test/features/common/ui/error_screen_test.dart": Compilation failed for testPath=/home/runner/work/appoint/appoint/test/features/common/ui/error_screen_test.dart
build-and-test	Run flutter test --coverage	2025-07-30T14:29:38.1076755Z 
build-and-test	Run flutter test --coverage	2025-07-30T14:29:38.1077139Z ##[endgroup]
build-and-test	Run flutter test --coverage	2025-07-30T14:29:38.1496418Z ##[group]❌ loading /home/runner/work/appoint/appoint/test/widgets/login_screen_test.dart (failed after test completion)
build-and-test	Run flutter test --coverage	2025-07-30T14:29:38.1497540Z Error: the Dart compiler exited unexpectedly.
build-and-test	Run flutter test --coverage	2025-07-30T14:29:38.1498245Z package:flutter_tools/src/base/common.dart 10:3  throwToolExit
build-and-test	Run flutter test --coverage	2025-07-30T14:29:38.1500498Z package:flutter_tools/src/compile.dart 893:9     DefaultResidentCompiler._compile.<fn>
build-and-test	Run flutter test --coverage	2025-07-30T14:29:38.1501371Z dart:async/zone.dart 1422:47                     _rootRunUnary
build-and-test	Run flutter test --coverage	2025-07-30T14:29:38.1502379Z dart:async/future_impl.dart 902:45               Future._propagateToListeners.handleValueCallback
build-and-test	Run flutter test --coverage	2025-07-30T14:29:38.1503296Z dart:async/future_impl.dart 931:13               Future._propagateToListeners
build-and-test	Run flutter test --coverage	2025-07-30T14:29:38.1504117Z dart:async/future_impl.dart 827:9                Future._propagateToListeners
build-and-test	Run flutter test --coverage	2025-07-30T14:29:38.1504936Z dart:async/future_impl.dart 707:5                Future._completeWithValue
build-and-test	Run flutter test --coverage	2025-07-30T14:29:38.1505748Z dart:async/future_impl.dart 777:7                Future._asyncCompleteWithValue.<fn>
build-and-test	Run flutter test --coverage	2025-07-30T14:29:38.1506483Z dart:async/zone.dart 1414:13                     _rootRun
build-and-test	Run flutter test --coverage	2025-07-30T14:29:38.1507126Z dart:async/zone.dart 1317:19                     _CustomZone.run
build-and-test	Run flutter test --coverage	2025-07-30T14:29:38.1507818Z dart:async/zone.dart 1225:7                      _CustomZone.runGuarded
build-and-test	Run flutter test --coverage	2025-07-30T14:29:38.1508585Z dart:async/zone.dart 1265:23                     _CustomZone.bindCallbackGuarded.<fn>
build-and-test	Run flutter test --coverage	2025-07-30T14:29:38.1509334Z dart:async/schedule_microtask.dart 40:21         _microtaskLoop
build-and-test	Run flutter test --coverage	2025-07-30T14:29:38.1510076Z dart:async/schedule_microtask.dart 49:5          _startMicrotaskLoop
build-and-test	Run flutter test --coverage	2025-07-30T14:29:38.1510919Z dart:isolate-patch/isolate_patch.dart 118:13     _runPendingImmediateCallback
build-and-test	Run flutter test --coverage	2025-07-30T14:29:38.1511971Z dart:isolate-patch/isolate_patch.dart 185:5      _RawReceivePort._handleMessage
build-and-test	Run flutter test --coverage	2025-07-30T14:29:38.1513213Z ##[endgroup]
build-and-test	Run flutter test --coverage	2025-07-30T14:29:40.2299853Z test/features/personal_app/edit_profile_screen_test.dart:5:8: Error: Error when reading 'test/features/personal_app/firebase_test_helper.dart': No such file or directory
build-and-test	Run flutter test --coverage	2025-07-30T14:29:40.2302833Z import 'firebase_test_helper.dart';
build-and-test	Run flutter test --coverage	2025-07-30T14:29:40.2303226Z        ^
build-and-test	Run flutter test --coverage	2025-07-30T14:29:40.3905985Z ##[group]❌ loading /home/runner/work/appoint/appoint/test/features/personal_app/edit_profile_screen_test.dart (failed)
build-and-test	Run flutter test --coverage	2025-07-30T14:29:40.3908323Z Failed to load "/home/runner/work/appoint/appoint/test/features/personal_app/edit_profile_screen_test.dart": Compilation failed for testPath=/home/runner/work/appoint/appoint/test/features/personal_app/edit_profile_screen_test.dart
build-and-test	Run flutter test --coverage	2025-07-30T14:29:40.3910064Z 
build-and-test	Run flutter test --coverage	2025-07-30T14:29:40.3910419Z ##[endgroup]
build-and-test	Run flutter test --coverage	2025-07-30T14:29:40.4200367Z ##[group]❌ loading /home/runner/work/appoint/appoint/test/widgets/login_screen_test.dart (failed after test completion)
build-and-test	Run flutter test --coverage	2025-07-30T14:29:40.4201733Z Error: the Dart compiler exited unexpectedly.
build-and-test	Run flutter test --coverage	2025-07-30T14:29:40.4203591Z package:flutter_tools/src/base/common.dart 10:3  throwToolExit
build-and-test	Run flutter test --coverage	2025-07-30T14:29:40.4204353Z package:flutter_tools/src/compile.dart 893:9     DefaultResidentCompiler._compile.<fn>
build-and-test	Run flutter test --coverage	2025-07-30T14:29:40.4205505Z dart:async/zone.dart 1422:47                     _rootRunUnary
build-and-test	Run flutter test --coverage	2025-07-30T14:29:40.4206248Z dart:async/future_impl.dart 902:45               Future._propagateToListeners.handleValueCallback
build-and-test	Run flutter test --coverage	2025-07-30T14:29:40.4207072Z dart:async/future_impl.dart 931:13               Future._propagateToListeners
build-and-test	Run flutter test --coverage	2025-07-30T14:29:40.4207836Z dart:async/future_impl.dart 827:9                Future._propagateToListeners
build-and-test	Run flutter test --coverage	2025-07-30T14:29:40.4208558Z dart:async/future_impl.dart 707:5                Future._completeWithValue
build-and-test	Run flutter test --coverage	2025-07-30T14:29:40.4209283Z dart:async/future_impl.dart 777:7                Future._asyncCompleteWithValue.<fn>
build-and-test	Run flutter test --coverage	2025-07-30T14:29:40.4210018Z dart:async/zone.dart 1414:13                     _rootRun
build-and-test	Run flutter test --coverage	2025-07-30T14:29:40.4210742Z dart:async/zone.dart 1317:19                     _CustomZone.run
build-and-test	Run flutter test --coverage	2025-07-30T14:29:40.4211753Z dart:async/zone.dart 1225:7                      _CustomZone.runGuarded
build-and-test	Run flutter test --coverage	2025-07-30T14:29:40.4212629Z dart:async/zone.dart 1265:23                     _CustomZone.bindCallbackGuarded.<fn>
build-and-test	Run flutter test --coverage	2025-07-30T14:29:40.4213506Z dart:async/schedule_microtask.dart 40:21         _microtaskLoop
build-and-test	Run flutter test --coverage	2025-07-30T14:29:40.4214334Z dart:async/schedule_microtask.dart 49:5          _startMicrotaskLoop
build-and-test	Run flutter test --coverage	2025-07-30T14:29:40.4215165Z dart:isolate-patch/isolate_patch.dart 118:13     _runPendingImmediateCallback
build-and-test	Run flutter test --coverage	2025-07-30T14:29:40.4215978Z dart:isolate-patch/isolate_patch.dart 185:5      _RawReceivePort._handleMessage
build-and-test	Run flutter test --coverage	2025-07-30T14:29:40.4216870Z ##[endgroup]
build-and-test	Run flutter test --coverage	2025-07-30T14:29:42.4908662Z test/features/personal_app/comments_screen_test.dart:7:8: Error: Error when reading 'test/features/personal_app/firebase_test_helper.dart': No such file or directory
build-and-test	Run flutter test --coverage	2025-07-30T14:29:42.4909840Z import 'firebase_test_helper.dart';
build-and-test	Run flutter test --coverage	2025-07-30T14:29:42.4910241Z        ^
build-and-test	Run flutter test --coverage	2025-07-30T14:29:42.7086332Z ##[group]❌ loading /home/runner/work/appoint/appoint/test/features/personal_app/comments_screen_test.dart (failed)
build-and-test	Run flutter test --coverage	2025-07-30T14:29:42.7089413Z Failed to load "/home/runner/work/appoint/appoint/test/features/personal_app/comments_screen_test.dart": Compilation failed for testPath=/home/runner/work/appoint/appoint/test/features/personal_app/comments_screen_test.dart
build-and-test	Run flutter test --coverage	2025-07-30T14:29:42.7090912Z 
build-and-test	Run flutter test --coverage	2025-07-30T14:29:42.7091246Z ##[endgroup]
build-and-test	Run flutter test --coverage	2025-07-30T14:29:42.7385353Z ##[group]❌ loading /home/runner/work/appoint/appoint/test/widgets/login_screen_test.dart (failed after test completion)
build-and-test	Run flutter test --coverage	2025-07-30T14:29:42.7386045Z Error: the Dart compiler exited unexpectedly.
build-and-test	Run flutter test --coverage	2025-07-30T14:29:42.7387743Z package:flutter_tools/src/base/common.dart 10:3  throwToolExit
build-and-test	Run flutter test --coverage	2025-07-30T14:29:42.7388400Z package:flutter_tools/src/compile.dart 893:9     DefaultResidentCompiler._compile.<fn>
build-and-test	Run flutter test --coverage	2025-07-30T14:29:42.7388919Z dart:async/zone.dart 1422:47                     _rootRunUnary
build-and-test	Run flutter test --coverage	2025-07-30T14:29:42.7389845Z dart:async/future_impl.dart 902:45               Future._propagateToListeners.handleValueCallback
build-and-test	Run flutter test --coverage	2025-07-30T14:29:42.7390453Z dart:async/future_impl.dart 931:13               Future._propagateToListeners
build-and-test	Run flutter test --coverage	2025-07-30T14:29:42.7390941Z dart:async/future_impl.dart 827:9                Future._propagateToListeners
build-and-test	Run flutter test --coverage	2025-07-30T14:29:42.7391432Z dart:async/future_impl.dart 707:5                Future._completeWithValue
build-and-test	Run flutter test --coverage	2025-07-30T14:29:42.7392234Z dart:async/future_impl.dart 777:7                Future._asyncCompleteWithValue.<fn>
build-and-test	Run flutter test --coverage	2025-07-30T14:29:42.7392678Z dart:async/zone.dart 1414:13                     _rootRun
build-and-test	Run flutter test --coverage	2025-07-30T14:29:42.7393054Z dart:async/zone.dart 1317:19                     _CustomZone.run
build-and-test	Run flutter test --coverage	2025-07-30T14:29:42.7393468Z dart:async/zone.dart 1225:7                      _CustomZone.runGuarded
build-and-test	Run flutter test --coverage	2025-07-30T14:29:42.7393927Z dart:async/zone.dart 1265:23                     _CustomZone.bindCallbackGuarded.<fn>
build-and-test	Run flutter test --coverage	2025-07-30T14:29:42.7394384Z dart:async/schedule_microtask.dart 40:21         _microtaskLoop
build-and-test	Run flutter test --coverage	2025-07-30T14:29:42.7394829Z dart:async/schedule_microtask.dart 49:5          _startMicrotaskLoop
build-and-test	Run flutter test --coverage	2025-07-30T14:29:42.7395329Z dart:isolate-patch/isolate_patch.dart 118:13     _runPendingImmediateCallback
build-and-test	Run flutter test --coverage	2025-07-30T14:29:42.7395871Z dart:isolate-patch/isolate_patch.dart 185:5      _RawReceivePort._handleMessage
build-and-test	Run flutter test --coverage	2025-07-30T14:29:42.7396611Z ##[endgroup]
build-and-test	Run flutter test --coverage	2025-07-30T14:29:44.7695202Z test/features/personal_app/search_screen_test.dart:6:8: Error: Error when reading 'test/features/personal_app/firebase_test_helper.dart': No such file or directory
build-and-test	Run flutter test --coverage	2025-07-30T14:29:44.7696783Z import 'firebase_test_helper.dart';
build-and-test	Run flutter test --coverage	2025-07-30T14:29:44.7697428Z        ^
build-and-test	Run flutter test --coverage	2025-07-30T14:29:44.9907889Z ##[group]❌ loading /home/runner/work/appoint/appoint/test/features/personal_app/search_screen_test.dart (failed)
build-and-test	Run flutter test --coverage	2025-07-30T14:29:44.9909905Z Failed to load "/home/runner/work/appoint/appoint/test/features/personal_app/search_screen_test.dart": Compilation failed for testPath=/home/runner/work/appoint/appoint/test/features/personal_app/search_screen_test.dart
build-and-test	Run flutter test --coverage	2025-07-30T14:29:44.9911305Z 
build-and-test	Run flutter test --coverage	2025-07-30T14:29:44.9911888Z ##[endgroup]
build-and-test	Run flutter test --coverage	2025-07-30T14:29:45.0180438Z ##[group]❌ loading /home/runner/work/appoint/appoint/test/widgets/login_screen_test.dart (failed after test completion)
build-and-test	Run flutter test --coverage	2025-07-30T14:29:45.0181431Z Error: the Dart compiler exited unexpectedly.
build-and-test	Run flutter test --coverage	2025-07-30T14:29:45.0183724Z package:flutter_tools/src/base/common.dart 10:3  throwToolExit
build-and-test	Run flutter test --coverage	2025-07-30T14:29:45.0184498Z package:flutter_tools/src/compile.dart 893:9     DefaultResidentCompiler._compile.<fn>
build-and-test	Run flutter test --coverage	2025-07-30T14:29:45.0185260Z dart:async/zone.dart 1422:47                     _rootRunUnary
build-and-test	Run flutter test --coverage	2025-07-30T14:29:45.0185998Z dart:async/future_impl.dart 902:45               Future._propagateToListeners.handleValueCallback
build-and-test	Run flutter test --coverage	2025-07-30T14:29:45.0186859Z dart:async/future_impl.dart 931:13               Future._propagateToListeners
build-and-test	Run flutter test --coverage	2025-07-30T14:29:45.0187646Z dart:async/future_impl.dart 827:9                Future._propagateToListeners
build-and-test	Run flutter test --coverage	2025-07-30T14:29:45.0188364Z dart:async/future_impl.dart 707:5                Future._completeWithValue
build-and-test	Run flutter test --coverage	2025-07-30T14:29:45.0189209Z dart:async/future_impl.dart 777:7                Future._asyncCompleteWithValue.<fn>
build-and-test	Run flutter test --coverage	2025-07-30T14:29:45.0190033Z dart:async/zone.dart 1414:13                     _rootRun
build-and-test	Run flutter test --coverage	2025-07-30T14:29:45.0190706Z dart:async/zone.dart 1317:19                     _CustomZone.run
build-and-test	Run flutter test --coverage	2025-07-30T14:29:45.0191460Z dart:async/zone.dart 1225:7                      _CustomZone.runGuarded
build-and-test	Run flutter test --coverage	2025-07-30T14:29:45.0192376Z dart:async/zone.dart 1265:23                     _CustomZone.bindCallbackGuarded.<fn>
build-and-test	Run flutter test --coverage	2025-07-30T14:29:45.0193104Z dart:async/schedule_microtask.dart 40:21         _microtaskLoop
build-and-test	Run flutter test --coverage	2025-07-30T14:29:45.0193792Z dart:async/schedule_microtask.dart 49:5          _startMicrotaskLoop
build-and-test	Run flutter test --coverage	2025-07-30T14:29:45.0194567Z dart:isolate-patch/isolate_patch.dart 118:13     _runPendingImmediateCallback
build-and-test	Run flutter test --coverage	2025-07-30T14:29:45.0195401Z dart:isolate-patch/isolate_patch.dart 185:5      _RawReceivePort._handleMessage
build-and-test	Run flutter test --coverage	2025-07-30T14:29:45.0196279Z ##[endgroup]
build-and-test	Run flutter test --coverage	2025-07-30T14:29:47.0381425Z test/features/personal_app/home_feed_screen_test.dart:5:8: Error: Error when reading 'test/features/personal_app/firebase_test_helper.dart': No such file or directory
build-and-test	Run flutter test --coverage	2025-07-30T14:29:47.0384789Z import 'firebase_test_helper.dart';
build-and-test	Run flutter test --coverage	2025-07-30T14:29:47.0385309Z        ^
build-and-test	Run flutter test --coverage	2025-07-30T14:29:47.1914164Z ##[group]❌ loading /home/runner/work/appoint/appoint/test/features/personal_app/home_feed_screen_test.dart (failed)
build-and-test	Run flutter test --coverage	2025-07-30T14:29:47.1916611Z Failed to load "/home/runner/work/appoint/appoint/test/features/personal_app/home_feed_screen_test.dart": Compilation failed for testPath=/home/runner/work/appoint/appoint/test/features/personal_app/home_feed_screen_test.dart
build-and-test	Run flutter test --coverage	2025-07-30T14:29:47.1919324Z 
build-and-test	Run flutter test --coverage	2025-07-30T14:29:47.1919700Z ##[endgroup]
build-and-test	Run flutter test --coverage	2025-07-30T14:29:47.2183680Z ##[group]❌ loading /home/runner/work/appoint/appoint/test/widgets/login_screen_test.dart (failed after test completion)
build-and-test	Run flutter test --coverage	2025-07-30T14:29:47.2184737Z Error: the Dart compiler exited unexpectedly.
build-and-test	Run flutter test --coverage	2025-07-30T14:29:47.2186726Z package:flutter_tools/src/base/common.dart 10:3  throwToolExit
build-and-test	Run flutter test --coverage	2025-07-30T14:29:47.2187534Z package:flutter_tools/src/compile.dart 893:9     DefaultResidentCompiler._compile.<fn>
build-and-test	Run flutter test --coverage	2025-07-30T14:29:47.2188289Z dart:async/zone.dart 1422:47                     _rootRunUnary
build-and-test	Run flutter test --coverage	2025-07-30T14:29:47.2189038Z dart:async/future_impl.dart 902:45               Future._propagateToListeners.handleValueCallback
build-and-test	Run flutter test --coverage	2025-07-30T14:29:47.2190124Z dart:async/future_impl.dart 931:13               Future._propagateToListeners
build-and-test	Run flutter test --coverage	2025-07-30T14:29:47.2190892Z dart:async/future_impl.dart 827:9                Future._propagateToListeners
build-and-test	Run flutter test --coverage	2025-07-30T14:29:47.2191400Z dart:async/future_impl.dart 707:5                Future._completeWithValue
build-and-test	Run flutter test --coverage	2025-07-30T14:29:47.2192188Z dart:async/future_impl.dart 777:7                Future._asyncCompleteWithValue.<fn>
build-and-test	Run flutter test --coverage	2025-07-30T14:29:47.2192798Z dart:async/zone.dart 1414:13                     _rootRun
build-and-test	Run flutter test --coverage	2025-07-30T14:29:47.2193345Z dart:async/zone.dart 1317:19                     _CustomZone.run
build-and-test	Run flutter test --coverage	2025-07-30T14:29:47.2193922Z dart:async/zone.dart 1225:7                      _CustomZone.runGuarded
build-and-test	Run flutter test --coverage	2025-07-30T14:29:47.2194572Z dart:async/zone.dart 1265:23                     _CustomZone.bindCallbackGuarded.<fn>
build-and-test	Run flutter test --coverage	2025-07-30T14:29:47.2195247Z dart:async/schedule_microtask.dart 40:21         _microtaskLoop
build-and-test	Run flutter test --coverage	2025-07-30T14:29:47.2195930Z dart:async/schedule_microtask.dart 49:5          _startMicrotaskLoop
build-and-test	Run flutter test --coverage	2025-07-30T14:29:47.2196696Z dart:isolate-patch/isolate_patch.dart 118:13     _runPendingImmediateCallback
build-and-test	Run flutter test --coverage	2025-07-30T14:29:47.2197496Z dart:isolate-patch/isolate_patch.dart 185:5      _RawReceivePort._handleMessage
build-and-test	Run flutter test --coverage	2025-07-30T14:29:47.2198336Z ##[endgroup]
build-and-test	Run flutter test --coverage	2025-07-30T14:29:49.2677380Z test/features/personal_app/settings_screen_test.dart:6:8: Error: Error when reading 'test/features/personal_app/firebase_test_helper.dart': No such file or directory
build-and-test	Run flutter test --coverage	2025-07-30T14:29:49.2680021Z import 'firebase_test_helper.dart';
build-and-test	Run flutter test --coverage	2025-07-30T14:29:49.2683718Z        ^
build-and-test	Run flutter test --coverage	2025-07-30T14:29:49.4462089Z ##[group]❌ loading /home/runner/work/appoint/appoint/test/features/personal_app/settings_screen_test.dart (failed)
build-and-test	Run flutter test --coverage	2025-07-30T14:29:49.4471703Z Failed to load "/home/runner/work/appoint/appoint/test/features/personal_app/settings_screen_test.dart": Compilation failed for testPath=/home/runner/work/appoint/appoint/test/features/personal_app/settings_screen_test.dart
build-and-test	Run flutter test --coverage	2025-07-30T14:29:49.4473512Z 
build-and-test	Run flutter test --coverage	2025-07-30T14:29:49.4473972Z ##[endgroup]
build-and-test	Run flutter test --coverage	2025-07-30T14:29:49.4740413Z ##[group]❌ loading /home/runner/work/appoint/appoint/test/widgets/login_screen_test.dart (failed after test completion)
build-and-test	Run flutter test --coverage	2025-07-30T14:29:49.4741068Z Error: the Dart compiler exited unexpectedly.
build-and-test	Run flutter test --coverage	2025-07-30T14:29:49.4743503Z package:flutter_tools/src/base/common.dart 10:3  throwToolExit
build-and-test	Run flutter test --coverage	2025-07-30T14:29:49.4744289Z package:flutter_tools/src/compile.dart 893:9     DefaultResidentCompiler._compile.<fn>
build-and-test	Run flutter test --coverage	2025-07-30T14:29:49.4745052Z dart:async/zone.dart 1422:47                     _rootRunUnary
build-and-test	Run flutter test --coverage	2025-07-30T14:29:49.4745804Z dart:async/future_impl.dart 902:45               Future._propagateToListeners.handleValueCallback
build-and-test	Run flutter test --coverage	2025-07-30T14:29:49.4747048Z dart:async/future_impl.dart 931:13               Future._propagateToListeners
build-and-test	Run flutter test --coverage	2025-07-30T14:29:49.4747822Z dart:async/future_impl.dart 827:9                Future._propagateToListeners
build-and-test	Run flutter test --coverage	2025-07-30T14:29:49.4748539Z dart:async/future_impl.dart 707:5                Future._completeWithValue
build-and-test	Run flutter test --coverage	2025-07-30T14:29:49.4749516Z dart:async/future_impl.dart 777:7                Future._asyncCompleteWithValue.<fn>
build-and-test	Run flutter test --coverage	2025-07-30T14:29:49.4750364Z dart:async/zone.dart 1414:13                     _rootRun
build-and-test	Run flutter test --coverage	2025-07-30T14:29:49.4751082Z dart:async/zone.dart 1317:19                     _CustomZone.run
build-and-test	Run flutter test --coverage	2025-07-30T14:29:49.4752155Z dart:async/zone.dart 1225:7                      _CustomZone.runGuarded
build-and-test	Run flutter test --coverage	2025-07-30T14:29:49.4753011Z dart:async/zone.dart 1265:23                     _CustomZone.bindCallbackGuarded.<fn>
build-and-test	Run flutter test --coverage	2025-07-30T14:29:49.4753876Z dart:async/schedule_microtask.dart 40:21         _microtaskLoop
build-and-test	Run flutter test --coverage	2025-07-30T14:29:49.4754562Z dart:async/schedule_microtask.dart 49:5          _startMicrotaskLoop
build-and-test	Run flutter test --coverage	2025-07-30T14:29:49.4755411Z dart:isolate-patch/isolate_patch.dart 118:13     _runPendingImmediateCallback
build-and-test	Run flutter test --coverage	2025-07-30T14:29:49.4756294Z dart:isolate-patch/isolate_patch.dart 185:5      _RawReceivePort._handleMessage
build-and-test	Run flutter test --coverage	2025-07-30T14:29:49.4757175Z ##[endgroup]
build-and-test	Run flutter test --coverage	2025-07-30T14:29:51.4848974Z test/features/personal_app/profile_screen_test.dart:9:8: Error: Error when reading 'test/features/personal_app/firebase_test_helper.dart': No such file or directory
build-and-test	Run flutter test --coverage	2025-07-30T14:29:51.4852214Z import 'firebase_test_helper.dart';
build-and-test	Run flutter test --coverage	2025-07-30T14:29:51.4854928Z        ^
build-and-test	Run flutter test --coverage	2025-07-30T14:29:51.6981476Z ##[group]❌ loading /home/runner/work/appoint/appoint/test/features/personal_app/profile_screen_test.dart (failed)
build-and-test	Run flutter test --coverage	2025-07-30T14:29:51.6984285Z Failed to load "/home/runner/work/appoint/appoint/test/features/personal_app/profile_screen_test.dart": Compilation failed for testPath=/home/runner/work/appoint/appoint/test/features/personal_app/profile_screen_test.dart
build-and-test	Run flutter test --coverage	2025-07-30T14:29:51.6986229Z 
build-and-test	Run flutter test --coverage	2025-07-30T14:29:51.6986845Z ##[endgroup]
build-and-test	Run flutter test --coverage	2025-07-30T14:29:51.7273908Z ##[group]❌ loading /home/runner/work/appoint/appoint/test/widgets/login_screen_test.dart (failed after test completion)
build-and-test	Run flutter test --coverage	2025-07-30T14:29:51.7274543Z Error: the Dart compiler exited unexpectedly.
build-and-test	Run flutter test --coverage	2025-07-30T14:29:51.7276401Z package:flutter_tools/src/base/common.dart 10:3  throwToolExit
build-and-test	Run flutter test --coverage	2025-07-30T14:29:51.7277024Z package:flutter_tools/src/compile.dart 893:9     DefaultResidentCompiler._compile.<fn>
build-and-test	Run flutter test --coverage	2025-07-30T14:29:51.7277486Z dart:async/zone.dart 1422:47                     _rootRunUnary
build-and-test	Run flutter test --coverage	2025-07-30T14:29:51.7277926Z dart:async/future_impl.dart 902:45               Future._propagateToListeners.handleValueCallback
build-and-test	Run flutter test --coverage	2025-07-30T14:29:51.7278573Z dart:async/future_impl.dart 931:13               Future._propagateToListeners
build-and-test	Run flutter test --coverage	2025-07-30T14:29:51.7279020Z dart:async/future_impl.dart 827:9                Future._propagateToListeners
build-and-test	Run flutter test --coverage	2025-07-30T14:29:51.7279446Z dart:async/future_impl.dart 707:5                Future._completeWithValue
build-and-test	Run flutter test --coverage	2025-07-30T14:29:51.7279888Z dart:async/future_impl.dart 777:7                Future._asyncCompleteWithValue.<fn>
build-and-test	Run flutter test --coverage	2025-07-30T14:29:51.7280289Z dart:async/zone.dart 1414:13                     _rootRun
build-and-test	Run flutter test --coverage	2025-07-30T14:29:51.7280629Z dart:async/zone.dart 1317:19                     _CustomZone.run
build-and-test	Run flutter test --coverage	2025-07-30T14:29:51.7281006Z dart:async/zone.dart 1225:7                      _CustomZone.runGuarded
build-and-test	Run flutter test --coverage	2025-07-30T14:29:51.7281416Z dart:async/zone.dart 1265:23                     _CustomZone.bindCallbackGuarded.<fn>
build-and-test	Run flutter test --coverage	2025-07-30T14:29:51.7282346Z dart:async/schedule_microtask.dart 40:21         _microtaskLoop
build-and-test	Run flutter test --coverage	2025-07-30T14:29:51.7282762Z dart:async/schedule_microtask.dart 49:5          _startMicrotaskLoop
build-and-test	Run flutter test --coverage	2025-07-30T14:29:51.7283214Z dart:isolate-patch/isolate_patch.dart 118:13     _runPendingImmediateCallback
build-and-test	Run flutter test --coverage	2025-07-30T14:29:51.7283715Z dart:isolate-patch/isolate_patch.dart 185:5      _RawReceivePort._handleMessage
build-and-test	Run flutter test --coverage	2025-07-30T14:29:51.7284215Z ##[endgroup]
build-and-test	Run flutter test --coverage	2025-07-30T14:29:53.7645812Z test/features/personal_app/notifications_screen_test.dart:8:8: Error: Error when reading 'test/features/personal_app/firebase_test_helper.dart': No such file or directory
build-and-test	Run flutter test --coverage	2025-07-30T14:29:53.7649137Z import 'firebase_test_helper.dart';
build-and-test	Run flutter test --coverage	2025-07-30T14:29:53.7651220Z        ^
build-and-test	Run flutter test --coverage	2025-07-30T14:29:53.9773947Z ##[group]❌ loading /home/runner/work/appoint/appoint/test/features/personal_app/notifications_screen_test.dart (failed)
build-and-test	Run flutter test --coverage	2025-07-30T14:29:53.9776679Z Failed to load "/home/runner/work/appoint/appoint/test/features/personal_app/notifications_screen_test.dart": Compilation failed for testPath=/home/runner/work/appoint/appoint/test/features/personal_app/notifications_screen_test.dart
build-and-test	Run flutter test --coverage	2025-07-30T14:29:53.9778521Z 
build-and-test	Run flutter test --coverage	2025-07-30T14:29:53.9779238Z ##[endgroup]
build-and-test	Run flutter test --coverage	2025-07-30T14:29:54.0048425Z ##[group]❌ loading /home/runner/work/appoint/appoint/test/widgets/login_screen_test.dart (failed after test completion)
build-and-test	Run flutter test --coverage	2025-07-30T14:29:54.0049046Z Error: the Dart compiler exited unexpectedly.
build-and-test	Run flutter test --coverage	2025-07-30T14:29:54.0050783Z package:flutter_tools/src/base/common.dart 10:3  throwToolExit
build-and-test	Run flutter test --coverage	2025-07-30T14:29:54.0051827Z package:flutter_tools/src/compile.dart 893:9     DefaultResidentCompiler._compile.<fn>
build-and-test	Run flutter test --coverage	2025-07-30T14:29:54.0052340Z dart:async/zone.dart 1422:47                     _rootRunUnary
build-and-test	Run flutter test --coverage	2025-07-30T14:29:54.0052787Z dart:async/future_impl.dart 902:45               Future._propagateToListeners.handleValueCallback
build-and-test	Run flutter test --coverage	2025-07-30T14:29:54.0053645Z dart:async/future_impl.dart 931:13               Future._propagateToListeners
build-and-test	Run flutter test --coverage	2025-07-30T14:29:54.0054089Z dart:async/future_impl.dart 827:9                Future._propagateToListeners
build-and-test	Run flutter test --coverage	2025-07-30T14:29:54.0054509Z dart:async/future_impl.dart 707:5                Future._completeWithValue
build-and-test	Run flutter test --coverage	2025-07-30T14:29:54.0054941Z dart:async/future_impl.dart 777:7                Future._asyncCompleteWithValue.<fn>
build-and-test	Run flutter test --coverage	2025-07-30T14:29:54.0055332Z dart:async/zone.dart 1414:13                     _rootRun
build-and-test	Run flutter test --coverage	2025-07-30T14:29:54.0055667Z dart:async/zone.dart 1317:19                     _CustomZone.run
build-and-test	Run flutter test --coverage	2025-07-30T14:29:54.0056039Z dart:async/zone.dart 1225:7                      _CustomZone.runGuarded
build-and-test	Run flutter test --coverage	2025-07-30T14:29:54.0056449Z dart:async/zone.dart 1265:23                     _CustomZone.bindCallbackGuarded.<fn>
build-and-test	Run flutter test --coverage	2025-07-30T14:29:54.0056853Z dart:async/schedule_microtask.dart 40:21         _microtaskLoop
build-and-test	Run flutter test --coverage	2025-07-30T14:29:54.0057239Z dart:async/schedule_microtask.dart 49:5          _startMicrotaskLoop
build-and-test	Run flutter test --coverage	2025-07-30T14:29:54.0057688Z dart:isolate-patch/isolate_patch.dart 118:13     _runPendingImmediateCallback
build-and-test	Run flutter test --coverage	2025-07-30T14:29:54.0058157Z dart:isolate-patch/isolate_patch.dart 185:5      _RawReceivePort._handleMessage
build-and-test	Run flutter test --coverage	2025-07-30T14:29:54.0058650Z ##[endgroup]
build-and-test	Run flutter test --coverage	2025-07-30T14:29:56.2244445Z test/firebase_test_helper.dart:11:48: Error: Type 'FirebaseAuth' not found.
build-and-test	Run flutter test --coverage	2025-07-30T14:29:56.2246672Z class MockFirebaseAuth extends Mock implements FirebaseAuth {}
build-and-test	Run flutter test --coverage	2025-07-30T14:29:56.2247289Z                                                ^^^^^^^^^^^^
build-and-test	Run flutter test --coverage	2025-07-30T14:29:56.2247902Z test/firebase_test_helper.dart:13:40: Error: Type 'User' not found.
build-and-test	Run flutter test --coverage	2025-07-30T14:29:56.2248542Z class MockUser extends Mock implements User {}
build-and-test	Run flutter test --coverage	2025-07-30T14:29:56.2249028Z                                        ^^^^
build-and-test	Run flutter test --coverage	2025-07-30T14:29:56.2249646Z test/firebase_test_helper.dart:15:50: Error: Type 'UserCredential' not found.
build-and-test	Run flutter test --coverage	2025-07-30T14:29:56.2250454Z class MockUserCredential extends Mock implements UserCredential {}
build-and-test	Run flutter test --coverage	2025-07-30T14:29:56.2251052Z                                                  ^^^^^^^^^^^^^^
build-and-test	Run flutter test --coverage	2025-07-30T14:29:56.3600573Z test/firebase_test_helper.dart:78:25: Error: The getter 'uid' isn't defined for the class 'MockUser'.
build-and-test	Run flutter test --coverage	2025-07-30T14:29:56.3601919Z  - 'MockUser' is from 'test/firebase_test_helper.dart'.
build-and-test	Run flutter test --coverage	2025-07-30T14:29:56.3602939Z Try correcting the name to the name of an existing getter, or defining a getter or field named 'uid'.
build-and-test	Run flutter test --coverage	2025-07-30T14:29:56.3603921Z     when(() => mockUser.uid).thenReturn('test-user-id');
build-and-test	Run flutter test --coverage	2025-07-30T14:29:56.3604393Z                         ^^^
build-and-test	Run flutter test --coverage	2025-07-30T14:29:56.3605047Z test/firebase_test_helper.dart:79:25: Error: The getter 'email' isn't defined for the class 'MockUser'.
build-and-test	Run flutter test --coverage	2025-07-30T14:29:56.3605855Z  - 'MockUser' is from 'test/firebase_test_helper.dart'.
build-and-test	Run flutter test --coverage	2025-07-30T14:29:56.3607096Z Try correcting the name to the name of an existing getter, or defining a getter or field named 'email'.
build-and-test	Run flutter test --coverage	2025-07-30T14:29:56.3607911Z     when(() => mockUser.email).thenReturn('test@example.com');
build-and-test	Run flutter test --coverage	2025-07-30T14:29:56.3608426Z                         ^^^^^
build-and-test	Run flutter test --coverage	2025-07-30T14:29:56.3609139Z test/firebase_test_helper.dart:80:25: Error: The getter 'displayName' isn't defined for the class 'MockUser'.
build-and-test	Run flutter test --coverage	2025-07-30T14:29:56.3609977Z  - 'MockUser' is from 'test/firebase_test_helper.dart'.
build-and-test	Run flutter test --coverage	2025-07-30T14:29:56.3610782Z Try correcting the name to the name of an existing getter, or defining a getter or field named 'displayName'.
build-and-test	Run flutter test --coverage	2025-07-30T14:29:56.3611794Z     when(() => mockUser.displayName).thenReturn('Test User');
build-and-test	Run flutter test --coverage	2025-07-30T14:29:56.3612285Z                         ^^^^^^^^^^^
build-and-test	Run flutter test --coverage	2025-07-30T14:29:56.3612992Z test/firebase_test_helper.dart:81:25: Error: The getter 'photoURL' isn't defined for the class 'MockUser'.
build-and-test	Run flutter test --coverage	2025-07-30T14:29:56.3613815Z  - 'MockUser' is from 'test/firebase_test_helper.dart'.
build-and-test	Run flutter test --coverage	2025-07-30T14:29:56.3614604Z Try correcting the name to the name of an existing getter, or defining a getter or field named 'photoURL'.
build-and-test	Run flutter test --coverage	2025-07-30T14:29:56.3615490Z     when(() => mockUser.photoURL).thenReturn('https://example.com/photo.jpg');
build-and-test	Run flutter test --coverage	2025-07-30T14:29:56.3616035Z                         ^^^^^^^^
build-and-test	Run flutter test --coverage	2025-07-30T14:29:56.3616466Z test/firebase_test_helper.dart:82:25: Error: The getter 'isAnonymous' isn't defined for the class 'MockUser'.
build-and-test	Run flutter test --coverage	2025-07-30T14:29:56.3616960Z  - 'MockUser' is from 'test/firebase_test_helper.dart'.
build-and-test	Run flutter test --coverage	2025-07-30T14:29:56.3617762Z Try correcting the name to the name of an existing getter, or defining a getter or field named 'isAnonymous'.
build-and-test	Run flutter test --coverage	2025-07-30T14:29:56.3618568Z     when(() => mockUser.isAnonymous).thenReturn(false);
build-and-test	Run flutter test --coverage	2025-07-30T14:29:56.3619006Z                         ^^^^^^^^^^^
build-and-test	Run flutter test --coverage	2025-07-30T14:29:56.3619739Z test/firebase_test_helper.dart:83:25: Error: The getter 'emailVerified' isn't defined for the class 'MockUser'.
build-and-test	Run flutter test --coverage	2025-07-30T14:29:56.3620563Z  - 'MockUser' is from 'test/firebase_test_helper.dart'.
build-and-test	Run flutter test --coverage	2025-07-30T14:29:56.3621394Z Try correcting the name to the name of an existing getter, or defining a getter or field named 'emailVerified'.
build-and-test	Run flutter test --coverage	2025-07-30T14:29:56.3622370Z     when(() => mockUser.emailVerified).thenReturn(true);
build-and-test	Run flutter test --coverage	2025-07-30T14:29:56.3622828Z                         ^^^^^^^^^^^^^
build-and-test	Run flutter test --coverage	2025-07-30T14:29:56.3623552Z test/firebase_test_helper.dart:86:35: Error: The getter 'user' isn't defined for the class 'MockUserCredential'.
build-and-test	Run flutter test --coverage	2025-07-30T14:29:56.3633959Z  - 'MockUserCredential' is from 'test/firebase_test_helper.dart'.
build-and-test	Run flutter test --coverage	2025-07-30T14:29:56.3634757Z Try correcting the name to the name of an existing getter, or defining a getter or field named 'user'.
build-and-test	Run flutter test --coverage	2025-07-30T14:29:56.3635426Z     when(() => mockUserCredential.user).thenReturn(mockUser);
build-and-test	Run flutter test --coverage	2025-07-30T14:29:56.3635829Z                                   ^^^^
build-and-test	Run flutter test --coverage	2025-07-30T14:29:56.3636479Z test/firebase_test_helper.dart:89:25: Error: The getter 'currentUser' isn't defined for the class 'MockFirebaseAuth'.
build-and-test	Run flutter test --coverage	2025-07-30T14:29:56.3637324Z  - 'MockFirebaseAuth' is from 'test/firebase_test_helper.dart'.
build-and-test	Run flutter test --coverage	2025-07-30T14:29:56.3638156Z Try correcting the name to the name of an existing getter, or defining a getter or field named 'currentUser'.
build-and-test	Run flutter test --coverage	2025-07-30T14:29:56.3638881Z     when(() => mockAuth.currentUser).thenReturn(mockUser);
build-and-test	Run flutter test --coverage	2025-07-30T14:29:56.3639309Z                         ^^^^^^^^^^^
build-and-test	Run flutter test --coverage	2025-07-30T14:29:56.3640040Z test/firebase_test_helper.dart:90:25: Error: The method 'authStateChanges' isn't defined for the class 'MockFirebaseAuth'.
build-and-test	Run flutter test --coverage	2025-07-30T14:29:56.3640916Z  - 'MockFirebaseAuth' is from 'test/firebase_test_helper.dart'.
build-and-test	Run flutter test --coverage	2025-07-30T14:29:56.3641878Z Try correcting the name to the name of an existing method, or defining a method named 'authStateChanges'.
build-and-test	Run flutter test --coverage	2025-07-30T14:29:56.3642576Z     when(() => mockAuth.authStateChanges())
build-and-test	Run flutter test --coverage	2025-07-30T14:29:56.3642953Z                         ^^^^^^^^^^^^^^^^
build-and-test	Run flutter test --coverage	2025-07-30T14:29:56.3643644Z test/firebase_test_helper.dart:92:25: Error: The method 'userChanges' isn't defined for the class 'MockFirebaseAuth'.
build-and-test	Run flutter test --coverage	2025-07-30T14:29:56.3644791Z  - 'MockFirebaseAuth' is from 'test/firebase_test_helper.dart'.
build-and-test	Run flutter test --coverage	2025-07-30T14:29:56.3645573Z Try correcting the name to the name of an existing method, or defining a method named 'userChanges'.
build-and-test	Run flutter test --coverage	2025-07-30T14:29:56.3646120Z     when(() => mockAuth.userChanges())
build-and-test	Run flutter test --coverage	2025-07-30T14:29:56.3646374Z                         ^^^^^^^^^^^
build-and-test	Run flutter test --coverage	2025-07-30T14:29:56.3646859Z test/firebase_test_helper.dart:94:25: Error: The method 'signInWithEmailAndPassword' isn't defined for the class 'MockFirebaseAuth'.
build-and-test	Run flutter test --coverage	2025-07-30T14:29:56.3647431Z  - 'MockFirebaseAuth' is from 'test/firebase_test_helper.dart'.
build-and-test	Run flutter test --coverage	2025-07-30T14:29:56.3647959Z Try correcting the name to the name of an existing method, or defining a method named 'signInWithEmailAndPassword'.
build-and-test	Run flutter test --coverage	2025-07-30T14:29:56.3648475Z     when(() => mockAuth.signInWithEmailAndPassword(any(), any()))
build-and-test	Run flutter test --coverage	2025-07-30T14:29:56.3648780Z                         ^^^^^^^^^^^^^^^^^^^^^^^^^^
build-and-test	Run flutter test --coverage	2025-07-30T14:29:56.3649308Z test/firebase_test_helper.dart:96:25: Error: The method 'createUserWithEmailAndPassword' isn't defined for the class 'MockFirebaseAuth'.
build-and-test	Run flutter test --coverage	2025-07-30T14:29:56.3649907Z  - 'MockFirebaseAuth' is from 'test/firebase_test_helper.dart'.
build-and-test	Run flutter test --coverage	2025-07-30T14:29:56.3650455Z Try correcting the name to the name of an existing method, or defining a method named 'createUserWithEmailAndPassword'.
build-and-test	Run flutter test --coverage	2025-07-30T14:29:56.3651145Z     when(() => mockAuth.createUserWithEmailAndPassword(any(), any()))
build-and-test	Run flutter test --coverage	2025-07-30T14:29:56.3651470Z                         ^^^^^^^^^^^^^^^^^^^^^^^^^^^^^^
build-and-test	Run flutter test --coverage	2025-07-30T14:29:56.3652142Z test/firebase_test_helper.dart:98:25: Error: The method 'signOut' isn't defined for the class 'MockFirebaseAuth'.
build-and-test	Run flutter test --coverage	2025-07-30T14:29:56.3652660Z  - 'MockFirebaseAuth' is from 'test/firebase_test_helper.dart'.
build-and-test	Run flutter test --coverage	2025-07-30T14:29:56.3653110Z Try correcting the name to the name of an existing method, or defining a method named 'signOut'.
build-and-test	Run flutter test --coverage	2025-07-30T14:29:56.3653543Z     when(() => mockAuth.signOut()).thenAnswer((_) async {});
build-and-test	Run flutter test --coverage	2025-07-30T14:29:56.3653814Z                         ^^^^^^^
build-and-test	Run flutter test --coverage	2025-07-30T14:29:56.3654414Z test/firebase_test_helper.dart:108:60: Error: The argument type 'MockCollectionReference' can't be assigned to the parameter type 'CollectionReference<Map<String, dynamic>>'.
build-and-test	Run flutter test --coverage	2025-07-30T14:29:56.3655514Z  - 'MockCollectionReference' is from 'test/firebase_test_helper.dart'.
build-and-test	Run flutter test --coverage	2025-07-30T14:29:56.3656240Z  - 'CollectionReference' is from 'package:cloud_firestore/cloud_firestore.dart' ('../../../.pub-cache/hosted/pub.dev/cloud_firestore-5.6.11/lib/cloud_firestore.dart').
build-and-test	Run flutter test --coverage	2025-07-30T14:29:56.3656854Z  - 'Map' is from 'dart:core'.
build-and-test	Run flutter test --coverage	2025-07-30T14:29:56.3657179Z     when(() => mockFirestore.collection(any())).thenReturn(mockCollection);
build-and-test	Run flutter test --coverage	2025-07-30T14:29:56.3657516Z                                                            ^
build-and-test	Run flutter test --coverage	2025-07-30T14:29:56.3661878Z test/firebase_test_helper.dart:132:52: Error: A value of type 'MockDocumentSnapshot' can't be assigned to a variable of type 'QueryDocumentSnapshot<Object?>'.
build-and-test	Run flutter test --coverage	2025-07-30T14:29:56.3663154Z  - 'MockDocumentSnapshot' is from 'test/firebase_test_helper.dart'.
build-and-test	Run flutter test --coverage	2025-07-30T14:29:56.3664389Z  - 'QueryDocumentSnapshot' is from 'package:cloud_firestore/cloud_firestore.dart' ('../../../.pub-cache/hosted/pub.dev/cloud_firestore-5.6.11/lib/cloud_firestore.dart').
build-and-test	Run flutter test --coverage	2025-07-30T14:29:56.3665465Z  - 'Object' is from 'dart:core'.
build-and-test	Run flutter test --coverage	2025-07-30T14:29:56.3666009Z     when(() => mockQuerySnapshot.docs).thenReturn([mockDocumentSnapshot]);
build-and-test	Run flutter test --coverage	2025-07-30T14:29:56.3666601Z                                                    ^
build-and-test	Run flutter test --coverage	2025-07-30T14:29:56.8409503Z ##[group]❌ loading /home/runner/work/appoint/appoint/test/features/studio/studio_dashboard_screen_test.dart (failed)
build-and-test	Run flutter test --coverage	2025-07-30T14:29:56.8412169Z Failed to load "/home/runner/work/appoint/appoint/test/features/studio/studio_dashboard_screen_test.dart": Compilation failed for testPath=/home/runner/work/appoint/appoint/test/features/studio/studio_dashboard_screen_test.dart
build-and-test	Run flutter test --coverage	2025-07-30T14:29:56.8415908Z 
build-and-test	Run flutter test --coverage	2025-07-30T14:29:56.8416243Z ##[endgroup]
build-and-test	Run flutter test --coverage	2025-07-30T14:29:56.8734549Z ##[group]❌ loading /home/runner/work/appoint/appoint/test/widgets/login_screen_test.dart (failed after test completion)
build-and-test	Run flutter test --coverage	2025-07-30T14:29:56.8735931Z Error: the Dart compiler exited unexpectedly.
build-and-test	Run flutter test --coverage	2025-07-30T14:29:56.8737319Z package:flutter_tools/src/base/common.dart 10:3  throwToolExit
build-and-test	Run flutter test --coverage	2025-07-30T14:29:56.8738069Z package:flutter_tools/src/compile.dart 893:9     DefaultResidentCompiler._compile.<fn>
build-and-test	Run flutter test --coverage	2025-07-30T14:29:56.8738870Z dart:async/zone.dart 1422:47                     _rootRunUnary
build-and-test	Run flutter test --coverage	2025-07-30T14:29:56.8739598Z dart:async/future_impl.dart 902:45               Future._propagateToListeners.handleValueCallback
build-and-test	Run flutter test --coverage	2025-07-30T14:29:56.8740427Z dart:async/future_impl.dart 931:13               Future._propagateToListeners
build-and-test	Run flutter test --coverage	2025-07-30T14:29:56.8741168Z dart:async/future_impl.dart 827:9                Future._propagateToListeners
build-and-test	Run flutter test --coverage	2025-07-30T14:29:56.8742479Z dart:async/future_impl.dart 707:5                Future._completeWithValue
build-and-test	Run flutter test --coverage	2025-07-30T14:29:56.8743211Z dart:async/future_impl.dart 777:7                Future._asyncCompleteWithValue.<fn>
build-and-test	Run flutter test --coverage	2025-07-30T14:29:56.8743922Z dart:async/zone.dart 1414:13                     _rootRun
build-and-test	Run flutter test --coverage	2025-07-30T14:29:56.8744507Z dart:async/zone.dart 1317:19                     _CustomZone.run
build-and-test	Run flutter test --coverage	2025-07-30T14:29:56.8745165Z dart:async/zone.dart 1225:7                      _CustomZone.runGuarded
build-and-test	Run flutter test --coverage	2025-07-30T14:29:56.8746183Z dart:async/zone.dart 1265:23                     _CustomZone.bindCallbackGuarded.<fn>
build-and-test	Run flutter test --coverage	2025-07-30T14:29:56.8746907Z dart:async/schedule_microtask.dart 40:21         _microtaskLoop
build-and-test	Run flutter test --coverage	2025-07-30T14:29:56.8747597Z dart:async/schedule_microtask.dart 49:5          _startMicrotaskLoop
build-and-test	Run flutter test --coverage	2025-07-30T14:29:56.8748372Z dart:isolate-patch/isolate_patch.dart 118:13     _runPendingImmediateCallback
build-and-test	Run flutter test --coverage	2025-07-30T14:29:56.8749200Z dart:isolate-patch/isolate_patch.dart 185:5      _RawReceivePort._handleMessage
build-and-test	Run flutter test --coverage	2025-07-30T14:29:56.8750072Z ##[endgroup]
build-and-test	Run flutter test --coverage	2025-07-30T14:29:59.0667604Z test/firebase_test_helper.dart:11:48: Error: Type 'FirebaseAuth' not found.
build-and-test	Run flutter test --coverage	2025-07-30T14:29:59.0669179Z class MockFirebaseAuth extends Mock implements FirebaseAuth {}
build-and-test	Run flutter test --coverage	2025-07-30T14:29:59.0670135Z                                                ^^^^^^^^^^^^
build-and-test	Run flutter test --coverage	2025-07-30T14:29:59.0672173Z test/firebase_test_helper.dart:13:40: Error: Type 'User' not found.
build-and-test	Run flutter test --coverage	2025-07-30T14:29:59.0672847Z class MockUser extends Mock implements User {}
build-and-test	Run flutter test --coverage	2025-07-30T14:29:59.0673322Z                                        ^^^^
build-and-test	Run flutter test --coverage	2025-07-30T14:29:59.0673969Z test/firebase_test_helper.dart:15:50: Error: Type 'UserCredential' not found.
build-and-test	Run flutter test --coverage	2025-07-30T14:29:59.0674816Z class MockUserCredential extends Mock implements UserCredential {}
build-and-test	Run flutter test --coverage	2025-07-30T14:29:59.0675452Z                                                  ^^^^^^^^^^^^^^
build-and-test	Run flutter test --coverage	2025-07-30T14:29:59.2112129Z test/firebase_test_helper.dart:78:25: Error: The getter 'uid' isn't defined for the class 'MockUser'.
build-and-test	Run flutter test --coverage	2025-07-30T14:29:59.2113005Z  - 'MockUser' is from 'test/firebase_test_helper.dart'.
build-and-test	Run flutter test --coverage	2025-07-30T14:29:59.2113841Z Try correcting the name to the name of an existing getter, or defining a getter or field named 'uid'.
build-and-test	Run flutter test --coverage	2025-07-30T14:29:59.2115073Z     when(() => mockUser.uid).thenReturn('test-user-id');
build-and-test	Run flutter test --coverage	2025-07-30T14:29:59.2115655Z                         ^^^
build-and-test	Run flutter test --coverage	2025-07-30T14:29:59.2116450Z test/firebase_test_helper.dart:79:25: Error: The getter 'email' isn't defined for the class 'MockUser'.
build-and-test	Run flutter test --coverage	2025-07-30T14:29:59.2117271Z  - 'MockUser' is from 'test/firebase_test_helper.dart'.
build-and-test	Run flutter test --coverage	2025-07-30T14:29:59.2118055Z Try correcting the name to the name of an existing getter, or defining a getter or field named 'email'.
build-and-test	Run flutter test --coverage	2025-07-30T14:29:59.2118867Z     when(() => mockUser.email).thenReturn('test@example.com');
build-and-test	Run flutter test --coverage	2025-07-30T14:29:59.2119340Z                         ^^^^^
build-and-test	Run flutter test --coverage	2025-07-30T14:29:59.2120034Z test/firebase_test_helper.dart:80:25: Error: The getter 'displayName' isn't defined for the class 'MockUser'.
build-and-test	Run flutter test --coverage	2025-07-30T14:29:59.2120857Z  - 'MockUser' is from 'test/firebase_test_helper.dart'.
build-and-test	Run flutter test --coverage	2025-07-30T14:29:59.2121812Z Try correcting the name to the name of an existing getter, or defining a getter or field named 'displayName'.
build-and-test	Run flutter test --coverage	2025-07-30T14:29:59.2122649Z     when(() => mockUser.displayName).thenReturn('Test User');
build-and-test	Run flutter test --coverage	2025-07-30T14:29:59.2123495Z                         ^^^^^^^^^^^
build-and-test	Run flutter test --coverage	2025-07-30T14:29:59.2124201Z test/firebase_test_helper.dart:81:25: Error: The getter 'photoURL' isn't defined for the class 'MockUser'.
build-and-test	Run flutter test --coverage	2025-07-30T14:29:59.2125006Z  - 'MockUser' is from 'test/firebase_test_helper.dart'.
build-and-test	Run flutter test --coverage	2025-07-30T14:29:59.2125804Z Try correcting the name to the name of an existing getter, or defining a getter or field named 'photoURL'.
build-and-test	Run flutter test --coverage	2025-07-30T14:29:59.2126750Z     when(() => mockUser.photoURL).thenReturn('https://example.com/photo.jpg');
build-and-test	Run flutter test --coverage	2025-07-30T14:29:59.2127381Z                         ^^^^^^^^
build-and-test	Run flutter test --coverage	2025-07-30T14:29:59.2128085Z test/firebase_test_helper.dart:82:25: Error: The getter 'isAnonymous' isn't defined for the class 'MockUser'.
build-and-test	Run flutter test --coverage	2025-07-30T14:29:59.2128893Z  - 'MockUser' is from 'test/firebase_test_helper.dart'.
build-and-test	Run flutter test --coverage	2025-07-30T14:29:59.2129681Z Try correcting the name to the name of an existing getter, or defining a getter or field named 'isAnonymous'.
build-and-test	Run flutter test --coverage	2025-07-30T14:29:59.2130459Z     when(() => mockUser.isAnonymous).thenReturn(false);
build-and-test	Run flutter test --coverage	2025-07-30T14:29:59.2130892Z                         ^^^^^^^^^^^
build-and-test	Run flutter test --coverage	2025-07-30T14:29:59.2131746Z test/firebase_test_helper.dart:83:25: Error: The getter 'emailVerified' isn't defined for the class 'MockUser'.
build-and-test	Run flutter test --coverage	2025-07-30T14:29:59.2132569Z  - 'MockUser' is from 'test/firebase_test_helper.dart'.
build-and-test	Run flutter test --coverage	2025-07-30T14:29:59.2133582Z Try correcting the name to the name of an existing getter, or defining a getter or field named 'emailVerified'.
build-and-test	Run flutter test --coverage	2025-07-30T14:29:59.2134374Z     when(() => mockUser.emailVerified).thenReturn(true);
build-and-test	Run flutter test --coverage	2025-07-30T14:29:59.2134820Z                         ^^^^^^^^^^^^^
build-and-test	Run flutter test --coverage	2025-07-30T14:29:59.2135535Z test/firebase_test_helper.dart:86:35: Error: The getter 'user' isn't defined for the class 'MockUserCredential'.
build-and-test	Run flutter test --coverage	2025-07-30T14:29:59.2136410Z  - 'MockUserCredential' is from 'test/firebase_test_helper.dart'.
build-and-test	Run flutter test --coverage	2025-07-30T14:29:59.2137233Z Try correcting the name to the name of an existing getter, or defining a getter or field named 'user'.
build-and-test	Run flutter test --coverage	2025-07-30T14:29:59.2138015Z     when(() => mockUserCredential.user).thenReturn(mockUser);
build-and-test	Run flutter test --coverage	2025-07-30T14:29:59.2138489Z                                   ^^^^
build-and-test	Run flutter test --coverage	2025-07-30T14:29:59.2139236Z test/firebase_test_helper.dart:89:25: Error: The getter 'currentUser' isn't defined for the class 'MockFirebaseAuth'.
build-and-test	Run flutter test --coverage	2025-07-30T14:29:59.2140156Z  - 'MockFirebaseAuth' is from 'test/firebase_test_helper.dart'.
build-and-test	Run flutter test --coverage	2025-07-30T14:29:59.2141001Z Try correcting the name to the name of an existing getter, or defining a getter or field named 'currentUser'.
build-and-test	Run flutter test --coverage	2025-07-30T14:29:59.2141939Z     when(() => mockAuth.currentUser).thenReturn(mockUser);
build-and-test	Run flutter test --coverage	2025-07-30T14:29:59.2142389Z                         ^^^^^^^^^^^
build-and-test	Run flutter test --coverage	2025-07-30T14:29:59.2143154Z test/firebase_test_helper.dart:90:25: Error: The method 'authStateChanges' isn't defined for the class 'MockFirebaseAuth'.
build-and-test	Run flutter test --coverage	2025-07-30T14:29:59.2144091Z  - 'MockFirebaseAuth' is from 'test/firebase_test_helper.dart'.
build-and-test	Run flutter test --coverage	2025-07-30T14:29:59.2144911Z Try correcting the name to the name of an existing method, or defining a method named 'authStateChanges'.
build-and-test	Run flutter test --coverage	2025-07-30T14:29:59.2145666Z     when(() => mockAuth.authStateChanges())
build-and-test	Run flutter test --coverage	2025-07-30T14:29:59.2146073Z                         ^^^^^^^^^^^^^^^^
build-and-test	Run flutter test --coverage	2025-07-30T14:29:59.2146825Z test/firebase_test_helper.dart:92:25: Error: The method 'userChanges' isn't defined for the class 'MockFirebaseAuth'.
build-and-test	Run flutter test --coverage	2025-07-30T14:29:59.2147735Z  - 'MockFirebaseAuth' is from 'test/firebase_test_helper.dart'.
build-and-test	Run flutter test --coverage	2025-07-30T14:29:59.2148522Z Try correcting the name to the name of an existing method, or defining a method named 'userChanges'.
build-and-test	Run flutter test --coverage	2025-07-30T14:29:59.2149216Z     when(() => mockAuth.userChanges())
build-and-test	Run flutter test --coverage	2025-07-30T14:29:59.2149593Z                         ^^^^^^^^^^^
build-and-test	Run flutter test --coverage	2025-07-30T14:29:59.2150438Z test/firebase_test_helper.dart:94:25: Error: The method 'signInWithEmailAndPassword' isn't defined for the class 'MockFirebaseAuth'.
build-and-test	Run flutter test --coverage	2025-07-30T14:29:59.2151455Z  - 'MockFirebaseAuth' is from 'test/firebase_test_helper.dart'.
build-and-test	Run flutter test --coverage	2025-07-30T14:29:59.2152472Z Try correcting the name to the name of an existing method, or defining a method named 'signInWithEmailAndPassword'.
build-and-test	Run flutter test --coverage	2025-07-30T14:29:59.2153521Z     when(() => mockAuth.signInWithEmailAndPassword(any(), any()))
build-and-test	Run flutter test --coverage	2025-07-30T14:29:59.2154026Z                         ^^^^^^^^^^^^^^^^^^^^^^^^^^
build-and-test	Run flutter test --coverage	2025-07-30T14:29:59.2154937Z test/firebase_test_helper.dart:96:25: Error: The method 'createUserWithEmailAndPassword' isn't defined for the class 'MockFirebaseAuth'.
build-and-test	Run flutter test --coverage	2025-07-30T14:29:59.2155982Z  - 'MockFirebaseAuth' is from 'test/firebase_test_helper.dart'.
build-and-test	Run flutter test --coverage	2025-07-30T14:29:59.2156884Z Try correcting the name to the name of an existing method, or defining a method named 'createUserWithEmailAndPassword'.
build-and-test	Run flutter test --coverage	2025-07-30T14:29:59.2157780Z     when(() => mockAuth.createUserWithEmailAndPassword(any(), any()))
build-and-test	Run flutter test --coverage	2025-07-30T14:29:59.2158104Z                         ^^^^^^^^^^^^^^^^^^^^^^^^^^^^^^
build-and-test	Run flutter test --coverage	2025-07-30T14:29:59.2158546Z test/firebase_test_helper.dart:98:25: Error: The method 'signOut' isn't defined for the class 'MockFirebaseAuth'.
build-and-test	Run flutter test --coverage	2025-07-30T14:29:59.2159080Z  - 'MockFirebaseAuth' is from 'test/firebase_test_helper.dart'.
build-and-test	Run flutter test --coverage	2025-07-30T14:29:59.2159535Z Try correcting the name to the name of an existing method, or defining a method named 'signOut'.
build-and-test	Run flutter test --coverage	2025-07-30T14:29:59.2159963Z     when(() => mockAuth.signOut()).thenAnswer((_) async {});
build-and-test	Run flutter test --coverage	2025-07-30T14:29:59.2160228Z                         ^^^^^^^
build-and-test	Run flutter test --coverage	2025-07-30T14:29:59.2160992Z test/firebase_test_helper.dart:108:60: Error: The argument type 'MockCollectionReference' can't be assigned to the parameter type 'CollectionReference<Map<String, dynamic>>'.
build-and-test	Run flutter test --coverage	2025-07-30T14:29:59.2161966Z  - 'MockCollectionReference' is from 'test/firebase_test_helper.dart'.
build-and-test	Run flutter test --coverage	2025-07-30T14:29:59.2162679Z  - 'CollectionReference' is from 'package:cloud_firestore/cloud_firestore.dart' ('../../../.pub-cache/hosted/pub.dev/cloud_firestore-5.6.11/lib/cloud_firestore.dart').
build-and-test	Run flutter test --coverage	2025-07-30T14:29:59.2163288Z  - 'Map' is from 'dart:core'.
build-and-test	Run flutter test --coverage	2025-07-30T14:29:59.2163602Z     when(() => mockFirestore.collection(any())).thenReturn(mockCollection);
build-and-test	Run flutter test --coverage	2025-07-30T14:29:59.2163941Z                                                            ^
build-and-test	Run flutter test --coverage	2025-07-30T14:29:59.2164530Z test/firebase_test_helper.dart:132:52: Error: A value of type 'MockDocumentSnapshot' can't be assigned to a variable of type 'QueryDocumentSnapshot<Object?>'.
build-and-test	Run flutter test --coverage	2025-07-30T14:29:59.2165185Z  - 'MockDocumentSnapshot' is from 'test/firebase_test_helper.dart'.
build-and-test	Run flutter test --coverage	2025-07-30T14:29:59.2165900Z  - 'QueryDocumentSnapshot' is from 'package:cloud_firestore/cloud_firestore.dart' ('../../../.pub-cache/hosted/pub.dev/cloud_firestore-5.6.11/lib/cloud_firestore.dart').
build-and-test	Run flutter test --coverage	2025-07-30T14:29:59.2166513Z  - 'Object' is from 'dart:core'.
build-and-test	Run flutter test --coverage	2025-07-30T14:29:59.2166832Z     when(() => mockQuerySnapshot.docs).thenReturn([mockDocumentSnapshot]);
build-and-test	Run flutter test --coverage	2025-07-30T14:29:59.2167160Z                                                    ^
build-and-test	Run flutter test --coverage	2025-07-30T14:29:59.7019530Z ##[group]❌ loading /home/runner/work/appoint/appoint/test/features/studio/content_library_screen_test.dart (failed)
build-and-test	Run flutter test --coverage	2025-07-30T14:29:59.7021852Z Failed to load "/home/runner/work/appoint/appoint/test/features/studio/content_library_screen_test.dart": Compilation failed for testPath=/home/runner/work/appoint/appoint/test/features/studio/content_library_screen_test.dart
build-and-test	Run flutter test --coverage	2025-07-30T14:29:59.7024557Z 
build-and-test	Run flutter test --coverage	2025-07-30T14:29:59.7025125Z ##[endgroup]
build-and-test	Run flutter test --coverage	2025-07-30T14:29:59.7328209Z ##[group]❌ loading /home/runner/work/appoint/appoint/test/widgets/login_screen_test.dart (failed after test completion)
build-and-test	Run flutter test --coverage	2025-07-30T14:29:59.7329278Z Error: the Dart compiler exited unexpectedly.
build-and-test	Run flutter test --coverage	2025-07-30T14:29:59.7330588Z package:flutter_tools/src/base/common.dart 10:3  throwToolExit
build-and-test	Run flutter test --coverage	2025-07-30T14:29:59.7331327Z package:flutter_tools/src/compile.dart 893:9     DefaultResidentCompiler._compile.<fn>
build-and-test	Run flutter test --coverage	2025-07-30T14:29:59.7332506Z dart:async/zone.dart 1422:47                     _rootRunUnary
build-and-test	Run flutter test --coverage	2025-07-30T14:29:59.7333234Z dart:async/future_impl.dart 902:45               Future._propagateToListeners.handleValueCallback
build-and-test	Run flutter test --coverage	2025-07-30T14:29:59.7334038Z dart:async/future_impl.dart 931:13               Future._propagateToListeners
build-and-test	Run flutter test --coverage	2025-07-30T14:29:59.7334772Z dart:async/future_impl.dart 827:9                Future._propagateToListeners
build-and-test	Run flutter test --coverage	2025-07-30T14:29:59.7335919Z dart:async/future_impl.dart 707:5                Future._completeWithValue
build-and-test	Run flutter test --coverage	2025-07-30T14:29:59.7336530Z dart:async/future_impl.dart 777:7                Future._asyncCompleteWithValue.<fn>
build-and-test	Run flutter test --coverage	2025-07-30T14:29:59.7337202Z dart:async/zone.dart 1414:13                     _rootRun
build-and-test	Run flutter test --coverage	2025-07-30T14:29:59.7337817Z dart:async/zone.dart 1317:19                     _CustomZone.run
build-and-test	Run flutter test --coverage	2025-07-30T14:29:59.7338481Z dart:async/zone.dart 1225:7                      _CustomZone.runGuarded
build-and-test	Run flutter test --coverage	2025-07-30T14:29:59.7339208Z dart:async/zone.dart 1265:23                     _CustomZone.bindCallbackGuarded.<fn>
build-and-test	Run flutter test --coverage	2025-07-30T14:29:59.7339933Z dart:async/schedule_microtask.dart 40:21         _microtaskLoop
build-and-test	Run flutter test --coverage	2025-07-30T14:29:59.7340619Z dart:async/schedule_microtask.dart 49:5          _startMicrotaskLoop
build-and-test	Run flutter test --coverage	2025-07-30T14:29:59.7341412Z dart:isolate-patch/isolate_patch.dart 118:13     _runPendingImmediateCallback
build-and-test	Run flutter test --coverage	2025-07-30T14:29:59.7342384Z dart:isolate-patch/isolate_patch.dart 185:5      _RawReceivePort._handleMessage
build-and-test	Run flutter test --coverage	2025-07-30T14:29:59.7343269Z ##[endgroup]
build-and-test	Run flutter test --coverage	2025-07-30T14:30:01.9456311Z test/firebase_test_helper.dart:11:48: Error: Type 'FirebaseAuth' not found.
build-and-test	Run flutter test --coverage	2025-07-30T14:30:01.9457097Z class MockFirebaseAuth extends Mock implements FirebaseAuth {}
build-and-test	Run flutter test --coverage	2025-07-30T14:30:01.9458051Z                                                ^^^^^^^^^^^^
build-and-test	Run flutter test --coverage	2025-07-30T14:30:01.9458555Z test/firebase_test_helper.dart:13:40: Error: Type 'User' not found.
build-and-test	Run flutter test --coverage	2025-07-30T14:30:01.9459097Z class MockUser extends Mock implements User {}
build-and-test	Run flutter test --coverage	2025-07-30T14:30:01.9459510Z                                        ^^^^
build-and-test	Run flutter test --coverage	2025-07-30T14:30:01.9460046Z test/firebase_test_helper.dart:15:50: Error: Type 'UserCredential' not found.
build-and-test	Run flutter test --coverage	2025-07-30T14:30:01.9460755Z class MockUserCredential extends Mock implements UserCredential {}
build-and-test	Run flutter test --coverage	2025-07-30T14:30:01.9461277Z                                                  ^^^^^^^^^^^^^^
build-and-test	Run flutter test --coverage	2025-07-30T14:30:02.0964729Z test/firebase_test_helper.dart:78:25: Error: The getter 'uid' isn't defined for the class 'MockUser'.
build-and-test	Run flutter test --coverage	2025-07-30T14:30:02.0965913Z  - 'MockUser' is from 'test/firebase_test_helper.dart'.
build-and-test	Run flutter test --coverage	2025-07-30T14:30:02.0966827Z Try correcting the name to the name of an existing getter, or defining a getter or field named 'uid'.
build-and-test	Run flutter test --coverage	2025-07-30T14:30:02.0967817Z     when(() => mockUser.uid).thenReturn('test-user-id');
build-and-test	Run flutter test --coverage	2025-07-30T14:30:02.0968418Z                         ^^^
build-and-test	Run flutter test --coverage	2025-07-30T14:30:02.0969257Z test/firebase_test_helper.dart:79:25: Error: The getter 'email' isn't defined for the class 'MockUser'.
build-and-test	Run flutter test --coverage	2025-07-30T14:30:02.0970295Z  - 'MockUser' is from 'test/firebase_test_helper.dart'.
build-and-test	Run flutter test --coverage	2025-07-30T14:30:02.0971287Z Try correcting the name to the name of an existing getter, or defining a getter or field named 'email'.
build-and-test	Run flutter test --coverage	2025-07-30T14:30:02.0972490Z     when(() => mockUser.email).thenReturn('test@example.com');
build-and-test	Run flutter test --coverage	2025-07-30T14:30:02.0973024Z                         ^^^^^
build-and-test	Run flutter test --coverage	2025-07-30T14:30:02.0973763Z test/firebase_test_helper.dart:80:25: Error: The getter 'displayName' isn't defined for the class 'MockUser'.
build-and-test	Run flutter test --coverage	2025-07-30T14:30:02.0974694Z  - 'MockUser' is from 'test/firebase_test_helper.dart'.
build-and-test	Run flutter test --coverage	2025-07-30T14:30:02.0975525Z Try correcting the name to the name of an existing getter, or defining a getter or field named 'displayName'.
build-and-test	Run flutter test --coverage	2025-07-30T14:30:02.0976338Z     when(() => mockUser.displayName).thenReturn('Test User');
build-and-test	Run flutter test --coverage	2025-07-30T14:30:02.0976776Z                         ^^^^^^^^^^^
build-and-test	Run flutter test --coverage	2025-07-30T14:30:02.0977384Z test/firebase_test_helper.dart:81:25: Error: The getter 'photoURL' isn't defined for the class 'MockUser'.
build-and-test	Run flutter test --coverage	2025-07-30T14:30:02.0978086Z  - 'MockUser' is from 'test/firebase_test_helper.dart'.
build-and-test	Run flutter test --coverage	2025-07-30T14:30:02.0978763Z Try correcting the name to the name of an existing getter, or defining a getter or field named 'photoURL'.
build-and-test	Run flutter test --coverage	2025-07-30T14:30:02.0979578Z     when(() => mockUser.photoURL).thenReturn('https://example.com/photo.jpg');
build-and-test	Run flutter test --coverage	2025-07-30T14:30:02.0980084Z                         ^^^^^^^^
build-and-test	Run flutter test --coverage	2025-07-30T14:30:02.0980694Z test/firebase_test_helper.dart:82:25: Error: The getter 'isAnonymous' isn't defined for the class 'MockUser'.
build-and-test	Run flutter test --coverage	2025-07-30T14:30:02.0982159Z  - 'MockUser' is from 'test/firebase_test_helper.dart'.
build-and-test	Run flutter test --coverage	2025-07-30T14:30:02.0982899Z Try correcting the name to the name of an existing getter, or defining a getter or field named 'isAnonymous'.
build-and-test	Run flutter test --coverage	2025-07-30T14:30:02.0983600Z     when(() => mockUser.isAnonymous).thenReturn(false);
build-and-test	Run flutter test --coverage	2025-07-30T14:30:02.0983976Z                         ^^^^^^^^^^^
build-and-test	Run flutter test --coverage	2025-07-30T14:30:02.0984594Z test/firebase_test_helper.dart:83:25: Error: The getter 'emailVerified' isn't defined for the class 'MockUser'.
build-and-test	Run flutter test --coverage	2025-07-30T14:30:02.0985290Z  - 'MockUser' is from 'test/firebase_test_helper.dart'.
build-and-test	Run flutter test --coverage	2025-07-30T14:30:02.0985966Z Try correcting the name to the name of an existing getter, or defining a getter or field named 'emailVerified'.
build-and-test	Run flutter test --coverage	2025-07-30T14:30:02.0986652Z     when(() => mockUser.emailVerified).thenReturn(true);
build-and-test	Run flutter test --coverage	2025-07-30T14:30:02.0987023Z                         ^^^^^^^^^^^^^
build-and-test	Run flutter test --coverage	2025-07-30T14:30:02.0988874Z test/firebase_test_helper.dart:86:35: Error: The getter 'user' isn't defined for the class 'MockUserCredential'.
build-and-test	Run flutter test --coverage	2025-07-30T14:30:02.0989992Z  - 'MockUserCredential' is from 'test/firebase_test_helper.dart'.
build-and-test	Run flutter test --coverage	2025-07-30T14:30:02.0991005Z Try correcting the name to the name of an existing getter, or defining a getter or field named 'user'.
build-and-test	Run flutter test --coverage	2025-07-30T14:30:02.0992280Z     when(() => mockUserCredential.user).thenReturn(mockUser);
build-and-test	Run flutter test --coverage	2025-07-30T14:30:02.0992745Z                                   ^^^^
build-and-test	Run flutter test --coverage	2025-07-30T14:30:02.0993450Z test/firebase_test_helper.dart:89:25: Error: The getter 'currentUser' isn't defined for the class 'MockFirebaseAuth'.
build-and-test	Run flutter test --coverage	2025-07-30T14:30:02.0994295Z  - 'MockFirebaseAuth' is from 'test/firebase_test_helper.dart'.
build-and-test	Run flutter test --coverage	2025-07-30T14:30:02.0995094Z Try correcting the name to the name of an existing getter, or defining a getter or field named 'currentUser'.
build-and-test	Run flutter test --coverage	2025-07-30T14:30:02.0995825Z     when(() => mockAuth.currentUser).thenReturn(mockUser);
build-and-test	Run flutter test --coverage	2025-07-30T14:30:02.0996244Z                         ^^^^^^^^^^^
build-and-test	Run flutter test --coverage	2025-07-30T14:30:02.0996985Z test/firebase_test_helper.dart:90:25: Error: The method 'authStateChanges' isn't defined for the class 'MockFirebaseAuth'.
build-and-test	Run flutter test --coverage	2025-07-30T14:30:02.0997882Z  - 'MockFirebaseAuth' is from 'test/firebase_test_helper.dart'.
build-and-test	Run flutter test --coverage	2025-07-30T14:30:02.0998632Z Try correcting the name to the name of an existing method, or defining a method named 'authStateChanges'.
build-and-test	Run flutter test --coverage	2025-07-30T14:30:02.0999398Z     when(() => mockAuth.authStateChanges())
build-and-test	Run flutter test --coverage	2025-07-30T14:30:02.0999785Z                         ^^^^^^^^^^^^^^^^
build-and-test	Run flutter test --coverage	2025-07-30T14:30:02.1000498Z test/firebase_test_helper.dart:92:25: Error: The method 'userChanges' isn't defined for the class 'MockFirebaseAuth'.
build-and-test	Run flutter test --coverage	2025-07-30T14:30:02.1001358Z  - 'MockFirebaseAuth' is from 'test/firebase_test_helper.dart'.
build-and-test	Run flutter test --coverage	2025-07-30T14:30:02.1002343Z Try correcting the name to the name of an existing method, or defining a method named 'userChanges'.
build-and-test	Run flutter test --coverage	2025-07-30T14:30:02.1003015Z     when(() => mockAuth.userChanges())
build-and-test	Run flutter test --coverage	2025-07-30T14:30:02.1003404Z                         ^^^^^^^^^^^
build-and-test	Run flutter test --coverage	2025-07-30T14:30:02.1004261Z test/firebase_test_helper.dart:94:25: Error: The method 'signInWithEmailAndPassword' isn't defined for the class 'MockFirebaseAuth'.
build-and-test	Run flutter test --coverage	2025-07-30T14:30:02.1004944Z  - 'MockFirebaseAuth' is from 'test/firebase_test_helper.dart'.
build-and-test	Run flutter test --coverage	2025-07-30T14:30:02.1005466Z Try correcting the name to the name of an existing method, or defining a method named 'signInWithEmailAndPassword'.
build-and-test	Run flutter test --coverage	2025-07-30T14:30:02.1006011Z     when(() => mockAuth.signInWithEmailAndPassword(any(), any()))
build-and-test	Run flutter test --coverage	2025-07-30T14:30:02.1006316Z                         ^^^^^^^^^^^^^^^^^^^^^^^^^^
build-and-test	Run flutter test --coverage	2025-07-30T14:30:02.1014370Z test/firebase_test_helper.dart:96:25: Error: The method 'createUserWithEmailAndPassword' isn't defined for the class 'MockFirebaseAuth'.
build-and-test	Run flutter test --coverage	2025-07-30T14:30:02.1015579Z  - 'MockFirebaseAuth' is from 'test/firebase_test_helper.dart'.
build-and-test	Run flutter test --coverage	2025-07-30T14:30:02.1016565Z Try correcting the name to the name of an existing method, or defining a method named 'createUserWithEmailAndPassword'.
build-and-test	Run flutter test --coverage	2025-07-30T14:30:02.1017587Z     when(() => mockAuth.createUserWithEmailAndPassword(any(), any()))
build-and-test	Run flutter test --coverage	2025-07-30T14:30:02.1018523Z                         ^^^^^^^^^^^^^^^^^^^^^^^^^^^^^^
build-and-test	Run flutter test --coverage	2025-07-30T14:30:02.1019401Z test/firebase_test_helper.dart:98:25: Error: The method 'signOut' isn't defined for the class 'MockFirebaseAuth'.
build-and-test	Run flutter test --coverage	2025-07-30T14:30:02.1020398Z  - 'MockFirebaseAuth' is from 'test/firebase_test_helper.dart'.
build-and-test	Run flutter test --coverage	2025-07-30T14:30:02.1021280Z Try correcting the name to the name of an existing method, or defining a method named 'signOut'.
build-and-test	Run flutter test --coverage	2025-07-30T14:30:02.1022316Z     when(() => mockAuth.signOut()).thenAnswer((_) async {});
build-and-test	Run flutter test --coverage	2025-07-30T14:30:02.1022827Z                         ^^^^^^^
build-and-test	Run flutter test --coverage	2025-07-30T14:30:02.1023991Z test/firebase_test_helper.dart:108:60: Error: The argument type 'MockCollectionReference' can't be assigned to the parameter type 'CollectionReference<Map<String, dynamic>>'.
build-and-test	Run flutter test --coverage	2025-07-30T14:30:02.1025339Z  - 'MockCollectionReference' is from 'test/firebase_test_helper.dart'.
build-and-test	Run flutter test --coverage	2025-07-30T14:30:02.1026625Z  - 'CollectionReference' is from 'package:cloud_firestore/cloud_firestore.dart' ('../../../.pub-cache/hosted/pub.dev/cloud_firestore-5.6.11/lib/cloud_firestore.dart').
build-and-test	Run flutter test --coverage	2025-07-30T14:30:02.1027777Z  - 'Map' is from 'dart:core'.
build-and-test	Run flutter test --coverage	2025-07-30T14:30:02.1028352Z     when(() => mockFirestore.collection(any())).thenReturn(mockCollection);
build-and-test	Run flutter test --coverage	2025-07-30T14:30:02.1028986Z                                                            ^
build-and-test	Run flutter test --coverage	2025-07-30T14:30:02.1030252Z test/firebase_test_helper.dart:132:52: Error: A value of type 'MockDocumentSnapshot' can't be assigned to a variable of type 'QueryDocumentSnapshot<Object?>'.
build-and-test	Run flutter test --coverage	2025-07-30T14:30:02.1031477Z  - 'MockDocumentSnapshot' is from 'test/firebase_test_helper.dart'.
build-and-test	Run flutter test --coverage	2025-07-30T14:30:02.1032938Z  - 'QueryDocumentSnapshot' is from 'package:cloud_firestore/cloud_firestore.dart' ('../../../.pub-cache/hosted/pub.dev/cloud_firestore-5.6.11/lib/cloud_firestore.dart').
build-and-test	Run flutter test --coverage	2025-07-30T14:30:02.1033975Z  - 'Object' is from 'dart:core'.
build-and-test	Run flutter test --coverage	2025-07-30T14:30:02.1034514Z     when(() => mockQuerySnapshot.docs).thenReturn([mockDocumentSnapshot]);
build-and-test	Run flutter test --coverage	2025-07-30T14:30:02.1035087Z                                                    ^
build-and-test	Run flutter test --coverage	2025-07-30T14:30:02.6227706Z ##[group]❌ loading /home/runner/work/appoint/appoint/test/features/profile/edit_profile_screen_test.dart (failed)
build-and-test	Run flutter test --coverage	2025-07-30T14:30:02.6230439Z Failed to load "/home/runner/work/appoint/appoint/test/features/profile/edit_profile_screen_test.dart": Compilation failed for testPath=/home/runner/work/appoint/appoint/test/features/profile/edit_profile_screen_test.dart
build-and-test	Run flutter test --coverage	2025-07-30T14:30:02.6233578Z 
build-and-test	Run flutter test --coverage	2025-07-30T14:30:02.6233966Z ##[endgroup]
build-and-test	Run flutter test --coverage	2025-07-30T14:30:02.6565042Z ##[group]❌ loading /home/runner/work/appoint/appoint/test/widgets/login_screen_test.dart (failed after test completion)
build-and-test	Run flutter test --coverage	2025-07-30T14:30:02.6566089Z Error: the Dart compiler exited unexpectedly.
build-and-test	Run flutter test --coverage	2025-07-30T14:30:02.6567299Z package:flutter_tools/src/base/common.dart 10:3  throwToolExit
build-and-test	Run flutter test --coverage	2025-07-30T14:30:02.6568028Z package:flutter_tools/src/compile.dart 893:9     DefaultResidentCompiler._compile.<fn>
build-and-test	Run flutter test --coverage	2025-07-30T14:30:02.6568741Z dart:async/zone.dart 1422:47                     _rootRunUnary
build-and-test	Run flutter test --coverage	2025-07-30T14:30:02.6569526Z dart:async/future_impl.dart 902:45               Future._propagateToListeners.handleValueCallback
build-and-test	Run flutter test --coverage	2025-07-30T14:30:02.6570347Z dart:async/future_impl.dart 931:13               Future._propagateToListeners
build-and-test	Run flutter test --coverage	2025-07-30T14:30:02.6571098Z dart:async/future_impl.dart 827:9                Future._propagateToListeners
build-and-test	Run flutter test --coverage	2025-07-30T14:30:02.6572190Z dart:async/future_impl.dart 707:5                Future._completeWithValue
build-and-test	Run flutter test --coverage	2025-07-30T14:30:02.6572939Z dart:async/future_impl.dart 777:7                Future._asyncCompleteWithValue.<fn>
build-and-test	Run flutter test --coverage	2025-07-30T14:30:02.6573557Z dart:async/zone.dart 1414:13                     _rootRun
build-and-test	Run flutter test --coverage	2025-07-30T14:30:02.6574018Z dart:async/zone.dart 1317:19                     _CustomZone.run
build-and-test	Run flutter test --coverage	2025-07-30T14:30:02.6574668Z dart:async/zone.dart 1225:7                      _CustomZone.runGuarded
build-and-test	Run flutter test --coverage	2025-07-30T14:30:02.6575399Z dart:async/zone.dart 1265:23                     _CustomZone.bindCallbackGuarded.<fn>
build-and-test	Run flutter test --coverage	2025-07-30T14:30:02.6576124Z dart:async/schedule_microtask.dart 40:21         _microtaskLoop
build-and-test	Run flutter test --coverage	2025-07-30T14:30:02.6577210Z dart:async/schedule_microtask.dart 49:5          _startMicrotaskLoop
build-and-test	Run flutter test --coverage	2025-07-30T14:30:02.6578012Z dart:isolate-patch/isolate_patch.dart 118:13     _runPendingImmediateCallback
build-and-test	Run flutter test --coverage	2025-07-30T14:30:02.6578862Z dart:isolate-patch/isolate_patch.dart 185:5      _RawReceivePort._handleMessage
build-and-test	Run flutter test --coverage	2025-07-30T14:30:02.6579683Z ##[endgroup]
build-and-test	Run flutter test --coverage	2025-07-30T14:30:04.9506011Z test/firebase_test_helper.dart:11:48: Error: Type 'FirebaseAuth' not found.
build-and-test	Run flutter test --coverage	2025-07-30T14:30:04.9506928Z class MockFirebaseAuth extends Mock implements FirebaseAuth {}
build-and-test	Run flutter test --coverage	2025-07-30T14:30:04.9507524Z                                                ^^^^^^^^^^^^
build-and-test	Run flutter test --coverage	2025-07-30T14:30:04.9508129Z test/firebase_test_helper.dart:13:40: Error: Type 'User' not found.
build-and-test	Run flutter test --coverage	2025-07-30T14:30:04.9508662Z class MockUser extends Mock implements User {}
build-and-test	Run flutter test --coverage	2025-07-30T14:30:04.9508971Z                                        ^^^^
build-and-test	Run flutter test --coverage	2025-07-30T14:30:04.9509384Z test/firebase_test_helper.dart:15:50: Error: Type 'UserCredential' not found.
build-and-test	Run flutter test --coverage	2025-07-30T14:30:04.9509952Z class MockUserCredential extends Mock implements UserCredential {}
build-and-test	Run flutter test --coverage	2025-07-30T14:30:04.9510353Z                                                  ^^^^^^^^^^^^^^
build-and-test	Run flutter test --coverage	2025-07-30T14:30:05.1387739Z test/features/profile/REDACTED_TOKEN.dart:8:1: Error: 'MockFirebaseAuth' is imported from both 'test/firebase_test_helper.dart' and 'package:firebase_auth_mocks/src/firebase_auth_mocks_base.dart'.
build-and-test	Run flutter test --coverage	2025-07-30T14:30:05.1389966Z import '../../firebase_test_helper.dart';
build-and-test	Run flutter test --coverage	2025-07-30T14:30:05.1390395Z ^^^^^^^^^^^^^^^^
build-and-test	Run flutter test --coverage	2025-07-30T14:30:05.1393225Z test/features/profile/REDACTED_TOKEN.dart:8:1: Error: 'MockUser' is imported from both 'test/firebase_test_helper.dart' and 'package:firebase_auth_mocks/src/mock_user.dart'.
build-and-test	Run flutter test --coverage	2025-07-30T14:30:05.1394108Z import '../../firebase_test_helper.dart';
build-and-test	Run flutter test --coverage	2025-07-30T14:30:05.1394374Z ^^^^^^^^
build-and-test	Run flutter test --coverage	2025-07-30T14:30:05.1395112Z test/features/profile/REDACTED_TOKEN.dart:21:18: Error: 'MockUser' is imported from both 'test/firebase_test_helper.dart' and 'package:firebase_auth_mocks/src/mock_user.dart'.
build-and-test	Run flutter test --coverage	2025-07-30T14:30:05.1401213Z       mockUser = MockUser(
build-and-test	Run flutter test --coverage	2025-07-30T14:30:05.1401792Z                  ^^^^^^^^
build-and-test	Run flutter test --coverage	2025-07-30T14:30:05.1402575Z test/features/profile/REDACTED_TOKEN.dart:25:18: Error: 'MockFirebaseAuth' is imported from both 'test/firebase_test_helper.dart' and 'package:firebase_auth_mocks/src/firebase_auth_mocks_base.dart'.
build-and-test	Run flutter test --coverage	2025-07-30T14:30:05.1403391Z       mockAuth = MockFirebaseAuth(mockUser: mockUser);
build-and-test	Run flutter test --coverage	2025-07-30T14:30:05.1403665Z                  ^^^^^^^^^^^^^^^^
build-and-test	Run flutter test --coverage	2025-07-30T14:30:05.1408600Z test/firebase_test_helper.dart:78:25: Error: The getter 'uid' isn't defined for the class 'MockUser'.
build-and-test	Run flutter test --coverage	2025-07-30T14:30:05.1409884Z  - 'MockUser' is from 'test/firebase_test_helper.dart'.
build-and-test	Run flutter test --coverage	2025-07-30T14:30:05.1410703Z Try correcting the name to the name of an existing getter, or defining a getter or field named 'uid'.
build-and-test	Run flutter test --coverage	2025-07-30T14:30:05.1411700Z     when(() => mockUser.uid).thenReturn('test-user-id');
build-and-test	Run flutter test --coverage	2025-07-30T14:30:05.1412200Z                         ^^^
build-and-test	Run flutter test --coverage	2025-07-30T14:30:05.1412902Z test/firebase_test_helper.dart:79:25: Error: The getter 'email' isn't defined for the class 'MockUser'.
build-and-test	Run flutter test --coverage	2025-07-30T14:30:05.1413759Z  - 'MockUser' is from 'test/firebase_test_helper.dart'.
build-and-test	Run flutter test --coverage	2025-07-30T14:30:05.1414550Z Try correcting the name to the name of an existing getter, or defining a getter or field named 'email'.
build-and-test	Run flutter test --coverage	2025-07-30T14:30:05.1415393Z     when(() => mockUser.email).thenReturn('test@example.com');
build-and-test	Run flutter test --coverage	2025-07-30T14:30:05.1415891Z                         ^^^^^
build-and-test	Run flutter test --coverage	2025-07-30T14:30:05.1416614Z test/firebase_test_helper.dart:80:25: Error: The getter 'displayName' isn't defined for the class 'MockUser'.
build-and-test	Run flutter test --coverage	2025-07-30T14:30:05.1417483Z  - 'MockUser' is from 'test/firebase_test_helper.dart'.
build-and-test	Run flutter test --coverage	2025-07-30T14:30:05.1418302Z Try correcting the name to the name of an existing getter, or defining a getter or field named 'displayName'.
build-and-test	Run flutter test --coverage	2025-07-30T14:30:05.1419178Z     when(() => mockUser.displayName).thenReturn('Test User');
build-and-test	Run flutter test --coverage	2025-07-30T14:30:05.1419946Z                         ^^^^^^^^^^^
build-and-test	Run flutter test --coverage	2025-07-30T14:30:05.1420671Z test/firebase_test_helper.dart:81:25: Error: The getter 'photoURL' isn't defined for the class 'MockUser'.
build-and-test	Run flutter test --coverage	2025-07-30T14:30:05.1421686Z  - 'MockUser' is from 'test/firebase_test_helper.dart'.
build-and-test	Run flutter test --coverage	2025-07-30T14:30:05.1422504Z Try correcting the name to the name of an existing getter, or defining a getter or field named 'photoURL'.
build-and-test	Run flutter test --coverage	2025-07-30T14:30:05.1423479Z     when(() => mockUser.photoURL).thenReturn('https://example.com/photo.jpg');
build-and-test	Run flutter test --coverage	2025-07-30T14:30:05.1424074Z                         ^^^^^^^^
build-and-test	Run flutter test --coverage	2025-07-30T14:30:05.1424790Z test/firebase_test_helper.dart:82:25: Error: The getter 'isAnonymous' isn't defined for the class 'MockUser'.
build-and-test	Run flutter test --coverage	2025-07-30T14:30:05.1425508Z  - 'MockUser' is from 'test/firebase_test_helper.dart'.
build-and-test	Run flutter test --coverage	2025-07-30T14:30:05.1426199Z Try correcting the name to the name of an existing getter, or defining a getter or field named 'isAnonymous'.
build-and-test	Run flutter test --coverage	2025-07-30T14:30:05.1426878Z     when(() => mockUser.isAnonymous).thenReturn(false);
build-and-test	Run flutter test --coverage	2025-07-30T14:30:05.1427257Z                         ^^^^^^^^^^^
build-and-test	Run flutter test --coverage	2025-07-30T14:30:05.1427879Z test/firebase_test_helper.dart:83:25: Error: The getter 'emailVerified' isn't defined for the class 'MockUser'.
build-and-test	Run flutter test --coverage	2025-07-30T14:30:05.1428594Z  - 'MockUser' is from 'test/firebase_test_helper.dart'.
build-and-test	Run flutter test --coverage	2025-07-30T14:30:05.1429482Z Try correcting the name to the name of an existing getter, or defining a getter or field named 'emailVerified'.
build-and-test	Run flutter test --coverage	2025-07-30T14:30:05.1430238Z     when(() => mockUser.emailVerified).thenReturn(true);
build-and-test	Run flutter test --coverage	2025-07-30T14:30:05.1430620Z                         ^^^^^^^^^^^^^
build-and-test	Run flutter test --coverage	2025-07-30T14:30:05.1431231Z test/firebase_test_helper.dart:86:35: Error: The getter 'user' isn't defined for the class 'MockUserCredential'.
build-and-test	Run flutter test --coverage	2025-07-30T14:30:05.1432196Z  - 'MockUserCredential' is from 'test/firebase_test_helper.dart'.
build-and-test	Run flutter test --coverage	2025-07-30T14:30:05.1432965Z Try correcting the name to the name of an existing getter, or defining a getter or field named 'user'.
build-and-test	Run flutter test --coverage	2025-07-30T14:30:05.1433657Z     when(() => mockUserCredential.user).thenReturn(mockUser);
build-and-test	Run flutter test --coverage	2025-07-30T14:30:05.1434098Z                                   ^^^^
build-and-test	Run flutter test --coverage	2025-07-30T14:30:05.1434775Z test/firebase_test_helper.dart:89:25: Error: The getter 'currentUser' isn't defined for the class 'MockFirebaseAuth'.
build-and-test	Run flutter test --coverage	2025-07-30T14:30:05.1435577Z  - 'MockFirebaseAuth' is from 'test/firebase_test_helper.dart'.
build-and-test	Run flutter test --coverage	2025-07-30T14:30:05.1436329Z Try correcting the name to the name of an existing getter, or defining a getter or field named 'currentUser'.
build-and-test	Run flutter test --coverage	2025-07-30T14:30:05.1437063Z     when(() => mockAuth.currentUser).thenReturn(mockUser);
build-and-test	Run flutter test --coverage	2025-07-30T14:30:05.1437489Z                         ^^^^^^^^^^^
build-and-test	Run flutter test --coverage	2025-07-30T14:30:05.1438166Z test/firebase_test_helper.dart:90:25: Error: The method 'authStateChanges' isn't defined for the class 'MockFirebaseAuth'.
build-and-test	Run flutter test --coverage	2025-07-30T14:30:05.1438992Z  - 'MockFirebaseAuth' is from 'test/firebase_test_helper.dart'.
build-and-test	Run flutter test --coverage	2025-07-30T14:30:05.1439711Z Try correcting the name to the name of an existing method, or defining a method named 'authStateChanges'.
build-and-test	Run flutter test --coverage	2025-07-30T14:30:05.1440363Z     when(() => mockAuth.authStateChanges())
build-and-test	Run flutter test --coverage	2025-07-30T14:30:05.1440732Z                         ^^^^^^^^^^^^^^^^
build-and-test	Run flutter test --coverage	2025-07-30T14:30:05.1466085Z test/firebase_test_helper.dart:92:25: Error: The method 'userChanges' isn't defined for the class 'MockFirebaseAuth'.
build-and-test	Run flutter test --coverage	2025-07-30T14:30:05.1466844Z  - 'MockFirebaseAuth' is from 'test/firebase_test_helper.dart'.
build-and-test	Run flutter test --coverage	2025-07-30T14:30:05.1467360Z Try correcting the name to the name of an existing method, or defining a method named 'userChanges'.
build-and-test	Run flutter test --coverage	2025-07-30T14:30:05.1467774Z     when(() => mockAuth.userChanges())
build-and-test	Run flutter test --coverage	2025-07-30T14:30:05.1468019Z                         ^^^^^^^^^^^
build-and-test	Run flutter test --coverage	2025-07-30T14:30:05.1472249Z test/firebase_test_helper.dart:94:25: Error: The method 'signInWithEmailAndPassword' isn't defined for the class 'MockFirebaseAuth'.
build-and-test	Run flutter test --coverage	2025-07-30T14:30:05.1473817Z  - 'MockFirebaseAuth' is from 'test/firebase_test_helper.dart'.
build-and-test	Run flutter test --coverage	2025-07-30T14:30:05.1475038Z Try correcting the name to the name of an existing method, or defining a method named 'signInWithEmailAndPassword'.
build-and-test	Run flutter test --coverage	2025-07-30T14:30:05.1476310Z     when(() => mockAuth.signInWithEmailAndPassword(any(), any()))
build-and-test	Run flutter test --coverage	2025-07-30T14:30:05.1476879Z                         ^^^^^^^^^^^^^^^^^^^^^^^^^^
build-and-test	Run flutter test --coverage	2025-07-30T14:30:05.1477861Z test/firebase_test_helper.dart:96:25: Error: The method 'createUserWithEmailAndPassword' isn't defined for the class 'MockFirebaseAuth'.
build-and-test	Run flutter test --coverage	2025-07-30T14:30:05.1478583Z  - 'MockFirebaseAuth' is from 'test/firebase_test_helper.dart'.
build-and-test	Run flutter test --coverage	2025-07-30T14:30:05.1479137Z Try correcting the name to the name of an existing method, or defining a method named 'createUserWithEmailAndPassword'.
build-and-test	Run flutter test --coverage	2025-07-30T14:30:05.1479710Z     when(() => mockAuth.createUserWithEmailAndPassword(any(), any()))
build-and-test	Run flutter test --coverage	2025-07-30T14:30:05.1480235Z                         ^^^^^^^^^^^^^^^^^^^^^^^^^^^^^^
build-and-test	Run flutter test --coverage	2025-07-30T14:30:05.1481033Z test/firebase_test_helper.dart:98:25: Error: The method 'signOut' isn't defined for the class 'MockFirebaseAuth'.
build-and-test	Run flutter test --coverage	2025-07-30T14:30:05.1482171Z  - 'MockFirebaseAuth' is from 'test/firebase_test_helper.dart'.
build-and-test	Run flutter test --coverage	2025-07-30T14:30:05.1483006Z Try correcting the name to the name of an existing method, or defining a method named 'signOut'.
build-and-test	Run flutter test --coverage	2025-07-30T14:30:05.1483513Z     when(() => mockAuth.signOut()).thenAnswer((_) async {});
build-and-test	Run flutter test --coverage	2025-07-30T14:30:05.1483784Z                         ^^^^^^^
build-and-test	Run flutter test --coverage	2025-07-30T14:30:05.1484405Z test/firebase_test_helper.dart:108:60: Error: The argument type 'MockCollectionReference' can't be assigned to the parameter type 'CollectionReference<Map<String, dynamic>>'.
build-and-test	Run flutter test --coverage	2025-07-30T14:30:05.1485333Z  - 'MockCollectionReference' is from 'test/firebase_test_helper.dart'.
build-and-test	Run flutter test --coverage	2025-07-30T14:30:05.1486050Z  - 'CollectionReference' is from 'package:cloud_firestore/cloud_firestore.dart' ('../../../.pub-cache/hosted/pub.dev/cloud_firestore-5.6.11/lib/cloud_firestore.dart').
build-and-test	Run flutter test --coverage	2025-07-30T14:30:05.1486658Z  - 'Map' is from 'dart:core'.
build-and-test	Run flutter test --coverage	2025-07-30T14:30:05.1486979Z     when(() => mockFirestore.collection(any())).thenReturn(mockCollection);
build-and-test	Run flutter test --coverage	2025-07-30T14:30:05.1487329Z                                                            ^
build-and-test	Run flutter test --coverage	2025-07-30T14:30:05.1487934Z test/firebase_test_helper.dart:132:52: Error: A value of type 'MockDocumentSnapshot' can't be assigned to a variable of type 'QueryDocumentSnapshot<Object?>'.
build-and-test	Run flutter test --coverage	2025-07-30T14:30:05.1488589Z  - 'MockDocumentSnapshot' is from 'test/firebase_test_helper.dart'.
build-and-test	Run flutter test --coverage	2025-07-30T14:30:05.1489296Z  - 'QueryDocumentSnapshot' is from 'package:cloud_firestore/cloud_firestore.dart' ('../../../.pub-cache/hosted/pub.dev/cloud_firestore-5.6.11/lib/cloud_firestore.dart').
build-and-test	Run flutter test --coverage	2025-07-30T14:30:05.1489910Z  - 'Object' is from 'dart:core'.
build-and-test	Run flutter test --coverage	2025-07-30T14:30:05.1490249Z     when(() => mockQuerySnapshot.docs).thenReturn([mockDocumentSnapshot]);
build-and-test	Run flutter test --coverage	2025-07-30T14:30:05.1490598Z                                                    ^
build-and-test	Run flutter test --coverage	2025-07-30T14:30:05.9277157Z ##[group]❌ loading /home/runner/work/appoint/appoint/test/features/profile/REDACTED_TOKEN.dart (failed)
build-and-test	Run flutter test --coverage	2025-07-30T14:30:05.9279802Z Failed to load "/home/runner/work/appoint/appoint/test/features/profile/REDACTED_TOKEN.dart": Compilation failed for testPath=/home/runner/work/appoint/appoint/test/features/profile/REDACTED_TOKEN.dart
build-and-test	Run flutter test --coverage	2025-07-30T14:30:05.9281838Z 
build-and-test	Run flutter test --coverage	2025-07-30T14:30:05.9282356Z ##[endgroup]
build-and-test	Run flutter test --coverage	2025-07-30T14:30:05.9647640Z ##[group]❌ loading /home/runner/work/appoint/appoint/test/widgets/login_screen_test.dart (failed after test completion)
build-and-test	Run flutter test --coverage	2025-07-30T14:30:05.9648670Z Error: the Dart compiler exited unexpectedly.
build-and-test	Run flutter test --coverage	2025-07-30T14:30:05.9650843Z package:flutter_tools/src/base/common.dart 10:3  throwToolExit
build-and-test	Run flutter test --coverage	2025-07-30T14:30:05.9651907Z package:flutter_tools/src/compile.dart 893:9     DefaultResidentCompiler._compile.<fn>
build-and-test	Run flutter test --coverage	2025-07-30T14:30:05.9652668Z dart:async/zone.dart 1422:47                     _rootRunUnary
build-and-test	Run flutter test --coverage	2025-07-30T14:30:05.9653406Z dart:async/future_impl.dart 902:45               Future._propagateToListeners.handleValueCallback
build-and-test	Run flutter test --coverage	2025-07-30T14:30:05.9654235Z dart:async/future_impl.dart 931:13               Future._propagateToListeners
build-and-test	Run flutter test --coverage	2025-07-30T14:30:05.9654998Z dart:async/future_impl.dart 827:9                Future._propagateToListeners
build-and-test	Run flutter test --coverage	2025-07-30T14:30:05.9656083Z dart:async/future_impl.dart 707:5                Future._completeWithValue
build-and-test	Run flutter test --coverage	2025-07-30T14:30:05.9656824Z dart:async/future_impl.dart 777:7                Future._asyncCompleteWithValue.<fn>
build-and-test	Run flutter test --coverage	2025-07-30T14:30:05.9657524Z dart:async/zone.dart 1414:13                     _rootRun
build-and-test	Run flutter test --coverage	2025-07-30T14:30:05.9658126Z dart:async/zone.dart 1317:19                     _CustomZone.run
build-and-test	Run flutter test --coverage	2025-07-30T14:30:05.9658775Z dart:async/zone.dart 1225:7                      _CustomZone.runGuarded
build-and-test	Run flutter test --coverage	2025-07-30T14:30:05.9659496Z dart:async/zone.dart 1265:23                     _CustomZone.bindCallbackGuarded.<fn>
build-and-test	Run flutter test --coverage	2025-07-30T14:30:05.9660211Z dart:async/schedule_microtask.dart 40:21         _microtaskLoop
build-and-test	Run flutter test --coverage	2025-07-30T14:30:05.9660908Z dart:async/schedule_microtask.dart 49:5          _startMicrotaskLoop
build-and-test	Run flutter test --coverage	2025-07-30T14:30:05.9661909Z dart:isolate-patch/isolate_patch.dart 118:13     _runPendingImmediateCallback
build-and-test	Run flutter test --coverage	2025-07-30T14:30:05.9662781Z dart:isolate-patch/isolate_patch.dart 185:5      _RawReceivePort._handleMessage
build-and-test	Run flutter test --coverage	2025-07-30T14:30:05.9663670Z ##[endgroup]
build-and-test	Run flutter test --coverage	2025-07-30T14:30:08.4272123Z test/features/studio_business/REDACTED_TOKEN.dart:95:5: Error: Setter not found: 'textField'.
build-and-test	Run flutter test --coverage	2025-07-30T14:30:08.4273098Z     textField = find.byType(TextField);
build-and-test	Run flutter test --coverage	2025-07-30T14:30:08.4273935Z     ^^^^^^^^^
build-and-test	Run flutter test --coverage	2025-07-30T14:30:08.4274641Z test/features/studio_business/REDACTED_TOKEN.dart:96:12: Error: Undefined name 'textField'.
build-and-test	Run flutter test --coverage	2025-07-30T14:30:08.4275502Z     expect(textField, findsOneWidget);
build-and-test	Run flutter test --coverage	2025-07-30T14:30:08.4275905Z            ^^^^^^^^^
build-and-test	Run flutter test --coverage	2025-07-30T14:30:08.4276633Z test/features/studio_business/REDACTED_TOKEN.dart:99:28: Error: Undefined name 'textField'.
build-and-test	Run flutter test --coverage	2025-07-30T14:30:08.4277508Z     await tester.enterText(textField, 'TESTCODE');
build-and-test	Run flutter test --coverage	2025-07-30T14:30:08.4277952Z                            ^^^^^^^^^
build-and-test	Run flutter test --coverage	2025-07-30T14:30:09.2468293Z ##[group]❌ loading /home/runner/work/appoint/appoint/test/features/studio_business/REDACTED_TOKEN.dart (failed)
build-and-test	Run flutter test --coverage	2025-07-30T14:30:09.2472461Z Failed to load "/home/runner/work/appoint/appoint/test/features/studio_business/REDACTED_TOKEN.dart": Compilation failed for testPath=/home/runner/work/appoint/appoint/test/features/studio_business/REDACTED_TOKEN.dart
build-and-test	Run flutter test --coverage	2025-07-30T14:30:09.2474285Z 
build-and-test	Run flutter test --coverage	2025-07-30T14:30:09.2474651Z ##[endgroup]
build-and-test	Run flutter test --coverage	2025-07-30T14:30:09.2817366Z ##[group]❌ loading /home/runner/work/appoint/appoint/test/widgets/login_screen_test.dart (failed after test completion)
build-and-test	Run flutter test --coverage	2025-07-30T14:30:09.2818563Z Error: the Dart compiler exited unexpectedly.
build-and-test	Run flutter test --coverage	2025-07-30T14:30:09.2820090Z package:flutter_tools/src/base/common.dart 10:3  throwToolExit
build-and-test	Run flutter test --coverage	2025-07-30T14:30:09.2820857Z package:flutter_tools/src/compile.dart 893:9     DefaultResidentCompiler._compile.<fn>
build-and-test	Run flutter test --coverage	2025-07-30T14:30:09.2822126Z dart:async/zone.dart 1422:47                     _rootRunUnary
build-and-test	Run flutter test --coverage	2025-07-30T14:30:09.2822893Z dart:async/future_impl.dart 902:45               Future._propagateToListeners.handleValueCallback
build-and-test	Run flutter test --coverage	2025-07-30T14:30:09.2823792Z dart:async/future_impl.dart 931:13               Future._propagateToListeners
build-and-test	Run flutter test --coverage	2025-07-30T14:30:09.2824601Z dart:async/future_impl.dart 827:9                Future._propagateToListeners
build-and-test	Run flutter test --coverage	2025-07-30T14:30:09.2825356Z dart:async/future_impl.dart 707:5                Future._completeWithValue
build-and-test	Run flutter test --coverage	2025-07-30T14:30:09.2826145Z dart:async/future_impl.dart 777:7                Future._asyncCompleteWithValue.<fn>
build-and-test	Run flutter test --coverage	2025-07-30T14:30:09.2826963Z dart:async/zone.dart 1414:13                     _rootRun
build-and-test	Run flutter test --coverage	2025-07-30T14:30:09.2827721Z dart:async/zone.dart 1317:19                     _CustomZone.run
build-and-test	Run flutter test --coverage	2025-07-30T14:30:09.2828375Z dart:async/zone.dart 1225:7                      _CustomZone.runGuarded
build-and-test	Run flutter test --coverage	2025-07-30T14:30:09.2829101Z dart:async/zone.dart 1265:23                     _CustomZone.bindCallbackGuarded.<fn>
build-and-test	Run flutter test --coverage	2025-07-30T14:30:09.2829815Z dart:async/schedule_microtask.dart 40:21         _microtaskLoop
build-and-test	Run flutter test --coverage	2025-07-30T14:30:09.2830509Z dart:async/schedule_microtask.dart 49:5          _startMicrotaskLoop
build-and-test	Run flutter test --coverage	2025-07-30T14:30:09.2831899Z dart:isolate-patch/isolate_patch.dart 118:13     _runPendingImmediateCallback
build-and-test	Run flutter test --coverage	2025-07-30T14:30:09.2832738Z dart:isolate-patch/isolate_patch.dart 185:5      _RawReceivePort._handleMessage
build-and-test	Run flutter test --coverage	2025-07-30T14:30:09.2833617Z ##[endgroup]
build-and-test	Run flutter test --coverage	2025-07-30T14:30:11.7714825Z test/features/studio_business/REDACTED_TOKEN.dart:35:7: Error: Setter not found: 'now'.
build-and-test	Run flutter test --coverage	2025-07-30T14:30:11.7715872Z       now = DateTime.now();
build-and-test	Run flutter test --coverage	2025-07-30T14:30:11.7716225Z       ^^^
build-and-test	Run flutter test --coverage	2025-07-30T14:30:11.7716941Z test/features/studio_business/REDACTED_TOKEN.dart:42:22: Error: Undefined name 'now'.
build-and-test	Run flutter test --coverage	2025-07-30T14:30:11.7717959Z         'validFrom': now.subtract(const Duration(days: 1)).toIso8601String(),
build-and-test	Run flutter test --coverage	2025-07-30T14:30:11.7718568Z                      ^^^
build-and-test	Run flutter test --coverage	2025-07-30T14:30:11.7719327Z test/features/studio_business/REDACTED_TOKEN.dart:43:23: Error: Undefined name 'now'.
build-and-test	Run flutter test --coverage	2025-07-30T14:30:11.7720316Z         'validUntil': now.add(const Duration(days: 7)).toIso8601String(),
build-and-test	Run flutter test --coverage	2025-07-30T14:30:11.7720871Z                       ^^^
build-and-test	Run flutter test --coverage	2025-07-30T14:30:11.7721870Z test/features/studio_business/REDACTED_TOKEN.dart:47:22: Error: Undefined name 'now'.
build-and-test	Run flutter test --coverage	2025-07-30T14:30:11.7722770Z         'createdAt': now.toIso8601String(),
build-and-test	Run flutter test --coverage	2025-07-30T14:30:11.7723182Z                      ^^^
build-and-test	Run flutter test --coverage	2025-07-30T14:30:11.7724436Z test/features/studio_business/REDACTED_TOKEN.dart:48:22: Error: Undefined name 'now'.
build-and-test	Run flutter test --coverage	2025-07-30T14:30:11.7725347Z         'updatedAt': now.toIso8601String(),
build-and-test	Run flutter test --coverage	2025-07-30T14:30:11.7725796Z                      ^^^
build-and-test	Run flutter test --coverage	2025-07-30T14:30:11.7726518Z test/features/studio_business/REDACTED_TOKEN.dart:52:7: Error: Setter not found: 'result'.
build-and-test	Run flutter test --coverage	2025-07-30T14:30:11.7727417Z       result = await service.validatePromoCode('FREE30');
build-and-test	Run flutter test --coverage	2025-07-30T14:30:11.7727878Z       ^^^^^^
build-and-test	Run flutter test --coverage	2025-07-30T14:30:11.7728555Z test/features/studio_business/REDACTED_TOKEN.dart:55:14: Error: Undefined name 'result'.
build-and-test	Run flutter test --coverage	2025-07-30T14:30:11.7729393Z       expect(result, isNotNull);
build-and-test	Run flutter test --coverage	2025-07-30T14:30:11.7729753Z              ^^^^^^
build-and-test	Run flutter test --coverage	2025-07-30T14:30:11.7730489Z test/features/studio_business/REDACTED_TOKEN.dart:56:14: Error: Undefined name 'result'.
build-and-test	Run flutter test --coverage	2025-07-30T14:30:11.7731372Z       expect(result!.code, 'FREE30');
build-and-test	Run flutter test --coverage	2025-07-30T14:30:11.7731982Z              ^^^^^^
build-and-test	Run flutter test --coverage	2025-07-30T14:30:11.7732741Z test/features/studio_business/REDACTED_TOKEN.dart:61:7: Error: Setter not found: 'now'.
build-and-test	Run flutter test --coverage	2025-07-30T14:30:11.7733614Z       now = DateTime.now();
build-and-test	Run flutter test --coverage	2025-07-30T14:30:11.7733978Z       ^^^
build-and-test	Run flutter test --coverage	2025-07-30T14:30:11.7734688Z test/features/studio_business/REDACTED_TOKEN.dart:68:22: Error: Undefined name 'now'.
build-and-test	Run flutter test --coverage	2025-07-30T14:30:11.7735735Z         'validFrom': now.subtract(const Duration(days: 10)).toIso8601String(),
build-and-test	Run flutter test --coverage	2025-07-30T14:30:11.7736311Z                      ^^^
build-and-test	Run flutter test --coverage	2025-07-30T14:30:11.7737093Z test/features/studio_business/REDACTED_TOKEN.dart:69:23: Error: Undefined name 'now'.
build-and-test	Run flutter test --coverage	2025-07-30T14:30:11.7738133Z         'validUntil': now.subtract(const Duration(days: 1)).toIso8601String(),
build-and-test	Run flutter test --coverage	2025-07-30T14:30:11.7738740Z                       ^^^
build-and-test	Run flutter test --coverage	2025-07-30T14:30:11.7739505Z test/features/studio_business/REDACTED_TOKEN.dart:73:22: Error: Undefined name 'now'.
build-and-test	Run flutter test --coverage	2025-07-30T14:30:11.7740359Z         'createdAt': now.toIso8601String(),
build-and-test	Run flutter test --coverage	2025-07-30T14:30:11.7740802Z                      ^^^
build-and-test	Run flutter test --coverage	2025-07-30T14:30:11.7741751Z test/features/studio_business/REDACTED_TOKEN.dart:74:22: Error: Undefined name 'now'.
build-and-test	Run flutter test --coverage	2025-07-30T14:30:11.7742667Z         'updatedAt': now.toIso8601String(),
build-and-test	Run flutter test --coverage	2025-07-30T14:30:11.7743109Z                      ^^^
build-and-test	Run flutter test --coverage	2025-07-30T14:30:11.7743907Z test/features/studio_business/REDACTED_TOKEN.dart:78:7: Error: Setter not found: 'result'.
build-and-test	Run flutter test --coverage	2025-07-30T14:30:11.7744928Z       result = await service.validatePromoCode('OLD');
build-and-test	Run flutter test --coverage	2025-07-30T14:30:11.7745426Z       ^^^^^^
build-and-test	Run flutter test --coverage	2025-07-30T14:30:11.7746176Z test/features/studio_business/REDACTED_TOKEN.dart:81:14: Error: Undefined name 'result'.
build-and-test	Run flutter test --coverage	2025-07-30T14:30:11.7747393Z       expect(result, isNull);
build-and-test	Run flutter test --coverage	2025-07-30T14:30:11.7747772Z              ^^^^^^
build-and-test	Run flutter test --coverage	2025-07-30T14:30:11.7748548Z test/features/studio_business/REDACTED_TOKEN.dart:86:7: Error: Setter not found: 'now'.
build-and-test	Run flutter test --coverage	2025-07-30T14:30:11.7749434Z       now = DateTime.now();
build-and-test	Run flutter test --coverage	2025-07-30T14:30:11.7749808Z       ^^^
build-and-test	Run flutter test --coverage	2025-07-30T14:30:11.7750521Z test/features/studio_business/REDACTED_TOKEN.dart:93:22: Error: Undefined name 'now'.
build-and-test	Run flutter test --coverage	2025-07-30T14:30:11.7751797Z         'validFrom': now.subtract(const Duration(days: 1)).toIso8601String(),
build-and-test	Run flutter test --coverage	2025-07-30T14:30:11.7752408Z                      ^^^
build-and-test	Run flutter test --coverage	2025-07-30T14:30:11.7753183Z test/features/studio_business/REDACTED_TOKEN.dart:94:23: Error: Undefined name 'now'.
build-and-test	Run flutter test --coverage	2025-07-30T14:30:11.7754221Z         'validUntil': now.add(const Duration(days: 7)).toIso8601String(),
build-and-test	Run flutter test --coverage	2025-07-30T14:30:11.7754797Z                       ^^^
build-and-test	Run flutter test --coverage	2025-07-30T14:30:11.7755586Z test/features/studio_business/REDACTED_TOKEN.dart:98:22: Error: Undefined name 'now'.
build-and-test	Run flutter test --coverage	2025-07-30T14:30:11.7756474Z         'createdAt': now.toIso8601String(),
build-and-test	Run flutter test --coverage	2025-07-30T14:30:11.7756895Z                      ^^^
build-and-test	Run flutter test --coverage	2025-07-30T14:30:11.7757683Z test/features/studio_business/REDACTED_TOKEN.dart:99:22: Error: Undefined name 'now'.
build-and-test	Run flutter test --coverage	2025-07-30T14:30:11.7758848Z         'updatedAt': now.toIso8601String(),
build-and-test	Run flutter test --coverage	2025-07-30T14:30:11.7759291Z                      ^^^
build-and-test	Run flutter test --coverage	2025-07-30T14:30:11.7760101Z test/features/studio_business/REDACTED_TOKEN.dart:103:7: Error: Setter not found: 'result'.
build-and-test	Run flutter test --coverage	2025-07-30T14:30:11.7761109Z       result = await service.validatePromoCode('USED');
build-and-test	Run flutter test --coverage	2025-07-30T14:30:11.7761781Z       ^^^^^^
build-and-test	Run flutter test --coverage	2025-07-30T14:30:11.7762568Z test/features/studio_business/REDACTED_TOKEN.dart:106:14: Error: Undefined name 'result'.
build-and-test	Run flutter test --coverage	2025-07-30T14:30:11.7763488Z       expect(result, isNull);
build-and-test	Run flutter test --coverage	2025-07-30T14:30:11.7763856Z              ^^^^^^
build-and-test	Run flutter test --coverage	2025-07-30T14:30:12.5756406Z ##[group]❌ loading /home/runner/work/appoint/appoint/test/features/studio_business/REDACTED_TOKEN.dart (failed)
build-and-test	Run flutter test --coverage	2025-07-30T14:30:12.5759227Z Failed to load "/home/runner/work/appoint/appoint/test/features/studio_business/REDACTED_TOKEN.dart": Compilation failed for testPath=/home/runner/work/appoint/appoint/test/features/studio_business/REDACTED_TOKEN.dart
build-and-test	Run flutter test --coverage	2025-07-30T14:30:12.5761802Z 
build-and-test	Run flutter test --coverage	2025-07-30T14:30:12.5762756Z ##[endgroup]
build-and-test	Run flutter test --coverage	2025-07-30T14:30:12.6103337Z ##[group]❌ loading /home/runner/work/appoint/appoint/test/widgets/login_screen_test.dart (failed after test completion)
build-and-test	Run flutter test --coverage	2025-07-30T14:30:12.6104484Z Error: the Dart compiler exited unexpectedly.
build-and-test	Run flutter test --coverage	2025-07-30T14:30:12.6105930Z package:flutter_tools/src/base/common.dart 10:3  throwToolExit
build-and-test	Run flutter test --coverage	2025-07-30T14:30:12.6106666Z package:flutter_tools/src/compile.dart 893:9     DefaultResidentCompiler._compile.<fn>
build-and-test	Run flutter test --coverage	2025-07-30T14:30:12.6107399Z dart:async/zone.dart 1422:47                     _rootRunUnary
build-and-test	Run flutter test --coverage	2025-07-30T14:30:12.6108143Z dart:async/future_impl.dart 902:45               Future._propagateToListeners.handleValueCallback
build-and-test	Run flutter test --coverage	2025-07-30T14:30:12.6108998Z dart:async/future_impl.dart 931:13               Future._propagateToListeners
build-and-test	Run flutter test --coverage	2025-07-30T14:30:12.6109792Z dart:async/future_impl.dart 827:9                Future._propagateToListeners
build-and-test	Run flutter test --coverage	2025-07-30T14:30:12.6110548Z dart:async/future_impl.dart 707:5                Future._completeWithValue
build-and-test	Run flutter test --coverage	2025-07-30T14:30:12.6111274Z dart:async/future_impl.dart 777:7                Future._asyncCompleteWithValue.<fn>
build-and-test	Run flutter test --coverage	2025-07-30T14:30:12.6112193Z dart:async/zone.dart 1414:13                     _rootRun
build-and-test	Run flutter test --coverage	2025-07-30T14:30:12.6112791Z dart:async/zone.dart 1317:19                     _CustomZone.run
build-and-test	Run flutter test --coverage	2025-07-30T14:30:12.6113460Z dart:async/zone.dart 1225:7                      _CustomZone.runGuarded
build-and-test	Run flutter test --coverage	2025-07-30T14:30:12.6114188Z dart:async/zone.dart 1265:23                     _CustomZone.bindCallbackGuarded.<fn>
build-and-test	Run flutter test --coverage	2025-07-30T14:30:12.6114906Z dart:async/schedule_microtask.dart 40:21         _microtaskLoop
build-and-test	Run flutter test --coverage	2025-07-30T14:30:12.6115975Z dart:async/schedule_microtask.dart 49:5          _startMicrotaskLoop
build-and-test	Run flutter test --coverage	2025-07-30T14:30:12.6116771Z dart:isolate-patch/isolate_patch.dart 118:13     _runPendingImmediateCallback
build-and-test	Run flutter test --coverage	2025-07-30T14:30:12.6117599Z dart:isolate-patch/isolate_patch.dart 185:5      _RawReceivePort._handleMessage
build-and-test	Run flutter test --coverage	2025-07-30T14:30:12.6118491Z ##[endgroup]
build-and-test	Run flutter test --coverage	2025-07-30T14:30:15.5984846Z test/features/studio_business/REDACTED_TOKEN.dart:126:30: Error: Member not found: 'pro'.
build-and-test	Run flutter test --coverage	2025-07-30T14:30:15.5985831Z       plan: SubscriptionPlan.pro,
build-and-test	Run flutter test --coverage	2025-07-30T14:30:15.5986249Z                              ^^^
build-and-test	Run flutter test --coverage	2025-07-30T14:30:15.5990834Z test/features/studio_business/REDACTED_TOKEN.dart:208:7: Error: Setter not found: 'textField'.
build-and-test	Run flutter test --coverage	2025-07-30T14:30:15.5992435Z       textField = find.byType(TextField);
build-and-test	Run flutter test --coverage	2025-07-30T14:30:15.5993061Z       ^^^^^^^^^
build-and-test	Run flutter test --coverage	2025-07-30T14:30:15.5994012Z test/features/studio_business/REDACTED_TOKEN.dart:209:14: Error: Undefined name 'textField'.
build-and-test	Run flutter test --coverage	2025-07-30T14:30:15.5994942Z       expect(textField, findsOneWidget);
build-and-test	Run flutter test --coverage	2025-07-30T14:30:15.5995345Z              ^^^^^^^^^
build-and-test	Run flutter test --coverage	2025-07-30T14:30:15.5996116Z test/features/studio_business/REDACTED_TOKEN.dart:212:30: Error: Undefined name 'textField'.
build-and-test	Run flutter test --coverage	2025-07-30T14:30:15.5997044Z       await tester.enterText(textField, 'TESTCODE');
build-and-test	Run flutter test --coverage	2025-07-30T14:30:15.5997949Z                              ^^^^^^^^^
build-and-test	Run flutter test --coverage	2025-07-30T14:30:16.2593870Z ✅ /home/runner/work/appoint/appoint/test/features/studio_business/REDACTED_TOKEN.dart: Business subscription flow: basic structure test
build-and-test	Run flutter test --coverage	2025-07-30T14:30:16.5044258Z ##[group]❌ loading /home/runner/work/appoint/appoint/test/features/studio_business/REDACTED_TOKEN.dart (failed)
build-and-test	Run flutter test --coverage	2025-07-30T14:30:16.5047787Z Failed to load "/home/runner/work/appoint/appoint/test/features/studio_business/REDACTED_TOKEN.dart": Compilation failed for testPath=/home/runner/work/appoint/appoint/test/features/studio_business/REDACTED_TOKEN.dart
build-and-test	Run flutter test --coverage	2025-07-30T14:30:16.5049585Z 
build-and-test	Run flutter test --coverage	2025-07-30T14:30:16.5050111Z ##[endgroup]
build-and-test	Run flutter test --coverage	2025-07-30T14:30:16.5425187Z ##[group]❌ loading /home/runner/work/appoint/appoint/test/widgets/login_screen_test.dart (failed after test completion)
build-and-test	Run flutter test --coverage	2025-07-30T14:30:16.5426226Z Error: the Dart compiler exited unexpectedly.
build-and-test	Run flutter test --coverage	2025-07-30T14:30:16.5427573Z package:flutter_tools/src/base/common.dart 10:3  throwToolExit
build-and-test	Run flutter test --coverage	2025-07-30T14:30:16.5428306Z package:flutter_tools/src/compile.dart 893:9     DefaultResidentCompiler._compile.<fn>
build-and-test	Run flutter test --coverage	2025-07-30T14:30:16.5429031Z dart:async/zone.dart 1422:47                     _rootRunUnary
build-and-test	Run flutter test --coverage	2025-07-30T14:30:16.5429746Z dart:async/future_impl.dart 902:45               Future._propagateToListeners.handleValueCallback
build-and-test	Run flutter test --coverage	2025-07-30T14:30:16.5430549Z dart:async/future_impl.dart 931:13               Future._propagateToListeners
build-and-test	Run flutter test --coverage	2025-07-30T14:30:16.5431291Z dart:async/future_impl.dart 827:9                Future._propagateToListeners
build-and-test	Run flutter test --coverage	2025-07-30T14:30:16.5432833Z dart:async/future_impl.dart 707:5                Future._completeWithValue
build-and-test	Run flutter test --coverage	2025-07-30T14:30:16.5433675Z dart:async/future_impl.dart 777:7                Future._asyncCompleteWithValue.<fn>
build-and-test	Run flutter test --coverage	2025-07-30T14:30:16.5434368Z dart:async/zone.dart 1414:13                     _rootRun
build-and-test	Run flutter test --coverage	2025-07-30T14:30:16.5434973Z dart:async/zone.dart 1317:19                     _CustomZone.run
build-and-test	Run flutter test --coverage	2025-07-30T14:30:16.5435637Z dart:async/zone.dart 1225:7                      _CustomZone.runGuarded
build-and-test	Run flutter test --coverage	2025-07-30T14:30:16.5436361Z dart:async/zone.dart 1265:23                     _CustomZone.bindCallbackGuarded.<fn>
build-and-test	Run flutter test --coverage	2025-07-30T14:30:16.5437073Z dart:async/schedule_microtask.dart 40:21         _microtaskLoop
build-and-test	Run flutter test --coverage	2025-07-30T14:30:16.5437759Z dart:async/schedule_microtask.dart 49:5          _startMicrotaskLoop
build-and-test	Run flutter test --coverage	2025-07-30T14:30:16.5438519Z dart:isolate-patch/isolate_patch.dart 118:13     _runPendingImmediateCallback
build-and-test	Run flutter test --coverage	2025-07-30T14:30:16.5439391Z dart:isolate-patch/isolate_patch.dart 185:5      _RawReceivePort._handleMessage
build-and-test	Run flutter test --coverage	2025-07-30T14:30:16.5440284Z ##[endgroup]
build-and-test	Run flutter test --coverage	2025-07-30T14:30:17.9824916Z test/firebase_test_helper.dart:11:48: Error: Type 'FirebaseAuth' not found.
build-and-test	Run flutter test --coverage	2025-07-30T14:30:17.9826118Z class MockFirebaseAuth extends Mock implements FirebaseAuth {}
build-and-test	Run flutter test --coverage	2025-07-30T14:30:17.9826877Z                                                ^^^^^^^^^^^^
build-and-test	Run flutter test --coverage	2025-07-30T14:30:17.9827609Z test/firebase_test_helper.dart:13:40: Error: Type 'User' not found.
build-and-test	Run flutter test --coverage	2025-07-30T14:30:17.9828133Z class MockUser extends Mock implements User {}
build-and-test	Run flutter test --coverage	2025-07-30T14:30:17.9828518Z                                        ^^^^
build-and-test	Run flutter test --coverage	2025-07-30T14:30:17.9829010Z test/firebase_test_helper.dart:15:50: Error: Type 'UserCredential' not found.
build-and-test	Run flutter test --coverage	2025-07-30T14:30:17.9829648Z class MockUserCredential extends Mock implements UserCredential {}
build-and-test	Run flutter test --coverage	2025-07-30T14:30:17.9830110Z                                                  ^^^^^^^^^^^^^^
build-and-test	Run flutter test --coverage	2025-07-30T14:30:18.2373893Z test/features/studio_business/REDACTED_TOKEN.dart:8:1: Error: 'MockFirebaseAuth' is imported from both 'test/firebase_test_helper.dart' and 'package:firebase_auth_mocks/src/firebase_auth_mocks_base.dart'.
build-and-test	Run flutter test --coverage	2025-07-30T14:30:18.2375943Z import '../../firebase_test_helper.dart';
build-and-test	Run flutter test --coverage	2025-07-30T14:30:18.2376390Z ^^^^^^^^^^^^^^^^
build-and-test	Run flutter test --coverage	2025-07-30T14:30:18.2377691Z test/features/studio_business/REDACTED_TOKEN.dart:8:1: Error: 'MockUser' is imported from both 'test/firebase_test_helper.dart' and 'package:firebase_auth_mocks/src/mock_user.dart'.
build-and-test	Run flutter test --coverage	2025-07-30T14:30:18.2379640Z import '../../firebase_test_helper.dart';
build-and-test	Run flutter test --coverage	2025-07-30T14:30:18.2380090Z ^^^^^^^^
build-and-test	Run flutter test --coverage	2025-07-30T14:30:18.2381376Z test/features/studio_business/REDACTED_TOKEN.dart:22:18: Error: 'MockUser' is imported from both 'test/firebase_test_helper.dart' and 'package:firebase_auth_mocks/src/mock_user.dart'.
build-and-test	Run flutter test --coverage	2025-07-30T14:30:18.2383002Z       mockUser = MockUser(
build-and-test	Run flutter test --coverage	2025-07-30T14:30:18.2383358Z                  ^^^^^^^^
build-and-test	Run flutter test --coverage	2025-07-30T14:30:18.2384645Z test/features/studio_business/REDACTED_TOKEN.dart:26:18: Error: 'MockFirebaseAuth' is imported from both 'test/firebase_test_helper.dart' and 'package:firebase_auth_mocks/src/firebase_auth_mocks_base.dart'.
build-and-test	Run flutter test --coverage	2025-07-30T14:30:18.2386157Z       mockAuth = MockFirebaseAuth(mockUser: mockUser);
build-and-test	Run flutter test --coverage	2025-07-30T14:30:18.2386612Z                  ^^^^^^^^^^^^^^^^
build-and-test	Run flutter test --coverage	2025-07-30T14:30:18.2387420Z test/features/studio_business/REDACTED_TOKEN.dart:55:7: Error: Setter not found: 'privacyPolicyTile'.
build-and-test	Run flutter test --coverage	2025-07-30T14:30:18.2388341Z       privacyPolicyTile = find.text('Privacy Policy');
build-and-test	Run flutter test --coverage	2025-07-30T14:30:18.2388829Z       ^^^^^^^^^^^^^^^^^
build-and-test	Run flutter test --coverage	2025-07-30T14:30:18.2389578Z test/features/studio_business/REDACTED_TOKEN.dart:56:24: Error: Undefined name 'privacyPolicyTile'.
build-and-test	Run flutter test --coverage	2025-07-30T14:30:18.2390449Z       await tester.tap(privacyPolicyTile);
build-and-test	Run flutter test --coverage	2025-07-30T14:30:18.2390856Z                        ^^^^^^^^^^^^^^^^^
build-and-test	Run flutter test --coverage	2025-07-30T14:30:18.2391841Z test/features/studio_business/REDACTED_TOKEN.dart:103:7: Error: Setter not found: 'listTile'.
build-and-test	Run flutter test --coverage	2025-07-30T14:30:18.2392719Z       listTile = tester.widget<ListTile>(privacyPolicyTile);
build-and-test	Run flutter test --coverage	2025-07-30T14:30:18.2393196Z       ^^^^^^^^
build-and-test	Run flutter test --coverage	2025-07-30T14:30:18.2393911Z test/features/studio_business/REDACTED_TOKEN.dart:104:14: Error: Undefined name 'listTile'.
build-and-test	Run flutter test --coverage	2025-07-30T14:30:18.2394774Z       expect(listTile.leading, isA<Icon>());
build-and-test	Run flutter test --coverage	2025-07-30T14:30:18.2395189Z              ^^^^^^^^
build-and-test	Run flutter test --coverage	2025-07-30T14:30:18.2395969Z test/features/studio_business/REDACTED_TOKEN.dart:106:20: Error: Undefined name 'listTile'.
build-and-test	Run flutter test --coverage	2025-07-30T14:30:18.2396836Z       final icon = listTile.leading! as Icon;
build-and-test	Run flutter test --coverage	2025-07-30T14:30:18.2397242Z                    ^^^^^^^^
build-and-test	Run flutter test --coverage	2025-07-30T14:30:18.2409999Z test/firebase_test_helper.dart:78:25: Error: The getter 'uid' isn't defined for the class 'MockUser'.
build-and-test	Run flutter test --coverage	2025-07-30T14:30:18.2412219Z  - 'MockUser' is from 'test/firebase_test_helper.dart'.
build-and-test	Run flutter test --coverage	2025-07-30T14:30:18.2413055Z Try correcting the name to the name of an existing getter, or defining a getter or field named 'uid'.
build-and-test	Run flutter test --coverage	2025-07-30T14:30:18.2413867Z     when(() => mockUser.uid).thenReturn('test-user-id');
build-and-test	Run flutter test --coverage	2025-07-30T14:30:18.2414649Z                         ^^^
build-and-test	Run flutter test --coverage	2025-07-30T14:30:18.2416981Z test/firebase_test_helper.dart:79:25: Error: The getter 'email' isn't defined for the class 'MockUser'.
build-and-test	Run flutter test --coverage	2025-07-30T14:30:18.2418247Z  - 'MockUser' is from 'test/firebase_test_helper.dart'.
build-and-test	Run flutter test --coverage	2025-07-30T14:30:18.2419406Z Try correcting the name to the name of an existing getter, or defining a getter or field named 'email'.
build-and-test	Run flutter test --coverage	2025-07-30T14:30:18.2420506Z     when(() => mockUser.email).thenReturn('test@example.com');
build-and-test	Run flutter test --coverage	2025-07-30T14:30:18.2421239Z                         ^^^^^
build-and-test	Run flutter test --coverage	2025-07-30T14:30:18.2423594Z test/firebase_test_helper.dart:80:25: Error: The getter 'displayName' isn't defined for the class 'MockUser'.
build-and-test	Run flutter test --coverage	2025-07-30T14:30:18.2427050Z  - 'MockUser' is from 'test/firebase_test_helper.dart'.
build-and-test	Run flutter test --coverage	2025-07-30T14:30:18.2428938Z Try correcting the name to the name of an existing getter, or defining a getter or field named 'displayName'.
build-and-test	Run flutter test --coverage	2025-07-30T14:30:18.2429789Z     when(() => mockUser.displayName).thenReturn('Test User');
build-and-test	Run flutter test --coverage	2025-07-30T14:30:18.2430304Z                         ^^^^^^^^^^^
build-and-test	Run flutter test --coverage	2025-07-30T14:30:18.2431019Z test/firebase_test_helper.dart:81:25: Error: The getter 'photoURL' isn't defined for the class 'MockUser'.
build-and-test	Run flutter test --coverage	2025-07-30T14:30:18.2432017Z  - 'MockUser' is from 'test/firebase_test_helper.dart'.
build-and-test	Run flutter test --coverage	2025-07-30T14:30:18.2433055Z Try correcting the name to the name of an existing getter, or defining a getter or field named 'photoURL'.
build-and-test	Run flutter test --coverage	2025-07-30T14:30:18.2433997Z     when(() => mockUser.photoURL).thenReturn('https://example.com/photo.jpg');
build-and-test	Run flutter test --coverage	2025-07-30T14:30:18.2434588Z                         ^^^^^^^^
build-and-test	Run flutter test --coverage	2025-07-30T14:30:18.2435300Z test/firebase_test_helper.dart:82:25: Error: The getter 'isAnonymous' isn't defined for the class 'MockUser'.
build-and-test	Run flutter test --coverage	2025-07-30T14:30:18.2436141Z  - 'MockUser' is from 'test/firebase_test_helper.dart'.
build-and-test	Run flutter test --coverage	2025-07-30T14:30:18.2436963Z Try correcting the name to the name of an existing getter, or defining a getter or field named 'isAnonymous'.
build-and-test	Run flutter test --coverage	2025-07-30T14:30:18.2437781Z     when(() => mockUser.isAnonymous).thenReturn(false);
build-and-test	Run flutter test --coverage	2025-07-30T14:30:18.2438263Z                         ^^^^^^^^^^^
build-and-test	Run flutter test --coverage	2025-07-30T14:30:18.2438996Z test/firebase_test_helper.dart:83:25: Error: The getter 'emailVerified' isn't defined for the class 'MockUser'.
build-and-test	Run flutter test --coverage	2025-07-30T14:30:18.2439839Z  - 'MockUser' is from 'test/firebase_test_helper.dart'.
build-and-test	Run flutter test --coverage	2025-07-30T14:30:18.2440662Z Try correcting the name to the name of an existing getter, or defining a getter or field named 'emailVerified'.
build-and-test	Run flutter test --coverage	2025-07-30T14:30:18.2441487Z     when(() => mockUser.emailVerified).thenReturn(true);
build-and-test	Run flutter test --coverage	2025-07-30T14:30:18.2454850Z                         ^^^^^^^^^^^^^
build-and-test	Run flutter test --coverage	2025-07-30T14:30:18.2455699Z test/firebase_test_helper.dart:86:35: Error: The getter 'user' isn't defined for the class 'MockUserCredential'.
build-and-test	Run flutter test --coverage	2025-07-30T14:30:18.2456712Z  - 'MockUserCredential' is from 'test/firebase_test_helper.dart'.
build-and-test	Run flutter test --coverage	2025-07-30T14:30:18.2457621Z Try correcting the name to the name of an existing getter, or defining a getter or field named 'user'.
build-and-test	Run flutter test --coverage	2025-07-30T14:30:18.2458491Z     when(() => mockUserCredential.user).thenReturn(mockUser);
build-and-test	Run flutter test --coverage	2025-07-30T14:30:18.2459040Z                                   ^^^^
build-and-test	Run flutter test --coverage	2025-07-30T14:30:18.2459861Z test/firebase_test_helper.dart:89:25: Error: The getter 'currentUser' isn't defined for the class 'MockFirebaseAuth'.
build-and-test	Run flutter test --coverage	2025-07-30T14:30:18.2460863Z  - 'MockFirebaseAuth' is from 'test/firebase_test_helper.dart'.
build-and-test	Run flutter test --coverage	2025-07-30T14:30:18.2462056Z Try correcting the name to the name of an existing getter, or defining a getter or field named 'currentUser'.
build-and-test	Run flutter test --coverage	2025-07-30T14:30:18.2462964Z     when(() => mockAuth.currentUser).thenReturn(mockUser);
build-and-test	Run flutter test --coverage	2025-07-30T14:30:18.2463478Z                         ^^^^^^^^^^^
build-and-test	Run flutter test --coverage	2025-07-30T14:30:18.2464343Z test/firebase_test_helper.dart:90:25: Error: The method 'authStateChanges' isn't defined for the class 'MockFirebaseAuth'.
build-and-test	Run flutter test --coverage	2025-07-30T14:30:18.2465414Z  - 'MockFirebaseAuth' is from 'test/firebase_test_helper.dart'.
build-and-test	Run flutter test --coverage	2025-07-30T14:30:18.2466336Z Try correcting the name to the name of an existing method, or defining a method named 'authStateChanges'.
build-and-test	Run flutter test --coverage	2025-07-30T14:30:18.2467405Z     when(() => mockAuth.authStateChanges())
build-and-test	Run flutter test --coverage	2025-07-30T14:30:18.2467856Z                         ^^^^^^^^^^^^^^^^
build-and-test	Run flutter test --coverage	2025-07-30T14:30:18.2468696Z test/firebase_test_helper.dart:92:25: Error: The method 'userChanges' isn't defined for the class 'MockFirebaseAuth'.
build-and-test	Run flutter test --coverage	2025-07-30T14:30:18.2469707Z  - 'MockFirebaseAuth' is from 'test/firebase_test_helper.dart'.
build-and-test	Run flutter test --coverage	2025-07-30T14:30:18.2470582Z Try correcting the name to the name of an existing method, or defining a method named 'userChanges'.
build-and-test	Run flutter test --coverage	2025-07-30T14:30:18.2471316Z     when(() => mockAuth.userChanges())
build-and-test	Run flutter test --coverage	2025-07-30T14:30:18.2471910Z                         ^^^^^^^^^^^
build-and-test	Run flutter test --coverage	2025-07-30T14:30:18.2472796Z test/firebase_test_helper.dart:94:25: Error: The method 'signInWithEmailAndPassword' isn't defined for the class 'MockFirebaseAuth'.
build-and-test	Run flutter test --coverage	2025-07-30T14:30:18.2473896Z  - 'MockFirebaseAuth' is from 'test/firebase_test_helper.dart'.
build-and-test	Run flutter test --coverage	2025-07-30T14:30:18.2474866Z Try correcting the name to the name of an existing method, or defining a method named 'signInWithEmailAndPassword'.
build-and-test	Run flutter test --coverage	2025-07-30T14:30:18.2475858Z     when(() => mockAuth.signInWithEmailAndPassword(any(), any()))
build-and-test	Run flutter test --coverage	2025-07-30T14:30:18.2476428Z                         ^^^^^^^^^^^^^^^^^^^^^^^^^^
build-and-test	Run flutter test --coverage	2025-07-30T14:30:18.2477429Z test/firebase_test_helper.dart:96:25: Error: The method 'createUserWithEmailAndPassword' isn't defined for the class 'MockFirebaseAuth'.
build-and-test	Run flutter test --coverage	2025-07-30T14:30:18.2478850Z  - 'MockFirebaseAuth' is from 'test/firebase_test_helper.dart'.
build-and-test	Run flutter test --coverage	2025-07-30T14:30:18.2479867Z Try correcting the name to the name of an existing method, or defining a method named 'createUserWithEmailAndPassword'.
build-and-test	Run flutter test --coverage	2025-07-30T14:30:18.2480904Z     when(() => mockAuth.createUserWithEmailAndPassword(any(), any()))
build-and-test	Run flutter test --coverage	2025-07-30T14:30:18.2481750Z                         ^^^^^^^^^^^^^^^^^^^^^^^^^^^^^^
build-and-test	Run flutter test --coverage	2025-07-30T14:30:18.2482616Z test/firebase_test_helper.dart:98:25: Error: The method 'signOut' isn't defined for the class 'MockFirebaseAuth'.
build-and-test	Run flutter test --coverage	2025-07-30T14:30:18.2483578Z  - 'MockFirebaseAuth' is from 'test/firebase_test_helper.dart'.
build-and-test	Run flutter test --coverage	2025-07-30T14:30:18.2484467Z Try correcting the name to the name of an existing method, or defining a method named 'signOut'.
build-and-test	Run flutter test --coverage	2025-07-30T14:30:18.2485280Z     when(() => mockAuth.signOut()).thenAnswer((_) async {});
build-and-test	Run flutter test --coverage	2025-07-30T14:30:18.2485800Z                         ^^^^^^^
build-and-test	Run flutter test --coverage	2025-07-30T14:30:18.2486957Z test/firebase_test_helper.dart:108:60: Error: The argument type 'MockCollectionReference' can't be assigned to the parameter type 'CollectionReference<Map<String, dynamic>>'.
build-and-test	Run flutter test --coverage	2025-07-30T14:30:18.2488384Z  - 'MockCollectionReference' is from 'test/firebase_test_helper.dart'.
build-and-test	Run flutter test --coverage	2025-07-30T14:30:18.2489753Z  - 'CollectionReference' is from 'package:cloud_firestore/cloud_firestore.dart' ('../../../.pub-cache/hosted/pub.dev/cloud_firestore-5.6.11/lib/cloud_firestore.dart').
build-and-test	Run flutter test --coverage	2025-07-30T14:30:18.2490977Z  - 'Map' is from 'dart:core'.
build-and-test	Run flutter test --coverage	2025-07-30T14:30:18.2491763Z     when(() => mockFirestore.collection(any())).thenReturn(mockCollection);
build-and-test	Run flutter test --coverage	2025-07-30T14:30:18.2492402Z                                                            ^
build-and-test	Run flutter test --coverage	2025-07-30T14:30:18.2493446Z test/firebase_test_helper.dart:132:52: Error: A value of type 'MockDocumentSnapshot' can't be assigned to a variable of type 'QueryDocumentSnapshot<Object?>'.
build-and-test	Run flutter test --coverage	2025-07-30T14:30:18.2494701Z  - 'MockDocumentSnapshot' is from 'test/firebase_test_helper.dart'.
build-and-test	Run flutter test --coverage	2025-07-30T14:30:18.2496078Z  - 'QueryDocumentSnapshot' is from 'package:cloud_firestore/cloud_firestore.dart' ('../../../.pub-cache/hosted/pub.dev/cloud_firestore-5.6.11/lib/cloud_firestore.dart').
build-and-test	Run flutter test --coverage	2025-07-30T14:30:18.2497268Z  - 'Object' is from 'dart:core'.
build-and-test	Run flutter test --coverage	2025-07-30T14:30:18.2497887Z     when(() => mockQuerySnapshot.docs).thenReturn([mockDocumentSnapshot]);
build-and-test	Run flutter test --coverage	2025-07-30T14:30:18.2498513Z                                                    ^
build-and-test	Run flutter test --coverage	2025-07-30T14:30:19.2822586Z ##[group]❌ loading /home/runner/work/appoint/appoint/test/features/studio_business/REDACTED_TOKEN.dart (failed)
build-and-test	Run flutter test --coverage	2025-07-30T14:30:19.2828527Z Failed to load "/home/runner/work/appoint/appoint/test/features/studio_business/REDACTED_TOKEN.dart": Compilation failed for testPath=/home/runner/work/appoint/appoint/test/features/studio_business/REDACTED_TOKEN.dart
build-and-test	Run flutter test --coverage	2025-07-30T14:30:19.2834168Z 
build-and-test	Run flutter test --coverage	2025-07-30T14:30:19.2835733Z ##[endgroup]
build-and-test	Run flutter test --coverage	2025-07-30T14:30:19.3137825Z ##[group]❌ loading /home/runner/work/appoint/appoint/test/widgets/login_screen_test.dart (failed after test completion)
build-and-test	Run flutter test --coverage	2025-07-30T14:30:19.3138893Z Error: the Dart compiler exited unexpectedly.
build-and-test	Run flutter test --coverage	2025-07-30T14:30:19.3140094Z package:flutter_tools/src/base/common.dart 10:3  throwToolExit
build-and-test	Run flutter test --coverage	2025-07-30T14:30:19.3140821Z package:flutter_tools/src/compile.dart 893:9     DefaultResidentCompiler._compile.<fn>
build-and-test	Run flutter test --coverage	2025-07-30T14:30:19.3141880Z dart:async/zone.dart 1422:47                     _rootRunUnary
build-and-test	Run flutter test --coverage	2025-07-30T14:30:19.3142642Z dart:async/future_impl.dart 902:45               Future._propagateToListeners.handleValueCallback
build-and-test	Run flutter test --coverage	2025-07-30T14:30:19.3143457Z dart:async/future_impl.dart 931:13               Future._propagateToListeners
build-and-test	Run flutter test --coverage	2025-07-30T14:30:19.3144194Z dart:async/future_impl.dart 827:9                Future._propagateToListeners
build-and-test	Run flutter test --coverage	2025-07-30T14:30:19.3144942Z dart:async/future_impl.dart 707:5                Future._completeWithValue
build-and-test	Run flutter test --coverage	2025-07-30T14:30:19.3145656Z dart:async/future_impl.dart 777:7                Future._asyncCompleteWithValue.<fn>
build-and-test	Run flutter test --coverage	2025-07-30T14:30:19.3146730Z dart:async/zone.dart 1414:13                     _rootRun
build-and-test	Run flutter test --coverage	2025-07-30T14:30:19.3147318Z dart:async/zone.dart 1317:19                     _CustomZone.run
build-and-test	Run flutter test --coverage	2025-07-30T14:30:19.3147979Z dart:async/zone.dart 1225:7                      _CustomZone.runGuarded
build-and-test	Run flutter test --coverage	2025-07-30T14:30:19.3148704Z dart:async/zone.dart 1265:23                     _CustomZone.bindCallbackGuarded.<fn>
build-and-test	Run flutter test --coverage	2025-07-30T14:30:19.3149427Z dart:async/schedule_microtask.dart 40:21         _microtaskLoop
build-and-test	Run flutter test --coverage	2025-07-30T14:30:19.3150129Z dart:async/schedule_microtask.dart 49:5          _startMicrotaskLoop
build-and-test	Run flutter test --coverage	2025-07-30T14:30:19.3150903Z dart:isolate-patch/isolate_patch.dart 118:13     _runPendingImmediateCallback
build-and-test	Run flutter test --coverage	2025-07-30T14:30:19.3151942Z dart:isolate-patch/isolate_patch.dart 185:5      _RawReceivePort._handleMessage
build-and-test	Run flutter test --coverage	2025-07-30T14:30:19.3152834Z ##[endgroup]
build-and-test	Run flutter test --coverage	2025-07-30T14:30:20.6707798Z test/firebase_test_helper.dart:11:48: Error: Type 'FirebaseAuth' not found.
build-and-test	Run flutter test --coverage	2025-07-30T14:30:20.6708726Z class MockFirebaseAuth extends Mock implements FirebaseAuth {}
build-and-test	Run flutter test --coverage	2025-07-30T14:30:20.6709341Z                                                ^^^^^^^^^^^^
build-and-test	Run flutter test --coverage	2025-07-30T14:30:20.6709966Z test/firebase_test_helper.dart:13:40: Error: Type 'User' not found.
build-and-test	Run flutter test --coverage	2025-07-30T14:30:20.6710630Z class MockUser extends Mock implements User {}
build-and-test	Run flutter test --coverage	2025-07-30T14:30:20.6711090Z                                        ^^^^
build-and-test	Run flutter test --coverage	2025-07-30T14:30:20.6711859Z test/firebase_test_helper.dart:15:50: Error: Type 'UserCredential' not found.
build-and-test	Run flutter test --coverage	2025-07-30T14:30:20.6712665Z class MockUserCredential extends Mock implements UserCredential {}
build-and-test	Run flutter test --coverage	2025-07-30T14:30:20.6713217Z                                                  ^^^^^^^^^^^^^^
build-and-test	Run flutter test --coverage	2025-07-30T14:30:20.8696199Z test/firebase_test_helper.dart:78:25: Error: The getter 'uid' isn't defined for the class 'MockUser'.
build-and-test	Run flutter test --coverage	2025-07-30T14:30:20.8697223Z  - 'MockUser' is from 'test/firebase_test_helper.dart'.
build-and-test	Run flutter test --coverage	2025-07-30T14:30:20.8698067Z Try correcting the name to the name of an existing getter, or defining a getter or field named 'uid'.
build-and-test	Run flutter test --coverage	2025-07-30T14:30:20.8698893Z     when(() => mockUser.uid).thenReturn('test-user-id');
build-and-test	Run flutter test --coverage	2025-07-30T14:30:20.8699396Z                         ^^^
build-and-test	Run flutter test --coverage	2025-07-30T14:30:20.8700100Z test/firebase_test_helper.dart:79:25: Error: The getter 'email' isn't defined for the class 'MockUser'.
build-and-test	Run flutter test --coverage	2025-07-30T14:30:20.8701155Z  - 'MockUser' is from 'test/firebase_test_helper.dart'.
build-and-test	Run flutter test --coverage	2025-07-30T14:30:20.8702247Z Try correcting the name to the name of an existing getter, or defining a getter or field named 'email'.
build-and-test	Run flutter test --coverage	2025-07-30T14:30:20.8703136Z     when(() => mockUser.email).thenReturn('test@example.com');
build-and-test	Run flutter test --coverage	2025-07-30T14:30:20.8703656Z                         ^^^^^
build-and-test	Run flutter test --coverage	2025-07-30T14:30:20.8704409Z test/firebase_test_helper.dart:80:25: Error: The getter 'displayName' isn't defined for the class 'MockUser'.
build-and-test	Run flutter test --coverage	2025-07-30T14:30:20.8705808Z  - 'MockUser' is from 'test/firebase_test_helper.dart'.
build-and-test	Run flutter test --coverage	2025-07-30T14:30:20.8706703Z Try correcting the name to the name of an existing getter, or defining a getter or field named 'displayName'.
build-and-test	Run flutter test --coverage	2025-07-30T14:30:20.8707609Z     when(() => mockUser.displayName).thenReturn('Test User');
build-and-test	Run flutter test --coverage	2025-07-30T14:30:20.8708144Z                         ^^^^^^^^^^^
build-and-test	Run flutter test --coverage	2025-07-30T14:30:20.8708888Z test/firebase_test_helper.dart:81:25: Error: The getter 'photoURL' isn't defined for the class 'MockUser'.
build-and-test	Run flutter test --coverage	2025-07-30T14:30:20.8709742Z  - 'MockUser' is from 'test/firebase_test_helper.dart'.
build-and-test	Run flutter test --coverage	2025-07-30T14:30:20.8710601Z Try correcting the name to the name of an existing getter, or defining a getter or field named 'photoURL'.
build-and-test	Run flutter test --coverage	2025-07-30T14:30:20.8711782Z     when(() => mockUser.photoURL).thenReturn('https://example.com/photo.jpg');
build-and-test	Run flutter test --coverage	2025-07-30T14:30:20.8712456Z                         ^^^^^^^^
build-and-test	Run flutter test --coverage	2025-07-30T14:30:20.8713255Z test/firebase_test_helper.dart:82:25: Error: The getter 'isAnonymous' isn't defined for the class 'MockUser'.
build-and-test	Run flutter test --coverage	2025-07-30T14:30:20.8714178Z  - 'MockUser' is from 'test/firebase_test_helper.dart'.
build-and-test	Run flutter test --coverage	2025-07-30T14:30:20.8715026Z Try correcting the name to the name of an existing getter, or defining a getter or field named 'isAnonymous'.
build-and-test	Run flutter test --coverage	2025-07-30T14:30:20.8715850Z     when(() => mockUser.isAnonymous).thenReturn(false);
build-and-test	Run flutter test --coverage	2025-07-30T14:30:20.8716649Z                         ^^^^^^^^^^^
build-and-test	Run flutter test --coverage	2025-07-30T14:30:20.8717433Z test/firebase_test_helper.dart:83:25: Error: The getter 'emailVerified' isn't defined for the class 'MockUser'.
build-and-test	Run flutter test --coverage	2025-07-30T14:30:20.8718345Z  - 'MockUser' is from 'test/firebase_test_helper.dart'.
build-and-test	Run flutter test --coverage	2025-07-30T14:30:20.8719239Z Try correcting the name to the name of an existing getter, or defining a getter or field named 'emailVerified'.
build-and-test	Run flutter test --coverage	2025-07-30T14:30:20.8720082Z     when(() => mockUser.emailVerified).thenReturn(true);
build-and-test	Run flutter test --coverage	2025-07-30T14:30:20.8720546Z                         ^^^^^^^^^^^^^
build-and-test	Run flutter test --coverage	2025-07-30T14:30:20.8721285Z test/firebase_test_helper.dart:86:35: Error: The getter 'user' isn't defined for the class 'MockUserCredential'.
build-and-test	Run flutter test --coverage	2025-07-30T14:30:20.8722462Z  - 'MockUserCredential' is from 'test/firebase_test_helper.dart'.
build-and-test	Run flutter test --coverage	2025-07-30T14:30:20.8723377Z Try correcting the name to the name of an existing getter, or defining a getter or field named 'user'.
build-and-test	Run flutter test --coverage	2025-07-30T14:30:20.8724232Z     when(() => mockUserCredential.user).thenReturn(mockUser);
build-and-test	Run flutter test --coverage	2025-07-30T14:30:20.8724749Z                                   ^^^^
build-and-test	Run flutter test --coverage	2025-07-30T14:30:20.8725579Z test/firebase_test_helper.dart:89:25: Error: The getter 'currentUser' isn't defined for the class 'MockFirebaseAuth'.
build-and-test	Run flutter test --coverage	2025-07-30T14:30:20.8726513Z  - 'MockFirebaseAuth' is from 'test/firebase_test_helper.dart'.
build-and-test	Run flutter test --coverage	2025-07-30T14:30:20.8727431Z Try correcting the name to the name of an existing getter, or defining a getter or field named 'currentUser'.
build-and-test	Run flutter test --coverage	2025-07-30T14:30:20.8728295Z     when(() => mockAuth.currentUser).thenReturn(mockUser);
build-and-test	Run flutter test --coverage	2025-07-30T14:30:20.8728795Z                         ^^^^^^^^^^^
build-and-test	Run flutter test --coverage	2025-07-30T14:30:20.8729651Z test/firebase_test_helper.dart:90:25: Error: The method 'authStateChanges' isn't defined for the class 'MockFirebaseAuth'.
build-and-test	Run flutter test --coverage	2025-07-30T14:30:20.8730724Z  - 'MockFirebaseAuth' is from 'test/firebase_test_helper.dart'.
build-and-test	Run flutter test --coverage	2025-07-30T14:30:20.8731842Z Try correcting the name to the name of an existing method, or defining a method named 'authStateChanges'.
build-and-test	Run flutter test --coverage	2025-07-30T14:30:20.8732662Z     when(() => mockAuth.authStateChanges())
build-and-test	Run flutter test --coverage	2025-07-30T14:30:20.8733110Z                         ^^^^^^^^^^^^^^^^
build-and-test	Run flutter test --coverage	2025-07-30T14:30:20.8733913Z test/firebase_test_helper.dart:92:25: Error: The method 'userChanges' isn't defined for the class 'MockFirebaseAuth'.
build-and-test	Run flutter test --coverage	2025-07-30T14:30:20.8734921Z  - 'MockFirebaseAuth' is from 'test/firebase_test_helper.dart'.
build-and-test	Run flutter test --coverage	2025-07-30T14:30:20.8735810Z Try correcting the name to the name of an existing method, or defining a method named 'userChanges'.
build-and-test	Run flutter test --coverage	2025-07-30T14:30:20.8736598Z     when(() => mockAuth.userChanges())
build-and-test	Run flutter test --coverage	2025-07-30T14:30:20.8737042Z                         ^^^^^^^^^^^
build-and-test	Run flutter test --coverage	2025-07-30T14:30:20.8737971Z test/firebase_test_helper.dart:94:25: Error: The method 'signInWithEmailAndPassword' isn't defined for the class 'MockFirebaseAuth'.
build-and-test	Run flutter test --coverage	2025-07-30T14:30:20.8739367Z  - 'MockFirebaseAuth' is from 'test/firebase_test_helper.dart'.
build-and-test	Run flutter test --coverage	2025-07-30T14:30:20.8740341Z Try correcting the name to the name of an existing method, or defining a method named 'signInWithEmailAndPassword'.
build-and-test	Run flutter test --coverage	2025-07-30T14:30:20.8741319Z     when(() => mockAuth.signInWithEmailAndPassword(any(), any()))
build-and-test	Run flutter test --coverage	2025-07-30T14:30:20.8742103Z                         ^^^^^^^^^^^^^^^^^^^^^^^^^^
build-and-test	Run flutter test --coverage	2025-07-30T14:30:20.8743061Z test/firebase_test_helper.dart:96:25: Error: The method 'createUserWithEmailAndPassword' isn't defined for the class 'MockFirebaseAuth'.
build-and-test	Run flutter test --coverage	2025-07-30T14:30:20.8744187Z  - 'MockFirebaseAuth' is from 'test/firebase_test_helper.dart'.
build-and-test	Run flutter test --coverage	2025-07-30T14:30:20.8745191Z Try correcting the name to the name of an existing method, or defining a method named 'createUserWithEmailAndPassword'.
build-and-test	Run flutter test --coverage	2025-07-30T14:30:20.8746182Z     when(() => mockAuth.createUserWithEmailAndPassword(any(), any()))
build-and-test	Run flutter test --coverage	2025-07-30T14:30:20.8746771Z                         ^^^^^^^^^^^^^^^^^^^^^^^^^^^^^^
build-and-test	Run flutter test --coverage	2025-07-30T14:30:20.8747568Z test/firebase_test_helper.dart:98:25: Error: The method 'signOut' isn't defined for the class 'MockFirebaseAuth'.
build-and-test	Run flutter test --coverage	2025-07-30T14:30:20.8748525Z  - 'MockFirebaseAuth' is from 'test/firebase_test_helper.dart'.
build-and-test	Run flutter test --coverage	2025-07-30T14:30:20.8749687Z Try correcting the name to the name of an existing method, or defining a method named 'signOut'.
build-and-test	Run flutter test --coverage	2025-07-30T14:30:20.8750512Z     when(() => mockAuth.signOut()).thenAnswer((_) async {});
build-and-test	Run flutter test --coverage	2025-07-30T14:30:20.8750972Z                         ^^^^^^^
build-and-test	Run flutter test --coverage	2025-07-30T14:30:20.8752235Z test/firebase_test_helper.dart:108:60: Error: The argument type 'MockCollectionReference' can't be assigned to the parameter type 'CollectionReference<Map<String, dynamic>>'.
build-and-test	Run flutter test --coverage	2025-07-30T14:30:20.8753562Z  - 'MockCollectionReference' is from 'test/firebase_test_helper.dart'.
build-and-test	Run flutter test --coverage	2025-07-30T14:30:20.8754868Z  - 'CollectionReference' is from 'package:cloud_firestore/cloud_firestore.dart' ('../../../.pub-cache/hosted/pub.dev/cloud_firestore-5.6.11/lib/cloud_firestore.dart').
build-and-test	Run flutter test --coverage	2025-07-30T14:30:20.8755985Z  - 'Map' is from 'dart:core'.
build-and-test	Run flutter test --coverage	2025-07-30T14:30:20.8756553Z     when(() => mockFirestore.collection(any())).thenReturn(mockCollection);
build-and-test	Run flutter test --coverage	2025-07-30T14:30:20.8757159Z                                                            ^
build-and-test	Run flutter test --coverage	2025-07-30T14:30:20.8758210Z test/firebase_test_helper.dart:132:52: Error: A value of type 'MockDocumentSnapshot' can't be assigned to a variable of type 'QueryDocumentSnapshot<Object?>'.
build-and-test	Run flutter test --coverage	2025-07-30T14:30:20.8759431Z  - 'MockDocumentSnapshot' is from 'test/firebase_test_helper.dart'.
build-and-test	Run flutter test --coverage	2025-07-30T14:30:20.8760750Z  - 'QueryDocumentSnapshot' is from 'package:cloud_firestore/cloud_firestore.dart' ('../../../.pub-cache/hosted/pub.dev/cloud_firestore-5.6.11/lib/cloud_firestore.dart').
build-and-test	Run flutter test --coverage	2025-07-30T14:30:20.8762132Z  - 'Object' is from 'dart:core'.
build-and-test	Run flutter test --coverage	2025-07-30T14:30:20.8762733Z     when(() => mockQuerySnapshot.docs).thenReturn([mockDocumentSnapshot]);
build-and-test	Run flutter test --coverage	2025-07-30T14:30:20.8763414Z                                                    ^
build-and-test	Run flutter test --coverage	2025-07-30T14:30:21.6480194Z ##[group]❌ loading /home/runner/work/appoint/appoint/test/features/studio_business/business_profile_screen_test.dart (failed)
build-and-test	Run flutter test --coverage	2025-07-30T14:30:21.6484245Z Failed to load "/home/runner/work/appoint/appoint/test/features/studio_business/business_profile_screen_test.dart": Compilation failed for testPath=/home/runner/work/appoint/appoint/test/features/studio_business/business_profile_screen_test.dart
build-and-test	Run flutter test --coverage	2025-07-30T14:30:21.6486287Z 
build-and-test	Run flutter test --coverage	2025-07-30T14:30:21.6486690Z ##[endgroup]
build-and-test	Run flutter test --coverage	2025-07-30T14:30:21.6775475Z ##[group]❌ loading /home/runner/work/appoint/appoint/test/widgets/login_screen_test.dart (failed after test completion)
build-and-test	Run flutter test --coverage	2025-07-30T14:30:21.6776784Z Error: the Dart compiler exited unexpectedly.
build-and-test	Run flutter test --coverage	2025-07-30T14:30:21.6778558Z package:flutter_tools/src/base/common.dart 10:3  throwToolExit
build-and-test	Run flutter test --coverage	2025-07-30T14:30:21.6779486Z package:flutter_tools/src/compile.dart 893:9     DefaultResidentCompiler._compile.<fn>
build-and-test	Run flutter test --coverage	2025-07-30T14:30:21.6780363Z dart:async/zone.dart 1422:47                     _rootRunUnary
build-and-test	Run flutter test --coverage	2025-07-30T14:30:21.6781734Z dart:async/future_impl.dart 902:45               Future._propagateToListeners.handleValueCallback
build-and-test	Run flutter test --coverage	2025-07-30T14:30:21.6782620Z dart:async/future_impl.dart 931:13               Future._propagateToListeners
build-and-test	Run flutter test --coverage	2025-07-30T14:30:21.6783367Z dart:async/future_impl.dart 827:9                Future._propagateToListeners
build-and-test	Run flutter test --coverage	2025-07-30T14:30:21.6784093Z dart:async/future_impl.dart 707:5                Future._completeWithValue
build-and-test	Run flutter test --coverage	2025-07-30T14:30:21.6784899Z dart:async/future_impl.dart 777:7                Future._asyncCompleteWithValue.<fn>
build-and-test	Run flutter test --coverage	2025-07-30T14:30:21.6785726Z dart:async/zone.dart 1414:13                     _rootRun
build-and-test	Run flutter test --coverage	2025-07-30T14:30:21.6786426Z dart:async/zone.dart 1317:19                     _CustomZone.run
build-and-test	Run flutter test --coverage	2025-07-30T14:30:21.6787198Z dart:async/zone.dart 1225:7                      _CustomZone.runGuarded
build-and-test	Run flutter test --coverage	2025-07-30T14:30:21.6788068Z dart:async/zone.dart 1265:23                     _CustomZone.bindCallbackGuarded.<fn>
build-and-test	Run flutter test --coverage	2025-07-30T14:30:21.6788926Z dart:async/schedule_microtask.dart 40:21         _microtaskLoop
build-and-test	Run flutter test --coverage	2025-07-30T14:30:21.6789765Z dart:async/schedule_microtask.dart 49:5          _startMicrotaskLoop
build-and-test	Run flutter test --coverage	2025-07-30T14:30:21.6790601Z dart:isolate-patch/isolate_patch.dart 118:13     _runPendingImmediateCallback
build-and-test	Run flutter test --coverage	2025-07-30T14:30:21.6791888Z dart:isolate-patch/isolate_patch.dart 185:5      _RawReceivePort._handleMessage
build-and-test	Run flutter test --coverage	2025-07-30T14:30:21.6792775Z ##[endgroup]
build-and-test	Run flutter test --coverage	2025-07-30T14:30:22.8219801Z test/features/studio_business/business_subscription_test.dart:8:31: Error: Member not found: 'basic'.
build-and-test	Run flutter test --coverage	2025-07-30T14:30:22.8221048Z       expect(SubscriptionPlan.basic.name, equals('Basic'));
build-and-test	Run flutter test --coverage	2025-07-30T14:30:22.8222487Z                               ^^^^^
build-and-test	Run flutter test --coverage	2025-07-30T14:30:22.8230447Z test/features/studio_business/business_subscription_test.dart:9:31: Error: Member not found: 'pro'.
build-and-test	Run flutter test --coverage	2025-07-30T14:30:22.8232443Z       expect(SubscriptionPlan.pro.name, equals('Pro'));
build-and-test	Run flutter test --coverage	2025-07-30T14:30:22.8235999Z                               ^^^
build-and-test	Run flutter test --coverage	2025-07-30T14:30:22.8239234Z test/features/studio_business/business_subscription_test.dart:11:31: Error: Member not found: 'basic'.
build-and-test	Run flutter test --coverage	2025-07-30T14:30:22.8240980Z       expect(SubscriptionPlan.basic.price, equals(4.99));
build-and-test	Run flutter test --coverage	2025-07-30T14:30:22.8243088Z                               ^^^^^
build-and-test	Run flutter test --coverage	2025-07-30T14:30:22.8245796Z test/features/studio_business/business_subscription_test.dart:12:31: Error: Member not found: 'pro'.
build-and-test	Run flutter test --coverage	2025-07-30T14:30:22.8247632Z       expect(SubscriptionPlan.pro.price, equals(14.99));
build-and-test	Run flutter test --coverage	2025-07-30T14:30:22.8249180Z                               ^^^
build-and-test	Run flutter test --coverage	2025-07-30T14:30:22.8252116Z test/features/studio_business/business_subscription_test.dart:14:31: Error: Member not found: 'basic'.
build-and-test	Run flutter test --coverage	2025-07-30T14:30:22.8258572Z       expect(SubscriptionPlan.basic.priceDisplay, equals('€4.99/mo'));
build-and-test	Run flutter test --coverage	2025-07-30T14:30:22.8262389Z                               ^^^^^
build-and-test	Run flutter test --coverage	2025-07-30T14:30:22.8274920Z test/features/studio_business/business_subscription_test.dart:15:31: Error: Member not found: 'pro'.
build-and-test	Run flutter test --coverage	2025-07-30T14:30:22.8300246Z       expect(SubscriptionPlan.pro.priceDisplay, equals('€14.99/mo'));
build-and-test	Run flutter test --coverage	2025-07-30T14:30:22.8300814Z                               ^^^
build-and-test	Run flutter test --coverage	2025-07-30T14:30:22.8301504Z test/features/studio_business/business_subscription_test.dart:17:31: Error: Member not found: 'basic'.
build-and-test	Run flutter test --coverage	2025-07-30T14:30:22.8302557Z       expect(SubscriptionPlan.basic.meetingLimit, equals(20));
build-and-test	Run flutter test --coverage	2025-07-30T14:30:22.8303040Z                               ^^^^^
build-and-test	Run flutter test --coverage	2025-07-30T14:30:22.8303731Z test/features/studio_business/business_subscription_test.dart:18:31: Error: Member not found: 'pro'.
build-and-test	Run flutter test --coverage	2025-07-30T14:30:22.8304652Z       expect(SubscriptionPlan.pro.meetingLimit, equals(-1)); // unlimited
build-and-test	Run flutter test --coverage	2025-07-30T14:30:22.8305179Z                               ^^^
build-and-test	Run flutter test --coverage	2025-07-30T14:30:22.8305848Z test/features/studio_business/business_subscription_test.dart:20:31: Error: Member not found: 'basic'.
build-and-test	Run flutter test --coverage	2025-07-30T14:30:22.8306700Z       expect(SubscriptionPlan.basic.features.length, equals(3));
build-and-test	Run flutter test --coverage	2025-07-30T14:30:22.8307202Z                               ^^^^^
build-and-test	Run flutter test --coverage	2025-07-30T14:30:22.8307882Z test/features/studio_business/business_subscription_test.dart:21:31: Error: Member not found: 'pro'.
build-and-test	Run flutter test --coverage	2025-07-30T14:30:22.8309115Z       expect(SubscriptionPlan.pro.features.length, equals(7));
build-and-test	Run flutter test --coverage	2025-07-30T14:30:22.8309591Z                               ^^^
build-and-test	Run flutter test --coverage	2025-07-30T14:30:22.8310268Z test/features/studio_business/business_subscription_test.dart:43:32: Error: Member not found: 'pro'.
build-and-test	Run flutter test --coverage	2025-07-30T14:30:22.8311030Z         plan: SubscriptionPlan.pro,
build-and-test	Run flutter test --coverage	2025-07-30T14:30:22.8311386Z                                ^^^
build-and-test	Run flutter test --coverage	2025-07-30T14:30:22.8312216Z test/features/studio_business/business_subscription_test.dart:52:57: Error: Member not found: 'pro'.
build-and-test	Run flutter test --coverage	2025-07-30T14:30:22.8313063Z       expect(subscription.plan, equals(SubscriptionPlan.pro));
build-and-test	Run flutter test --coverage	2025-07-30T14:30:22.8313565Z                                                         ^^^
build-and-test	Run flutter test --coverage	2025-07-30T14:30:22.9012768Z ##[group]❌ loading /home/runner/work/appoint/appoint/test/features/studio_business/business_subscription_test.dart (failed)
build-and-test	Run flutter test --coverage	2025-07-30T14:30:22.9014217Z Failed to load "/home/runner/work/appoint/appoint/test/features/studio_business/business_subscription_test.dart": Compilation failed for testPath=/home/runner/work/appoint/appoint/test/features/studio_business/business_subscription_test.dart
build-and-test	Run flutter test --coverage	2025-07-30T14:30:22.9015210Z 
build-and-test	Run flutter test --coverage	2025-07-30T14:30:22.9015420Z ##[endgroup]
build-and-test	Run flutter test --coverage	2025-07-30T14:30:22.9208689Z ##[group]❌ loading /home/runner/work/appoint/appoint/test/widgets/login_screen_test.dart (failed after test completion)
build-and-test	Run flutter test --coverage	2025-07-30T14:30:22.9209640Z Error: the Dart compiler exited unexpectedly.
build-and-test	Run flutter test --coverage	2025-07-30T14:30:22.9211092Z package:flutter_tools/src/base/common.dart 10:3  throwToolExit
build-and-test	Run flutter test --coverage	2025-07-30T14:30:22.9212108Z package:flutter_tools/src/compile.dart 893:9     DefaultResidentCompiler._compile.<fn>
build-and-test	Run flutter test --coverage	2025-07-30T14:30:22.9212614Z dart:async/zone.dart 1422:47                     _rootRunUnary
build-and-test	Run flutter test --coverage	2025-07-30T14:30:22.9213067Z dart:async/future_impl.dart 902:45               Future._propagateToListeners.handleValueCallback
build-and-test	Run flutter test --coverage	2025-07-30T14:30:22.9213717Z dart:async/future_impl.dart 931:13               Future._propagateToListeners
build-and-test	Run flutter test --coverage	2025-07-30T14:30:22.9214171Z dart:async/future_impl.dart 827:9                Future._propagateToListeners
build-and-test	Run flutter test --coverage	2025-07-30T14:30:22.9214590Z dart:async/future_impl.dart 707:5                Future._completeWithValue
build-and-test	Run flutter test --coverage	2025-07-30T14:30:22.9215016Z dart:async/future_impl.dart 777:7                Future._asyncCompleteWithValue.<fn>
build-and-test	Run flutter test --coverage	2025-07-30T14:30:22.9215419Z dart:async/zone.dart 1414:13                     _rootRun
build-and-test	Run flutter test --coverage	2025-07-30T14:30:22.9215754Z dart:async/zone.dart 1317:19                     _CustomZone.run
build-and-test	Run flutter test --coverage	2025-07-30T14:30:22.9216126Z dart:async/zone.dart 1225:7                      _CustomZone.runGuarded
build-and-test	Run flutter test --coverage	2025-07-30T14:30:22.9216534Z dart:async/zone.dart 1265:23                     _CustomZone.bindCallbackGuarded.<fn>
build-and-test	Run flutter test --coverage	2025-07-30T14:30:22.9216932Z dart:async/schedule_microtask.dart 40:21         _microtaskLoop
build-and-test	Run flutter test --coverage	2025-07-30T14:30:22.9217323Z dart:async/schedule_microtask.dart 49:5          _startMicrotaskLoop
build-and-test	Run flutter test --coverage	2025-07-30T14:30:22.9217759Z dart:isolate-patch/isolate_patch.dart 118:13     _runPendingImmediateCallback
build-and-test	Run flutter test --coverage	2025-07-30T14:30:22.9218237Z dart:isolate-patch/isolate_patch.dart 185:5      _RawReceivePort._handleMessage
build-and-test	Run flutter test --coverage	2025-07-30T14:30:22.9218727Z ##[endgroup]
build-and-test	Run flutter test --coverage	2025-07-30T14:30:24.6267307Z test/features/studio_business/REDACTED_TOKEN.dart:49:7: Error: Setter not found: 'now'.
build-and-test	Run flutter test --coverage	2025-07-30T14:30:24.6268479Z       now = DateTime.now();
build-and-test	Run flutter test --coverage	2025-07-30T14:30:24.6268849Z       ^^^
build-and-test	Run flutter test --coverage	2025-07-30T14:30:24.6269734Z test/features/studio_business/REDACTED_TOKEN.dart:56:22: Error: Undefined name 'now'.
build-and-test	Run flutter test --coverage	2025-07-30T14:30:24.6270955Z         'validFrom': now.subtract(const Duration(days: 1)).toIso8601String(),
build-and-test	Run flutter test --coverage	2025-07-30T14:30:24.6271794Z                      ^^^
build-and-test	Run flutter test --coverage	2025-07-30T14:30:24.6272744Z test/features/studio_business/REDACTED_TOKEN.dart:57:23: Error: Undefined name 'now'.
build-and-test	Run flutter test --coverage	2025-07-30T14:30:24.6273997Z         'validUntil': now.add(const Duration(days: 7)).toIso8601String(),
build-and-test	Run flutter test --coverage	2025-07-30T14:30:24.6274633Z                       ^^^
build-and-test	Run flutter test --coverage	2025-07-30T14:30:24.6276038Z test/features/studio_business/REDACTED_TOKEN.dart:61:22: Error: Undefined name 'now'.
build-and-test	Run flutter test --coverage	2025-07-30T14:30:24.6277090Z         'createdAt': now.toIso8601String(),
build-and-test	Run flutter test --coverage	2025-07-30T14:30:24.6277515Z                      ^^^
build-and-test	Run flutter test --coverage	2025-07-30T14:30:24.6278347Z test/features/studio_business/REDACTED_TOKEN.dart:62:22: Error: Undefined name 'now'.
build-and-test	Run flutter test --coverage	2025-07-30T14:30:24.6279292Z         'updatedAt': now.toIso8601String(),
build-and-test	Run flutter test --coverage	2025-07-30T14:30:24.6279716Z                      ^^^
build-and-test	Run flutter test --coverage	2025-07-30T14:30:24.6280582Z test/features/studio_business/REDACTED_TOKEN.dart:66:7: Error: Setter not found: 'result'.
build-and-test	Run flutter test --coverage	2025-07-30T14:30:24.6281854Z       result = await service.validatePromoCode('FREE30');
build-and-test	Run flutter test --coverage	2025-07-30T14:30:24.6282345Z       ^^^^^^
build-and-test	Run flutter test --coverage	2025-07-30T14:30:24.6283164Z test/features/studio_business/REDACTED_TOKEN.dart:69:14: Error: Undefined name 'result'.
build-and-test	Run flutter test --coverage	2025-07-30T14:30:24.6284111Z       expect(result, isNotNull);
build-and-test	Run flutter test --coverage	2025-07-30T14:30:24.6284492Z              ^^^^^^
build-and-test	Run flutter test --coverage	2025-07-30T14:30:24.6285310Z test/features/studio_business/REDACTED_TOKEN.dart:70:14: Error: Undefined name 'result'.
build-and-test	Run flutter test --coverage	2025-07-30T14:30:24.6286279Z       expect(result!.code, 'FREE30');
build-and-test	Run flutter test --coverage	2025-07-30T14:30:24.6286672Z              ^^^^^^
build-and-test	Run flutter test --coverage	2025-07-30T14:30:24.6287760Z test/features/studio_business/REDACTED_TOKEN.dart:75:7: Error: Setter not found: 'now'.
build-and-test	Run flutter test --coverage	2025-07-30T14:30:24.6288688Z       now = DateTime.now();
build-and-test	Run flutter test --coverage	2025-07-30T14:30:24.6289041Z       ^^^
build-and-test	Run flutter test --coverage	2025-07-30T14:30:24.6289803Z test/features/studio_business/REDACTED_TOKEN.dart:82:22: Error: Undefined name 'now'.
build-and-test	Run flutter test --coverage	2025-07-30T14:30:24.6290893Z         'validFrom': now.subtract(const Duration(days: 10)).toIso8601String(),
build-and-test	Run flutter test --coverage	2025-07-30T14:30:24.6291467Z                      ^^^
build-and-test	Run flutter test --coverage	2025-07-30T14:30:24.6292478Z test/features/studio_business/REDACTED_TOKEN.dart:83:23: Error: Undefined name 'now'.
build-and-test	Run flutter test --coverage	2025-07-30T14:30:24.6293577Z         'validUntil': now.subtract(const Duration(days: 1)).toIso8601String(),
build-and-test	Run flutter test --coverage	2025-07-30T14:30:24.6294150Z                       ^^^
build-and-test	Run flutter test --coverage	2025-07-30T14:30:24.6294983Z test/features/studio_business/REDACTED_TOKEN.dart:87:22: Error: Undefined name 'now'.
build-and-test	Run flutter test --coverage	2025-07-30T14:30:24.6295929Z         'createdAt': now.toIso8601String(),
build-and-test	Run flutter test --coverage	2025-07-30T14:30:24.6296360Z                      ^^^
build-and-test	Run flutter test --coverage	2025-07-30T14:30:24.6297196Z test/features/studio_business/REDACTED_TOKEN.dart:88:22: Error: Undefined name 'now'.
build-and-test	Run flutter test --coverage	2025-07-30T14:30:24.6298132Z         'updatedAt': now.toIso8601String(),
build-and-test	Run flutter test --coverage	2025-07-30T14:30:24.6298545Z                      ^^^
build-and-test	Run flutter test --coverage	2025-07-30T14:30:24.6299394Z test/features/studio_business/REDACTED_TOKEN.dart:92:7: Error: Setter not found: 'result'.
build-and-test	Run flutter test --coverage	2025-07-30T14:30:24.6300435Z       result = await service.validatePromoCode('OLD');
build-and-test	Run flutter test --coverage	2025-07-30T14:30:24.6300904Z       ^^^^^^
build-and-test	Run flutter test --coverage	2025-07-30T14:30:24.6301890Z test/features/studio_business/REDACTED_TOKEN.dart:95:14: Error: Undefined name 'result'.
build-and-test	Run flutter test --coverage	2025-07-30T14:30:24.6302851Z       expect(result, isNull);
build-and-test	Run flutter test --coverage	2025-07-30T14:30:24.6303212Z              ^^^^^^
build-and-test	Run flutter test --coverage	2025-07-30T14:30:24.6304024Z test/features/studio_business/REDACTED_TOKEN.dart:100:7: Error: Setter not found: 'now'.
build-and-test	Run flutter test --coverage	2025-07-30T14:30:24.6304964Z       now = DateTime.now();
build-and-test	Run flutter test --coverage	2025-07-30T14:30:24.6305319Z       ^^^
build-and-test	Run flutter test --coverage	2025-07-30T14:30:24.6306091Z test/features/studio_business/REDACTED_TOKEN.dart:107:22: Error: Undefined name 'now'.
build-and-test	Run flutter test --coverage	2025-07-30T14:30:24.6307171Z         'validFrom': now.subtract(const Duration(days: 1)).toIso8601String(),
build-and-test	Run flutter test --coverage	2025-07-30T14:30:24.6307765Z                      ^^^
build-and-test	Run flutter test --coverage	2025-07-30T14:30:24.6308575Z test/features/studio_business/REDACTED_TOKEN.dart:108:23: Error: Undefined name 'now'.
build-and-test	Run flutter test --coverage	2025-07-30T14:30:24.6309602Z         'validUntil': now.add(const Duration(days: 7)).toIso8601String(),
build-and-test	Run flutter test --coverage	2025-07-30T14:30:24.6310213Z                       ^^^
build-and-test	Run flutter test --coverage	2025-07-30T14:30:24.6310682Z test/features/studio_business/REDACTED_TOKEN.dart:112:22: Error: Undefined name 'now'.
build-and-test	Run flutter test --coverage	2025-07-30T14:30:24.6311201Z         'createdAt': now.toIso8601String(),
build-and-test	Run flutter test --coverage	2025-07-30T14:30:24.6311434Z                      ^^^
build-and-test	Run flutter test --coverage	2025-07-30T14:30:24.6312056Z test/features/studio_business/REDACTED_TOKEN.dart:113:22: Error: Undefined name 'now'.
build-and-test	Run flutter test --coverage	2025-07-30T14:30:24.6312557Z         'updatedAt': now.toIso8601String(),
build-and-test	Run flutter test --coverage	2025-07-30T14:30:24.6312785Z                      ^^^
build-and-test	Run flutter test --coverage	2025-07-30T14:30:24.6313273Z test/features/studio_business/REDACTED_TOKEN.dart:124:7: Error: Setter not found: 'subscriptionData'.
build-and-test	Run flutter test --coverage	2025-07-30T14:30:24.6313888Z       subscriptionData = subscriptionDocs.docs.first.data();
build-and-test	Run flutter test --coverage	2025-07-30T14:30:24.6314173Z       ^^^^^^^^^^^^^^^^
build-and-test	Run flutter test --coverage	2025-07-30T14:30:24.6314663Z test/features/studio_business/REDACTED_TOKEN.dart:125:14: Error: Undefined name 'subscriptionData'.
build-and-test	Run flutter test --coverage	2025-07-30T14:30:24.6315271Z       expect(subscriptionData['businessId'], 'test-user');
build-and-test	Run flutter test --coverage	2025-07-30T14:30:24.6315544Z              ^^^^^^^^^^^^^^^^
build-and-test	Run flutter test --coverage	2025-07-30T14:30:24.6316046Z test/features/studio_business/REDACTED_TOKEN.dart:126:14: Error: Undefined name 'subscriptionData'.
build-and-test	Run flutter test --coverage	2025-07-30T14:30:24.6316754Z       expect(subscriptionData['promoCodeId'], 'FREE30');
build-and-test	Run flutter test --coverage	2025-07-30T14:30:24.6317025Z              ^^^^^^^^^^^^^^^^
build-and-test	Run flutter test --coverage	2025-07-30T14:30:24.6317531Z test/features/studio_business/REDACTED_TOKEN.dart:131:7: Error: Setter not found: 'promoCodeData'.
build-and-test	Run flutter test --coverage	2025-07-30T14:30:24.6318077Z       promoCodeData = promoCodeDoc.data();
build-and-test	Run flutter test --coverage	2025-07-30T14:30:24.6318313Z       ^^^^^^^^^^^^^
build-and-test	Run flutter test --coverage	2025-07-30T14:30:24.6318783Z test/features/studio_business/REDACTED_TOKEN.dart:132:14: Error: Undefined name 'promoCodeData'.
build-and-test	Run flutter test --coverage	2025-07-30T14:30:24.6319330Z       expect(promoCodeData!['currentUses'], 1);
build-and-test	Run flutter test --coverage	2025-07-30T14:30:24.6319580Z              ^^^^^^^^^^^^^
build-and-test	Run flutter test --coverage	2025-07-30T14:30:24.6320051Z test/features/studio_business/REDACTED_TOKEN.dart:138:7: Error: Setter not found: 'result'.
build-and-test	Run flutter test --coverage	2025-07-30T14:30:24.6320620Z       result = await service.getCurrentSubscription();
build-and-test	Run flutter test --coverage	2025-07-30T14:30:24.6320888Z       ^^^^^^
build-and-test	Run flutter test --coverage	2025-07-30T14:30:24.6321327Z test/features/studio_business/REDACTED_TOKEN.dart:141:14: Error: Undefined name 'result'.
build-and-test	Run flutter test --coverage	2025-07-30T14:30:24.6321943Z       expect(result, isNull);
build-and-test	Run flutter test --coverage	2025-07-30T14:30:24.6322148Z              ^^^^^^
build-and-test	Run flutter test --coverage	2025-07-30T14:30:24.6322587Z test/features/studio_business/REDACTED_TOKEN.dart:162:7: Error: Setter not found: 'result'.
build-and-test	Run flutter test --coverage	2025-07-30T14:30:24.6323132Z       result = await service.getCurrentSubscription();
build-and-test	Run flutter test --coverage	2025-07-30T14:30:24.6323390Z       ^^^^^^
build-and-test	Run flutter test --coverage	2025-07-30T14:30:24.6323816Z test/features/studio_business/REDACTED_TOKEN.dart:165:14: Error: Undefined name 'result'.
build-and-test	Run flutter test --coverage	2025-07-30T14:30:24.6324322Z       expect(result, isNotNull);
build-and-test	Run flutter test --coverage	2025-07-30T14:30:24.6324522Z              ^^^^^^
build-and-test	Run flutter test --coverage	2025-07-30T14:30:24.6324956Z test/features/studio_business/REDACTED_TOKEN.dart:166:14: Error: Undefined name 'result'.
build-and-test	Run flutter test --coverage	2025-07-30T14:30:24.6325475Z       expect(result!.plan, SubscriptionPlan.basic);
build-and-test	Run flutter test --coverage	2025-07-30T14:30:24.6325733Z              ^^^^^^
build-and-test	Run flutter test --coverage	2025-07-30T14:30:24.6326173Z test/features/studio_business/REDACTED_TOKEN.dart:166:45: Error: Member not found: 'basic'.
build-and-test	Run flutter test --coverage	2025-07-30T14:30:24.6326696Z       expect(result!.plan, SubscriptionPlan.basic);
build-and-test	Run flutter test --coverage	2025-07-30T14:30:24.6326976Z                                             ^^^^^
build-and-test	Run flutter test --coverage	2025-07-30T14:30:24.6327464Z test/features/studio_business/REDACTED_TOKEN.dart:167:14: Error: Undefined name 'result'.
build-and-test	Run flutter test --coverage	2025-07-30T14:30:24.6327980Z       expect(result.status.name, 'active');
build-and-test	Run flutter test --coverage	2025-07-30T14:30:24.6328207Z              ^^^^^^
build-and-test	Run flutter test --coverage	2025-07-30T14:30:24.6328645Z test/features/studio_business/REDACTED_TOKEN.dart:173:7: Error: Setter not found: 'result'.
build-and-test	Run flutter test --coverage	2025-07-30T14:30:24.6329364Z       result = await service.hasActiveSubscription();
build-and-test	Run flutter test --coverage	2025-07-30T14:30:24.6329616Z       ^^^^^^
build-and-test	Run flutter test --coverage	2025-07-30T14:30:24.6330040Z test/features/studio_business/REDACTED_TOKEN.dart:176:14: Error: Undefined name 'result'.
build-and-test	Run flutter test --coverage	2025-07-30T14:30:24.6330533Z       expect(result, false);
build-and-test	Run flutter test --coverage	2025-07-30T14:30:24.6330728Z              ^^^^^^
build-and-test	Run flutter test --coverage	2025-07-30T14:30:24.6331156Z test/features/studio_business/REDACTED_TOKEN.dart:197:7: Error: Setter not found: 'result'.
build-and-test	Run flutter test --coverage	2025-07-30T14:30:24.6331795Z       result = await service.hasActiveSubscription();
build-and-test	Run flutter test --coverage	2025-07-30T14:30:24.6332045Z       ^^^^^^
build-and-test	Run flutter test --coverage	2025-07-30T14:30:24.6332466Z test/features/studio_business/REDACTED_TOKEN.dart:200:14: Error: Undefined name 'result'.
build-and-test	Run flutter test --coverage	2025-07-30T14:30:24.6332965Z       expect(result, true);
build-and-test	Run flutter test --coverage	2025-07-30T14:30:24.6333151Z              ^^^^^^
build-and-test	Run flutter test --coverage	2025-07-30T14:30:25.6791489Z ##[group]❌ loading /home/runner/work/appoint/appoint/test/features/studio_business/REDACTED_TOKEN.dart (failed)
build-and-test	Run flutter test --coverage	2025-07-30T14:30:25.6794687Z Failed to load "/home/runner/work/appoint/appoint/test/features/studio_business/REDACTED_TOKEN.dart": Compilation failed for testPath=/home/runner/work/appoint/appoint/test/features/studio_business/REDACTED_TOKEN.dart
build-and-test	Run flutter test --coverage	2025-07-30T14:30:25.6798088Z 
build-and-test	Run flutter test --coverage	2025-07-30T14:30:25.6798479Z ##[endgroup]
build-and-test	Run flutter test --coverage	2025-07-30T14:30:25.7108375Z ##[group]❌ loading /home/runner/work/appoint/appoint/test/widgets/login_screen_test.dart (failed after test completion)
build-and-test	Run flutter test --coverage	2025-07-30T14:30:25.7109012Z Error: the Dart compiler exited unexpectedly.
build-and-test	Run flutter test --coverage	2025-07-30T14:30:25.7110880Z package:flutter_tools/src/base/common.dart 10:3  throwToolExit
build-and-test	Run flutter test --coverage	2025-07-30T14:30:25.7111876Z package:flutter_tools/src/compile.dart 893:9     DefaultResidentCompiler._compile.<fn>
build-and-test	Run flutter test --coverage	2025-07-30T14:30:25.7112598Z dart:async/zone.dart 1422:47                     _rootRunUnary
build-and-test	Run flutter test --coverage	2025-07-30T14:30:25.7113095Z dart:async/future_impl.dart 902:45               Future._propagateToListeners.handleValueCallback
build-and-test	Run flutter test --coverage	2025-07-30T14:30:25.7113761Z dart:async/future_impl.dart 931:13               Future._propagateToListeners
build-and-test	Run flutter test --coverage	2025-07-30T14:30:25.7114213Z dart:async/future_impl.dart 827:9                Future._propagateToListeners
build-and-test	Run flutter test --coverage	2025-07-30T14:30:25.7114634Z dart:async/future_impl.dart 707:5                Future._completeWithValue
build-and-test	Run flutter test --coverage	2025-07-30T14:30:25.7115073Z dart:async/future_impl.dart 777:7                Future._asyncCompleteWithValue.<fn>
build-and-test	Run flutter test --coverage	2025-07-30T14:30:25.7115478Z dart:async/zone.dart 1414:13                     _rootRun
build-and-test	Run flutter test --coverage	2025-07-30T14:30:25.7115819Z dart:async/zone.dart 1317:19                     _CustomZone.run
build-and-test	Run flutter test --coverage	2025-07-30T14:30:25.7116195Z dart:async/zone.dart 1225:7                      _CustomZone.runGuarded
build-and-test	Run flutter test --coverage	2025-07-30T14:30:25.7116614Z dart:async/zone.dart 1265:23                     _CustomZone.bindCallbackGuarded.<fn>
build-and-test	Run flutter test --coverage	2025-07-30T14:30:25.7117030Z dart:async/schedule_microtask.dart 40:21         _microtaskLoop
build-and-test	Run flutter test --coverage	2025-07-30T14:30:25.7117422Z dart:async/schedule_microtask.dart 49:5          _startMicrotaskLoop
build-and-test	Run flutter test --coverage	2025-07-30T14:30:25.7117862Z dart:isolate-patch/isolate_patch.dart 118:13     _runPendingImmediateCallback
build-and-test	Run flutter test --coverage	2025-07-30T14:30:25.7118347Z dart:isolate-patch/isolate_patch.dart 185:5      _RawReceivePort._handleMessage
build-and-test	Run flutter test --coverage	2025-07-30T14:30:25.7118838Z ##[endgroup]
build-and-test	Run flutter test --coverage	2025-07-30T14:30:27.0460665Z test/firebase_test_helper.dart:11:48: Error: Type 'FirebaseAuth' not found.
build-and-test	Run flutter test --coverage	2025-07-30T14:30:27.0461794Z class MockFirebaseAuth extends Mock implements FirebaseAuth {}
build-and-test	Run flutter test --coverage	2025-07-30T14:30:27.0462393Z                                                ^^^^^^^^^^^^
build-and-test	Run flutter test --coverage	2025-07-30T14:30:27.0462967Z test/firebase_test_helper.dart:13:40: Error: Type 'User' not found.
build-and-test	Run flutter test --coverage	2025-07-30T14:30:27.0463481Z class MockUser extends Mock implements User {}
build-and-test	Run flutter test --coverage	2025-07-30T14:30:27.0463774Z                                        ^^^^
build-and-test	Run flutter test --coverage	2025-07-30T14:30:27.0464152Z test/firebase_test_helper.dart:15:50: Error: Type 'UserCredential' not found.
build-and-test	Run flutter test --coverage	2025-07-30T14:30:27.0465010Z class MockUserCredential extends Mock implements UserCredential {}
build-and-test	Run flutter test --coverage	2025-07-30T14:30:27.0465390Z                                                  ^^^^^^^^^^^^^^
build-and-test	Run flutter test --coverage	2025-07-30T14:30:27.2124602Z test/firebase_test_helper.dart:78:25: Error: The getter 'uid' isn't defined for the class 'MockUser'.
build-and-test	Run flutter test --coverage	2025-07-30T14:30:27.2125887Z  - 'MockUser' is from 'test/firebase_test_helper.dart'.
build-and-test	Run flutter test --coverage	2025-07-30T14:30:27.2126927Z Try correcting the name to the name of an existing getter, or defining a getter or field named 'uid'.
build-and-test	Run flutter test --coverage	2025-07-30T14:30:27.2127938Z     when(() => mockUser.uid).thenReturn('test-user-id');
build-and-test	Run flutter test --coverage	2025-07-30T14:30:27.2128545Z                         ^^^
build-and-test	Run flutter test --coverage	2025-07-30T14:30:27.2129418Z test/firebase_test_helper.dart:79:25: Error: The getter 'email' isn't defined for the class 'MockUser'.
build-and-test	Run flutter test --coverage	2025-07-30T14:30:27.2130585Z  - 'MockUser' is from 'test/firebase_test_helper.dart'.
build-and-test	Run flutter test --coverage	2025-07-30T14:30:27.2131503Z Try correcting the name to the name of an existing getter, or defining a getter or field named 'email'.
build-and-test	Run flutter test --coverage	2025-07-30T14:30:27.2132751Z     when(() => mockUser.email).thenReturn('test@example.com');
build-and-test	Run flutter test --coverage	2025-07-30T14:30:27.2133331Z                         ^^^^^
build-and-test	Run flutter test --coverage	2025-07-30T14:30:27.2134147Z test/firebase_test_helper.dart:80:25: Error: The getter 'displayName' isn't defined for the class 'MockUser'.
build-and-test	Run flutter test --coverage	2025-07-30T14:30:27.2135642Z  - 'MockUser' is from 'test/firebase_test_helper.dart'.
build-and-test	Run flutter test --coverage	2025-07-30T14:30:27.2136543Z Try correcting the name to the name of an existing getter, or defining a getter or field named 'displayName'.
build-and-test	Run flutter test --coverage	2025-07-30T14:30:27.2137456Z     when(() => mockUser.displayName).thenReturn('Test User');
build-and-test	Run flutter test --coverage	2025-07-30T14:30:27.2137958Z                         ^^^^^^^^^^^
build-and-test	Run flutter test --coverage	2025-07-30T14:30:27.2138705Z test/firebase_test_helper.dart:81:25: Error: The getter 'photoURL' isn't defined for the class 'MockUser'.
build-and-test	Run flutter test --coverage	2025-07-30T14:30:27.2139555Z  - 'MockUser' is from 'test/firebase_test_helper.dart'.
build-and-test	Run flutter test --coverage	2025-07-30T14:30:27.2140368Z Try correcting the name to the name of an existing getter, or defining a getter or field named 'photoURL'.
build-and-test	Run flutter test --coverage	2025-07-30T14:30:27.2141348Z     when(() => mockUser.photoURL).thenReturn('https://example.com/photo.jpg');
build-and-test	Run flutter test --coverage	2025-07-30T14:30:27.2142167Z                         ^^^^^^^^
build-and-test	Run flutter test --coverage	2025-07-30T14:30:27.2142900Z test/firebase_test_helper.dart:82:25: Error: The getter 'isAnonymous' isn't defined for the class 'MockUser'.
build-and-test	Run flutter test --coverage	2025-07-30T14:30:27.2143773Z  - 'MockUser' is from 'test/firebase_test_helper.dart'.
build-and-test	Run flutter test --coverage	2025-07-30T14:30:27.2144602Z Try correcting the name to the name of an existing getter, or defining a getter or field named 'isAnonymous'.
build-and-test	Run flutter test --coverage	2025-07-30T14:30:27.2145436Z     when(() => mockUser.isAnonymous).thenReturn(false);
build-and-test	Run flutter test --coverage	2025-07-30T14:30:27.2145891Z                         ^^^^^^^^^^^
build-and-test	Run flutter test --coverage	2025-07-30T14:30:27.2146636Z test/firebase_test_helper.dart:83:25: Error: The getter 'emailVerified' isn't defined for the class 'MockUser'.
build-and-test	Run flutter test --coverage	2025-07-30T14:30:27.2147485Z  - 'MockUser' is from 'test/firebase_test_helper.dart'.
build-and-test	Run flutter test --coverage	2025-07-30T14:30:27.2148309Z Try correcting the name to the name of an existing getter, or defining a getter or field named 'emailVerified'.
build-and-test	Run flutter test --coverage	2025-07-30T14:30:27.2156645Z     when(() => mockUser.emailVerified).thenReturn(true);
build-and-test	Run flutter test --coverage	2025-07-30T14:30:27.2157183Z                         ^^^^^^^^^^^^^
build-and-test	Run flutter test --coverage	2025-07-30T14:30:27.2157931Z test/firebase_test_helper.dart:86:35: Error: The getter 'user' isn't defined for the class 'MockUserCredential'.
build-and-test	Run flutter test --coverage	2025-07-30T14:30:27.2158504Z  - 'MockUserCredential' is from 'test/firebase_test_helper.dart'.
build-and-test	Run flutter test --coverage	2025-07-30T14:30:27.2159012Z Try correcting the name to the name of an existing getter, or defining a getter or field named 'user'.
build-and-test	Run flutter test --coverage	2025-07-30T14:30:27.2159480Z     when(() => mockUserCredential.user).thenReturn(mockUser);
build-and-test	Run flutter test --coverage	2025-07-30T14:30:27.2159791Z                                   ^^^^
build-and-test	Run flutter test --coverage	2025-07-30T14:30:27.2160244Z test/firebase_test_helper.dart:89:25: Error: The getter 'currentUser' isn't defined for the class 'MockFirebaseAuth'.
build-and-test	Run flutter test --coverage	2025-07-30T14:30:27.2160785Z  - 'MockFirebaseAuth' is from 'test/firebase_test_helper.dart'.
build-and-test	Run flutter test --coverage	2025-07-30T14:30:27.2161279Z Try correcting the name to the name of an existing getter, or defining a getter or field named 'currentUser'.
build-and-test	Run flutter test --coverage	2025-07-30T14:30:27.2162244Z     when(() => mockAuth.currentUser).thenReturn(mockUser);
build-and-test	Run flutter test --coverage	2025-07-30T14:30:27.2162518Z                         ^^^^^^^^^^^
build-and-test	Run flutter test --coverage	2025-07-30T14:30:27.2162989Z test/firebase_test_helper.dart:90:25: Error: The method 'authStateChanges' isn't defined for the class 'MockFirebaseAuth'.
build-and-test	Run flutter test --coverage	2025-07-30T14:30:27.2163543Z  - 'MockFirebaseAuth' is from 'test/firebase_test_helper.dart'.
build-and-test	Run flutter test --coverage	2025-07-30T14:30:27.2164016Z Try correcting the name to the name of an existing method, or defining a method named 'authStateChanges'.
build-and-test	Run flutter test --coverage	2025-07-30T14:30:27.2164448Z     when(() => mockAuth.authStateChanges())
build-and-test	Run flutter test --coverage	2025-07-30T14:30:27.2164698Z                         ^^^^^^^^^^^^^^^^
build-and-test	Run flutter test --coverage	2025-07-30T14:30:27.2165152Z test/firebase_test_helper.dart:92:25: Error: The method 'userChanges' isn't defined for the class 'MockFirebaseAuth'.
build-and-test	Run flutter test --coverage	2025-07-30T14:30:27.2165707Z  - 'MockFirebaseAuth' is from 'test/firebase_test_helper.dart'.
build-and-test	Run flutter test --coverage	2025-07-30T14:30:27.2166174Z Try correcting the name to the name of an existing method, or defining a method named 'userChanges'.
build-and-test	Run flutter test --coverage	2025-07-30T14:30:27.2166596Z     when(() => mockAuth.userChanges())
build-and-test	Run flutter test --coverage	2025-07-30T14:30:27.2166823Z                         ^^^^^^^^^^^
build-and-test	Run flutter test --coverage	2025-07-30T14:30:27.2167311Z test/firebase_test_helper.dart:94:25: Error: The method 'signInWithEmailAndPassword' isn't defined for the class 'MockFirebaseAuth'.
build-and-test	Run flutter test --coverage	2025-07-30T14:30:27.2168025Z  - 'MockFirebaseAuth' is from 'test/firebase_test_helper.dart'.
build-and-test	Run flutter test --coverage	2025-07-30T14:30:27.2168536Z Try correcting the name to the name of an existing method, or defining a method named 'signInWithEmailAndPassword'.
build-and-test	Run flutter test --coverage	2025-07-30T14:30:27.2169048Z     when(() => mockAuth.signInWithEmailAndPassword(any(), any()))
build-and-test	Run flutter test --coverage	2025-07-30T14:30:27.2169358Z                         ^^^^^^^^^^^^^^^^^^^^^^^^^^
build-and-test	Run flutter test --coverage	2025-07-30T14:30:27.2169907Z test/firebase_test_helper.dart:96:25: Error: The method 'createUserWithEmailAndPassword' isn't defined for the class 'MockFirebaseAuth'.
build-and-test	Run flutter test --coverage	2025-07-30T14:30:27.2170513Z  - 'MockFirebaseAuth' is from 'test/firebase_test_helper.dart'.
build-and-test	Run flutter test --coverage	2025-07-30T14:30:27.2171042Z Try correcting the name to the name of an existing method, or defining a method named 'createUserWithEmailAndPassword'.
build-and-test	Run flutter test --coverage	2025-07-30T14:30:27.2171695Z     when(() => mockAuth.createUserWithEmailAndPassword(any(), any()))
build-and-test	Run flutter test --coverage	2025-07-30T14:30:27.2172029Z                         ^^^^^^^^^^^^^^^^^^^^^^^^^^^^^^
build-and-test	Run flutter test --coverage	2025-07-30T14:30:27.2172477Z test/firebase_test_helper.dart:98:25: Error: The method 'signOut' isn't defined for the class 'MockFirebaseAuth'.
build-and-test	Run flutter test --coverage	2025-07-30T14:30:27.2172976Z  - 'MockFirebaseAuth' is from 'test/firebase_test_helper.dart'.
build-and-test	Run flutter test --coverage	2025-07-30T14:30:27.2173423Z Try correcting the name to the name of an existing method, or defining a method named 'signOut'.
build-and-test	Run flutter test --coverage	2025-07-30T14:30:27.2173855Z     when(() => mockAuth.signOut()).thenAnswer((_) async {});
build-and-test	Run flutter test --coverage	2025-07-30T14:30:27.2174130Z                         ^^^^^^^
build-and-test	Run flutter test --coverage	2025-07-30T14:30:27.2174726Z test/firebase_test_helper.dart:108:60: Error: The argument type 'MockCollectionReference' can't be assigned to the parameter type 'CollectionReference<Map<String, dynamic>>'.
build-and-test	Run flutter test --coverage	2025-07-30T14:30:27.2175459Z  - 'MockCollectionReference' is from 'test/firebase_test_helper.dart'.
build-and-test	Run flutter test --coverage	2025-07-30T14:30:27.2176170Z  - 'CollectionReference' is from 'package:cloud_firestore/cloud_firestore.dart' ('../../../.pub-cache/hosted/pub.dev/cloud_firestore-5.6.11/lib/cloud_firestore.dart').
build-and-test	Run flutter test --coverage	2025-07-30T14:30:27.2176776Z  - 'Map' is from 'dart:core'.
build-and-test	Run flutter test --coverage	2025-07-30T14:30:27.2177094Z     when(() => mockFirestore.collection(any())).thenReturn(mockCollection);
build-and-test	Run flutter test --coverage	2025-07-30T14:30:27.2177426Z                                                            ^
build-and-test	Run flutter test --coverage	2025-07-30T14:30:27.2178006Z test/firebase_test_helper.dart:132:52: Error: A value of type 'MockDocumentSnapshot' can't be assigned to a variable of type 'QueryDocumentSnapshot<Object?>'.
build-and-test	Run flutter test --coverage	2025-07-30T14:30:27.2178667Z  - 'MockDocumentSnapshot' is from 'test/firebase_test_helper.dart'.
build-and-test	Run flutter test --coverage	2025-07-30T14:30:27.2179366Z  - 'QueryDocumentSnapshot' is from 'package:cloud_firestore/cloud_firestore.dart' ('../../../.pub-cache/hosted/pub.dev/cloud_firestore-5.6.11/lib/cloud_firestore.dart').
build-and-test	Run flutter test --coverage	2025-07-30T14:30:27.2180167Z  - 'Object' is from 'dart:core'.
build-and-test	Run flutter test --coverage	2025-07-30T14:30:27.2180478Z     when(() => mockQuerySnapshot.docs).thenReturn([mockDocumentSnapshot]);
build-and-test	Run flutter test --coverage	2025-07-30T14:30:27.2180819Z                                                    ^
build-and-test	Run flutter test --coverage	2025-07-30T14:30:27.8784101Z ##[group]❌ loading /home/runner/work/appoint/appoint/test/features/ambassador/ambassador_dashboard_test.dart (failed)
build-and-test	Run flutter test --coverage	2025-07-30T14:30:27.8786823Z Failed to load "/home/runner/work/appoint/appoint/test/features/ambassador/ambassador_dashboard_test.dart": Compilation failed for testPath=/home/runner/work/appoint/appoint/test/features/ambassador/ambassador_dashboard_test.dart
build-and-test	Run flutter test --coverage	2025-07-30T14:30:27.8789592Z 
build-and-test	Run flutter test --coverage	2025-07-30T14:30:27.8789966Z ##[endgroup]
build-and-test	Run flutter test --coverage	2025-07-30T14:30:27.9069615Z ##[group]❌ loading /home/runner/work/appoint/appoint/test/widgets/login_screen_test.dart (failed after test completion)
build-and-test	Run flutter test --coverage	2025-07-30T14:30:27.9070230Z Error: the Dart compiler exited unexpectedly.
build-and-test	Run flutter test --coverage	2025-07-30T14:30:27.9071956Z package:flutter_tools/src/base/common.dart 10:3  throwToolExit
build-and-test	Run flutter test --coverage	2025-07-30T14:30:27.9072756Z package:flutter_tools/src/compile.dart 893:9     DefaultResidentCompiler._compile.<fn>
build-and-test	Run flutter test --coverage	2025-07-30T14:30:27.9073251Z dart:async/zone.dart 1422:47                     _rootRunUnary
build-and-test	Run flutter test --coverage	2025-07-30T14:30:27.9074086Z dart:async/future_impl.dart 902:45               Future._propagateToListeners.handleValueCallback
build-and-test	Run flutter test --coverage	2025-07-30T14:30:27.9074582Z dart:async/future_impl.dart 931:13               Future._propagateToListeners
build-and-test	Run flutter test --coverage	2025-07-30T14:30:27.9075008Z dart:async/future_impl.dart 827:9                Future._propagateToListeners
build-and-test	Run flutter test --coverage	2025-07-30T14:30:27.9075424Z dart:async/future_impl.dart 707:5                Future._completeWithValue
build-and-test	Run flutter test --coverage	2025-07-30T14:30:27.9075855Z dart:async/future_impl.dart 777:7                Future._asyncCompleteWithValue.<fn>
build-and-test	Run flutter test --coverage	2025-07-30T14:30:27.9076254Z dart:async/zone.dart 1414:13                     _rootRun
build-and-test	Run flutter test --coverage	2025-07-30T14:30:27.9076588Z dart:async/zone.dart 1317:19                     _CustomZone.run
build-and-test	Run flutter test --coverage	2025-07-30T14:30:27.9076960Z dart:async/zone.dart 1225:7                      _CustomZone.runGuarded
build-and-test	Run flutter test --coverage	2025-07-30T14:30:27.9077376Z dart:async/zone.dart 1265:23                     _CustomZone.bindCallbackGuarded.<fn>
build-and-test	Run flutter test --coverage	2025-07-30T14:30:27.9077797Z dart:async/schedule_microtask.dart 40:21         _microtaskLoop
build-and-test	Run flutter test --coverage	2025-07-30T14:30:27.9078187Z dart:async/schedule_microtask.dart 49:5          _startMicrotaskLoop
build-and-test	Run flutter test --coverage	2025-07-30T14:30:27.9078619Z dart:isolate-patch/isolate_patch.dart 118:13     _runPendingImmediateCallback
build-and-test	Run flutter test --coverage	2025-07-30T14:30:27.9079094Z dart:isolate-patch/isolate_patch.dart 185:5      _RawReceivePort._handleMessage
build-and-test	Run flutter test --coverage	2025-07-30T14:30:27.9079593Z ##[endgroup]
build-and-test	Run flutter test --coverage	2025-07-30T14:30:29.0039972Z test/features/admin/admin_dashboard_screen_test.dart:6:8: Error: Error when reading 'test/features/admin/firebase_test_helper.dart': No such file or directory
build-and-test	Run flutter test --coverage	2025-07-30T14:30:29.0041224Z import 'firebase_test_helper.dart';
build-and-test	Run flutter test --coverage	2025-07-30T14:30:29.0041918Z        ^
build-and-test	Run flutter test --coverage	2025-07-30T14:30:29.1650053Z test/features/admin/admin_dashboard_screen_test.dart:10:11: Error: Method not found: 'initializeTestFirebase'.
build-and-test	Run flutter test --coverage	2025-07-30T14:30:29.1651259Z     await initializeTestFirebase();
build-and-test	Run flutter test --coverage	2025-07-30T14:30:29.1652138Z           ^^^^^^^^^^^^^^^^^^^^^^
build-and-test	Run flutter test --coverage	2025-07-30T14:30:29.3125072Z ##[group]❌ loading /home/runner/work/appoint/appoint/test/features/admin/admin_dashboard_screen_test.dart (failed)
build-and-test	Run flutter test --coverage	2025-07-30T14:30:29.3127612Z Failed to load "/home/runner/work/appoint/appoint/test/features/admin/admin_dashboard_screen_test.dart": Compilation failed for testPath=/home/runner/work/appoint/appoint/test/features/admin/admin_dashboard_screen_test.dart
build-and-test	Run flutter test --coverage	2025-07-30T14:30:29.3129038Z 
build-and-test	Run flutter test --coverage	2025-07-30T14:30:29.3129394Z ##[endgroup]
build-and-test	Run flutter test --coverage	2025-07-30T14:30:29.3365699Z ##[group]❌ loading /home/runner/work/appoint/appoint/test/widgets/login_screen_test.dart (failed after test completion)
build-and-test	Run flutter test --coverage	2025-07-30T14:30:29.3366822Z Error: the Dart compiler exited unexpectedly.
build-and-test	Run flutter test --coverage	2025-07-30T14:30:29.3368301Z package:flutter_tools/src/base/common.dart 10:3  throwToolExit
build-and-test	Run flutter test --coverage	2025-07-30T14:30:29.3369399Z package:flutter_tools/src/compile.dart 893:9     DefaultResidentCompiler._compile.<fn>
build-and-test	Run flutter test --coverage	2025-07-30T14:30:29.3370178Z dart:async/zone.dart 1422:47                     _rootRunUnary
build-and-test	Run flutter test --coverage	2025-07-30T14:30:29.3370922Z dart:async/future_impl.dart 902:45               Future._propagateToListeners.handleValueCallback
build-and-test	Run flutter test --coverage	2025-07-30T14:30:29.3372096Z dart:async/future_impl.dart 931:13               Future._propagateToListeners
build-and-test	Run flutter test --coverage	2025-07-30T14:30:29.3372881Z dart:async/future_impl.dart 827:9                Future._propagateToListeners
build-and-test	Run flutter test --coverage	2025-07-30T14:30:29.3373584Z dart:async/future_impl.dart 707:5                Future._completeWithValue
build-and-test	Run flutter test --coverage	2025-07-30T14:30:29.3374496Z dart:async/future_impl.dart 777:7                Future._asyncCompleteWithValue.<fn>
build-and-test	Run flutter test --coverage	2025-07-30T14:30:29.3375314Z dart:async/zone.dart 1414:13                     _rootRun
build-and-test	Run flutter test --coverage	2025-07-30T14:30:29.3375912Z dart:async/zone.dart 1317:19                     _CustomZone.run
build-and-test	Run flutter test --coverage	2025-07-30T14:30:29.3376566Z dart:async/zone.dart 1225:7                      _CustomZone.runGuarded
build-and-test	Run flutter test --coverage	2025-07-30T14:30:29.3377293Z dart:async/zone.dart 1265:23                     _CustomZone.bindCallbackGuarded.<fn>
build-and-test	Run flutter test --coverage	2025-07-30T14:30:29.3378011Z dart:async/schedule_microtask.dart 40:21         _microtaskLoop
build-and-test	Run flutter test --coverage	2025-07-30T14:30:29.3378696Z dart:async/schedule_microtask.dart 49:5          _startMicrotaskLoop
build-and-test	Run flutter test --coverage	2025-07-30T14:30:29.3379696Z dart:isolate-patch/isolate_patch.dart 118:13     _runPendingImmediateCallback
build-and-test	Run flutter test --coverage	2025-07-30T14:30:29.3380566Z dart:isolate-patch/isolate_patch.dart 185:5      _RawReceivePort._handleMessage
build-and-test	Run flutter test --coverage	2025-07-30T14:30:29.3381441Z ##[endgroup]
build-and-test	Run flutter test --coverage	2025-07-30T14:30:30.6672483Z test/firebase_test_helper.dart:11:48: Error: Type 'FirebaseAuth' not found.
build-and-test	Run flutter test --coverage	2025-07-30T14:30:30.6674580Z class MockFirebaseAuth extends Mock implements FirebaseAuth {}
build-and-test	Run flutter test --coverage	2025-07-30T14:30:30.6675200Z                                                ^^^^^^^^^^^^
build-and-test	Run flutter test --coverage	2025-07-30T14:30:30.6675832Z test/firebase_test_helper.dart:13:40: Error: Type 'User' not found.
build-and-test	Run flutter test --coverage	2025-07-30T14:30:30.6676506Z class MockUser extends Mock implements User {}
build-and-test	Run flutter test --coverage	2025-07-30T14:30:30.6677016Z                                        ^^^^
build-and-test	Run flutter test --coverage	2025-07-30T14:30:30.6677655Z test/firebase_test_helper.dart:15:50: Error: Type 'UserCredential' not found.
build-and-test	Run flutter test --coverage	2025-07-30T14:30:30.6678518Z class MockUserCredential extends Mock implements UserCredential {}
build-and-test	Run flutter test --coverage	2025-07-30T14:30:30.6679169Z                                                  ^^^^^^^^^^^^^^
build-and-test	Run flutter test --coverage	2025-07-30T14:30:30.8367722Z test/firebase_test_helper.dart:78:25: Error: The getter 'uid' isn't defined for the class 'MockUser'.
build-and-test	Run flutter test --coverage	2025-07-30T14:30:30.8368775Z  - 'MockUser' is from 'test/firebase_test_helper.dart'.
build-and-test	Run flutter test --coverage	2025-07-30T14:30:30.8369569Z Try correcting the name to the name of an existing getter, or defining a getter or field named 'uid'.
build-and-test	Run flutter test --coverage	2025-07-30T14:30:30.8370347Z     when(() => mockUser.uid).thenReturn('test-user-id');
build-and-test	Run flutter test --coverage	2025-07-30T14:30:30.8370808Z                         ^^^
build-and-test	Run flutter test --coverage	2025-07-30T14:30:30.8371461Z test/firebase_test_helper.dart:79:25: Error: The getter 'email' isn't defined for the class 'MockUser'.
build-and-test	Run flutter test --coverage	2025-07-30T14:30:30.8372479Z  - 'MockUser' is from 'test/firebase_test_helper.dart'.
build-and-test	Run flutter test --coverage	2025-07-30T14:30:30.8373253Z Try correcting the name to the name of an existing getter, or defining a getter or field named 'email'.
build-and-test	Run flutter test --coverage	2025-07-30T14:30:30.8374081Z     when(() => mockUser.email).thenReturn('test@example.com');
build-and-test	Run flutter test --coverage	2025-07-30T14:30:30.8374586Z                         ^^^^^
build-and-test	Run flutter test --coverage	2025-07-30T14:30:30.8375286Z test/firebase_test_helper.dart:80:25: Error: The getter 'displayName' isn't defined for the class 'MockUser'.
build-and-test	Run flutter test --coverage	2025-07-30T14:30:30.8376133Z  - 'MockUser' is from 'test/firebase_test_helper.dart'.
build-and-test	Run flutter test --coverage	2025-07-30T14:30:30.8376943Z Try correcting the name to the name of an existing getter, or defining a getter or field named 'displayName'.
build-and-test	Run flutter test --coverage	2025-07-30T14:30:30.8377793Z     when(() => mockUser.displayName).thenReturn('Test User');
build-and-test	Run flutter test --coverage	2025-07-30T14:30:30.8378270Z                         ^^^^^^^^^^^
build-and-test	Run flutter test --coverage	2025-07-30T14:30:30.8378982Z test/firebase_test_helper.dart:81:25: Error: The getter 'photoURL' isn't defined for the class 'MockUser'.
build-and-test	Run flutter test --coverage	2025-07-30T14:30:30.8380221Z  - 'MockUser' is from 'test/firebase_test_helper.dart'.
build-and-test	Run flutter test --coverage	2025-07-30T14:30:30.8381013Z Try correcting the name to the name of an existing getter, or defining a getter or field named 'photoURL'.
build-and-test	Run flutter test --coverage	2025-07-30T14:30:30.8382122Z     when(() => mockUser.photoURL).thenReturn('https://example.com/photo.jpg');
build-and-test	Run flutter test --coverage	2025-07-30T14:30:30.8382717Z                         ^^^^^^^^
build-and-test	Run flutter test --coverage	2025-07-30T14:30:30.8383442Z test/firebase_test_helper.dart:82:25: Error: The getter 'isAnonymous' isn't defined for the class 'MockUser'.
build-and-test	Run flutter test --coverage	2025-07-30T14:30:30.8384269Z  - 'MockUser' is from 'test/firebase_test_helper.dart'.
build-and-test	Run flutter test --coverage	2025-07-30T14:30:30.8385056Z Try correcting the name to the name of an existing getter, or defining a getter or field named 'isAnonymous'.
build-and-test	Run flutter test --coverage	2025-07-30T14:30:30.8385848Z     when(() => mockUser.isAnonymous).thenReturn(false);
build-and-test	Run flutter test --coverage	2025-07-30T14:30:30.8386278Z                         ^^^^^^^^^^^
build-and-test	Run flutter test --coverage	2025-07-30T14:30:30.8386997Z test/firebase_test_helper.dart:83:25: Error: The getter 'emailVerified' isn't defined for the class 'MockUser'.
build-and-test	Run flutter test --coverage	2025-07-30T14:30:30.8387828Z  - 'MockUser' is from 'test/firebase_test_helper.dart'.
build-and-test	Run flutter test --coverage	2025-07-30T14:30:30.8388623Z Try correcting the name to the name of an existing getter, or defining a getter or field named 'emailVerified'.
build-and-test	Run flutter test --coverage	2025-07-30T14:30:30.8389434Z     when(() => mockUser.emailVerified).thenReturn(true);
build-and-test	Run flutter test --coverage	2025-07-30T14:30:30.8390099Z                         ^^^^^^^^^^^^^
build-and-test	Run flutter test --coverage	2025-07-30T14:30:30.8390827Z test/firebase_test_helper.dart:86:35: Error: The getter 'user' isn't defined for the class 'MockUserCredential'.
build-and-test	Run flutter test --coverage	2025-07-30T14:30:30.8391890Z  - 'MockUserCredential' is from 'test/firebase_test_helper.dart'.
build-and-test	Run flutter test --coverage	2025-07-30T14:30:30.8392737Z Try correcting the name to the name of an existing getter, or defining a getter or field named 'user'.
build-and-test	Run flutter test --coverage	2025-07-30T14:30:30.8393523Z     when(() => mockUserCredential.user).thenReturn(mockUser);
build-and-test	Run flutter test --coverage	2025-07-30T14:30:30.8394014Z                                   ^^^^
build-and-test	Run flutter test --coverage	2025-07-30T14:30:30.8394776Z test/firebase_test_helper.dart:89:25: Error: The getter 'currentUser' isn't defined for the class 'MockFirebaseAuth'.
build-and-test	Run flutter test --coverage	2025-07-30T14:30:30.8395701Z  - 'MockFirebaseAuth' is from 'test/firebase_test_helper.dart'.
build-and-test	Run flutter test --coverage	2025-07-30T14:30:30.8396532Z Try correcting the name to the name of an existing getter, or defining a getter or field named 'currentUser'.
build-and-test	Run flutter test --coverage	2025-07-30T14:30:30.8397349Z     when(() => mockAuth.currentUser).thenReturn(mockUser);
build-and-test	Run flutter test --coverage	2025-07-30T14:30:30.8397804Z                         ^^^^^^^^^^^
build-and-test	Run flutter test --coverage	2025-07-30T14:30:30.8398580Z test/firebase_test_helper.dart:90:25: Error: The method 'authStateChanges' isn't defined for the class 'MockFirebaseAuth'.
build-and-test	Run flutter test --coverage	2025-07-30T14:30:30.8399527Z  - 'MockFirebaseAuth' is from 'test/firebase_test_helper.dart'.
build-and-test	Run flutter test --coverage	2025-07-30T14:30:30.8400352Z Try correcting the name to the name of an existing method, or defining a method named 'authStateChanges'.
build-and-test	Run flutter test --coverage	2025-07-30T14:30:30.8401099Z     when(() => mockAuth.authStateChanges())
build-and-test	Run flutter test --coverage	2025-07-30T14:30:30.8401649Z                         ^^^^^^^^^^^^^^^^
build-and-test	Run flutter test --coverage	2025-07-30T14:30:30.8402453Z test/firebase_test_helper.dart:92:25: Error: The method 'userChanges' isn't defined for the class 'MockFirebaseAuth'.
build-and-test	Run flutter test --coverage	2025-07-30T14:30:30.8403379Z  - 'MockFirebaseAuth' is from 'test/firebase_test_helper.dart'.
build-and-test	Run flutter test --coverage	2025-07-30T14:30:30.8404181Z Try correcting the name to the name of an existing method, or defining a method named 'userChanges'.
build-and-test	Run flutter test --coverage	2025-07-30T14:30:30.8404902Z     when(() => mockAuth.userChanges())
build-and-test	Run flutter test --coverage	2025-07-30T14:30:30.8405285Z                         ^^^^^^^^^^^
build-and-test	Run flutter test --coverage	2025-07-30T14:30:30.8406140Z test/firebase_test_helper.dart:94:25: Error: The method 'signInWithEmailAndPassword' isn't defined for the class 'MockFirebaseAuth'.
build-and-test	Run flutter test --coverage	2025-07-30T14:30:30.8407164Z  - 'MockFirebaseAuth' is from 'test/firebase_test_helper.dart'.
build-and-test	Run flutter test --coverage	2025-07-30T14:30:30.8408056Z Try correcting the name to the name of an existing method, or defining a method named 'signInWithEmailAndPassword'.
build-and-test	Run flutter test --coverage	2025-07-30T14:30:30.8408947Z     when(() => mockAuth.signInWithEmailAndPassword(any(), any()))
build-and-test	Run flutter test --coverage	2025-07-30T14:30:30.8409458Z                         ^^^^^^^^^^^^^^^^^^^^^^^^^^
build-and-test	Run flutter test --coverage	2025-07-30T14:30:30.8410330Z test/firebase_test_helper.dart:96:25: Error: The method 'createUserWithEmailAndPassword' isn't defined for the class 'MockFirebaseAuth'.
build-and-test	Run flutter test --coverage	2025-07-30T14:30:30.8410953Z  - 'MockFirebaseAuth' is from 'test/firebase_test_helper.dart'.
build-and-test	Run flutter test --coverage	2025-07-30T14:30:30.8411483Z Try correcting the name to the name of an existing method, or defining a method named 'createUserWithEmailAndPassword'.
build-and-test	Run flutter test --coverage	2025-07-30T14:30:30.8412176Z     when(() => mockAuth.createUserWithEmailAndPassword(any(), any()))
build-and-test	Run flutter test --coverage	2025-07-30T14:30:30.8412495Z                         ^^^^^^^^^^^^^^^^^^^^^^^^^^^^^^
build-and-test	Run flutter test --coverage	2025-07-30T14:30:30.8412946Z test/firebase_test_helper.dart:98:25: Error: The method 'signOut' isn't defined for the class 'MockFirebaseAuth'.
build-and-test	Run flutter test --coverage	2025-07-30T14:30:30.8413450Z  - 'MockFirebaseAuth' is from 'test/firebase_test_helper.dart'.
build-and-test	Run flutter test --coverage	2025-07-30T14:30:30.8413894Z Try correcting the name to the name of an existing method, or defining a method named 'signOut'.
build-and-test	Run flutter test --coverage	2025-07-30T14:30:30.8414325Z     when(() => mockAuth.signOut()).thenAnswer((_) async {});
build-and-test	Run flutter test --coverage	2025-07-30T14:30:30.8414599Z                         ^^^^^^^
build-and-test	Run flutter test --coverage	2025-07-30T14:30:30.8415210Z test/firebase_test_helper.dart:108:60: Error: The argument type 'MockCollectionReference' can't be assigned to the parameter type 'CollectionReference<Map<String, dynamic>>'.
build-and-test	Run flutter test --coverage	2025-07-30T14:30:30.8416090Z  - 'MockCollectionReference' is from 'test/firebase_test_helper.dart'.
build-and-test	Run flutter test --coverage	2025-07-30T14:30:30.8416800Z  - 'CollectionReference' is from 'package:cloud_firestore/cloud_firestore.dart' ('../../../.pub-cache/hosted/pub.dev/cloud_firestore-5.6.11/lib/cloud_firestore.dart').
build-and-test	Run flutter test --coverage	2025-07-30T14:30:30.8417403Z  - 'Map' is from 'dart:core'.
build-and-test	Run flutter test --coverage	2025-07-30T14:30:30.8417715Z     when(() => mockFirestore.collection(any())).thenReturn(mockCollection);
build-and-test	Run flutter test --coverage	2025-07-30T14:30:30.8418053Z                                                            ^
build-and-test	Run flutter test --coverage	2025-07-30T14:30:30.8418629Z test/firebase_test_helper.dart:132:52: Error: A value of type 'MockDocumentSnapshot' can't be assigned to a variable of type 'QueryDocumentSnapshot<Object?>'.
build-and-test	Run flutter test --coverage	2025-07-30T14:30:30.8419293Z  - 'MockDocumentSnapshot' is from 'test/firebase_test_helper.dart'.
build-and-test	Run flutter test --coverage	2025-07-30T14:30:30.8419999Z  - 'QueryDocumentSnapshot' is from 'package:cloud_firestore/cloud_firestore.dart' ('../../../.pub-cache/hosted/pub.dev/cloud_firestore-5.6.11/lib/cloud_firestore.dart').
build-and-test	Run flutter test --coverage	2025-07-30T14:30:30.8420628Z  - 'Object' is from 'dart:core'.
build-and-test	Run flutter test --coverage	2025-07-30T14:30:30.8420954Z     when(() => mockQuerySnapshot.docs).thenReturn([mockDocumentSnapshot]);
build-and-test	Run flutter test --coverage	2025-07-30T14:30:30.8421287Z                                                    ^
build-and-test	Run flutter test --coverage	2025-07-30T14:30:31.4709651Z ##[group]❌ loading /home/runner/work/appoint/appoint/test/features/admin/admin_broadcast_test.dart (failed)
build-and-test	Run flutter test --coverage	2025-07-30T14:30:31.4712163Z Failed to load "/home/runner/work/appoint/appoint/test/features/admin/admin_broadcast_test.dart": Compilation failed for testPath=/home/runner/work/appoint/appoint/test/features/admin/admin_broadcast_test.dart
build-and-test	Run flutter test --coverage	2025-07-30T14:30:31.4713753Z 
build-and-test	Run flutter test --coverage	2025-07-30T14:30:31.4714198Z ##[endgroup]
build-and-test	Run flutter test --coverage	2025-07-30T14:30:31.4983003Z ##[group]❌ loading /home/runner/work/appoint/appoint/test/widgets/login_screen_test.dart (failed after test completion)
build-and-test	Run flutter test --coverage	2025-07-30T14:30:31.4983704Z Error: the Dart compiler exited unexpectedly.
build-and-test	Run flutter test --coverage	2025-07-30T14:30:31.4985737Z package:flutter_tools/src/base/common.dart 10:3  throwToolExit
build-and-test	Run flutter test --coverage	2025-07-30T14:30:31.4986335Z package:flutter_tools/src/compile.dart 893:9     DefaultResidentCompiler._compile.<fn>
build-and-test	Run flutter test --coverage	2025-07-30T14:30:31.4986877Z dart:async/zone.dart 1422:47                     _rootRunUnary
build-and-test	Run flutter test --coverage	2025-07-30T14:30:31.4987429Z dart:async/future_impl.dart 902:45               Future._propagateToListeners.handleValueCallback
build-and-test	Run flutter test --coverage	2025-07-30T14:30:31.4988094Z dart:async/future_impl.dart 931:13               Future._propagateToListeners
build-and-test	Run flutter test --coverage	2025-07-30T14:30:31.4988598Z dart:async/future_impl.dart 827:9                Future._propagateToListeners
build-and-test	Run flutter test --coverage	2025-07-30T14:30:31.4989085Z dart:async/future_impl.dart 707:5                Future._completeWithValue
build-and-test	Run flutter test --coverage	2025-07-30T14:30:31.4989578Z dart:async/future_impl.dart 777:7                Future._asyncCompleteWithValue.<fn>
build-and-test	Run flutter test --coverage	2025-07-30T14:30:31.4990312Z dart:async/zone.dart 1414:13                     _rootRun
build-and-test	Run flutter test --coverage	2025-07-30T14:30:31.4990695Z dart:async/zone.dart 1317:19                     _CustomZone.run
build-and-test	Run flutter test --coverage	2025-07-30T14:30:31.4991113Z dart:async/zone.dart 1225:7                      _CustomZone.runGuarded
build-and-test	Run flutter test --coverage	2025-07-30T14:30:31.4991790Z dart:async/zone.dart 1265:23                     _CustomZone.bindCallbackGuarded.<fn>
build-and-test	Run flutter test --coverage	2025-07-30T14:30:31.4992263Z dart:async/schedule_microtask.dart 40:21         _microtaskLoop
build-and-test	Run flutter test --coverage	2025-07-30T14:30:31.4992710Z dart:async/schedule_microtask.dart 49:5          _startMicrotaskLoop
build-and-test	Run flutter test --coverage	2025-07-30T14:30:31.4993211Z dart:isolate-patch/isolate_patch.dart 118:13     _runPendingImmediateCallback
build-and-test	Run flutter test --coverage	2025-07-30T14:30:31.4993765Z dart:isolate-patch/isolate_patch.dart 185:5      _RawReceivePort._handleMessage
build-and-test	Run flutter test --coverage	2025-07-30T14:30:31.4994316Z ##[endgroup]
build-and-test	Run flutter test --coverage	2025-07-30T14:30:33.2107250Z test/firebase_test_helper.dart:11:48: Error: Type 'FirebaseAuth' not found.
build-and-test	Run flutter test --coverage	2025-07-30T14:30:33.2108388Z class MockFirebaseAuth extends Mock implements FirebaseAuth {}
build-and-test	Run flutter test --coverage	2025-07-30T14:30:33.2109184Z                                                ^^^^^^^^^^^^
build-and-test	Run flutter test --coverage	2025-07-30T14:30:33.2110012Z test/firebase_test_helper.dart:13:40: Error: Type 'User' not found.
build-and-test	Run flutter test --coverage	2025-07-30T14:30:33.2110758Z class MockUser extends Mock implements User {}
build-and-test	Run flutter test --coverage	2025-07-30T14:30:33.2111921Z                                        ^^^^
build-and-test	Run flutter test --coverage	2025-07-30T14:30:33.2113534Z test/firebase_test_helper.dart:15:50: Error: Type 'UserCredential' not found.
build-and-test	Run flutter test --coverage	2025-07-30T14:30:33.2114252Z class MockUserCredential extends Mock implements UserCredential {}
build-and-test	Run flutter test --coverage	2025-07-30T14:30:33.2114807Z                                                  ^^^^^^^^^^^^^^
build-and-test	Run flutter test --coverage	2025-07-30T14:30:33.9516543Z test/firebase_test_helper.dart:78:25: Error: The getter 'uid' isn't defined for the class 'MockUser'.
build-and-test	Run flutter test --coverage	2025-07-30T14:30:33.9517493Z  - 'MockUser' is from 'test/firebase_test_helper.dart'.
build-and-test	Run flutter test --coverage	2025-07-30T14:30:33.9518268Z Try correcting the name to the name of an existing getter, or defining a getter or field named 'uid'.
build-and-test	Run flutter test --coverage	2025-07-30T14:30:33.9519189Z     when(() => mockUser.uid).thenReturn('test-user-id');
build-and-test	Run flutter test --coverage	2025-07-30T14:30:33.9519668Z                         ^^^
build-and-test	Run flutter test --coverage	2025-07-30T14:30:33.9520358Z test/firebase_test_helper.dart:79:25: Error: The getter 'email' isn't defined for the class 'MockUser'.
build-and-test	Run flutter test --coverage	2025-07-30T14:30:33.9521218Z  - 'MockUser' is from 'test/firebase_test_helper.dart'.
build-and-test	Run flutter test --coverage	2025-07-30T14:30:33.9524639Z Try correcting the name to the name of an existing getter, or defining a getter or field named 'email'.
build-and-test	Run flutter test --coverage	2025-07-30T14:30:33.9526995Z     when(() => mockUser.email).thenReturn('test@example.com');
build-and-test	Run flutter test --coverage	2025-07-30T14:30:33.9527569Z                         ^^^^^
build-and-test	Run flutter test --coverage	2025-07-30T14:30:33.9528342Z test/firebase_test_helper.dart:80:25: Error: The getter 'displayName' isn't defined for the class 'MockUser'.
build-and-test	Run flutter test --coverage	2025-07-30T14:30:33.9529263Z  - 'MockUser' is from 'test/firebase_test_helper.dart'.
build-and-test	Run flutter test --coverage	2025-07-30T14:30:33.9530139Z Try correcting the name to the name of an existing getter, or defining a getter or field named 'displayName'.
build-and-test	Run flutter test --coverage	2025-07-30T14:30:33.9531077Z     when(() => mockUser.displayName).thenReturn('Test User');
build-and-test	Run flutter test --coverage	2025-07-30T14:30:33.9531868Z                         ^^^^^^^^^^^
build-and-test	Run flutter test --coverage	2025-07-30T14:30:33.9533820Z test/firebase_test_helper.dart:81:25: Error: The getter 'photoURL' isn't defined for the class 'MockUser'.
build-and-test	Run flutter test --coverage	2025-07-30T14:30:33.9534758Z  - 'MockUser' is from 'test/firebase_test_helper.dart'.
build-and-test	Run flutter test --coverage	2025-07-30T14:30:33.9535587Z Try correcting the name to the name of an existing getter, or defining a getter or field named 'photoURL'.
build-and-test	Run flutter test --coverage	2025-07-30T14:30:33.9536548Z     when(() => mockUser.photoURL).thenReturn('https://example.com/photo.jpg');
build-and-test	Run flutter test --coverage	2025-07-30T14:30:33.9537176Z                         ^^^^^^^^
build-and-test	Run flutter test --coverage	2025-07-30T14:30:33.9537947Z test/firebase_test_helper.dart:82:25: Error: The getter 'isAnonymous' isn't defined for the class 'MockUser'.
build-and-test	Run flutter test --coverage	2025-07-30T14:30:33.9538872Z  - 'MockUser' is from 'test/firebase_test_helper.dart'.
build-and-test	Run flutter test --coverage	2025-07-30T14:30:33.9539758Z Try correcting the name to the name of an existing getter, or defining a getter or field named 'isAnonymous'.
build-and-test	Run flutter test --coverage	2025-07-30T14:30:33.9541078Z     when(() => mockUser.isAnonymous).thenReturn(false);
build-and-test	Run flutter test --coverage	2025-07-30T14:30:33.9541733Z                         ^^^^^^^^^^^
build-and-test	Run flutter test --coverage	2025-07-30T14:30:33.9542457Z test/firebase_test_helper.dart:83:25: Error: The getter 'emailVerified' isn't defined for the class 'MockUser'.
build-and-test	Run flutter test --coverage	2025-07-30T14:30:33.9543348Z  - 'MockUser' is from 'test/firebase_test_helper.dart'.
build-and-test	Run flutter test --coverage	2025-07-30T14:30:33.9544213Z Try correcting the name to the name of an existing getter, or defining a getter or field named 'emailVerified'.
build-and-test	Run flutter test --coverage	2025-07-30T14:30:33.9545040Z     when(() => mockUser.emailVerified).thenReturn(true);
build-and-test	Run flutter test --coverage	2025-07-30T14:30:33.9545488Z                         ^^^^^^^^^^^^^
build-and-test	Run flutter test --coverage	2025-07-30T14:30:33.9546214Z test/firebase_test_helper.dart:86:35: Error: The getter 'user' isn't defined for the class 'MockUserCredential'.
build-and-test	Run flutter test --coverage	2025-07-30T14:30:33.9547120Z  - 'MockUserCredential' is from 'test/firebase_test_helper.dart'.
build-and-test	Run flutter test --coverage	2025-07-30T14:30:33.9547971Z Try correcting the name to the name of an existing getter, or defining a getter or field named 'user'.
build-and-test	Run flutter test --coverage	2025-07-30T14:30:33.9548779Z     when(() => mockUserCredential.user).thenReturn(mockUser);
build-and-test	Run flutter test --coverage	2025-07-30T14:30:33.9549261Z                                   ^^^^
build-and-test	Run flutter test --coverage	2025-07-30T14:30:33.9550066Z test/firebase_test_helper.dart:89:25: Error: The getter 'currentUser' isn't defined for the class 'MockFirebaseAuth'.
build-and-test	Run flutter test --coverage	2025-07-30T14:30:33.9551248Z  - 'MockFirebaseAuth' is from 'test/firebase_test_helper.dart'.
build-and-test	Run flutter test --coverage	2025-07-30T14:30:33.9552315Z Try correcting the name to the name of an existing getter, or defining a getter or field named 'currentUser'.
build-and-test	Run flutter test --coverage	2025-07-30T14:30:33.9553140Z     when(() => mockAuth.currentUser).thenReturn(mockUser);
build-and-test	Run flutter test --coverage	2025-07-30T14:30:33.9553600Z                         ^^^^^^^^^^^
build-and-test	Run flutter test --coverage	2025-07-30T14:30:33.9554410Z test/firebase_test_helper.dart:90:25: Error: The method 'authStateChanges' isn't defined for the class 'MockFirebaseAuth'.
build-and-test	Run flutter test --coverage	2025-07-30T14:30:33.9555420Z  - 'MockFirebaseAuth' is from 'test/firebase_test_helper.dart'.
build-and-test	Run flutter test --coverage	2025-07-30T14:30:33.9556348Z Try correcting the name to the name of an existing method, or defining a method named 'authStateChanges'.
build-and-test	Run flutter test --coverage	2025-07-30T14:30:33.9557159Z     when(() => mockAuth.authStateChanges())
build-and-test	Run flutter test --coverage	2025-07-30T14:30:33.9557601Z                         ^^^^^^^^^^^^^^^^
build-and-test	Run flutter test --coverage	2025-07-30T14:30:33.9558426Z test/firebase_test_helper.dart:92:25: Error: The method 'userChanges' isn't defined for the class 'MockFirebaseAuth'.
build-and-test	Run flutter test --coverage	2025-07-30T14:30:33.9559437Z  - 'MockFirebaseAuth' is from 'test/firebase_test_helper.dart'.
build-and-test	Run flutter test --coverage	2025-07-30T14:30:33.9560314Z Try correcting the name to the name of an existing method, or defining a method named 'userChanges'.
build-and-test	Run flutter test --coverage	2025-07-30T14:30:33.9561073Z     when(() => mockAuth.userChanges())
build-and-test	Run flutter test --coverage	2025-07-30T14:30:33.9561499Z                         ^^^^^^^^^^^
build-and-test	Run flutter test --coverage	2025-07-30T14:30:33.9562623Z test/firebase_test_helper.dart:94:25: Error: The method 'signInWithEmailAndPassword' isn't defined for the class 'MockFirebaseAuth'.
build-and-test	Run flutter test --coverage	2025-07-30T14:30:33.9563737Z  - 'MockFirebaseAuth' is from 'test/firebase_test_helper.dart'.
build-and-test	Run flutter test --coverage	2025-07-30T14:30:33.9564703Z Try correcting the name to the name of an existing method, or defining a method named 'signInWithEmailAndPassword'.
build-and-test	Run flutter test --coverage	2025-07-30T14:30:33.9565657Z     when(() => mockAuth.signInWithEmailAndPassword(any(), any()))
build-and-test	Run flutter test --coverage	2025-07-30T14:30:33.9566230Z                         ^^^^^^^^^^^^^^^^^^^^^^^^^^
build-and-test	Run flutter test --coverage	2025-07-30T14:30:33.9567240Z test/firebase_test_helper.dart:96:25: Error: The method 'createUserWithEmailAndPassword' isn't defined for the class 'MockFirebaseAuth'.
build-and-test	Run flutter test --coverage	2025-07-30T14:30:33.9568400Z  - 'MockFirebaseAuth' is from 'test/firebase_test_helper.dart'.
build-and-test	Run flutter test --coverage	2025-07-30T14:30:33.9569429Z Try correcting the name to the name of an existing method, or defining a method named 'createUserWithEmailAndPassword'.
build-and-test	Run flutter test --coverage	2025-07-30T14:30:33.9570452Z     when(() => mockAuth.createUserWithEmailAndPassword(any(), any()))
build-and-test	Run flutter test --coverage	2025-07-30T14:30:33.9571042Z                         ^^^^^^^^^^^^^^^^^^^^^^^^^^^^^^
build-and-test	Run flutter test --coverage	2025-07-30T14:30:33.9572091Z test/firebase_test_helper.dart:98:25: Error: The method 'signOut' isn't defined for the class 'MockFirebaseAuth'.
build-and-test	Run flutter test --coverage	2025-07-30T14:30:33.9573084Z  - 'MockFirebaseAuth' is from 'test/firebase_test_helper.dart'.
build-and-test	Run flutter test --coverage	2025-07-30T14:30:33.9574210Z Try correcting the name to the name of an existing method, or defining a method named 'signOut'.
build-and-test	Run flutter test --coverage	2025-07-30T14:30:33.9575022Z     when(() => mockAuth.signOut()).thenAnswer((_) async {});
build-and-test	Run flutter test --coverage	2025-07-30T14:30:33.9575533Z                         ^^^^^^^
build-and-test	Run flutter test --coverage	2025-07-30T14:30:33.9576655Z test/firebase_test_helper.dart:108:60: Error: The argument type 'MockCollectionReference' can't be assigned to the parameter type 'CollectionReference<Map<String, dynamic>>'.
build-and-test	Run flutter test --coverage	2025-07-30T14:30:33.9578057Z  - 'MockCollectionReference' is from 'test/firebase_test_helper.dart'.
build-and-test	Run flutter test --coverage	2025-07-30T14:30:33.9579388Z  - 'CollectionReference' is from 'package:cloud_firestore/cloud_firestore.dart' ('../../../.pub-cache/hosted/pub.dev/cloud_firestore-5.6.11/lib/cloud_firestore.dart').
build-and-test	Run flutter test --coverage	2025-07-30T14:30:33.9580535Z  - 'Map' is from 'dart:core'.
build-and-test	Run flutter test --coverage	2025-07-30T14:30:33.9581121Z     when(() => mockFirestore.collection(any())).thenReturn(mockCollection);
build-and-test	Run flutter test --coverage	2025-07-30T14:30:33.9581999Z                                                            ^
build-and-test	Run flutter test --coverage	2025-07-30T14:30:33.9583097Z test/firebase_test_helper.dart:132:52: Error: A value of type 'MockDocumentSnapshot' can't be assigned to a variable of type 'QueryDocumentSnapshot<Object?>'.
build-and-test	Run flutter test --coverage	2025-07-30T14:30:33.9584394Z  - 'MockDocumentSnapshot' is from 'test/firebase_test_helper.dart'.
build-and-test	Run flutter test --coverage	2025-07-30T14:30:33.9586016Z  - 'QueryDocumentSnapshot' is from 'package:cloud_firestore/cloud_firestore.dart' ('../../../.pub-cache/hosted/pub.dev/cloud_firestore-5.6.11/lib/cloud_firestore.dart').
build-and-test	Run flutter test --coverage	2025-07-30T14:30:33.9587234Z  - 'Object' is from 'dart:core'.
build-and-test	Run flutter test --coverage	2025-07-30T14:30:33.9587816Z     when(() => mockQuerySnapshot.docs).thenReturn([mockDocumentSnapshot]);
build-and-test	Run flutter test --coverage	2025-07-30T14:30:33.9588443Z                                                    ^
build-and-test	Run flutter test --coverage	2025-07-30T14:30:35.7812750Z ##[group]❌ loading /home/runner/work/appoint/appoint/test/features/admin/admin_role_test.dart (failed)
build-and-test	Run flutter test --coverage	2025-07-30T14:30:35.7815139Z Failed to load "/home/runner/work/appoint/appoint/test/features/admin/admin_role_test.dart": Compilation failed for testPath=/home/runner/work/appoint/appoint/test/features/admin/admin_role_test.dart
build-and-test	Run flutter test --coverage	2025-07-30T14:30:35.7817386Z 
build-and-test	Run flutter test --coverage	2025-07-30T14:30:35.7817886Z ##[endgroup]
build-and-test	Run flutter test --coverage	2025-07-30T14:30:35.8263576Z ##[group]❌ loading /home/runner/work/appoint/appoint/test/widgets/login_screen_test.dart (failed after test completion)
build-and-test	Run flutter test --coverage	2025-07-30T14:30:35.8264749Z Error: the Dart compiler exited unexpectedly.
build-and-test	Run flutter test --coverage	2025-07-30T14:30:35.8266039Z package:flutter_tools/src/base/common.dart 10:3  throwToolExit
build-and-test	Run flutter test --coverage	2025-07-30T14:30:35.8266771Z package:flutter_tools/src/compile.dart 893:9     DefaultResidentCompiler._compile.<fn>
build-and-test	Run flutter test --coverage	2025-07-30T14:30:35.8267559Z dart:async/zone.dart 1422:47                     _rootRunUnary
build-and-test	Run flutter test --coverage	2025-07-30T14:30:35.8268278Z dart:async/future_impl.dart 902:45               Future._propagateToListeners.handleValueCallback
build-and-test	Run flutter test --coverage	2025-07-30T14:30:35.8269112Z dart:async/future_impl.dart 931:13               Future._propagateToListeners
build-and-test	Run flutter test --coverage	2025-07-30T14:30:35.8269867Z dart:async/future_impl.dart 827:9                Future._propagateToListeners
build-and-test	Run flutter test --coverage	2025-07-30T14:30:35.8270617Z dart:async/future_impl.dart 707:5                Future._completeWithValue
build-and-test	Run flutter test --coverage	2025-07-30T14:30:35.8271342Z dart:async/future_impl.dart 777:7                Future._asyncCompleteWithValue.<fn>
build-and-test	Run flutter test --coverage	2025-07-30T14:30:35.8272321Z dart:async/zone.dart 1414:13                     _rootRun
build-and-test	Run flutter test --coverage	2025-07-30T14:30:35.8273022Z dart:async/zone.dart 1317:19                     _CustomZone.run
build-and-test	Run flutter test --coverage	2025-07-30T14:30:35.8273796Z dart:async/zone.dart 1225:7                      _CustomZone.runGuarded
build-and-test	Run flutter test --coverage	2025-07-30T14:30:35.8274660Z dart:async/zone.dart 1265:23                     _CustomZone.bindCallbackGuarded.<fn>
build-and-test	Run flutter test --coverage	2025-07-30T14:30:35.8275529Z dart:async/schedule_microtask.dart 40:21         _microtaskLoop
build-and-test	Run flutter test --coverage	2025-07-30T14:30:35.8276322Z dart:async/schedule_microtask.dart 49:5          _startMicrotaskLoop
build-and-test	Run flutter test --coverage	2025-07-30T14:30:35.8277272Z dart:isolate-patch/isolate_patch.dart 118:13     _runPendingImmediateCallback
build-and-test	Run flutter test --coverage	2025-07-30T14:30:35.8278084Z dart:isolate-patch/isolate_patch.dart 185:5      _RawReceivePort._handleMessage
build-and-test	Run flutter test --coverage	2025-07-30T14:30:35.8279345Z ##[endgroup]
build-and-test	Run flutter test --coverage	2025-07-30T14:30:37.5064121Z test/firebase_test_helper.dart:11:48: Error: Type 'FirebaseAuth' not found.
build-and-test	Run flutter test --coverage	2025-07-30T14:30:37.5065271Z class MockFirebaseAuth extends Mock implements FirebaseAuth {}
build-and-test	Run flutter test --coverage	2025-07-30T14:30:37.5067760Z                                                ^^^^^^^^^^^^
build-and-test	Run flutter test --coverage	2025-07-30T14:30:37.5068523Z test/firebase_test_helper.dart:13:40: Error: Type 'User' not found.
build-and-test	Run flutter test --coverage	2025-07-30T14:30:37.5069307Z class MockUser extends Mock implements User {}
build-and-test	Run flutter test --coverage	2025-07-30T14:30:37.5071292Z                                        ^^^^
build-and-test	Run flutter test --coverage	2025-07-30T14:30:37.5072284Z test/firebase_test_helper.dart:15:50: Error: Type 'UserCredential' not found.
build-and-test	Run flutter test --coverage	2025-07-30T14:30:37.5074207Z class MockUserCredential extends Mock implements UserCredential {}
build-and-test	Run flutter test --coverage	2025-07-30T14:30:37.5075157Z                                                  ^^^^^^^^^^^^^^
build-and-test	Run flutter test --coverage	2025-07-30T14:30:38.2729361Z test/firebase_test_helper.dart:78:25: Error: The getter 'uid' isn't defined for the class 'MockUser'.
build-and-test	Run flutter test --coverage	2025-07-30T14:30:38.2730594Z  - 'MockUser' is from 'test/firebase_test_helper.dart'.
build-and-test	Run flutter test --coverage	2025-07-30T14:30:38.2731943Z Try correcting the name to the name of an existing getter, or defining a getter or field named 'uid'.
build-and-test	Run flutter test --coverage	2025-07-30T14:30:38.2732929Z     when(() => mockUser.uid).thenReturn('test-user-id');
build-and-test	Run flutter test --coverage	2025-07-30T14:30:38.2733875Z                         ^^^
build-and-test	Run flutter test --coverage	2025-07-30T14:30:38.2734610Z test/firebase_test_helper.dart:79:25: Error: The getter 'email' isn't defined for the class 'MockUser'.
build-and-test	Run flutter test --coverage	2025-07-30T14:30:38.2735510Z  - 'MockUser' is from 'test/firebase_test_helper.dart'.
build-and-test	Run flutter test --coverage	2025-07-30T14:30:38.2736379Z Try correcting the name to the name of an existing getter, or defining a getter or field named 'email'.
build-and-test	Run flutter test --coverage	2025-07-30T14:30:38.2737281Z     when(() => mockUser.email).thenReturn('test@example.com');
build-and-test	Run flutter test --coverage	2025-07-30T14:30:38.2737816Z                         ^^^^^
build-and-test	Run flutter test --coverage	2025-07-30T14:30:38.2738580Z test/firebase_test_helper.dart:80:25: Error: The getter 'displayName' isn't defined for the class 'MockUser'.
build-and-test	Run flutter test --coverage	2025-07-30T14:30:38.2739503Z  - 'MockUser' is from 'test/firebase_test_helper.dart'.
build-and-test	Run flutter test --coverage	2025-07-30T14:30:38.2740409Z Try correcting the name to the name of an existing getter, or defining a getter or field named 'displayName'.
build-and-test	Run flutter test --coverage	2025-07-30T14:30:38.2741327Z     when(() => mockUser.displayName).thenReturn('Test User');
build-and-test	Run flutter test --coverage	2025-07-30T14:30:38.2742037Z                         ^^^^^^^^^^^
build-and-test	Run flutter test --coverage	2025-07-30T14:30:38.2742838Z test/firebase_test_helper.dart:81:25: Error: The getter 'photoURL' isn't defined for the class 'MockUser'.
build-and-test	Run flutter test --coverage	2025-07-30T14:30:38.2743711Z  - 'MockUser' is from 'test/firebase_test_helper.dart'.
build-and-test	Run flutter test --coverage	2025-07-30T14:30:38.2744534Z Try correcting the name to the name of an existing getter, or defining a getter or field named 'photoURL'.
build-and-test	Run flutter test --coverage	2025-07-30T14:30:38.2745508Z     when(() => mockUser.photoURL).thenReturn('https://example.com/photo.jpg');
build-and-test	Run flutter test --coverage	2025-07-30T14:30:38.2746138Z                         ^^^^^^^^
build-and-test	Run flutter test --coverage	2025-07-30T14:30:38.2746876Z test/firebase_test_helper.dart:82:25: Error: The getter 'isAnonymous' isn't defined for the class 'MockUser'.
build-and-test	Run flutter test --coverage	2025-07-30T14:30:38.2747746Z  - 'MockUser' is from 'test/firebase_test_helper.dart'.
build-and-test	Run flutter test --coverage	2025-07-30T14:30:38.2748589Z Try correcting the name to the name of an existing getter, or defining a getter or field named 'isAnonymous'.
build-and-test	Run flutter test --coverage	2025-07-30T14:30:38.2749417Z     when(() => mockUser.isAnonymous).thenReturn(false);
build-and-test	Run flutter test --coverage	2025-07-30T14:30:38.2749895Z                         ^^^^^^^^^^^
build-and-test	Run flutter test --coverage	2025-07-30T14:30:38.2750646Z test/firebase_test_helper.dart:83:25: Error: The getter 'emailVerified' isn't defined for the class 'MockUser'.
build-and-test	Run flutter test --coverage	2025-07-30T14:30:38.2751704Z  - 'MockUser' is from 'test/firebase_test_helper.dart'.
build-and-test	Run flutter test --coverage	2025-07-30T14:30:38.2752568Z Try correcting the name to the name of an existing getter, or defining a getter or field named 'emailVerified'.
build-and-test	Run flutter test --coverage	2025-07-30T14:30:38.2753418Z     when(() => mockUser.emailVerified).thenReturn(true);
build-and-test	Run flutter test --coverage	2025-07-30T14:30:38.2753903Z                         ^^^^^^^^^^^^^
build-and-test	Run flutter test --coverage	2025-07-30T14:30:38.2754653Z test/firebase_test_helper.dart:86:35: Error: The getter 'user' isn't defined for the class 'MockUserCredential'.
build-and-test	Run flutter test --coverage	2025-07-30T14:30:38.2755884Z  - 'MockUserCredential' is from 'test/firebase_test_helper.dart'.
build-and-test	Run flutter test --coverage	2025-07-30T14:30:38.2756757Z Try correcting the name to the name of an existing getter, or defining a getter or field named 'user'.
build-and-test	Run flutter test --coverage	2025-07-30T14:30:38.2757607Z     when(() => mockUserCredential.user).thenReturn(mockUser);
build-and-test	Run flutter test --coverage	2025-07-30T14:30:38.2758126Z                                   ^^^^
build-and-test	Run flutter test --coverage	2025-07-30T14:30:38.2758947Z test/firebase_test_helper.dart:89:25: Error: The getter 'currentUser' isn't defined for the class 'MockFirebaseAuth'.
build-and-test	Run flutter test --coverage	2025-07-30T14:30:38.2759670Z  - 'MockFirebaseAuth' is from 'test/firebase_test_helper.dart'.
build-and-test	Run flutter test --coverage	2025-07-30T14:30:38.2760182Z Try correcting the name to the name of an existing getter, or defining a getter or field named 'currentUser'.
build-and-test	Run flutter test --coverage	2025-07-30T14:30:38.2760687Z     when(() => mockAuth.currentUser).thenReturn(mockUser);
build-and-test	Run flutter test --coverage	2025-07-30T14:30:38.2760957Z                         ^^^^^^^^^^^
build-and-test	Run flutter test --coverage	2025-07-30T14:30:38.2761418Z test/firebase_test_helper.dart:90:25: Error: The method 'authStateChanges' isn't defined for the class 'MockFirebaseAuth'.
build-and-test	Run flutter test --coverage	2025-07-30T14:30:38.2762240Z  - 'MockFirebaseAuth' is from 'test/firebase_test_helper.dart'.
build-and-test	Run flutter test --coverage	2025-07-30T14:30:38.2762744Z Try correcting the name to the name of an existing method, or defining a method named 'authStateChanges'.
build-and-test	Run flutter test --coverage	2025-07-30T14:30:38.2763354Z     when(() => mockAuth.authStateChanges())
build-and-test	Run flutter test --coverage	2025-07-30T14:30:38.2763603Z                         ^^^^^^^^^^^^^^^^
build-and-test	Run flutter test --coverage	2025-07-30T14:30:38.2764054Z test/firebase_test_helper.dart:92:25: Error: The method 'userChanges' isn't defined for the class 'MockFirebaseAuth'.
build-and-test	Run flutter test --coverage	2025-07-30T14:30:38.2764592Z  - 'MockFirebaseAuth' is from 'test/firebase_test_helper.dart'.
build-and-test	Run flutter test --coverage	2025-07-30T14:30:38.2765055Z Try correcting the name to the name of an existing method, or defining a method named 'userChanges'.
build-and-test	Run flutter test --coverage	2025-07-30T14:30:38.2765464Z     when(() => mockAuth.userChanges())
build-and-test	Run flutter test --coverage	2025-07-30T14:30:38.2765697Z                         ^^^^^^^^^^^
build-and-test	Run flutter test --coverage	2025-07-30T14:30:38.2766184Z test/firebase_test_helper.dart:94:25: Error: The method 'signInWithEmailAndPassword' isn't defined for the class 'MockFirebaseAuth'.
build-and-test	Run flutter test --coverage	2025-07-30T14:30:38.2766777Z  - 'MockFirebaseAuth' is from 'test/firebase_test_helper.dart'.
build-and-test	Run flutter test --coverage	2025-07-30T14:30:38.2767287Z Try correcting the name to the name of an existing method, or defining a method named 'signInWithEmailAndPassword'.
build-and-test	Run flutter test --coverage	2025-07-30T14:30:38.2767804Z     when(() => mockAuth.signInWithEmailAndPassword(any(), any()))
build-and-test	Run flutter test --coverage	2025-07-30T14:30:38.2768111Z                         ^^^^^^^^^^^^^^^^^^^^^^^^^^
build-and-test	Run flutter test --coverage	2025-07-30T14:30:38.2768642Z test/firebase_test_helper.dart:96:25: Error: The method 'createUserWithEmailAndPassword' isn't defined for the class 'MockFirebaseAuth'.
build-and-test	Run flutter test --coverage	2025-07-30T14:30:38.2769239Z  - 'MockFirebaseAuth' is from 'test/firebase_test_helper.dart'.
build-and-test	Run flutter test --coverage	2025-07-30T14:30:38.2769759Z Try correcting the name to the name of an existing method, or defining a method named 'createUserWithEmailAndPassword'.
build-and-test	Run flutter test --coverage	2025-07-30T14:30:38.2770299Z     when(() => mockAuth.createUserWithEmailAndPassword(any(), any()))
build-and-test	Run flutter test --coverage	2025-07-30T14:30:38.2770623Z                         ^^^^^^^^^^^^^^^^^^^^^^^^^^^^^^
build-and-test	Run flutter test --coverage	2025-07-30T14:30:38.2771058Z test/firebase_test_helper.dart:98:25: Error: The method 'signOut' isn't defined for the class 'MockFirebaseAuth'.
build-and-test	Run flutter test --coverage	2025-07-30T14:30:38.2771706Z  - 'MockFirebaseAuth' is from 'test/firebase_test_helper.dart'.
build-and-test	Run flutter test --coverage	2025-07-30T14:30:38.2772161Z Try correcting the name to the name of an existing method, or defining a method named 'signOut'.
build-and-test	Run flutter test --coverage	2025-07-30T14:30:38.2772598Z     when(() => mockAuth.signOut()).thenAnswer((_) async {});
build-and-test	Run flutter test --coverage	2025-07-30T14:30:38.2772875Z                         ^^^^^^^
build-and-test	Run flutter test --coverage	2025-07-30T14:30:38.2773483Z test/firebase_test_helper.dart:108:60: Error: The argument type 'MockCollectionReference' can't be assigned to the parameter type 'CollectionReference<Map<String, dynamic>>'.
build-and-test	Run flutter test --coverage	2025-07-30T14:30:38.2774218Z  - 'MockCollectionReference' is from 'test/firebase_test_helper.dart'.
build-and-test	Run flutter test --coverage	2025-07-30T14:30:38.2774925Z  - 'CollectionReference' is from 'package:cloud_firestore/cloud_firestore.dart' ('../../../.pub-cache/hosted/pub.dev/cloud_firestore-5.6.11/lib/cloud_firestore.dart').
build-and-test	Run flutter test --coverage	2025-07-30T14:30:38.2775672Z  - 'Map' is from 'dart:core'.
build-and-test	Run flutter test --coverage	2025-07-30T14:30:38.2775988Z     when(() => mockFirestore.collection(any())).thenReturn(mockCollection);
build-and-test	Run flutter test --coverage	2025-07-30T14:30:38.2776328Z                                                            ^
build-and-test	Run flutter test --coverage	2025-07-30T14:30:38.2776922Z test/firebase_test_helper.dart:132:52: Error: A value of type 'MockDocumentSnapshot' can't be assigned to a variable of type 'QueryDocumentSnapshot<Object?>'.
build-and-test	Run flutter test --coverage	2025-07-30T14:30:38.2777591Z  - 'MockDocumentSnapshot' is from 'test/firebase_test_helper.dart'.
build-and-test	Run flutter test --coverage	2025-07-30T14:30:38.2778302Z  - 'QueryDocumentSnapshot' is from 'package:cloud_firestore/cloud_firestore.dart' ('../../../.pub-cache/hosted/pub.dev/cloud_firestore-5.6.11/lib/cloud_firestore.dart').
build-and-test	Run flutter test --coverage	2025-07-30T14:30:38.2778918Z  - 'Object' is from 'dart:core'.
build-and-test	Run flutter test --coverage	2025-07-30T14:30:38.2779233Z     when(() => mockQuerySnapshot.docs).thenReturn([mockDocumentSnapshot]);
build-and-test	Run flutter test --coverage	2025-07-30T14:30:38.2779569Z                                                    ^
build-and-test	Run flutter test --coverage	2025-07-30T14:30:40.1640641Z ##[group]❌ loading /home/runner/work/appoint/appoint/test/features/admin/admin_broadcast_screen_test.dart (failed)
build-and-test	Run flutter test --coverage	2025-07-30T14:30:40.1643289Z Failed to load "/home/runner/work/appoint/appoint/test/features/admin/admin_broadcast_screen_test.dart": Compilation failed for testPath=/home/runner/work/appoint/appoint/test/features/admin/admin_broadcast_screen_test.dart
build-and-test	Run flutter test --coverage	2025-07-30T14:30:40.1645937Z 
build-and-test	Run flutter test --coverage	2025-07-30T14:30:40.1646295Z ##[endgroup]
build-and-test	Run flutter test --coverage	2025-07-30T14:30:40.2111800Z ##[group]❌ loading /home/runner/work/appoint/appoint/test/widgets/login_screen_test.dart (failed after test completion)
build-and-test	Run flutter test --coverage	2025-07-30T14:30:40.2112824Z Error: the Dart compiler exited unexpectedly.
build-and-test	Run flutter test --coverage	2025-07-30T14:30:40.2113772Z package:flutter_tools/src/base/common.dart 10:3  throwToolExit
build-and-test	Run flutter test --coverage	2025-07-30T14:30:40.2114574Z package:flutter_tools/src/compile.dart 893:9     DefaultResidentCompiler._compile.<fn>
build-and-test	Run flutter test --coverage	2025-07-30T14:30:40.2115339Z dart:async/zone.dart 1422:47                     _rootRunUnary
build-and-test	Run flutter test --coverage	2025-07-30T14:30:40.2116134Z dart:async/future_impl.dart 902:45               Future._propagateToListeners.handleValueCallback
build-and-test	Run flutter test --coverage	2025-07-30T14:30:40.2116919Z dart:async/future_impl.dart 931:13               Future._propagateToListeners
build-and-test	Run flutter test --coverage	2025-07-30T14:30:40.2117378Z dart:async/future_impl.dart 827:9                Future._propagateToListeners
build-and-test	Run flutter test --coverage	2025-07-30T14:30:40.2117833Z dart:async/future_impl.dart 707:5                Future._completeWithValue
build-and-test	Run flutter test --coverage	2025-07-30T14:30:40.2118279Z dart:async/future_impl.dart 777:7                Future._asyncCompleteWithValue.<fn>
build-and-test	Run flutter test --coverage	2025-07-30T14:30:40.2118679Z dart:async/zone.dart 1414:13                     _rootRun
build-and-test	Run flutter test --coverage	2025-07-30T14:30:40.2119014Z dart:async/zone.dart 1317:19                     _CustomZone.run
build-and-test	Run flutter test --coverage	2025-07-30T14:30:40.2119412Z dart:async/zone.dart 1225:7                      _CustomZone.runGuarded
build-and-test	Run flutter test --coverage	2025-07-30T14:30:40.2119825Z dart:async/zone.dart 1265:23                     _CustomZone.bindCallbackGuarded.<fn>
build-and-test	Run flutter test --coverage	2025-07-30T14:30:40.2120233Z dart:async/schedule_microtask.dart 40:21         _microtaskLoop
build-and-test	Run flutter test --coverage	2025-07-30T14:30:40.2120643Z dart:async/schedule_microtask.dart 49:5          _startMicrotaskLoop
build-and-test	Run flutter test --coverage	2025-07-30T14:30:40.2121083Z dart:isolate-patch/isolate_patch.dart 118:13     _runPendingImmediateCallback
build-and-test	Run flutter test --coverage	2025-07-30T14:30:40.2121818Z dart:isolate-patch/isolate_patch.dart 185:5      _RawReceivePort._handleMessage
build-and-test	Run flutter test --coverage	2025-07-30T14:30:40.2122348Z ##[endgroup]
build-and-test	Run flutter test --coverage	2025-07-30T14:30:41.9875944Z test/firebase_test_helper.dart:11:48: Error: Type 'FirebaseAuth' not found.
build-and-test	Run flutter test --coverage	2025-07-30T14:30:41.9877136Z class MockFirebaseAuth extends Mock implements FirebaseAuth {}
build-and-test	Run flutter test --coverage	2025-07-30T14:30:41.9879600Z                                                ^^^^^^^^^^^^
build-and-test	Run flutter test --coverage	2025-07-30T14:30:41.9880353Z test/firebase_test_helper.dart:13:40: Error: Type 'User' not found.
build-and-test	Run flutter test --coverage	2025-07-30T14:30:41.9881154Z class MockUser extends Mock implements User {}
build-and-test	Run flutter test --coverage	2025-07-30T14:30:41.9883372Z                                        ^^^^
build-and-test	Run flutter test --coverage	2025-07-30T14:30:41.9891053Z test/firebase_test_helper.dart:15:50: Error: Type 'UserCredential' not found.
build-and-test	Run flutter test --coverage	2025-07-30T14:30:41.9892721Z class MockUserCredential extends Mock implements UserCredential {}
build-and-test	Run flutter test --coverage	2025-07-30T14:30:41.9893789Z                                                  ^^^^^^^^^^^^^^
build-and-test	Run flutter test --coverage	2025-07-30T14:30:42.7479052Z test/features/admin/admin_panel_integration_test.dart:225:9: Error: Setter not found: 'result'.
build-and-test	Run flutter test --coverage	2025-07-30T14:30:42.7482053Z         result = await mockAdminService.fetchAdminDashboardStats();
build-and-test	Run flutter test --coverage	2025-07-30T14:30:42.7482765Z         ^^^^^^
build-and-test	Run flutter test --coverage	2025-07-30T14:30:42.7483597Z test/features/admin/admin_panel_integration_test.dart:226:16: Error: Undefined name 'result'.
build-and-test	Run flutter test --coverage	2025-07-30T14:30:42.7484655Z         expect(result.totalUsers, equals(100));
build-and-test	Run flutter test --coverage	2025-07-30T14:30:42.7485224Z                ^^^^^^
build-and-test	Run flutter test --coverage	2025-07-30T14:30:42.7486066Z test/features/admin/admin_panel_integration_test.dart:227:16: Error: Undefined name 'result'.
build-and-test	Run flutter test --coverage	2025-07-30T14:30:42.7487101Z         expect(result.totalBookings, equals(50));
build-and-test	Run flutter test --coverage	2025-07-30T14:30:42.7487696Z                ^^^^^^
build-and-test	Run flutter test --coverage	2025-07-30T14:30:42.7488444Z test/features/admin/admin_panel_integration_test.dart:228:16: Error: Undefined name 'result'.
build-and-test	Run flutter test --coverage	2025-07-30T14:30:42.7489307Z         expect(result.totalRevenue, equals(1000.0));
build-and-test	Run flutter test --coverage	2025-07-30T14:30:42.7489791Z                ^^^^^^
build-and-test	Run flutter test --coverage	2025-07-30T14:30:42.7490472Z test/features/admin/admin_panel_integration_test.dart:263:9: Error: Setter not found: 'stats'.
build-and-test	Run flutter test --coverage	2025-07-30T14:30:42.7491898Z         stats = await container.read(adminDashboardStatsProvider.future);
build-and-test	Run flutter test --coverage	2025-07-30T14:30:42.7492264Z         ^^^^^
build-and-test	Run flutter test --coverage	2025-07-30T14:30:42.7492650Z test/features/admin/admin_panel_integration_test.dart:264:16: Error: Undefined name 'stats'.
build-and-test	Run flutter test --coverage	2025-07-30T14:30:42.7493127Z         expect(stats.totalUsers, equals(100));
build-and-test	Run flutter test --coverage	2025-07-30T14:30:42.7493394Z                ^^^^^
build-and-test	Run flutter test --coverage	2025-07-30T14:30:42.7493782Z test/features/admin/admin_panel_integration_test.dart:265:16: Error: Undefined name 'stats'.
build-and-test	Run flutter test --coverage	2025-07-30T14:30:42.7494267Z         expect(stats.totalBookings, equals(50));
build-and-test	Run flutter test --coverage	2025-07-30T14:30:42.7494537Z                ^^^^^
build-and-test	Run flutter test --coverage	2025-07-30T14:30:42.7494914Z test/features/admin/admin_panel_integration_test.dart:266:16: Error: Undefined name 'stats'.
build-and-test	Run flutter test --coverage	2025-07-30T14:30:42.7495398Z         expect(stats.totalRevenue, equals(1000.0));
build-and-test	Run flutter test --coverage	2025-07-30T14:30:42.7495665Z                ^^^^^
build-and-test	Run flutter test --coverage	2025-07-30T14:30:42.7965992Z test/firebase_test_helper.dart:78:25: Error: The getter 'uid' isn't defined for the class 'MockUser'.
build-and-test	Run flutter test --coverage	2025-07-30T14:30:42.7967118Z  - 'MockUser' is from 'test/firebase_test_helper.dart'.
build-and-test	Run flutter test --coverage	2025-07-30T14:30:42.7968065Z Try correcting the name to the name of an existing getter, or defining a getter or field named 'uid'.
build-and-test	Run flutter test --coverage	2025-07-30T14:30:42.7968880Z     when(() => mockUser.uid).thenReturn('test-user-id');
build-and-test	Run flutter test --coverage	2025-07-30T14:30:42.7969373Z                         ^^^
build-and-test	Run flutter test --coverage	2025-07-30T14:30:42.7970071Z test/firebase_test_helper.dart:79:25: Error: The getter 'email' isn't defined for the class 'MockUser'.
build-and-test	Run flutter test --coverage	2025-07-30T14:30:42.7970973Z  - 'MockUser' is from 'test/firebase_test_helper.dart'.
build-and-test	Run flutter test --coverage	2025-07-30T14:30:42.7971945Z Try correcting the name to the name of an existing getter, or defining a getter or field named 'email'.
build-and-test	Run flutter test --coverage	2025-07-30T14:30:42.7972818Z     when(() => mockUser.email).thenReturn('test@example.com');
build-and-test	Run flutter test --coverage	2025-07-30T14:30:42.7973335Z                         ^^^^^
build-and-test	Run flutter test --coverage	2025-07-30T14:30:42.7974075Z test/firebase_test_helper.dart:80:25: Error: The getter 'displayName' isn't defined for the class 'MockUser'.
build-and-test	Run flutter test --coverage	2025-07-30T14:30:42.7974967Z  - 'MockUser' is from 'test/firebase_test_helper.dart'.
build-and-test	Run flutter test --coverage	2025-07-30T14:30:42.7975817Z Try correcting the name to the name of an existing getter, or defining a getter or field named 'displayName'.
build-and-test	Run flutter test --coverage	2025-07-30T14:30:42.7976700Z     when(() => mockUser.displayName).thenReturn('Test User');
build-and-test	Run flutter test --coverage	2025-07-30T14:30:42.7977206Z                         ^^^^^^^^^^^
build-and-test	Run flutter test --coverage	2025-07-30T14:30:42.7977971Z test/firebase_test_helper.dart:81:25: Error: The getter 'photoURL' isn't defined for the class 'MockUser'.
build-and-test	Run flutter test --coverage	2025-07-30T14:30:42.7978791Z  - 'MockUser' is from 'test/firebase_test_helper.dart'.
build-and-test	Run flutter test --coverage	2025-07-30T14:30:42.7979566Z Try correcting the name to the name of an existing getter, or defining a getter or field named 'photoURL'.
build-and-test	Run flutter test --coverage	2025-07-30T14:30:42.7980897Z     when(() => mockUser.photoURL).thenReturn('https://example.com/photo.jpg');
build-and-test	Run flutter test --coverage	2025-07-30T14:30:42.7981481Z                         ^^^^^^^^
build-and-test	Run flutter test --coverage	2025-07-30T14:30:42.7982324Z test/firebase_test_helper.dart:82:25: Error: The getter 'isAnonymous' isn't defined for the class 'MockUser'.
build-and-test	Run flutter test --coverage	2025-07-30T14:30:42.7983144Z  - 'MockUser' is from 'test/firebase_test_helper.dart'.
build-and-test	Run flutter test --coverage	2025-07-30T14:30:42.7983942Z Try correcting the name to the name of an existing getter, or defining a getter or field named 'isAnonymous'.
build-and-test	Run flutter test --coverage	2025-07-30T14:30:42.7984736Z     when(() => mockUser.isAnonymous).thenReturn(false);
build-and-test	Run flutter test --coverage	2025-07-30T14:30:42.7985182Z                         ^^^^^^^^^^^
build-and-test	Run flutter test --coverage	2025-07-30T14:30:42.7985896Z test/firebase_test_helper.dart:83:25: Error: The getter 'emailVerified' isn't defined for the class 'MockUser'.
build-and-test	Run flutter test --coverage	2025-07-30T14:30:42.7986717Z  - 'MockUser' is from 'test/firebase_test_helper.dart'.
build-and-test	Run flutter test --coverage	2025-07-30T14:30:42.7987511Z Try correcting the name to the name of an existing getter, or defining a getter or field named 'emailVerified'.
build-and-test	Run flutter test --coverage	2025-07-30T14:30:42.7988327Z     when(() => mockUser.emailVerified).thenReturn(true);
build-and-test	Run flutter test --coverage	2025-07-30T14:30:42.7988776Z                         ^^^^^^^^^^^^^
build-and-test	Run flutter test --coverage	2025-07-30T14:30:42.7989486Z test/firebase_test_helper.dart:86:35: Error: The getter 'user' isn't defined for the class 'MockUserCredential'.
build-and-test	Run flutter test --coverage	2025-07-30T14:30:42.7990574Z  - 'MockUserCredential' is from 'test/firebase_test_helper.dart'.
build-and-test	Run flutter test --coverage	2025-07-30T14:30:42.7991410Z Try correcting the name to the name of an existing getter, or defining a getter or field named 'user'.
build-and-test	Run flutter test --coverage	2025-07-30T14:30:42.7992323Z     when(() => mockUserCredential.user).thenReturn(mockUser);
build-and-test	Run flutter test --coverage	2025-07-30T14:30:42.7992807Z                                   ^^^^
build-and-test	Run flutter test --coverage	2025-07-30T14:30:42.7993564Z test/firebase_test_helper.dart:89:25: Error: The getter 'currentUser' isn't defined for the class 'MockFirebaseAuth'.
build-and-test	Run flutter test --coverage	2025-07-30T14:30:42.7994480Z  - 'MockFirebaseAuth' is from 'test/firebase_test_helper.dart'.
build-and-test	Run flutter test --coverage	2025-07-30T14:30:42.7995333Z Try correcting the name to the name of an existing getter, or defining a getter or field named 'currentUser'.
build-and-test	Run flutter test --coverage	2025-07-30T14:30:42.7996130Z     when(() => mockAuth.currentUser).thenReturn(mockUser);
build-and-test	Run flutter test --coverage	2025-07-30T14:30:42.7996589Z                         ^^^^^^^^^^^
build-and-test	Run flutter test --coverage	2025-07-30T14:30:42.7997368Z test/firebase_test_helper.dart:90:25: Error: The method 'authStateChanges' isn't defined for the class 'MockFirebaseAuth'.
build-and-test	Run flutter test --coverage	2025-07-30T14:30:42.7998321Z  - 'MockFirebaseAuth' is from 'test/firebase_test_helper.dart'.
build-and-test	Run flutter test --coverage	2025-07-30T14:30:42.7999163Z Try correcting the name to the name of an existing method, or defining a method named 'authStateChanges'.
build-and-test	Run flutter test --coverage	2025-07-30T14:30:42.7999911Z     when(() => mockAuth.authStateChanges())
build-and-test	Run flutter test --coverage	2025-07-30T14:30:42.8000322Z                         ^^^^^^^^^^^^^^^^
build-and-test	Run flutter test --coverage	2025-07-30T14:30:42.8001076Z test/firebase_test_helper.dart:92:25: Error: The method 'userChanges' isn't defined for the class 'MockFirebaseAuth'.
build-and-test	Run flutter test --coverage	2025-07-30T14:30:42.8002126Z  - 'MockFirebaseAuth' is from 'test/firebase_test_helper.dart'.
build-and-test	Run flutter test --coverage	2025-07-30T14:30:42.8002925Z Try correcting the name to the name of an existing method, or defining a method named 'userChanges'.
build-and-test	Run flutter test --coverage	2025-07-30T14:30:42.8003644Z     when(() => mockAuth.userChanges())
build-and-test	Run flutter test --coverage	2025-07-30T14:30:42.8004032Z                         ^^^^^^^^^^^
build-and-test	Run flutter test --coverage	2025-07-30T14:30:42.8004878Z test/firebase_test_helper.dart:94:25: Error: The method 'signInWithEmailAndPassword' isn't defined for the class 'MockFirebaseAuth'.
build-and-test	Run flutter test --coverage	2025-07-30T14:30:42.8005903Z  - 'MockFirebaseAuth' is from 'test/firebase_test_helper.dart'.
build-and-test	Run flutter test --coverage	2025-07-30T14:30:42.8006785Z Try correcting the name to the name of an existing method, or defining a method named 'signInWithEmailAndPassword'.
build-and-test	Run flutter test --coverage	2025-07-30T14:30:42.8007671Z     when(() => mockAuth.signInWithEmailAndPassword(any(), any()))
build-and-test	Run flutter test --coverage	2025-07-30T14:30:42.8008185Z                         ^^^^^^^^^^^^^^^^^^^^^^^^^^
build-and-test	Run flutter test --coverage	2025-07-30T14:30:42.8009063Z test/firebase_test_helper.dart:96:25: Error: The method 'createUserWithEmailAndPassword' isn't defined for the class 'MockFirebaseAuth'.
build-and-test	Run flutter test --coverage	2025-07-30T14:30:42.8009700Z  - 'MockFirebaseAuth' is from 'test/firebase_test_helper.dart'.
build-and-test	Run flutter test --coverage	2025-07-30T14:30:42.8010411Z Try correcting the name to the name of an existing method, or defining a method named 'createUserWithEmailAndPassword'.
build-and-test	Run flutter test --coverage	2025-07-30T14:30:42.8010958Z     when(() => mockAuth.createUserWithEmailAndPassword(any(), any()))
build-and-test	Run flutter test --coverage	2025-07-30T14:30:42.8011284Z                         ^^^^^^^^^^^^^^^^^^^^^^^^^^^^^^
build-and-test	Run flutter test --coverage	2025-07-30T14:30:42.8011873Z test/firebase_test_helper.dart:98:25: Error: The method 'signOut' isn't defined for the class 'MockFirebaseAuth'.
build-and-test	Run flutter test --coverage	2025-07-30T14:30:42.8012387Z  - 'MockFirebaseAuth' is from 'test/firebase_test_helper.dart'.
build-and-test	Run flutter test --coverage	2025-07-30T14:30:42.8012831Z Try correcting the name to the name of an existing method, or defining a method named 'signOut'.
build-and-test	Run flutter test --coverage	2025-07-30T14:30:42.8013264Z     when(() => mockAuth.signOut()).thenAnswer((_) async {});
build-and-test	Run flutter test --coverage	2025-07-30T14:30:42.8013532Z                         ^^^^^^^
build-and-test	Run flutter test --coverage	2025-07-30T14:30:42.8014132Z test/firebase_test_helper.dart:108:60: Error: The argument type 'MockCollectionReference' can't be assigned to the parameter type 'CollectionReference<Map<String, dynamic>>'.
build-and-test	Run flutter test --coverage	2025-07-30T14:30:42.8014891Z  - 'MockCollectionReference' is from 'test/firebase_test_helper.dart'.
build-and-test	Run flutter test --coverage	2025-07-30T14:30:42.8015613Z  - 'CollectionReference' is from 'package:cloud_firestore/cloud_firestore.dart' ('../../../.pub-cache/hosted/pub.dev/cloud_firestore-5.6.11/lib/cloud_firestore.dart').
build-and-test	Run flutter test --coverage	2025-07-30T14:30:42.8016340Z  - 'Map' is from 'dart:core'.
build-and-test	Run flutter test --coverage	2025-07-30T14:30:42.8016660Z     when(() => mockFirestore.collection(any())).thenReturn(mockCollection);
build-and-test	Run flutter test --coverage	2025-07-30T14:30:42.8017005Z                                                            ^
build-and-test	Run flutter test --coverage	2025-07-30T14:30:42.8017595Z test/firebase_test_helper.dart:132:52: Error: A value of type 'MockDocumentSnapshot' can't be assigned to a variable of type 'QueryDocumentSnapshot<Object?>'.
build-and-test	Run flutter test --coverage	2025-07-30T14:30:42.8018263Z  - 'MockDocumentSnapshot' is from 'test/firebase_test_helper.dart'.
build-and-test	Run flutter test --coverage	2025-07-30T14:30:42.8018977Z  - 'QueryDocumentSnapshot' is from 'package:cloud_firestore/cloud_firestore.dart' ('../../../.pub-cache/hosted/pub.dev/cloud_firestore-5.6.11/lib/cloud_firestore.dart').
build-and-test	Run flutter test --coverage	2025-07-30T14:30:42.8019593Z  - 'Object' is from 'dart:core'.
build-and-test	Run flutter test --coverage	2025-07-30T14:30:42.8019914Z     when(() => mockQuerySnapshot.docs).thenReturn([mockDocumentSnapshot]);
build-and-test	Run flutter test --coverage	2025-07-30T14:30:42.8020256Z                                                    ^
build-and-test	Run flutter test --coverage	2025-07-30T14:30:44.8331715Z ##[group]❌ loading /home/runner/work/appoint/appoint/test/features/admin/admin_panel_integration_test.dart (failed)
build-and-test	Run flutter test --coverage	2025-07-30T14:30:44.8334209Z Failed to load "/home/runner/work/appoint/appoint/test/features/admin/admin_panel_integration_test.dart": Compilation failed for testPath=/home/runner/work/appoint/appoint/test/features/admin/admin_panel_integration_test.dart
build-and-test	Run flutter test --coverage	2025-07-30T14:30:44.8336592Z 
build-and-test	Run flutter test --coverage	2025-07-30T14:30:44.8336956Z ##[endgroup]
build-and-test	Run flutter test --coverage	2025-07-30T14:30:44.8785278Z ##[group]❌ loading /home/runner/work/appoint/appoint/test/widgets/login_screen_test.dart (failed after test completion)
build-and-test	Run flutter test --coverage	2025-07-30T14:30:44.8785972Z Error: the Dart compiler exited unexpectedly.
build-and-test	Run flutter test --coverage	2025-07-30T14:30:44.8787589Z package:flutter_tools/src/base/common.dart 10:3  throwToolExit
build-and-test	Run flutter test --coverage	2025-07-30T14:30:44.8788377Z package:flutter_tools/src/compile.dart 893:9     DefaultResidentCompiler._compile.<fn>
build-and-test	Run flutter test --coverage	2025-07-30T14:30:44.8789033Z dart:async/zone.dart 1422:47                     _rootRunUnary
build-and-test	Run flutter test --coverage	2025-07-30T14:30:44.8789688Z dart:async/future_impl.dart 902:45               Future._propagateToListeners.handleValueCallback
build-and-test	Run flutter test --coverage	2025-07-30T14:30:44.8790245Z dart:async/future_impl.dart 931:13               Future._propagateToListeners
build-and-test	Run flutter test --coverage	2025-07-30T14:30:44.8790734Z dart:async/future_impl.dart 827:9                Future._propagateToListeners
build-and-test	Run flutter test --coverage	2025-07-30T14:30:44.8791203Z dart:async/future_impl.dart 707:5                Future._completeWithValue
build-and-test	Run flutter test --coverage	2025-07-30T14:30:44.8791952Z dart:async/future_impl.dart 777:7                Future._asyncCompleteWithValue.<fn>
build-and-test	Run flutter test --coverage	2025-07-30T14:30:44.8792409Z dart:async/zone.dart 1414:13                     _rootRun
build-and-test	Run flutter test --coverage	2025-07-30T14:30:44.8792777Z dart:async/zone.dart 1317:19                     _CustomZone.run
build-and-test	Run flutter test --coverage	2025-07-30T14:30:44.8793510Z dart:async/zone.dart 1225:7                      _CustomZone.runGuarded
build-and-test	Run flutter test --coverage	2025-07-30T14:30:44.8793964Z dart:async/zone.dart 1265:23                     _CustomZone.bindCallbackGuarded.<fn>
build-and-test	Run flutter test --coverage	2025-07-30T14:30:44.8794422Z dart:async/schedule_microtask.dart 40:21         _microtaskLoop
build-and-test	Run flutter test --coverage	2025-07-30T14:30:44.8794869Z dart:async/schedule_microtask.dart 49:5          _startMicrotaskLoop
build-and-test	Run flutter test --coverage	2025-07-30T14:30:44.8795367Z dart:isolate-patch/isolate_patch.dart 118:13     _runPendingImmediateCallback
build-and-test	Run flutter test --coverage	2025-07-30T14:30:44.8795907Z dart:isolate-patch/isolate_patch.dart 185:5      _RawReceivePort._handleMessage
build-and-test	Run flutter test --coverage	2025-07-30T14:30:44.8796451Z ##[endgroup]
build-and-test	Run flutter test --coverage	2025-07-30T14:30:46.3722991Z test/features/family/parental_settings_screen_test.dart:5:8: Error: Error when reading 'test/features/family/firebase_test_helper.dart': No such file or directory
build-and-test	Run flutter test --coverage	2025-07-30T14:30:46.3725501Z import 'firebase_test_helper.dart';
build-and-test	Run flutter test --coverage	2025-07-30T14:30:46.3725967Z        ^
build-and-test	Run flutter test --coverage	2025-07-30T14:30:46.4454359Z ##[group]❌ loading /home/runner/work/appoint/appoint/test/features/family/parental_settings_screen_test.dart (failed)
build-and-test	Run flutter test --coverage	2025-07-30T14:30:46.4457210Z Failed to load "/home/runner/work/appoint/appoint/test/features/family/parental_settings_screen_test.dart": Compilation failed for testPath=/home/runner/work/appoint/appoint/test/features/family/parental_settings_screen_test.dart
build-and-test	Run flutter test --coverage	2025-07-30T14:30:46.4459710Z 
build-and-test	Run flutter test --coverage	2025-07-30T14:30:46.4460311Z ##[endgroup]
build-and-test	Run flutter test --coverage	2025-07-30T14:30:46.4768401Z ##[group]❌ loading /home/runner/work/appoint/appoint/test/widgets/login_screen_test.dart (failed after test completion)
build-and-test	Run flutter test --coverage	2025-07-30T14:30:46.4769513Z Error: the Dart compiler exited unexpectedly.
build-and-test	Run flutter test --coverage	2025-07-30T14:30:46.4777261Z package:flutter_tools/src/base/common.dart 10:3  throwToolExit
build-and-test	Run flutter test --coverage	2025-07-30T14:30:46.4778464Z package:flutter_tools/src/compile.dart 893:9     DefaultResidentCompiler._compile.<fn>
build-and-test	Run flutter test --coverage	2025-07-30T14:30:46.4779670Z dart:async/zone.dart 1422:47                     _rootRunUnary
build-and-test	Run flutter test --coverage	2025-07-30T14:30:46.4781099Z dart:async/future_impl.dart 902:45               Future._propagateToListeners.handleValueCallback
build-and-test	Run flutter test --coverage	2025-07-30T14:30:46.4782276Z dart:async/future_impl.dart 931:13               Future._propagateToListeners
build-and-test	Run flutter test --coverage	2025-07-30T14:30:46.4783105Z dart:async/future_impl.dart 827:9                Future._propagateToListeners
build-and-test	Run flutter test --coverage	2025-07-30T14:30:46.4783928Z dart:async/future_impl.dart 707:5                Future._completeWithValue
build-and-test	Run flutter test --coverage	2025-07-30T14:30:46.4784764Z dart:async/future_impl.dart 777:7                Future._asyncCompleteWithValue.<fn>
build-and-test	Run flutter test --coverage	2025-07-30T14:30:46.4785518Z dart:async/zone.dart 1414:13                     _rootRun
build-and-test	Run flutter test --coverage	2025-07-30T14:30:46.4786150Z dart:async/zone.dart 1317:19                     _CustomZone.run
build-and-test	Run flutter test --coverage	2025-07-30T14:30:46.4786856Z dart:async/zone.dart 1225:7                      _CustomZone.runGuarded
build-and-test	Run flutter test --coverage	2025-07-30T14:30:46.4787632Z dart:async/zone.dart 1265:23                     _CustomZone.bindCallbackGuarded.<fn>
build-and-test	Run flutter test --coverage	2025-07-30T14:30:46.4788415Z dart:async/schedule_microtask.dart 40:21         _microtaskLoop
build-and-test	Run flutter test --coverage	2025-07-30T14:30:46.4789161Z dart:async/schedule_microtask.dart 49:5          _startMicrotaskLoop
build-and-test	Run flutter test --coverage	2025-07-30T14:30:46.4790014Z dart:isolate-patch/isolate_patch.dart 118:13     _runPendingImmediateCallback
build-and-test	Run flutter test --coverage	2025-07-30T14:30:46.4790936Z dart:isolate-patch/isolate_patch.dart 185:5      _RawReceivePort._handleMessage
build-and-test	Run flutter test --coverage	2025-07-30T14:30:46.4792310Z ##[endgroup]
build-and-test	Run flutter test --coverage	2025-07-30T14:30:47.4988946Z ✅ /home/runner/work/appoint/appoint/test/features/family/parental_consent_prompt_test.dart: ParentalConsentPrompt shows both consent buttons
build-and-test	Run flutter test --coverage	2025-07-30T14:30:48.3806616Z test/firebase_test_helper.dart:11:48: Error: Type 'FirebaseAuth' not found.
build-and-test	Run flutter test --coverage	2025-07-30T14:30:48.3810886Z class MockFirebaseAuth extends Mock implements FirebaseAuth {}
build-and-test	Run flutter test --coverage	2025-07-30T14:30:48.3813946Z                                                ^^^^^^^^^^^^
build-and-test	Run flutter test --coverage	2025-07-30T14:30:48.3815958Z test/firebase_test_helper.dart:13:40: Error: Type 'User' not found.
build-and-test	Run flutter test --coverage	2025-07-30T14:30:48.3818388Z class MockUser extends Mock implements User {}
build-and-test	Run flutter test --coverage	2025-07-30T14:30:48.3819656Z                                        ^^^^
build-and-test	Run flutter test --coverage	2025-07-30T14:30:48.3822229Z test/firebase_test_helper.dart:15:50: Error: Type 'UserCredential' not found.
build-and-test	Run flutter test --coverage	2025-07-30T14:30:48.3824760Z class MockUserCredential extends Mock implements UserCredential {}
build-and-test	Run flutter test --coverage	2025-07-30T14:30:48.3828123Z                                                  ^^^^^^^^^^^^^^
build-and-test	Run flutter test --coverage	2025-07-30T14:30:49.1135118Z test/features/family/family_management_test.dart:48:22: Error: The argument type 'List<dynamic>' can't be assigned to the parameter type 'DateTime?'.
build-and-test	Run flutter test --coverage	2025-07-30T14:30:49.1136460Z  - 'List' is from 'dart:core'.
build-and-test	Run flutter test --coverage	2025-07-30T14:30:49.1136905Z  - 'DateTime' is from 'dart:core'.
build-and-test	Run flutter test --coverage	2025-07-30T14:30:49.1137366Z         consentedAt: [],
build-and-test	Run flutter test --coverage	2025-07-30T14:30:49.1137735Z                      ^
build-and-test	Run flutter test --coverage	2025-07-30T14:30:49.1138733Z test/features/family/family_management_test.dart:61:22: Error: The argument type 'List<dynamic>' can't be assigned to the parameter type 'DateTime?'.
build-and-test	Run flutter test --coverage	2025-07-30T14:30:49.1139833Z  - 'List' is from 'dart:core'.
build-and-test	Run flutter test --coverage	2025-07-30T14:30:49.1140195Z  - 'DateTime' is from 'dart:core'.
build-and-test	Run flutter test --coverage	2025-07-30T14:30:49.1140552Z         consentedAt: [],
build-and-test	Run flutter test --coverage	2025-07-30T14:30:49.1140905Z                      ^
build-and-test	Run flutter test --coverage	2025-07-30T14:30:49.1142033Z test/features/family/family_management_test.dart:69:22: Error: The argument type 'List<DateTime>' can't be assigned to the parameter type 'DateTime?'.
build-and-test	Run flutter test --coverage	2025-07-30T14:30:49.1143112Z  - 'List' is from 'dart:core'.
build-and-test	Run flutter test --coverage	2025-07-30T14:30:49.1143998Z  - 'DateTime' is from 'dart:core'.
build-and-test	Run flutter test --coverage	2025-07-30T14:30:49.1144453Z         consentedAt: [DateTime(2024, 1, 2)],
build-and-test	Run flutter test --coverage	2025-07-30T14:30:49.1144924Z                      ^
build-and-test	Run flutter test --coverage	2025-07-30T14:30:49.1146238Z test/features/family/family_management_test.dart:152:9: Error: 'initializeTestFirebase' is imported from both 'test/fake_firebase_setup.dart' and 'test/firebase_test_helper.dart'.
build-and-test	Run flutter test --coverage	2025-07-30T14:30:49.1147708Z   await initializeTestFirebase();
build-and-test	Run flutter test --coverage	2025-07-30T14:30:49.1148104Z         ^^^^^^^^^^^^^^^^^^^^^^
build-and-test	Run flutter test --coverage	2025-07-30T14:30:49.1149082Z test/features/family/family_management_test.dart:190:22: Error: The argument type 'List<DateTime>' can't be assigned to the parameter type 'DateTime?'.
build-and-test	Run flutter test --coverage	2025-07-30T14:30:49.1150144Z  - 'List' is from 'dart:core'.
build-and-test	Run flutter test --coverage	2025-07-30T14:30:49.1150532Z  - 'DateTime' is from 'dart:core'.
build-and-test	Run flutter test --coverage	2025-07-30T14:30:49.1150940Z         consentedAt: [DateTime(2024, 1, 2)],
build-and-test	Run flutter test --coverage	2025-07-30T14:30:49.1151341Z                      ^
build-and-test	Run flutter test --coverage	2025-07-30T14:30:49.1468777Z test/firebase_test_helper.dart:78:25: Error: The getter 'uid' isn't defined for the class 'MockUser'.
build-and-test	Run flutter test --coverage	2025-07-30T14:30:49.1470186Z  - 'MockUser' is from 'test/firebase_test_helper.dart'.
build-and-test	Run flutter test --coverage	2025-07-30T14:30:49.1471059Z Try correcting the name to the name of an existing getter, or defining a getter or field named 'uid'.
build-and-test	Run flutter test --coverage	2025-07-30T14:30:49.1472817Z     when(() => mockUser.uid).thenReturn('test-user-id');
build-and-test	Run flutter test --coverage	2025-07-30T14:30:49.1473326Z                         ^^^
build-and-test	Run flutter test --coverage	2025-07-30T14:30:49.1474050Z test/firebase_test_helper.dart:79:25: Error: The getter 'email' isn't defined for the class 'MockUser'.
build-and-test	Run flutter test --coverage	2025-07-30T14:30:49.1474939Z  - 'MockUser' is from 'test/firebase_test_helper.dart'.
build-and-test	Run flutter test --coverage	2025-07-30T14:30:49.1475803Z Try correcting the name to the name of an existing getter, or defining a getter or field named 'email'.
build-and-test	Run flutter test --coverage	2025-07-30T14:30:49.1476746Z     when(() => mockUser.email).thenReturn('test@example.com');
build-and-test	Run flutter test --coverage	2025-07-30T14:30:49.1477297Z                         ^^^^^
build-and-test	Run flutter test --coverage	2025-07-30T14:30:49.1478069Z test/firebase_test_helper.dart:80:25: Error: The getter 'displayName' isn't defined for the class 'MockUser'.
build-and-test	Run flutter test --coverage	2025-07-30T14:30:49.1478998Z  - 'MockUser' is from 'test/firebase_test_helper.dart'.
build-and-test	Run flutter test --coverage	2025-07-30T14:30:49.1479827Z Try correcting the name to the name of an existing getter, or defining a getter or field named 'displayName'.
build-and-test	Run flutter test --coverage	2025-07-30T14:30:49.1480696Z     when(() => mockUser.displayName).thenReturn('Test User');
build-and-test	Run flutter test --coverage	2025-07-30T14:30:49.1481193Z                         ^^^^^^^^^^^
build-and-test	Run flutter test --coverage	2025-07-30T14:30:49.1482216Z test/firebase_test_helper.dart:81:25: Error: The getter 'photoURL' isn't defined for the class 'MockUser'.
build-and-test	Run flutter test --coverage	2025-07-30T14:30:49.1483085Z  - 'MockUser' is from 'test/firebase_test_helper.dart'.
build-and-test	Run flutter test --coverage	2025-07-30T14:30:49.1483892Z Try correcting the name to the name of an existing getter, or defining a getter or field named 'photoURL'.
build-and-test	Run flutter test --coverage	2025-07-30T14:30:49.1485333Z     when(() => mockUser.photoURL).thenReturn('https://example.com/photo.jpg');
build-and-test	Run flutter test --coverage	2025-07-30T14:30:49.1485950Z                         ^^^^^^^^
build-and-test	Run flutter test --coverage	2025-07-30T14:30:49.1486689Z test/firebase_test_helper.dart:82:25: Error: The getter 'isAnonymous' isn't defined for the class 'MockUser'.
build-and-test	Run flutter test --coverage	2025-07-30T14:30:49.1487599Z  - 'MockUser' is from 'test/firebase_test_helper.dart'.
build-and-test	Run flutter test --coverage	2025-07-30T14:30:49.1488430Z Try correcting the name to the name of an existing getter, or defining a getter or field named 'isAnonymous'.
build-and-test	Run flutter test --coverage	2025-07-30T14:30:49.1489254Z     when(() => mockUser.isAnonymous).thenReturn(false);
build-and-test	Run flutter test --coverage	2025-07-30T14:30:49.1489708Z                         ^^^^^^^^^^^
build-and-test	Run flutter test --coverage	2025-07-30T14:30:49.1490451Z test/firebase_test_helper.dart:83:25: Error: The getter 'emailVerified' isn't defined for the class 'MockUser'.
build-and-test	Run flutter test --coverage	2025-07-30T14:30:49.1491312Z  - 'MockUser' is from 'test/firebase_test_helper.dart'.
build-and-test	Run flutter test --coverage	2025-07-30T14:30:49.1493049Z Try correcting the name to the name of an existing getter, or defining a getter or field named 'emailVerified'.
build-and-test	Run flutter test --coverage	2025-07-30T14:30:49.1493939Z     when(() => mockUser.emailVerified).thenReturn(true);
build-and-test	Run flutter test --coverage	2025-07-30T14:30:49.1494416Z                         ^^^^^^^^^^^^^
build-and-test	Run flutter test --coverage	2025-07-30T14:30:49.1495142Z test/firebase_test_helper.dart:86:35: Error: The getter 'user' isn't defined for the class 'MockUserCredential'.
build-and-test	Run flutter test --coverage	2025-07-30T14:30:49.1496245Z  - 'MockUserCredential' is from 'test/firebase_test_helper.dart'.
build-and-test	Run flutter test --coverage	2025-07-30T14:30:49.1497070Z Try correcting the name to the name of an existing getter, or defining a getter or field named 'user'.
build-and-test	Run flutter test --coverage	2025-07-30T14:30:49.1497836Z     when(() => mockUserCredential.user).thenReturn(mockUser);
build-and-test	Run flutter test --coverage	2025-07-30T14:30:49.1498138Z                                   ^^^^
build-and-test	Run flutter test --coverage	2025-07-30T14:30:49.1498597Z test/firebase_test_helper.dart:89:25: Error: The getter 'currentUser' isn't defined for the class 'MockFirebaseAuth'.
build-and-test	Run flutter test --coverage	2025-07-30T14:30:49.1499127Z  - 'MockFirebaseAuth' is from 'test/firebase_test_helper.dart'.
build-and-test	Run flutter test --coverage	2025-07-30T14:30:49.1499631Z Try correcting the name to the name of an existing getter, or defining a getter or field named 'currentUser'.
build-and-test	Run flutter test --coverage	2025-07-30T14:30:49.1500115Z     when(() => mockAuth.currentUser).thenReturn(mockUser);
build-and-test	Run flutter test --coverage	2025-07-30T14:30:49.1500395Z                         ^^^^^^^^^^^
build-and-test	Run flutter test --coverage	2025-07-30T14:30:49.1500856Z test/firebase_test_helper.dart:90:25: Error: The method 'authStateChanges' isn't defined for the class 'MockFirebaseAuth'.
build-and-test	Run flutter test --coverage	2025-07-30T14:30:49.1501408Z  - 'MockFirebaseAuth' is from 'test/firebase_test_helper.dart'.
build-and-test	Run flutter test --coverage	2025-07-30T14:30:49.1502141Z Try correcting the name to the name of an existing method, or defining a method named 'authStateChanges'.
build-and-test	Run flutter test --coverage	2025-07-30T14:30:49.1502573Z     when(() => mockAuth.authStateChanges())
build-and-test	Run flutter test --coverage	2025-07-30T14:30:49.1502819Z                         ^^^^^^^^^^^^^^^^
build-and-test	Run flutter test --coverage	2025-07-30T14:30:49.1503256Z test/firebase_test_helper.dart:92:25: Error: The method 'userChanges' isn't defined for the class 'MockFirebaseAuth'.
build-and-test	Run flutter test --coverage	2025-07-30T14:30:49.1503783Z  - 'MockFirebaseAuth' is from 'test/firebase_test_helper.dart'.
build-and-test	Run flutter test --coverage	2025-07-30T14:30:49.1504252Z Try correcting the name to the name of an existing method, or defining a method named 'userChanges'.
build-and-test	Run flutter test --coverage	2025-07-30T14:30:49.1504656Z     when(() => mockAuth.userChanges())
build-and-test	Run flutter test --coverage	2025-07-30T14:30:49.1504883Z                         ^^^^^^^^^^^
build-and-test	Run flutter test --coverage	2025-07-30T14:30:49.1505368Z test/firebase_test_helper.dart:94:25: Error: The method 'signInWithEmailAndPassword' isn't defined for the class 'MockFirebaseAuth'.
build-and-test	Run flutter test --coverage	2025-07-30T14:30:49.1505948Z  - 'MockFirebaseAuth' is from 'test/firebase_test_helper.dart'.
build-and-test	Run flutter test --coverage	2025-07-30T14:30:49.1506451Z Try correcting the name to the name of an existing method, or defining a method named 'signInWithEmailAndPassword'.
build-and-test	Run flutter test --coverage	2025-07-30T14:30:49.1506958Z     when(() => mockAuth.signInWithEmailAndPassword(any(), any()))
build-and-test	Run flutter test --coverage	2025-07-30T14:30:49.1507266Z                         ^^^^^^^^^^^^^^^^^^^^^^^^^^
build-and-test	Run flutter test --coverage	2025-07-30T14:30:49.1507798Z test/firebase_test_helper.dart:96:25: Error: The method 'createUserWithEmailAndPassword' isn't defined for the class 'MockFirebaseAuth'.
build-and-test	Run flutter test --coverage	2025-07-30T14:30:49.1508590Z  - 'MockFirebaseAuth' is from 'test/firebase_test_helper.dart'.
build-and-test	Run flutter test --coverage	2025-07-30T14:30:49.1509111Z Try correcting the name to the name of an existing method, or defining a method named 'createUserWithEmailAndPassword'.
build-and-test	Run flutter test --coverage	2025-07-30T14:30:49.1509644Z     when(() => mockAuth.createUserWithEmailAndPassword(any(), any()))
build-and-test	Run flutter test --coverage	2025-07-30T14:30:49.1509966Z                         ^^^^^^^^^^^^^^^^^^^^^^^^^^^^^^
build-and-test	Run flutter test --coverage	2025-07-30T14:30:49.1510402Z test/firebase_test_helper.dart:98:25: Error: The method 'signOut' isn't defined for the class 'MockFirebaseAuth'.
build-and-test	Run flutter test --coverage	2025-07-30T14:30:49.1510902Z  - 'MockFirebaseAuth' is from 'test/firebase_test_helper.dart'.
build-and-test	Run flutter test --coverage	2025-07-30T14:30:49.1511340Z Try correcting the name to the name of an existing method, or defining a method named 'signOut'.
build-and-test	Run flutter test --coverage	2025-07-30T14:30:49.1512014Z     when(() => mockAuth.signOut()).thenAnswer((_) async {});
build-and-test	Run flutter test --coverage	2025-07-30T14:30:49.1512287Z                         ^^^^^^^
build-and-test	Run flutter test --coverage	2025-07-30T14:30:49.1512884Z test/firebase_test_helper.dart:108:60: Error: The argument type 'MockCollectionReference' can't be assigned to the parameter type 'CollectionReference<Map<String, dynamic>>'.
build-and-test	Run flutter test --coverage	2025-07-30T14:30:49.1513616Z  - 'MockCollectionReference' is from 'test/firebase_test_helper.dart'.
build-and-test	Run flutter test --coverage	2025-07-30T14:30:49.1514319Z  - 'CollectionReference' is from 'package:cloud_firestore/cloud_firestore.dart' ('../../../.pub-cache/hosted/pub.dev/cloud_firestore-5.6.11/lib/cloud_firestore.dart').
build-and-test	Run flutter test --coverage	2025-07-30T14:30:49.1515058Z  - 'Map' is from 'dart:core'.
build-and-test	Run flutter test --coverage	2025-07-30T14:30:49.1515369Z     when(() => mockFirestore.collection(any())).thenReturn(mockCollection);
build-and-test	Run flutter test --coverage	2025-07-30T14:30:49.1515701Z                                                            ^
build-and-test	Run flutter test --coverage	2025-07-30T14:30:49.1516278Z test/firebase_test_helper.dart:132:52: Error: A value of type 'MockDocumentSnapshot' can't be assigned to a variable of type 'QueryDocumentSnapshot<Object?>'.
build-and-test	Run flutter test --coverage	2025-07-30T14:30:49.1516931Z  - 'MockDocumentSnapshot' is from 'test/firebase_test_helper.dart'.
build-and-test	Run flutter test --coverage	2025-07-30T14:30:49.1517630Z  - 'QueryDocumentSnapshot' is from 'package:cloud_firestore/cloud_firestore.dart' ('../../../.pub-cache/hosted/pub.dev/cloud_firestore-5.6.11/lib/cloud_firestore.dart').
build-and-test	Run flutter test --coverage	2025-07-30T14:30:49.1518247Z  - 'Object' is from 'dart:core'.
build-and-test	Run flutter test --coverage	2025-07-30T14:30:49.1518558Z     when(() => mockQuerySnapshot.docs).thenReturn([mockDocumentSnapshot]);
build-and-test	Run flutter test --coverage	2025-07-30T14:30:49.1518899Z                                                    ^
build-and-test	Run flutter test --coverage	2025-07-30T14:30:50.9007168Z ##[group]❌ loading /home/runner/work/appoint/appoint/test/features/family/family_management_test.dart (failed)
build-and-test	Run flutter test --coverage	2025-07-30T14:30:50.9009242Z Failed to load "/home/runner/work/appoint/appoint/test/features/family/family_management_test.dart": Compilation failed for testPath=/home/runner/work/appoint/appoint/test/features/family/family_management_test.dart
build-and-test	Run flutter test --coverage	2025-07-30T14:30:50.9010663Z 
build-and-test	Run flutter test --coverage	2025-07-30T14:30:50.9010998Z ##[endgroup]
build-and-test	Run flutter test --coverage	2025-07-30T14:30:50.9473540Z ##[group]❌ loading /home/runner/work/appoint/appoint/test/widgets/login_screen_test.dart (failed after test completion)
build-and-test	Run flutter test --coverage	2025-07-30T14:30:50.9474766Z Error: the Dart compiler exited unexpectedly.
build-and-test	Run flutter test --coverage	2025-07-30T14:30:50.9482598Z package:flutter_tools/src/base/common.dart 10:3  throwToolExit
build-and-test	Run flutter test --coverage	2025-07-30T14:30:50.9483574Z package:flutter_tools/src/compile.dart 893:9     DefaultResidentCompiler._compile.<fn>
build-and-test	Run flutter test --coverage	2025-07-30T14:30:50.9484399Z dart:async/zone.dart 1422:47                     _rootRunUnary
build-and-test	Run flutter test --coverage	2025-07-30T14:30:50.9485231Z dart:async/future_impl.dart 902:45               Future._propagateToListeners.handleValueCallback
build-and-test	Run flutter test --coverage	2025-07-30T14:30:50.9486124Z dart:async/future_impl.dart 931:13               Future._propagateToListeners
build-and-test	Run flutter test --coverage	2025-07-30T14:30:50.9486906Z dart:async/future_impl.dart 827:9                Future._propagateToListeners
build-and-test	Run flutter test --coverage	2025-07-30T14:30:50.9487668Z dart:async/future_impl.dart 707:5                Future._completeWithValue
build-and-test	Run flutter test --coverage	2025-07-30T14:30:50.9488464Z dart:async/future_impl.dart 777:7                Future._asyncCompleteWithValue.<fn>
build-and-test	Run flutter test --coverage	2025-07-30T14:30:50.9489001Z dart:async/zone.dart 1414:13                     _rootRun
build-and-test	Run flutter test --coverage	2025-07-30T14:30:50.9489352Z dart:async/zone.dart 1317:19                     _CustomZone.run
build-and-test	Run flutter test --coverage	2025-07-30T14:30:50.9490055Z dart:async/zone.dart 1225:7                      _CustomZone.runGuarded
build-and-test	Run flutter test --coverage	2025-07-30T14:30:50.9490467Z dart:async/zone.dart 1265:23                     _CustomZone.bindCallbackGuarded.<fn>
build-and-test	Run flutter test --coverage	2025-07-30T14:30:50.9490891Z dart:async/schedule_microtask.dart 40:21         _microtaskLoop
build-and-test	Run flutter test --coverage	2025-07-30T14:30:50.9491303Z dart:async/schedule_microtask.dart 49:5          _startMicrotaskLoop
build-and-test	Run flutter test --coverage	2025-07-30T14:30:50.9492049Z dart:isolate-patch/isolate_patch.dart 118:13     _runPendingImmediateCallback
build-and-test	Run flutter test --coverage	2025-07-30T14:30:50.9492536Z dart:isolate-patch/isolate_patch.dart 185:5      _RawReceivePort._handleMessage
build-and-test	Run flutter test --coverage	2025-07-30T14:30:50.9493040Z ##[endgroup]
build-and-test	Run flutter test --coverage	2025-07-30T14:30:52.6935124Z test/mocks/firebase_mocks.dart:127:15: Error: Type 'MockFirebaseAuthGenerated' not found.
build-and-test	Run flutter test --coverage	2025-07-30T14:30:52.6936220Z   static late MockFirebaseAuthGenerated mockAuth;
build-and-test	Run flutter test --coverage	2025-07-30T14:30:52.6936920Z               ^^^^^^^^^^^^^^^^^^^^^^^^^
build-and-test	Run flutter test --coverage	2025-07-30T14:30:52.6938717Z test/mocks/firebase_mocks.dart:128:15: Error: Type 'MockFirebaseFirestoreGenerated' not found.
build-and-test	Run flutter test --coverage	2025-07-30T14:30:52.6939528Z   static late MockFirebaseFirestoreGenerated mockFirestore;
build-and-test	Run flutter test --coverage	2025-07-30T14:30:52.6940013Z               ^^^^^^^^^^^^^^^^^^^^^^^^^^^^^^
build-and-test	Run flutter test --coverage	2025-07-30T14:30:52.6940616Z test/mocks/firebase_mocks.dart:129:15: Error: Type 'MockFirebaseStorageGenerated' not found.
build-and-test	Run flutter test --coverage	2025-07-30T14:30:52.6941926Z   static late MockFirebaseStorageGenerated mockStorage;
build-and-test	Run flutter test --coverage	2025-07-30T14:30:52.6942368Z               ^^^^^^^^^^^^^^^^^^^^^^^^^^^^
build-and-test	Run flutter test --coverage	2025-07-30T14:30:52.6950838Z test/firebase_test_helper.dart:11:48: Error: Type 'FirebaseAuth' not found.
build-and-test	Run flutter test --coverage	2025-07-30T14:30:52.6952979Z class MockFirebaseAuth extends Mock implements FirebaseAuth {}
build-and-test	Run flutter test --coverage	2025-07-30T14:30:52.6954717Z                                                ^^^^^^^^^^^^
build-and-test	Run flutter test --coverage	2025-07-30T14:30:52.6957790Z test/firebase_test_helper.dart:13:40: Error: Type 'User' not found.
build-and-test	Run flutter test --coverage	2025-07-30T14:30:52.6960411Z class MockUser extends Mock implements User {}
build-and-test	Run flutter test --coverage	2025-07-30T14:30:52.6963356Z                                        ^^^^
build-and-test	Run flutter test --coverage	2025-07-30T14:30:52.6967296Z test/firebase_test_helper.dart:15:50: Error: Type 'UserCredential' not found.
build-and-test	Run flutter test --coverage	2025-07-30T14:30:52.6970142Z class MockUserCredential extends Mock implements UserCredential {}
build-and-test	Run flutter test --coverage	2025-07-30T14:30:52.6973101Z                                                  ^^^^^^^^^^^^^^
build-and-test	Run flutter test --coverage	2025-07-30T14:30:53.3976236Z test/mocks/firebase_mocks.dart:127:15: Error: 'MockFirebaseAuthGenerated' isn't a type.
build-and-test	Run flutter test --coverage	2025-07-30T14:30:53.3977533Z   static late MockFirebaseAuthGenerated mockAuth;
build-and-test	Run flutter test --coverage	2025-07-30T14:30:53.3978639Z               ^^^^^^^^^^^^^^^^^^^^^^^^^
build-and-test	Run flutter test --coverage	2025-07-30T14:30:53.3979420Z test/mocks/firebase_mocks.dart:128:15: Error: 'MockFirebaseFirestoreGenerated' isn't a type.
build-and-test	Run flutter test --coverage	2025-07-30T14:30:53.3980428Z   static late MockFirebaseFirestoreGenerated mockFirestore;
build-and-test	Run flutter test --coverage	2025-07-30T14:30:53.3981143Z               ^^^^^^^^^^^^^^^^^^^^^^^^^^^^^^
build-and-test	Run flutter test --coverage	2025-07-30T14:30:53.3982287Z test/mocks/firebase_mocks.dart:129:15: Error: 'MockFirebaseStorageGenerated' isn't a type.
build-and-test	Run flutter test --coverage	2025-07-30T14:30:53.3983251Z   static late MockFirebaseStorageGenerated mockStorage;
build-and-test	Run flutter test --coverage	2025-07-30T14:30:53.3984165Z               ^^^^^^^^^^^^^^^^^^^^^^^^^^^^
build-and-test	Run flutter test --coverage	2025-07-30T14:30:53.3984893Z test/mocks/firebase_mocks.dart:132:16: Error: Method not found: 'MockFirebaseAuthGenerated'.
build-and-test	Run flutter test --coverage	2025-07-30T14:30:53.3985680Z     mockAuth = MockFirebaseAuthGenerated();
build-and-test	Run flutter test --coverage	2025-07-30T14:30:53.3986148Z                ^^^^^^^^^^^^^^^^^^^^^^^^^
build-and-test	Run flutter test --coverage	2025-07-30T14:30:53.3986888Z test/mocks/firebase_mocks.dart:133:21: Error: Method not found: 'MockFirebaseFirestoreGenerated'.
build-and-test	Run flutter test --coverage	2025-07-30T14:30:53.3987772Z     mockFirestore = MockFirebaseFirestoreGenerated();
build-and-test	Run flutter test --coverage	2025-07-30T14:30:53.3988300Z                     ^^^^^^^^^^^^^^^^^^^^^^^^^^^^^^
build-and-test	Run flutter test --coverage	2025-07-30T14:30:53.3989064Z test/mocks/firebase_mocks.dart:134:19: Error: Method not found: 'MockFirebaseStorageGenerated'.
build-and-test	Run flutter test --coverage	2025-07-30T14:30:53.3989888Z     mockStorage = MockFirebaseStorageGenerated();
build-and-test	Run flutter test --coverage	2025-07-30T14:30:53.3990389Z                   ^^^^^^^^^^^^^^^^^^^^^^^^^^^^
build-and-test	Run flutter test --coverage	2025-07-30T14:30:53.3991147Z test/firebase_test_helper.dart:78:25: Error: The getter 'uid' isn't defined for the class 'MockUser'.
build-and-test	Run flutter test --coverage	2025-07-30T14:30:53.3992632Z  - 'MockUser' is from 'test/firebase_test_helper.dart'.
build-and-test	Run flutter test --coverage	2025-07-30T14:30:53.3993458Z Try correcting the name to the name of an existing getter, or defining a getter or field named 'uid'.
build-and-test	Run flutter test --coverage	2025-07-30T14:30:53.3994307Z     when(() => mockUser.uid).thenReturn('test-user-id');
build-and-test	Run flutter test --coverage	2025-07-30T14:30:53.3994804Z                         ^^^
build-and-test	Run flutter test --coverage	2025-07-30T14:30:53.3995505Z test/firebase_test_helper.dart:79:25: Error: The getter 'email' isn't defined for the class 'MockUser'.
build-and-test	Run flutter test --coverage	2025-07-30T14:30:53.3996380Z  - 'MockUser' is from 'test/firebase_test_helper.dart'.
build-and-test	Run flutter test --coverage	2025-07-30T14:30:53.3997214Z Try correcting the name to the name of an existing getter, or defining a getter or field named 'email'.
build-and-test	Run flutter test --coverage	2025-07-30T14:30:53.3998217Z     when(() => mockUser.email).thenReturn('test@example.com');
build-and-test	Run flutter test --coverage	2025-07-30T14:30:53.3998740Z                         ^^^^^
build-and-test	Run flutter test --coverage	2025-07-30T14:30:53.3999477Z test/firebase_test_helper.dart:80:25: Error: The getter 'displayName' isn't defined for the class 'MockUser'.
build-and-test	Run flutter test --coverage	2025-07-30T14:30:53.4000396Z  - 'MockUser' is from 'test/firebase_test_helper.dart'.
build-and-test	Run flutter test --coverage	2025-07-30T14:30:53.4001329Z Try correcting the name to the name of an existing getter, or defining a getter or field named 'displayName'.
build-and-test	Run flutter test --coverage	2025-07-30T14:30:53.4002404Z     when(() => mockUser.displayName).thenReturn('Test User');
build-and-test	Run flutter test --coverage	2025-07-30T14:30:53.4003196Z                         ^^^^^^^^^^^
build-and-test	Run flutter test --coverage	2025-07-30T14:30:53.4003963Z test/firebase_test_helper.dart:81:25: Error: The getter 'photoURL' isn't defined for the class 'MockUser'.
build-and-test	Run flutter test --coverage	2025-07-30T14:30:53.4004847Z  - 'MockUser' is from 'test/firebase_test_helper.dart'.
build-and-test	Run flutter test --coverage	2025-07-30T14:30:53.4007391Z Try correcting the name to the name of an existing getter, or defining a getter or field named 'photoURL'.
build-and-test	Run flutter test --coverage	2025-07-30T14:30:53.4008429Z     when(() => mockUser.photoURL).thenReturn('https://example.com/photo.jpg');
build-and-test	Run flutter test --coverage	2025-07-30T14:30:53.4009086Z                         ^^^^^^^^
build-and-test	Run flutter test --coverage	2025-07-30T14:30:53.4009862Z test/firebase_test_helper.dart:82:25: Error: The getter 'isAnonymous' isn't defined for the class 'MockUser'.
build-and-test	Run flutter test --coverage	2025-07-30T14:30:53.4010794Z  - 'MockUser' is from 'test/firebase_test_helper.dart'.
build-and-test	Run flutter test --coverage	2025-07-30T14:30:53.4011989Z Try correcting the name to the name of an existing getter, or defining a getter or field named 'isAnonymous'.
build-and-test	Run flutter test --coverage	2025-07-30T14:30:53.4012908Z     when(() => mockUser.isAnonymous).thenReturn(false);
build-and-test	Run flutter test --coverage	2025-07-30T14:30:53.4013402Z                         ^^^^^^^^^^^
build-and-test	Run flutter test --coverage	2025-07-30T14:30:53.4014201Z test/firebase_test_helper.dart:83:25: Error: The getter 'emailVerified' isn't defined for the class 'MockUser'.
build-and-test	Run flutter test --coverage	2025-07-30T14:30:53.4015127Z  - 'MockUser' is from 'test/firebase_test_helper.dart'.
build-and-test	Run flutter test --coverage	2025-07-30T14:30:53.4015996Z Try correcting the name to the name of an existing getter, or defining a getter or field named 'emailVerified'.
build-and-test	Run flutter test --coverage	2025-07-30T14:30:53.4016856Z     when(() => mockUser.emailVerified).thenReturn(true);
build-and-test	Run flutter test --coverage	2025-07-30T14:30:53.4017353Z                         ^^^^^^^^^^^^^
build-and-test	Run flutter test --coverage	2025-07-30T14:30:53.4018119Z test/firebase_test_helper.dart:86:35: Error: The getter 'user' isn't defined for the class 'MockUserCredential'.
build-and-test	Run flutter test --coverage	2025-07-30T14:30:53.4019120Z  - 'MockUserCredential' is from 'test/firebase_test_helper.dart'.
build-and-test	Run flutter test --coverage	2025-07-30T14:30:53.4020010Z Try correcting the name to the name of an existing getter, or defining a getter or field named 'user'.
build-and-test	Run flutter test --coverage	2025-07-30T14:30:53.4020863Z     when(() => mockUserCredential.user).thenReturn(mockUser);
build-and-test	Run flutter test --coverage	2025-07-30T14:30:53.4021396Z                                   ^^^^
build-and-test	Run flutter test --coverage	2025-07-30T14:30:53.4022453Z test/firebase_test_helper.dart:89:25: Error: The getter 'currentUser' isn't defined for the class 'MockFirebaseAuth'.
build-and-test	Run flutter test --coverage	2025-07-30T14:30:53.4023456Z  - 'MockFirebaseAuth' is from 'test/firebase_test_helper.dart'.
build-and-test	Run flutter test --coverage	2025-07-30T14:30:53.4024391Z Try correcting the name to the name of an existing getter, or defining a getter or field named 'currentUser'.
build-and-test	Run flutter test --coverage	2025-07-30T14:30:53.4025241Z     when(() => mockAuth.currentUser).thenReturn(mockUser);
build-and-test	Run flutter test --coverage	2025-07-30T14:30:53.4025729Z                         ^^^^^^^^^^^
build-and-test	Run flutter test --coverage	2025-07-30T14:30:53.4026605Z test/firebase_test_helper.dart:90:25: Error: The method 'authStateChanges' isn't defined for the class 'MockFirebaseAuth'.
build-and-test	Run flutter test --coverage	2025-07-30T14:30:53.4027983Z  - 'MockFirebaseAuth' is from 'test/firebase_test_helper.dart'.
build-and-test	Run flutter test --coverage	2025-07-30T14:30:53.4029004Z Try correcting the name to the name of an existing method, or defining a method named 'authStateChanges'.
build-and-test	Run flutter test --coverage	2025-07-30T14:30:53.4029850Z     when(() => mockAuth.authStateChanges())
build-and-test	Run flutter test --coverage	2025-07-30T14:30:53.4030305Z                         ^^^^^^^^^^^^^^^^
build-and-test	Run flutter test --coverage	2025-07-30T14:30:53.4031156Z test/firebase_test_helper.dart:92:25: Error: The method 'userChanges' isn't defined for the class 'MockFirebaseAuth'.
build-and-test	Run flutter test --coverage	2025-07-30T14:30:53.4032370Z  - 'MockFirebaseAuth' is from 'test/firebase_test_helper.dart'.
build-and-test	Run flutter test --coverage	2025-07-30T14:30:53.4033282Z Try correcting the name to the name of an existing method, or defining a method named 'userChanges'.
build-and-test	Run flutter test --coverage	2025-07-30T14:30:53.4034045Z     when(() => mockAuth.userChanges())
build-and-test	Run flutter test --coverage	2025-07-30T14:30:53.4034440Z                         ^^^^^^^^^^^
build-and-test	Run flutter test --coverage	2025-07-30T14:30:53.4035362Z test/firebase_test_helper.dart:94:25: Error: The method 'signInWithEmailAndPassword' isn't defined for the class 'MockFirebaseAuth'.
build-and-test	Run flutter test --coverage	2025-07-30T14:30:53.4036491Z  - 'MockFirebaseAuth' is from 'test/firebase_test_helper.dart'.
build-and-test	Run flutter test --coverage	2025-07-30T14:30:53.4037477Z Try correcting the name to the name of an existing method, or defining a method named 'signInWithEmailAndPassword'.
build-and-test	Run flutter test --coverage	2025-07-30T14:30:53.4038661Z     when(() => mockAuth.signInWithEmailAndPassword(any(), any()))
build-and-test	Run flutter test --coverage	2025-07-30T14:30:53.4039212Z                         ^^^^^^^^^^^^^^^^^^^^^^^^^^
build-and-test	Run flutter test --coverage	2025-07-30T14:30:53.4040213Z test/firebase_test_helper.dart:96:25: Error: The method 'createUserWithEmailAndPassword' isn't defined for the class 'MockFirebaseAuth'.
build-and-test	Run flutter test --coverage	2025-07-30T14:30:53.4041359Z  - 'MockFirebaseAuth' is from 'test/firebase_test_helper.dart'.
build-and-test	Run flutter test --coverage	2025-07-30T14:30:53.4042537Z Try correcting the name to the name of an existing method, or defining a method named 'createUserWithEmailAndPassword'.
build-and-test	Run flutter test --coverage	2025-07-30T14:30:53.4043493Z     when(() => mockAuth.createUserWithEmailAndPassword(any(), any()))
build-and-test	Run flutter test --coverage	2025-07-30T14:30:53.4044066Z                         ^^^^^^^^^^^^^^^^^^^^^^^^^^^^^^
build-and-test	Run flutter test --coverage	2025-07-30T14:30:53.4044883Z test/firebase_test_helper.dart:98:25: Error: The method 'signOut' isn't defined for the class 'MockFirebaseAuth'.
build-and-test	Run flutter test --coverage	2025-07-30T14:30:53.4045851Z  - 'MockFirebaseAuth' is from 'test/firebase_test_helper.dart'.
build-and-test	Run flutter test --coverage	2025-07-30T14:30:53.4046734Z Try correcting the name to the name of an existing method, or defining a method named 'signOut'.
build-and-test	Run flutter test --coverage	2025-07-30T14:30:53.4047552Z     when(() => mockAuth.signOut()).thenAnswer((_) async {});
build-and-test	Run flutter test --coverage	2025-07-30T14:30:53.4048074Z                         ^^^^^^^
build-and-test	Run flutter test --coverage	2025-07-30T14:30:53.4049204Z test/firebase_test_helper.dart:108:60: Error: The argument type 'MockCollectionReference' can't be assigned to the parameter type 'CollectionReference<Map<String, dynamic>>'.
build-and-test	Run flutter test --coverage	2025-07-30T14:30:53.4050626Z  - 'MockCollectionReference' is from 'test/firebase_test_helper.dart'.
build-and-test	Run flutter test --coverage	2025-07-30T14:30:53.4052208Z  - 'CollectionReference' is from 'package:cloud_firestore/cloud_firestore.dart' ('../../../.pub-cache/hosted/pub.dev/cloud_firestore-5.6.11/lib/cloud_firestore.dart').
build-and-test	Run flutter test --coverage	2025-07-30T14:30:53.4053404Z  - 'Map' is from 'dart:core'.
build-and-test	Run flutter test --coverage	2025-07-30T14:30:53.4053990Z     when(() => mockFirestore.collection(any())).thenReturn(mockCollection);
build-and-test	Run flutter test --coverage	2025-07-30T14:30:53.4054624Z                                                            ^
build-and-test	Run flutter test --coverage	2025-07-30T14:30:53.4055726Z test/firebase_test_helper.dart:132:52: Error: A value of type 'MockDocumentSnapshot' can't be assigned to a variable of type 'QueryDocumentSnapshot<Object?>'.
build-and-test	Run flutter test --coverage	2025-07-30T14:30:53.4057028Z  - 'MockDocumentSnapshot' is from 'test/firebase_test_helper.dart'.
build-and-test	Run flutter test --coverage	2025-07-30T14:30:53.4058330Z  - 'QueryDocumentSnapshot' is from 'package:cloud_firestore/cloud_firestore.dart' ('../../../.pub-cache/hosted/pub.dev/cloud_firestore-5.6.11/lib/cloud_firestore.dart').
build-and-test	Run flutter test --coverage	2025-07-30T14:30:53.4059504Z  - 'Object' is from 'dart:core'.
build-and-test	Run flutter test --coverage	2025-07-30T14:30:53.4060095Z     when(() => mockQuerySnapshot.docs).thenReturn([mockDocumentSnapshot]);
build-and-test	Run flutter test --coverage	2025-07-30T14:30:53.4060981Z                                                    ^
build-and-test	Run flutter test --coverage	2025-07-30T14:30:55.2198056Z ##[group]❌ loading /home/runner/work/appoint/appoint/test/features/family/otp_flow_test.dart (failed)
build-and-test	Run flutter test --coverage	2025-07-30T14:30:55.2200212Z Failed to load "/home/runner/work/appoint/appoint/test/features/family/otp_flow_test.dart": Compilation failed for testPath=/home/runner/work/appoint/appoint/test/features/family/otp_flow_test.dart
build-and-test	Run flutter test --coverage	2025-07-30T14:30:55.2201864Z 
build-and-test	Run flutter test --coverage	2025-07-30T14:30:55.2202305Z ##[endgroup]
build-and-test	Run flutter test --coverage	2025-07-30T14:30:55.2662764Z ##[group]❌ loading /home/runner/work/appoint/appoint/test/widgets/login_screen_test.dart (failed after test completion)
build-and-test	Run flutter test --coverage	2025-07-30T14:30:55.2663385Z Error: the Dart compiler exited unexpectedly.
build-and-test	Run flutter test --coverage	2025-07-30T14:30:55.2664972Z package:flutter_tools/src/base/common.dart 10:3  throwToolExit
build-and-test	Run flutter test --coverage	2025-07-30T14:30:55.2665726Z package:flutter_tools/src/compile.dart 893:9     DefaultResidentCompiler._compile.<fn>
build-and-test	Run flutter test --coverage	2025-07-30T14:30:55.2666183Z dart:async/zone.dart 1422:47                     _rootRunUnary
build-and-test	Run flutter test --coverage	2025-07-30T14:30:55.2666690Z dart:async/future_impl.dart 902:45               Future._propagateToListeners.handleValueCallback
build-and-test	Run flutter test --coverage	2025-07-30T14:30:55.2667334Z dart:async/future_impl.dart 931:13               Future._propagateToListeners
build-and-test	Run flutter test --coverage	2025-07-30T14:30:55.2667780Z dart:async/future_impl.dart 827:9                Future._propagateToListeners
build-and-test	Run flutter test --coverage	2025-07-30T14:30:55.2668539Z dart:async/future_impl.dart 707:5                Future._completeWithValue
build-and-test	Run flutter test --coverage	2025-07-30T14:30:55.2668982Z dart:async/future_impl.dart 777:7                Future._asyncCompleteWithValue.<fn>
build-and-test	Run flutter test --coverage	2025-07-30T14:30:55.2669381Z dart:async/zone.dart 1414:13                     _rootRun
build-and-test	Run flutter test --coverage	2025-07-30T14:30:55.2669720Z dart:async/zone.dart 1317:19                     _CustomZone.run
build-and-test	Run flutter test --coverage	2025-07-30T14:30:55.2670106Z dart:async/zone.dart 1225:7                      _CustomZone.runGuarded
build-and-test	Run flutter test --coverage	2025-07-30T14:30:55.2670513Z dart:async/zone.dart 1265:23                     _CustomZone.bindCallbackGuarded.<fn>
build-and-test	Run flutter test --coverage	2025-07-30T14:30:55.2670930Z dart:async/schedule_microtask.dart 40:21         _microtaskLoop
build-and-test	Run flutter test --coverage	2025-07-30T14:30:55.2671328Z dart:async/schedule_microtask.dart 49:5          _startMicrotaskLoop
build-and-test	Run flutter test --coverage	2025-07-30T14:30:55.2672280Z dart:isolate-patch/isolate_patch.dart 118:13     _runPendingImmediateCallback
build-and-test	Run flutter test --coverage	2025-07-30T14:30:55.2672801Z dart:isolate-patch/isolate_patch.dart 185:5      _RawReceivePort._handleMessage
build-and-test	Run flutter test --coverage	2025-07-30T14:30:55.2673315Z ##[endgroup]
build-and-test	Run flutter test --coverage	2025-07-30T14:30:56.6156783Z test/firebase_test_helper.dart:11:48: Error: Type 'FirebaseAuth' not found.
build-and-test	Run flutter test --coverage	2025-07-30T14:30:56.6157601Z class MockFirebaseAuth extends Mock implements FirebaseAuth {}
build-and-test	Run flutter test --coverage	2025-07-30T14:30:56.6158104Z                                                ^^^^^^^^^^^^
build-and-test	Run flutter test --coverage	2025-07-30T14:30:56.6158623Z test/firebase_test_helper.dart:13:40: Error: Type 'User' not found.
build-and-test	Run flutter test --coverage	2025-07-30T14:30:56.6159170Z class MockUser extends Mock implements User {}
build-and-test	Run flutter test --coverage	2025-07-30T14:30:56.6159571Z                                        ^^^^
build-and-test	Run flutter test --coverage	2025-07-30T14:30:56.6160129Z test/firebase_test_helper.dart:15:50: Error: Type 'UserCredential' not found.
build-and-test	Run flutter test --coverage	2025-07-30T14:30:56.6160865Z class MockUserCredential extends Mock implements UserCredential {}
build-and-test	Run flutter test --coverage	2025-07-30T14:30:56.6161436Z                                                  ^^^^^^^^^^^^^^
build-and-test	Run flutter test --coverage	2025-07-30T14:30:56.7639057Z test/firebase_test_helper.dart:78:25: Error: The getter 'uid' isn't defined for the class 'MockUser'.
build-and-test	Run flutter test --coverage	2025-07-30T14:30:56.7640158Z  - 'MockUser' is from 'test/firebase_test_helper.dart'.
build-and-test	Run flutter test --coverage	2025-07-30T14:30:56.7642790Z Try correcting the name to the name of an existing getter, or defining a getter or field named 'uid'.
build-and-test	Run flutter test --coverage	2025-07-30T14:30:56.7643581Z     when(() => mockUser.uid).thenReturn('test-user-id');
build-and-test	Run flutter test --coverage	2025-07-30T14:30:56.7644051Z                         ^^^
build-and-test	Run flutter test --coverage	2025-07-30T14:30:56.7644713Z test/firebase_test_helper.dart:79:25: Error: The getter 'email' isn't defined for the class 'MockUser'.
build-and-test	Run flutter test --coverage	2025-07-30T14:30:56.7645527Z  - 'MockUser' is from 'test/firebase_test_helper.dart'.
build-and-test	Run flutter test --coverage	2025-07-30T14:30:56.7646314Z Try correcting the name to the name of an existing getter, or defining a getter or field named 'email'.
build-and-test	Run flutter test --coverage	2025-07-30T14:30:56.7647507Z     when(() => mockUser.email).thenReturn('test@example.com');
build-and-test	Run flutter test --coverage	2025-07-30T14:30:56.7647996Z                         ^^^^^
build-and-test	Run flutter test --coverage	2025-07-30T14:30:56.7648710Z test/firebase_test_helper.dart:80:25: Error: The getter 'displayName' isn't defined for the class 'MockUser'.
build-and-test	Run flutter test --coverage	2025-07-30T14:30:56.7649542Z  - 'MockUser' is from 'test/firebase_test_helper.dart'.
build-and-test	Run flutter test --coverage	2025-07-30T14:30:56.7650352Z Try correcting the name to the name of an existing getter, or defining a getter or field named 'displayName'.
build-and-test	Run flutter test --coverage	2025-07-30T14:30:56.7651200Z     when(() => mockUser.displayName).thenReturn('Test User');
build-and-test	Run flutter test --coverage	2025-07-30T14:30:56.7651833Z                         ^^^^^^^^^^^
build-and-test	Run flutter test --coverage	2025-07-30T14:30:56.7652536Z test/firebase_test_helper.dart:81:25: Error: The getter 'photoURL' isn't defined for the class 'MockUser'.
build-and-test	Run flutter test --coverage	2025-07-30T14:30:56.7653329Z  - 'MockUser' is from 'test/firebase_test_helper.dart'.
build-and-test	Run flutter test --coverage	2025-07-30T14:30:56.7654106Z Try correcting the name to the name of an existing getter, or defining a getter or field named 'photoURL'.
build-and-test	Run flutter test --coverage	2025-07-30T14:30:56.7655165Z     when(() => mockUser.photoURL).thenReturn('https://example.com/photo.jpg');
build-and-test	Run flutter test --coverage	2025-07-30T14:30:56.7655745Z                         ^^^^^^^^
build-and-test	Run flutter test --coverage	2025-07-30T14:30:56.7656447Z test/firebase_test_helper.dart:82:25: Error: The getter 'isAnonymous' isn't defined for the class 'MockUser'.
build-and-test	Run flutter test --coverage	2025-07-30T14:30:56.7657481Z  - 'MockUser' is from 'test/firebase_test_helper.dart'.
build-and-test	Run flutter test --coverage	2025-07-30T14:30:56.7658262Z Try correcting the name to the name of an existing getter, or defining a getter or field named 'isAnonymous'.
build-and-test	Run flutter test --coverage	2025-07-30T14:30:56.7659031Z     when(() => mockUser.isAnonymous).thenReturn(false);
build-and-test	Run flutter test --coverage	2025-07-30T14:30:56.7659467Z                         ^^^^^^^^^^^
build-and-test	Run flutter test --coverage	2025-07-30T14:30:56.7660176Z test/firebase_test_helper.dart:83:25: Error: The getter 'emailVerified' isn't defined for the class 'MockUser'.
build-and-test	Run flutter test --coverage	2025-07-30T14:30:56.7660984Z  - 'MockUser' is from 'test/firebase_test_helper.dart'.
build-and-test	Run flutter test --coverage	2025-07-30T14:30:56.7661913Z Try correcting the name to the name of an existing getter, or defining a getter or field named 'emailVerified'.
build-and-test	Run flutter test --coverage	2025-07-30T14:30:56.7662716Z     when(() => mockUser.emailVerified).thenReturn(true);
build-and-test	Run flutter test --coverage	2025-07-30T14:30:56.7663161Z                         ^^^^^^^^^^^^^
build-and-test	Run flutter test --coverage	2025-07-30T14:30:56.7663859Z test/firebase_test_helper.dart:86:35: Error: The getter 'user' isn't defined for the class 'MockUserCredential'.
build-and-test	Run flutter test --coverage	2025-07-30T14:30:56.7664740Z  - 'MockUserCredential' is from 'test/firebase_test_helper.dart'.
build-and-test	Run flutter test --coverage	2025-07-30T14:30:56.7665562Z Try correcting the name to the name of an existing getter, or defining a getter or field named 'user'.
build-and-test	Run flutter test --coverage	2025-07-30T14:30:56.7666341Z     when(() => mockUserCredential.user).thenReturn(mockUser);
build-and-test	Run flutter test --coverage	2025-07-30T14:30:56.7666817Z                                   ^^^^
build-and-test	Run flutter test --coverage	2025-07-30T14:30:56.7667563Z test/firebase_test_helper.dart:89:25: Error: The getter 'currentUser' isn't defined for the class 'MockFirebaseAuth'.
build-and-test	Run flutter test --coverage	2025-07-30T14:30:56.7668470Z  - 'MockFirebaseAuth' is from 'test/firebase_test_helper.dart'.
build-and-test	Run flutter test --coverage	2025-07-30T14:30:56.7669314Z Try correcting the name to the name of an existing getter, or defining a getter or field named 'currentUser'.
build-and-test	Run flutter test --coverage	2025-07-30T14:30:56.7670110Z     when(() => mockAuth.currentUser).thenReturn(mockUser);
build-and-test	Run flutter test --coverage	2025-07-30T14:30:56.7670560Z                         ^^^^^^^^^^^
build-and-test	Run flutter test --coverage	2025-07-30T14:30:56.7671330Z test/firebase_test_helper.dart:90:25: Error: The method 'authStateChanges' isn't defined for the class 'MockFirebaseAuth'.
build-and-test	Run flutter test --coverage	2025-07-30T14:30:56.7672403Z  - 'MockFirebaseAuth' is from 'test/firebase_test_helper.dart'.
build-and-test	Run flutter test --coverage	2025-07-30T14:30:56.7673232Z Try correcting the name to the name of an existing method, or defining a method named 'authStateChanges'.
build-and-test	Run flutter test --coverage	2025-07-30T14:30:56.7673965Z     when(() => mockAuth.authStateChanges())
build-and-test	Run flutter test --coverage	2025-07-30T14:30:56.7674376Z                         ^^^^^^^^^^^^^^^^
build-and-test	Run flutter test --coverage	2025-07-30T14:30:56.7675128Z test/firebase_test_helper.dart:92:25: Error: The method 'userChanges' isn't defined for the class 'MockFirebaseAuth'.
build-and-test	Run flutter test --coverage	2025-07-30T14:30:56.7676025Z  - 'MockFirebaseAuth' is from 'test/firebase_test_helper.dart'.
build-and-test	Run flutter test --coverage	2025-07-30T14:30:56.7676817Z Try correcting the name to the name of an existing method, or defining a method named 'userChanges'.
build-and-test	Run flutter test --coverage	2025-07-30T14:30:56.7677686Z     when(() => mockAuth.userChanges())
build-and-test	Run flutter test --coverage	2025-07-30T14:30:56.7678075Z                         ^^^^^^^^^^^
build-and-test	Run flutter test --coverage	2025-07-30T14:30:56.7678917Z test/firebase_test_helper.dart:94:25: Error: The method 'signInWithEmailAndPassword' isn't defined for the class 'MockFirebaseAuth'.
build-and-test	Run flutter test --coverage	2025-07-30T14:30:56.7679947Z  - 'MockFirebaseAuth' is from 'test/firebase_test_helper.dart'.
build-and-test	Run flutter test --coverage	2025-07-30T14:30:56.7680770Z Try correcting the name to the name of an existing method, or defining a method named 'signInWithEmailAndPassword'.
build-and-test	Run flutter test --coverage	2025-07-30T14:30:56.7681316Z     when(() => mockAuth.signInWithEmailAndPassword(any(), any()))
build-and-test	Run flutter test --coverage	2025-07-30T14:30:56.7681854Z                         ^^^^^^^^^^^^^^^^^^^^^^^^^^
build-and-test	Run flutter test --coverage	2025-07-30T14:30:56.7682445Z test/firebase_test_helper.dart:96:25: Error: The method 'createUserWithEmailAndPassword' isn't defined for the class 'MockFirebaseAuth'.
build-and-test	Run flutter test --coverage	2025-07-30T14:30:56.7683046Z  - 'MockFirebaseAuth' is from 'test/firebase_test_helper.dart'.
build-and-test	Run flutter test --coverage	2025-07-30T14:30:56.7683583Z Try correcting the name to the name of an existing method, or defining a method named 'createUserWithEmailAndPassword'.
build-and-test	Run flutter test --coverage	2025-07-30T14:30:56.7684129Z     when(() => mockAuth.createUserWithEmailAndPassword(any(), any()))
build-and-test	Run flutter test --coverage	2025-07-30T14:30:56.7684585Z                         ^^^^^^^^^^^^^^^^^^^^^^^^^^^^^^
build-and-test	Run flutter test --coverage	2025-07-30T14:30:56.7685023Z test/firebase_test_helper.dart:98:25: Error: The method 'signOut' isn't defined for the class 'MockFirebaseAuth'.
build-and-test	Run flutter test --coverage	2025-07-30T14:30:56.7685524Z  - 'MockFirebaseAuth' is from 'test/firebase_test_helper.dart'.
build-and-test	Run flutter test --coverage	2025-07-30T14:30:56.7685970Z Try correcting the name to the name of an existing method, or defining a method named 'signOut'.
build-and-test	Run flutter test --coverage	2025-07-30T14:30:56.7686401Z     when(() => mockAuth.signOut()).thenAnswer((_) async {});
build-and-test	Run flutter test --coverage	2025-07-30T14:30:56.7686676Z                         ^^^^^^^
build-and-test	Run flutter test --coverage	2025-07-30T14:30:56.7687277Z test/firebase_test_helper.dart:108:60: Error: The argument type 'MockCollectionReference' can't be assigned to the parameter type 'CollectionReference<Map<String, dynamic>>'.
build-and-test	Run flutter test --coverage	2025-07-30T14:30:56.7687999Z  - 'MockCollectionReference' is from 'test/firebase_test_helper.dart'.
build-and-test	Run flutter test --coverage	2025-07-30T14:30:56.7688725Z  - 'CollectionReference' is from 'package:cloud_firestore/cloud_firestore.dart' ('../../../.pub-cache/hosted/pub.dev/cloud_firestore-5.6.11/lib/cloud_firestore.dart').
build-and-test	Run flutter test --coverage	2025-07-30T14:30:56.7689334Z  - 'Map' is from 'dart:core'.
build-and-test	Run flutter test --coverage	2025-07-30T14:30:56.7689650Z     when(() => mockFirestore.collection(any())).thenReturn(mockCollection);
build-and-test	Run flutter test --coverage	2025-07-30T14:30:56.7689987Z                                                            ^
build-and-test	Run flutter test --coverage	2025-07-30T14:30:56.7690564Z test/firebase_test_helper.dart:132:52: Error: A value of type 'MockDocumentSnapshot' can't be assigned to a variable of type 'QueryDocumentSnapshot<Object?>'.
build-and-test	Run flutter test --coverage	2025-07-30T14:30:56.7691232Z  - 'MockDocumentSnapshot' is from 'test/firebase_test_helper.dart'.
build-and-test	Run flutter test --coverage	2025-07-30T14:30:56.7692039Z  - 'QueryDocumentSnapshot' is from 'package:cloud_firestore/cloud_firestore.dart' ('../../../.pub-cache/hosted/pub.dev/cloud_firestore-5.6.11/lib/cloud_firestore.dart').
build-and-test	Run flutter test --coverage	2025-07-30T14:30:56.7692655Z  - 'Object' is from 'dart:core'.
build-and-test	Run flutter test --coverage	2025-07-30T14:30:56.7692971Z     when(() => mockQuerySnapshot.docs).thenReturn([mockDocumentSnapshot]);
build-and-test	Run flutter test --coverage	2025-07-30T14:30:56.7693301Z                                                    ^
build-and-test	Run flutter test --coverage	2025-07-30T14:30:57.3576940Z ##[group]❌ loading /home/runner/work/appoint/appoint/test/features/settings/settings_screen_test.dart (failed)
build-and-test	Run flutter test --coverage	2025-07-30T14:30:57.3579409Z Failed to load "/home/runner/work/appoint/appoint/test/features/settings/settings_screen_test.dart": Compilation failed for testPath=/home/runner/work/appoint/appoint/test/features/settings/settings_screen_test.dart
build-and-test	Run flutter test --coverage	2025-07-30T14:30:57.3580830Z 
build-and-test	Run flutter test --coverage	2025-07-30T14:30:57.3581173Z ##[endgroup]
build-and-test	Run flutter test --coverage	2025-07-30T14:30:57.3838589Z ##[group]❌ loading /home/runner/work/appoint/appoint/test/widgets/login_screen_test.dart (failed after test completion)
build-and-test	Run flutter test --coverage	2025-07-30T14:30:57.3839258Z Error: the Dart compiler exited unexpectedly.
build-and-test	Run flutter test --coverage	2025-07-30T14:30:57.3841237Z package:flutter_tools/src/base/common.dart 10:3  throwToolExit
build-and-test	Run flutter test --coverage	2025-07-30T14:30:57.3842356Z package:flutter_tools/src/compile.dart 893:9     DefaultResidentCompiler._compile.<fn>
build-and-test	Run flutter test --coverage	2025-07-30T14:30:57.3842959Z dart:async/zone.dart 1422:47                     _rootRunUnary
build-and-test	Run flutter test --coverage	2025-07-30T14:30:57.3843515Z dart:async/future_impl.dart 902:45               Future._propagateToListeners.handleValueCallback
build-and-test	Run flutter test --coverage	2025-07-30T14:30:57.3844102Z dart:async/future_impl.dart 931:13               Future._propagateToListeners
build-and-test	Run flutter test --coverage	2025-07-30T14:30:57.3844593Z dart:async/future_impl.dart 827:9                Future._propagateToListeners
build-and-test	Run flutter test --coverage	2025-07-30T14:30:57.3845066Z dart:async/future_impl.dart 707:5                Future._completeWithValue
build-and-test	Run flutter test --coverage	2025-07-30T14:30:57.3845556Z dart:async/future_impl.dart 777:7                Future._asyncCompleteWithValue.<fn>
build-and-test	Run flutter test --coverage	2025-07-30T14:30:57.3845994Z dart:async/zone.dart 1414:13                     _rootRun
build-and-test	Run flutter test --coverage	2025-07-30T14:30:57.3846368Z dart:async/zone.dart 1317:19                     _CustomZone.run
build-and-test	Run flutter test --coverage	2025-07-30T14:30:57.3846786Z dart:async/zone.dart 1225:7                      _CustomZone.runGuarded
build-and-test	Run flutter test --coverage	2025-07-30T14:30:57.3847246Z dart:async/zone.dart 1265:23                     _CustomZone.bindCallbackGuarded.<fn>
build-and-test	Run flutter test --coverage	2025-07-30T14:30:57.3847705Z dart:async/schedule_microtask.dart 40:21         _microtaskLoop
build-and-test	Run flutter test --coverage	2025-07-30T14:30:57.3848300Z dart:async/schedule_microtask.dart 49:5          _startMicrotaskLoop
build-and-test	Run flutter test --coverage	2025-07-30T14:30:57.3848819Z dart:isolate-patch/isolate_patch.dart 118:13     _runPendingImmediateCallback
build-and-test	Run flutter test --coverage	2025-07-30T14:30:57.3849364Z dart:isolate-patch/isolate_patch.dart 185:5      _RawReceivePort._handleMessage
build-and-test	Run flutter test --coverage	2025-07-30T14:30:57.3849913Z ##[endgroup]
build-and-test	Run flutter test --coverage	2025-07-30T14:30:59.3649990Z ✅ /home/runner/work/appoint/appoint/test/features/playtime/playtime_service_test.dart: PlaytimeService Tests placeholder test - service tests skipped due to model refactor
build-and-test	Run flutter test --coverage	2025-07-30T14:30:59.6829126Z test/firebase_test_helper.dart:11:48: Error: Type 'FirebaseAuth' not found.
build-and-test	Run flutter test --coverage	2025-07-30T14:30:59.6834350Z class MockFirebaseAuth extends Mock implements FirebaseAuth {}
build-and-test	Run flutter test --coverage	2025-07-30T14:30:59.6839014Z                                                ^^^^^^^^^^^^
build-and-test	Run flutter test --coverage	2025-07-30T14:30:59.6842663Z test/firebase_test_helper.dart:13:40: Error: Type 'User' not found.
build-and-test	Run flutter test --coverage	2025-07-30T14:30:59.6844598Z class MockUser extends Mock implements User {}
build-and-test	Run flutter test --coverage	2025-07-30T14:30:59.6847069Z                                        ^^^^
build-and-test	Run flutter test --coverage	2025-07-30T14:30:59.6854978Z test/firebase_test_helper.dart:15:50: Error: Type 'UserCredential' not found.
build-and-test	Run flutter test --coverage	2025-07-30T14:30:59.6856358Z class MockUserCredential extends Mock implements UserCredential {}
build-and-test	Run flutter test --coverage	2025-07-30T14:30:59.6858024Z                                                  ^^^^^^^^^^^^^^
build-and-test	Run flutter test --coverage	2025-07-30T14:30:59.6858725Z test/mocks/firebase_mocks.dart:127:15: Error: Type 'MockFirebaseAuthGenerated' not found.
build-and-test	Run flutter test --coverage	2025-07-30T14:30:59.6859481Z   static late MockFirebaseAuthGenerated mockAuth;
build-and-test	Run flutter test --coverage	2025-07-30T14:30:59.6859960Z               ^^^^^^^^^^^^^^^^^^^^^^^^^
build-and-test	Run flutter test --coverage	2025-07-30T14:30:59.6860639Z test/mocks/firebase_mocks.dart:128:15: Error: Type 'MockFirebaseFirestoreGenerated' not found.
build-and-test	Run flutter test --coverage	2025-07-30T14:30:59.6861486Z   static late MockFirebaseFirestoreGenerated mockFirestore;
build-and-test	Run flutter test --coverage	2025-07-30T14:30:59.6862214Z               ^^^^^^^^^^^^^^^^^^^^^^^^^^^^^^
build-and-test	Run flutter test --coverage	2025-07-30T14:30:59.6862915Z test/mocks/firebase_mocks.dart:129:15: Error: Type 'MockFirebaseStorageGenerated' not found.
build-and-test	Run flutter test --coverage	2025-07-30T14:30:59.6863730Z   static late MockFirebaseStorageGenerated mockStorage;
build-and-test	Run flutter test --coverage	2025-07-30T14:30:59.6864232Z               ^^^^^^^^^^^^^^^^^^^^^^^^^^^^
build-and-test	Run flutter test --coverage	2025-07-30T14:31:00.4048783Z test/firebase_test_helper.dart:78:25: Error: The getter 'uid' isn't defined for the class 'MockUser'.
build-and-test	Run flutter test --coverage	2025-07-30T14:31:00.4049885Z  - 'MockUser' is from 'test/firebase_test_helper.dart'.
build-and-test	Run flutter test --coverage	2025-07-30T14:31:00.4050974Z Try correcting the name to the name of an existing getter, or defining a getter or field named 'uid'.
build-and-test	Run flutter test --coverage	2025-07-30T14:31:00.4052941Z     when(() => mockUser.uid).thenReturn('test-user-id');
build-and-test	Run flutter test --coverage	2025-07-30T14:31:00.4053444Z                         ^^^
build-and-test	Run flutter test --coverage	2025-07-30T14:31:00.4054140Z test/firebase_test_helper.dart:79:25: Error: The getter 'email' isn't defined for the class 'MockUser'.
build-and-test	Run flutter test --coverage	2025-07-30T14:31:00.4055527Z  - 'MockUser' is from 'test/firebase_test_helper.dart'.
build-and-test	Run flutter test --coverage	2025-07-30T14:31:00.4056372Z Try correcting the name to the name of an existing getter, or defining a getter or field named 'email'.
build-and-test	Run flutter test --coverage	2025-07-30T14:31:00.4057279Z     when(() => mockUser.email).thenReturn('test@example.com');
build-and-test	Run flutter test --coverage	2025-07-30T14:31:00.4057803Z                         ^^^^^
build-and-test	Run flutter test --coverage	2025-07-30T14:31:00.4058550Z test/firebase_test_helper.dart:80:25: Error: The getter 'displayName' isn't defined for the class 'MockUser'.
build-and-test	Run flutter test --coverage	2025-07-30T14:31:00.4059461Z  - 'MockUser' is from 'test/firebase_test_helper.dart'.
build-and-test	Run flutter test --coverage	2025-07-30T14:31:00.4060319Z Try correcting the name to the name of an existing getter, or defining a getter or field named 'displayName'.
build-and-test	Run flutter test --coverage	2025-07-30T14:31:00.4061217Z     when(() => mockUser.displayName).thenReturn('Test User');
build-and-test	Run flutter test --coverage	2025-07-30T14:31:00.4061987Z                         ^^^^^^^^^^^
build-and-test	Run flutter test --coverage	2025-07-30T14:31:00.4062761Z test/firebase_test_helper.dart:81:25: Error: The getter 'photoURL' isn't defined for the class 'MockUser'.
build-and-test	Run flutter test --coverage	2025-07-30T14:31:00.4063669Z  - 'MockUser' is from 'test/firebase_test_helper.dart'.
build-and-test	Run flutter test --coverage	2025-07-30T14:31:00.4064549Z Try correcting the name to the name of an existing getter, or defining a getter or field named 'photoURL'.
build-and-test	Run flutter test --coverage	2025-07-30T14:31:00.4065879Z     when(() => mockUser.photoURL).thenReturn('https://example.com/photo.jpg');
build-and-test	Run flutter test --coverage	2025-07-30T14:31:00.4066535Z                         ^^^^^^^^
build-and-test	Run flutter test --coverage	2025-07-30T14:31:00.4067308Z test/firebase_test_helper.dart:82:25: Error: The getter 'isAnonymous' isn't defined for the class 'MockUser'.
build-and-test	Run flutter test --coverage	2025-07-30T14:31:00.4068216Z  - 'MockUser' is from 'test/firebase_test_helper.dart'.
build-and-test	Run flutter test --coverage	2025-07-30T14:31:00.4069065Z Try correcting the name to the name of an existing getter, or defining a getter or field named 'isAnonymous'.
build-and-test	Run flutter test --coverage	2025-07-30T14:31:00.4069941Z     when(() => mockUser.isAnonymous).thenReturn(false);
build-and-test	Run flutter test --coverage	2025-07-30T14:31:00.4070437Z                         ^^^^^^^^^^^
build-and-test	Run flutter test --coverage	2025-07-30T14:31:00.4071209Z test/firebase_test_helper.dart:83:25: Error: The getter 'emailVerified' isn't defined for the class 'MockUser'.
build-and-test	Run flutter test --coverage	2025-07-30T14:31:00.4072303Z  - 'MockUser' is from 'test/firebase_test_helper.dart'.
build-and-test	Run flutter test --coverage	2025-07-30T14:31:00.4073103Z Try correcting the name to the name of an existing getter, or defining a getter or field named 'emailVerified'.
build-and-test	Run flutter test --coverage	2025-07-30T14:31:00.4073940Z     when(() => mockUser.emailVerified).thenReturn(true);
build-and-test	Run flutter test --coverage	2025-07-30T14:31:00.4074418Z                         ^^^^^^^^^^^^^
build-and-test	Run flutter test --coverage	2025-07-30T14:31:00.4075184Z test/firebase_test_helper.dart:86:35: Error: The getter 'user' isn't defined for the class 'MockUserCredential'.
build-and-test	Run flutter test --coverage	2025-07-30T14:31:00.4076174Z  - 'MockUserCredential' is from 'test/firebase_test_helper.dart'.
build-and-test	Run flutter test --coverage	2025-07-30T14:31:00.4077080Z Try correcting the name to the name of an existing getter, or defining a getter or field named 'user'.
build-and-test	Run flutter test --coverage	2025-07-30T14:31:00.4077954Z     when(() => mockUserCredential.user).thenReturn(mockUser);
build-and-test	Run flutter test --coverage	2025-07-30T14:31:00.4078465Z                                   ^^^^
build-and-test	Run flutter test --coverage	2025-07-30T14:31:00.4079295Z test/firebase_test_helper.dart:89:25: Error: The getter 'currentUser' isn't defined for the class 'MockFirebaseAuth'.
build-and-test	Run flutter test --coverage	2025-07-30T14:31:00.4080302Z  - 'MockFirebaseAuth' is from 'test/firebase_test_helper.dart'.
build-and-test	Run flutter test --coverage	2025-07-30T14:31:00.4081236Z Try correcting the name to the name of an existing getter, or defining a getter or field named 'currentUser'.
build-and-test	Run flutter test --coverage	2025-07-30T14:31:00.4082361Z     when(() => mockAuth.currentUser).thenReturn(mockUser);
build-and-test	Run flutter test --coverage	2025-07-30T14:31:00.4082854Z                         ^^^^^^^^^^^
build-and-test	Run flutter test --coverage	2025-07-30T14:31:00.4083698Z test/firebase_test_helper.dart:90:25: Error: The method 'authStateChanges' isn't defined for the class 'MockFirebaseAuth'.
build-and-test	Run flutter test --coverage	2025-07-30T14:31:00.4084744Z  - 'MockFirebaseAuth' is from 'test/firebase_test_helper.dart'.
build-and-test	Run flutter test --coverage	2025-07-30T14:31:00.4085679Z Try correcting the name to the name of an existing method, or defining a method named 'authStateChanges'.
build-and-test	Run flutter test --coverage	2025-07-30T14:31:00.4086488Z     when(() => mockAuth.authStateChanges())
build-and-test	Run flutter test --coverage	2025-07-30T14:31:00.4086891Z                         ^^^^^^^^^^^^^^^^
build-and-test	Run flutter test --coverage	2025-07-30T14:31:00.4087894Z test/firebase_test_helper.dart:92:25: Error: The method 'userChanges' isn't defined for the class 'MockFirebaseAuth'.
build-and-test	Run flutter test --coverage	2025-07-30T14:31:00.4088832Z  - 'MockFirebaseAuth' is from 'test/firebase_test_helper.dart'.
build-and-test	Run flutter test --coverage	2025-07-30T14:31:00.4089701Z Try correcting the name to the name of an existing method, or defining a method named 'userChanges'.
build-and-test	Run flutter test --coverage	2025-07-30T14:31:00.4090510Z     when(() => mockAuth.userChanges())
build-and-test	Run flutter test --coverage	2025-07-30T14:31:00.4090927Z                         ^^^^^^^^^^^
build-and-test	Run flutter test --coverage	2025-07-30T14:31:00.4092066Z test/firebase_test_helper.dart:94:25: Error: The method 'signInWithEmailAndPassword' isn't defined for the class 'MockFirebaseAuth'.
build-and-test	Run flutter test --coverage	2025-07-30T14:31:00.4093129Z  - 'MockFirebaseAuth' is from 'test/firebase_test_helper.dart'.
build-and-test	Run flutter test --coverage	2025-07-30T14:31:00.4094076Z Try correcting the name to the name of an existing method, or defining a method named 'signInWithEmailAndPassword'.
build-and-test	Run flutter test --coverage	2025-07-30T14:31:00.4095002Z     when(() => mockAuth.signInWithEmailAndPassword(any(), any()))
build-and-test	Run flutter test --coverage	2025-07-30T14:31:00.4095553Z                         ^^^^^^^^^^^^^^^^^^^^^^^^^^
build-and-test	Run flutter test --coverage	2025-07-30T14:31:00.4096513Z test/firebase_test_helper.dart:96:25: Error: The method 'createUserWithEmailAndPassword' isn't defined for the class 'MockFirebaseAuth'.
build-and-test	Run flutter test --coverage	2025-07-30T14:31:00.4097547Z  - 'MockFirebaseAuth' is from 'test/firebase_test_helper.dart'.
build-and-test	Run flutter test --coverage	2025-07-30T14:31:00.4098710Z Try correcting the name to the name of an existing method, or defining a method named 'createUserWithEmailAndPassword'.
build-and-test	Run flutter test --coverage	2025-07-30T14:31:00.4099671Z     when(() => mockAuth.createUserWithEmailAndPassword(any(), any()))
build-and-test	Run flutter test --coverage	2025-07-30T14:31:00.4100244Z                         ^^^^^^^^^^^^^^^^^^^^^^^^^^^^^^
build-and-test	Run flutter test --coverage	2025-07-30T14:31:00.4101015Z test/firebase_test_helper.dart:98:25: Error: The method 'signOut' isn't defined for the class 'MockFirebaseAuth'.
build-and-test	Run flutter test --coverage	2025-07-30T14:31:00.4102175Z  - 'MockFirebaseAuth' is from 'test/firebase_test_helper.dart'.
build-and-test	Run flutter test --coverage	2025-07-30T14:31:00.4103009Z Try correcting the name to the name of an existing method, or defining a method named 'signOut'.
build-and-test	Run flutter test --coverage	2025-07-30T14:31:00.4103791Z     when(() => mockAuth.signOut()).thenAnswer((_) async {});
build-and-test	Run flutter test --coverage	2025-07-30T14:31:00.4104268Z                         ^^^^^^^
build-and-test	Run flutter test --coverage	2025-07-30T14:31:00.4105359Z test/firebase_test_helper.dart:108:60: Error: The argument type 'MockCollectionReference' can't be assigned to the parameter type 'CollectionReference<Map<String, dynamic>>'.
build-and-test	Run flutter test --coverage	2025-07-30T14:31:00.4106720Z  - 'MockCollectionReference' is from 'test/firebase_test_helper.dart'.
build-and-test	Run flutter test --coverage	2025-07-30T14:31:00.4108035Z  - 'CollectionReference' is from 'package:cloud_firestore/cloud_firestore.dart' ('../../../.pub-cache/hosted/pub.dev/cloud_firestore-5.6.11/lib/cloud_firestore.dart').
build-and-test	Run flutter test --coverage	2025-07-30T14:31:00.4109150Z  - 'Map' is from 'dart:core'.
build-and-test	Run flutter test --coverage	2025-07-30T14:31:00.4109699Z     when(() => mockFirestore.collection(any())).thenReturn(mockCollection);
build-and-test	Run flutter test --coverage	2025-07-30T14:31:00.4110299Z                                                            ^
build-and-test	Run flutter test --coverage	2025-07-30T14:31:00.4111336Z test/firebase_test_helper.dart:132:52: Error: A value of type 'MockDocumentSnapshot' can't be assigned to a variable of type 'QueryDocumentSnapshot<Object?>'.
build-and-test	Run flutter test --coverage	2025-07-30T14:31:00.4112710Z  - 'MockDocumentSnapshot' is from 'test/firebase_test_helper.dart'.
build-and-test	Run flutter test --coverage	2025-07-30T14:31:00.4113997Z  - 'QueryDocumentSnapshot' is from 'package:cloud_firestore/cloud_firestore.dart' ('../../../.pub-cache/hosted/pub.dev/cloud_firestore-5.6.11/lib/cloud_firestore.dart').
build-and-test	Run flutter test --coverage	2025-07-30T14:31:00.4115140Z  - 'Object' is from 'dart:core'.
build-and-test	Run flutter test --coverage	2025-07-30T14:31:00.4115709Z     when(() => mockQuerySnapshot.docs).thenReturn([mockDocumentSnapshot]);
build-and-test	Run flutter test --coverage	2025-07-30T14:31:00.4116314Z                                                    ^
build-and-test	Run flutter test --coverage	2025-07-30T14:31:00.4116994Z test/mocks/firebase_mocks.dart:127:15: Error: 'MockFirebaseAuthGenerated' isn't a type.
build-and-test	Run flutter test --coverage	2025-07-30T14:31:00.4117743Z   static late MockFirebaseAuthGenerated mockAuth;
build-and-test	Run flutter test --coverage	2025-07-30T14:31:00.4118219Z               ^^^^^^^^^^^^^^^^^^^^^^^^^
build-and-test	Run flutter test --coverage	2025-07-30T14:31:00.4118887Z test/mocks/firebase_mocks.dart:128:15: Error: 'MockFirebaseFirestoreGenerated' isn't a type.
build-and-test	Run flutter test --coverage	2025-07-30T14:31:00.4119727Z   static late MockFirebaseFirestoreGenerated mockFirestore;
build-and-test	Run flutter test --coverage	2025-07-30T14:31:00.4120439Z               ^^^^^^^^^^^^^^^^^^^^^^^^^^^^^^
build-and-test	Run flutter test --coverage	2025-07-30T14:31:00.4121109Z test/mocks/firebase_mocks.dart:129:15: Error: 'MockFirebaseStorageGenerated' isn't a type.
build-and-test	Run flutter test --coverage	2025-07-30T14:31:00.4122102Z   static late MockFirebaseStorageGenerated mockStorage;
build-and-test	Run flutter test --coverage	2025-07-30T14:31:00.4122612Z               ^^^^^^^^^^^^^^^^^^^^^^^^^^^^
build-and-test	Run flutter test --coverage	2025-07-30T14:31:00.4123308Z test/mocks/firebase_mocks.dart:132:16: Error: Method not found: 'MockFirebaseAuthGenerated'.
build-and-test	Run flutter test --coverage	2025-07-30T14:31:00.4124021Z     mockAuth = MockFirebaseAuthGenerated();
build-and-test	Run flutter test --coverage	2025-07-30T14:31:00.4124440Z                ^^^^^^^^^^^^^^^^^^^^^^^^^
build-and-test	Run flutter test --coverage	2025-07-30T14:31:00.4125139Z test/mocks/firebase_mocks.dart:133:21: Error: Method not found: 'MockFirebaseFirestoreGenerated'.
build-and-test	Run flutter test --coverage	2025-07-30T14:31:00.4125962Z     mockFirestore = MockFirebaseFirestoreGenerated();
build-and-test	Run flutter test --coverage	2025-07-30T14:31:00.4126458Z                     ^^^^^^^^^^^^^^^^^^^^^^^^^^^^^^
build-and-test	Run flutter test --coverage	2025-07-30T14:31:00.4127193Z test/mocks/firebase_mocks.dart:134:19: Error: Method not found: 'MockFirebaseStorageGenerated'.
build-and-test	Run flutter test --coverage	2025-07-30T14:31:00.4128011Z     mockStorage = MockFirebaseStorageGenerated();
build-and-test	Run flutter test --coverage	2025-07-30T14:31:00.4128486Z                   ^^^^^^^^^^^^^^^^^^^^^^^^^^^^
build-and-test	Run flutter test --coverage	2025-07-30T14:31:02.2935337Z ##[group]❌ loading /home/runner/work/appoint/appoint/test/features/booking/chat_booking_test.dart (failed)
build-and-test	Run flutter test --coverage	2025-07-30T14:31:02.2937674Z Failed to load "/home/runner/work/appoint/appoint/test/features/booking/chat_booking_test.dart": Compilation failed for testPath=/home/runner/work/appoint/appoint/test/features/booking/chat_booking_test.dart
build-and-test	Run flutter test --coverage	2025-07-30T14:31:02.2938957Z 
build-and-test	Run flutter test --coverage	2025-07-30T14:31:02.2939338Z ##[endgroup]
build-and-test	Run flutter test --coverage	2025-07-30T14:31:02.3385926Z ##[group]❌ loading /home/runner/work/appoint/appoint/test/widgets/login_screen_test.dart (failed after test completion)
build-and-test	Run flutter test --coverage	2025-07-30T14:31:02.3386618Z Error: the Dart compiler exited unexpectedly.
build-and-test	Run flutter test --coverage	2025-07-30T14:31:02.3389288Z package:flutter_tools/src/base/common.dart 10:3  throwToolExit
build-and-test	Run flutter test --coverage	2025-07-30T14:31:02.3390108Z package:flutter_tools/src/compile.dart 893:9     DefaultResidentCompiler._compile.<fn>
build-and-test	Run flutter test --coverage	2025-07-30T14:31:02.3390752Z dart:async/zone.dart 1422:47                     _rootRunUnary
build-and-test	Run flutter test --coverage	2025-07-30T14:31:02.3391281Z dart:async/future_impl.dart 902:45               Future._propagateToListeners.handleValueCallback
build-and-test	Run flutter test --coverage	2025-07-30T14:31:02.3392183Z dart:async/future_impl.dart 931:13               Future._propagateToListeners
build-and-test	Run flutter test --coverage	2025-07-30T14:31:02.3392696Z dart:async/future_impl.dart 827:9                Future._propagateToListeners
build-and-test	Run flutter test --coverage	2025-07-30T14:31:02.3393180Z dart:async/future_impl.dart 707:5                Future._completeWithValue
build-and-test	Run flutter test --coverage	2025-07-30T14:31:02.3393672Z dart:async/future_impl.dart 777:7                Future._asyncCompleteWithValue.<fn>
build-and-test	Run flutter test --coverage	2025-07-30T14:31:02.3394116Z dart:async/zone.dart 1414:13                     _rootRun
build-and-test	Run flutter test --coverage	2025-07-30T14:31:02.3394488Z dart:async/zone.dart 1317:19                     _CustomZone.run
build-and-test	Run flutter test --coverage	2025-07-30T14:31:02.3394909Z dart:async/zone.dart 1225:7                      _CustomZone.runGuarded
build-and-test	Run flutter test --coverage	2025-07-30T14:31:02.3395377Z dart:async/zone.dart 1265:23                     _CustomZone.bindCallbackGuarded.<fn>
build-and-test	Run flutter test --coverage	2025-07-30T14:31:02.3395838Z dart:async/schedule_microtask.dart 40:21         _microtaskLoop
build-and-test	Run flutter test --coverage	2025-07-30T14:31:02.3396295Z dart:async/schedule_microtask.dart 49:5          _startMicrotaskLoop
build-and-test	Run flutter test --coverage	2025-07-30T14:31:02.3396779Z dart:isolate-patch/isolate_patch.dart 118:13     _runPendingImmediateCallback
build-and-test	Run flutter test --coverage	2025-07-30T14:31:02.3397278Z dart:isolate-patch/isolate_patch.dart 185:5      _RawReceivePort._handleMessage
build-and-test	Run flutter test --coverage	2025-07-30T14:31:02.3397774Z ##[endgroup]
build-and-test	Run flutter test --coverage	2025-07-30T14:31:06.7016361Z test/features/booking/chat_length_limit_test.dart:14:8: Error: Error when reading 'test/features/booking/chat_length_limit_test.mocks.dart': No such file or directory
build-and-test	Run flutter test --coverage	2025-07-30T14:31:06.7017863Z import 'chat_length_limit_test.mocks.dart';
build-and-test	Run flutter test --coverage	2025-07-30T14:31:06.7018368Z        ^
build-and-test	Run flutter test --coverage	2025-07-30T14:31:06.8530449Z test/firebase_test_helper.dart:11:48: Error: Type 'FirebaseAuth' not found.
build-and-test	Run flutter test --coverage	2025-07-30T14:31:06.8540181Z class MockFirebaseAuth extends Mock implements FirebaseAuth {}
build-and-test	Run flutter test --coverage	2025-07-30T14:31:06.8544623Z                                                ^^^^^^^^^^^^
build-and-test	Run flutter test --coverage	2025-07-30T14:31:06.8547149Z test/firebase_test_helper.dart:13:40: Error: Type 'User' not found.
build-and-test	Run flutter test --coverage	2025-07-30T14:31:06.8549728Z class MockUser extends Mock implements User {}
build-and-test	Run flutter test --coverage	2025-07-30T14:31:06.8550250Z                                        ^^^^
build-and-test	Run flutter test --coverage	2025-07-30T14:31:06.8553023Z test/firebase_test_helper.dart:15:50: Error: Type 'UserCredential' not found.
build-and-test	Run flutter test --coverage	2025-07-30T14:31:06.8553845Z class MockUserCredential extends Mock implements UserCredential {}
build-and-test	Run flutter test --coverage	2025-07-30T14:31:06.8554474Z                                                  ^^^^^^^^^^^^^^
build-and-test	Run flutter test --coverage	2025-07-30T14:31:07.0128450Z test/features/booking/chat_length_limit_test.dart:62:7: Error: Setter not found: 'textField'.
build-and-test	Run flutter test --coverage	2025-07-30T14:31:07.0134301Z       textField = find.byType(TextField);
build-and-test	Run flutter test --coverage	2025-07-30T14:31:07.0135344Z       ^^^^^^^^^
build-and-test	Run flutter test --coverage	2025-07-30T14:31:07.0136893Z test/features/booking/chat_length_limit_test.dart:63:14: Error: Undefined name 'textField'.
build-and-test	Run flutter test --coverage	2025-07-30T14:31:07.0138009Z       expect(textField, findsOneWidget);
build-and-test	Run flutter test --coverage	2025-07-30T14:31:07.0138904Z              ^^^^^^^^^
build-and-test	Run flutter test --coverage	2025-07-30T14:31:07.0140091Z test/features/booking/chat_length_limit_test.dart:67:30: Error: Undefined name 'textField'.
build-and-test	Run flutter test --coverage	2025-07-30T14:31:07.0146790Z       await tester.enterText(textField, testMessage);
build-and-test	Run flutter test --coverage	2025-07-30T14:31:07.0147758Z                              ^^^^^^^^^
build-and-test	Run flutter test --coverage	2025-07-30T14:31:07.0148471Z test/features/booking/chat_length_limit_test.dart:74:7: Error: Setter not found: 'sendButton'.
build-and-test	Run flutter test --coverage	2025-07-30T14:31:07.0149256Z       sendButton = find.byIcon(Icons.send);
build-and-test	Run flutter test --coverage	2025-07-30T14:31:07.0149683Z       ^^^^^^^^^^
build-and-test	Run flutter test --coverage	2025-07-30T14:31:07.0150305Z test/features/booking/chat_length_limit_test.dart:75:14: Error: Undefined name 'sendButton'.
build-and-test	Run flutter test --coverage	2025-07-30T14:31:07.0151276Z       expect(sendButton, findsOneWidget);
build-and-test	Run flutter test --coverage	2025-07-30T14:31:07.0151868Z              ^^^^^^^^^^
build-and-test	Run flutter test --coverage	2025-07-30T14:31:07.0152499Z test/features/booking/chat_length_limit_test.dart:76:40: Error: Undefined name 'sendButton'.
build-and-test	Run flutter test --coverage	2025-07-30T14:31:07.0153388Z       expect(tester.widget<IconButton>(sendButton).onPressed, isNotNull);
build-and-test	Run flutter test --coverage	2025-07-30T14:31:07.0153971Z                                        ^^^^^^^^^^
build-and-test	Run flutter test --coverage	2025-07-30T14:31:07.0154695Z test/features/booking/chat_length_limit_test.dart:85:7: Error: Setter not found: 'textField'.
build-and-test	Run flutter test --coverage	2025-07-30T14:31:07.0155437Z       textField = find.byType(TextField);
build-and-test	Run flutter test --coverage	2025-07-30T14:31:07.0155848Z       ^^^^^^^^^
build-and-test	Run flutter test --coverage	2025-07-30T14:31:07.0156442Z test/features/booking/chat_length_limit_test.dart:86:14: Error: Undefined name 'textField'.
build-and-test	Run flutter test --coverage	2025-07-30T14:31:07.0157176Z       expect(textField, findsOneWidget);
build-and-test	Run flutter test --coverage	2025-07-30T14:31:07.0157575Z              ^^^^^^^^^
build-and-test	Run flutter test --coverage	2025-07-30T14:31:07.0158190Z test/features/booking/chat_length_limit_test.dart:90:30: Error: Undefined name 'textField'.
build-and-test	Run flutter test --coverage	2025-07-30T14:31:07.0158975Z       await tester.enterText(textField, testMessage);
build-and-test	Run flutter test --coverage	2025-07-30T14:31:07.0159446Z                              ^^^^^^^^^
build-and-test	Run flutter test --coverage	2025-07-30T14:31:07.0160145Z test/features/booking/chat_length_limit_test.dart:97:7: Error: Setter not found: 'sendButton'.
build-and-test	Run flutter test --coverage	2025-07-30T14:31:07.0160886Z       sendButton = find.byIcon(Icons.send);
build-and-test	Run flutter test --coverage	2025-07-30T14:31:07.0161292Z       ^^^^^^^^^^
build-and-test	Run flutter test --coverage	2025-07-30T14:31:07.0168069Z test/features/booking/chat_length_limit_test.dart:98:14: Error: Undefined name 'sendButton'.
build-and-test	Run flutter test --coverage	2025-07-30T14:31:07.0168874Z       expect(sendButton, findsOneWidget);
build-and-test	Run flutter test --coverage	2025-07-30T14:31:07.0169327Z              ^^^^^^^^^^
build-and-test	Run flutter test --coverage	2025-07-30T14:31:07.0169992Z test/features/booking/chat_length_limit_test.dart:99:40: Error: Undefined name 'sendButton'.
build-and-test	Run flutter test --coverage	2025-07-30T14:31:07.0170865Z       expect(tester.widget<IconButton>(sendButton).onPressed, isNotNull);
build-and-test	Run flutter test --coverage	2025-07-30T14:31:07.0171459Z                                        ^^^^^^^^^^
build-and-test	Run flutter test --coverage	2025-07-30T14:31:07.0172438Z test/features/booking/chat_length_limit_test.dart:111:7: Error: Setter not found: 'textField'.
build-and-test	Run flutter test --coverage	2025-07-30T14:31:07.0173540Z       textField = find.byType(TextField);
build-and-test	Run flutter test --coverage	2025-07-30T14:31:07.0173945Z       ^^^^^^^^^
build-and-test	Run flutter test --coverage	2025-07-30T14:31:07.0174522Z test/features/booking/chat_length_limit_test.dart:112:14: Error: Undefined name 'textField'.
build-and-test	Run flutter test --coverage	2025-07-30T14:31:07.0175532Z       expect(textField, findsOneWidget);
build-and-test	Run flutter test --coverage	2025-07-30T14:31:07.0175950Z              ^^^^^^^^^
build-and-test	Run flutter test --coverage	2025-07-30T14:31:07.0176576Z test/features/booking/chat_length_limit_test.dart:116:30: Error: Undefined name 'textField'.
build-and-test	Run flutter test --coverage	2025-07-30T14:31:07.0177385Z       await tester.enterText(textField, testMessage);
build-and-test	Run flutter test --coverage	2025-07-30T14:31:07.0177893Z                              ^^^^^^^^^
build-and-test	Run flutter test --coverage	2025-07-30T14:31:07.0178598Z test/features/booking/chat_length_limit_test.dart:126:7: Error: Setter not found: 'sendButton'.
build-and-test	Run flutter test --coverage	2025-07-30T14:31:07.0179386Z       sendButton = find.byIcon(Icons.send);
build-and-test	Run flutter test --coverage	2025-07-30T14:31:07.0179820Z       ^^^^^^^^^^
build-and-test	Run flutter test --coverage	2025-07-30T14:31:07.0180458Z test/features/booking/chat_length_limit_test.dart:127:14: Error: Undefined name 'sendButton'.
build-and-test	Run flutter test --coverage	2025-07-30T14:31:07.0181247Z       expect(sendButton, findsOneWidget);
build-and-test	Run flutter test --coverage	2025-07-30T14:31:07.0216828Z              ^^^^^^^^^^
build-and-test	Run flutter test --coverage	2025-07-30T14:31:07.0217539Z test/features/booking/chat_length_limit_test.dart:128:40: Error: Undefined name 'sendButton'.
build-and-test	Run flutter test --coverage	2025-07-30T14:31:07.0218419Z       expect(tester.widget<IconButton>(sendButton).onPressed, isNull);
build-and-test	Run flutter test --coverage	2025-07-30T14:31:07.0218977Z                                        ^^^^^^^^^^
build-and-test	Run flutter test --coverage	2025-07-30T14:31:07.0219688Z test/features/booking/chat_length_limit_test.dart:136:7: Error: Setter not found: 'textField'.
build-and-test	Run flutter test --coverage	2025-07-30T14:31:07.0220713Z       textField = find.byType(TextField);
build-and-test	Run flutter test --coverage	2025-07-30T14:31:07.0221096Z       ^^^^^^^^^
build-and-test	Run flutter test --coverage	2025-07-30T14:31:07.0221853Z test/features/booking/chat_length_limit_test.dart:137:14: Error: Undefined name 'textField'.
build-and-test	Run flutter test --coverage	2025-07-30T14:31:07.0222581Z       expect(textField, findsOneWidget);
build-and-test	Run flutter test --coverage	2025-07-30T14:31:07.0223009Z              ^^^^^^^^^
build-and-test	Run flutter test --coverage	2025-07-30T14:31:07.0223618Z test/features/booking/chat_length_limit_test.dart:141:30: Error: Undefined name 'textField'.
build-and-test	Run flutter test --coverage	2025-07-30T14:31:07.0224365Z       await tester.enterText(textField, testMessage);
build-and-test	Run flutter test --coverage	2025-07-30T14:31:07.0224838Z                              ^^^^^^^^^
build-and-test	Run flutter test --coverage	2025-07-30T14:31:07.0225559Z test/features/booking/chat_length_limit_test.dart:153:7: Error: Setter not found: 'sendButton'.
build-and-test	Run flutter test --coverage	2025-07-30T14:31:07.0226362Z       sendButton = find.byIcon(Icons.send);
build-and-test	Run flutter test --coverage	2025-07-30T14:31:07.0227232Z       ^^^^^^^^^^
build-and-test	Run flutter test --coverage	2025-07-30T14:31:07.0227886Z test/features/booking/chat_length_limit_test.dart:154:24: Error: Undefined name 'sendButton'.
build-and-test	Run flutter test --coverage	2025-07-30T14:31:07.0228677Z       await tester.tap(sendButton);
build-and-test	Run flutter test --coverage	2025-07-30T14:31:07.0229102Z                        ^^^^^^^^^^
build-and-test	Run flutter test --coverage	2025-07-30T14:31:07.0229808Z test/features/booking/chat_length_limit_test.dart:166:7: Error: Setter not found: 'textField'.
build-and-test	Run flutter test --coverage	2025-07-30T14:31:07.0230591Z       textField = find.byType(TextField);
build-and-test	Run flutter test --coverage	2025-07-30T14:31:07.0231018Z       ^^^^^^^^^
build-and-test	Run flutter test --coverage	2025-07-30T14:31:07.0231834Z test/features/booking/chat_length_limit_test.dart:167:14: Error: Undefined name 'textField'.
build-and-test	Run flutter test --coverage	2025-07-30T14:31:07.0232625Z       expect(textField, findsOneWidget);
build-and-test	Run flutter test --coverage	2025-07-30T14:31:07.0233024Z              ^^^^^^^^^
build-and-test	Run flutter test --coverage	2025-07-30T14:31:07.0233646Z test/features/booking/chat_length_limit_test.dart:171:30: Error: Undefined name 'textField'.
build-and-test	Run flutter test --coverage	2025-07-30T14:31:07.0234466Z       await tester.enterText(textField, testMessage);
build-and-test	Run flutter test --coverage	2025-07-30T14:31:07.0234967Z                              ^^^^^^^^^
build-and-test	Run flutter test --coverage	2025-07-30T14:31:07.0235691Z test/features/booking/chat_length_limit_test.dart:187:7: Error: Setter not found: 'textField'.
build-and-test	Run flutter test --coverage	2025-07-30T14:31:07.0236490Z       textField = find.byType(TextField);
build-and-test	Run flutter test --coverage	2025-07-30T14:31:07.0236934Z       ^^^^^^^^^
build-and-test	Run flutter test --coverage	2025-07-30T14:31:07.0237741Z test/features/booking/chat_length_limit_test.dart:188:14: Error: Undefined name 'textField'.
build-and-test	Run flutter test --coverage	2025-07-30T14:31:07.0238538Z       expect(textField, findsOneWidget);
build-and-test	Run flutter test --coverage	2025-07-30T14:31:07.0238976Z              ^^^^^^^^^
build-and-test	Run flutter test --coverage	2025-07-30T14:31:07.0239619Z test/features/booking/chat_length_limit_test.dart:191:30: Error: Undefined name 'textField'.
build-and-test	Run flutter test --coverage	2025-07-30T14:31:07.0240419Z       await tester.enterText(textField, 'Hello');
build-and-test	Run flutter test --coverage	2025-07-30T14:31:07.0240887Z                              ^^^^^^^^^
build-and-test	Run flutter test --coverage	2025-07-30T14:31:07.0241793Z test/features/booking/chat_length_limit_test.dart:198:30: Error: Undefined name 'textField'.
build-and-test	Run flutter test --coverage	2025-07-30T14:31:07.0242883Z       await tester.enterText(textField, 'Hello World!');
build-and-test	Run flutter test --coverage	2025-07-30T14:31:07.0243392Z                              ^^^^^^^^^
build-and-test	Run flutter test --coverage	2025-07-30T14:31:07.0244093Z test/features/booking/chat_length_limit_test.dart:205:30: Error: Undefined name 'textField'.
build-and-test	Run flutter test --coverage	2025-07-30T14:31:07.0244887Z       await tester.enterText(textField, '');
build-and-test	Run flutter test --coverage	2025-07-30T14:31:07.0245350Z                              ^^^^^^^^^
build-and-test	Run flutter test --coverage	2025-07-30T14:31:07.0246187Z test/features/booking/chat_length_limit_test.dart:30:21: Error: The getter 'uid' isn't defined for the class 'MockUser'.
build-and-test	Run flutter test --coverage	2025-07-30T14:31:07.0247170Z  - 'MockUser' is from 'test/firebase_test_helper.dart'.
build-and-test	Run flutter test --coverage	2025-07-30T14:31:07.0247990Z Try correcting the name to the name of an existing getter, or defining a getter or field named 'uid'.
build-and-test	Run flutter test --coverage	2025-07-30T14:31:07.0248808Z       when(mockUser.uid).thenReturn('testUser');
build-and-test	Run flutter test --coverage	2025-07-30T14:31:07.0249259Z                     ^^^
build-and-test	Run flutter test --coverage	2025-07-30T14:31:07.0250150Z test/features/booking/chat_length_limit_test.dart:31:21: Error: The getter 'currentUser' isn't defined for the class 'MockFirebaseAuth'.
build-and-test	Run flutter test --coverage	2025-07-30T14:31:07.0251330Z  - 'MockFirebaseAuth' is from 'test/firebase_test_helper.dart'.
build-and-test	Run flutter test --coverage	2025-07-30T14:31:07.0258682Z Try correcting the name to the name of an existing getter, or defining a getter or field named 'currentUser'.
build-and-test	Run flutter test --coverage	2025-07-30T14:31:07.0259604Z       when(mockAuth.currentUser).thenReturn(mockUser);
build-and-test	Run flutter test --coverage	2025-07-30T14:31:07.0260368Z                     ^^^^^^^^^^^
build-and-test	Run flutter test --coverage	2025-07-30T14:31:07.0261353Z test/features/booking/chat_length_limit_test.dart:32:21: Error: The method 'authStateChanges' isn't defined for the class 'MockFirebaseAuth'.
build-and-test	Run flutter test --coverage	2025-07-30T14:31:07.0262796Z  - 'MockFirebaseAuth' is from 'test/firebase_test_helper.dart'.
build-and-test	Run flutter test --coverage	2025-07-30T14:31:07.0263703Z Try correcting the name to the name of an existing method, or defining a method named 'authStateChanges'.
build-and-test	Run flutter test --coverage	2025-07-30T14:31:07.0264524Z       when(mockAuth.authStateChanges())
build-and-test	Run flutter test --coverage	2025-07-30T14:31:07.0264956Z                     ^^^^^^^^^^^^^^^^
build-and-test	Run flutter test --coverage	2025-07-30T14:31:07.0266043Z test/features/booking/chat_length_limit_test.dart:46:52: Error: The argument type 'MockFirebaseAuth' can't be assigned to the parameter type 'FirebaseAuth'.
build-and-test	Run flutter test --coverage	2025-07-30T14:31:07.0267325Z  - 'MockFirebaseAuth' is from 'test/firebase_test_helper.dart'.
build-and-test	Run flutter test --coverage	2025-07-30T14:31:07.0268458Z  - 'FirebaseAuth' is from 'package:firebase_auth/firebase_auth.dart' ('../../../.pub-cache/hosted/pub.dev/firebase_auth-5.6.2/lib/firebase_auth.dart').
build-and-test	Run flutter test --coverage	2025-07-30T14:31:07.0269651Z             firebaseAuthProvider.overrideWithValue(mockAuth),
build-and-test	Run flutter test --coverage	2025-07-30T14:31:07.0270210Z                                                    ^
build-and-test	Run flutter test --coverage	2025-07-30T14:31:07.0270976Z test/firebase_test_helper.dart:78:25: Error: The getter 'uid' isn't defined for the class 'MockUser'.
build-and-test	Run flutter test --coverage	2025-07-30T14:31:07.0272185Z  - 'MockUser' is from 'test/firebase_test_helper.dart'.
build-and-test	Run flutter test --coverage	2025-07-30T14:31:07.0273036Z Try correcting the name to the name of an existing getter, or defining a getter or field named 'uid'.
build-and-test	Run flutter test --coverage	2025-07-30T14:31:07.0273934Z     when(() => mockUser.uid).thenReturn('test-user-id');
build-and-test	Run flutter test --coverage	2025-07-30T14:31:07.0274425Z                         ^^^
build-and-test	Run flutter test --coverage	2025-07-30T14:31:07.0275138Z test/firebase_test_helper.dart:79:25: Error: The getter 'email' isn't defined for the class 'MockUser'.
build-and-test	Run flutter test --coverage	2025-07-30T14:31:07.0275997Z  - 'MockUser' is from 'test/firebase_test_helper.dart'.
build-and-test	Run flutter test --coverage	2025-07-30T14:31:07.0276826Z Try correcting the name to the name of an existing getter, or defining a getter or field named 'email'.
build-and-test	Run flutter test --coverage	2025-07-30T14:31:07.0277696Z     when(() => mockUser.email).thenReturn('test@example.com');
build-and-test	Run flutter test --coverage	2025-07-30T14:31:07.0278224Z                         ^^^^^
build-and-test	Run flutter test --coverage	2025-07-30T14:31:07.0278979Z test/firebase_test_helper.dart:80:25: Error: The getter 'displayName' isn't defined for the class 'MockUser'.
build-and-test	Run flutter test --coverage	2025-07-30T14:31:07.0279862Z  - 'MockUser' is from 'test/firebase_test_helper.dart'.
build-and-test	Run flutter test --coverage	2025-07-30T14:31:07.0280734Z Try correcting the name to the name of an existing getter, or defining a getter or field named 'displayName'.
build-and-test	Run flutter test --coverage	2025-07-30T14:31:07.0281839Z     when(() => mockUser.displayName).thenReturn('Test User');
build-and-test	Run flutter test --coverage	2025-07-30T14:31:07.0282432Z                         ^^^^^^^^^^^
build-and-test	Run flutter test --coverage	2025-07-30T14:31:07.0283452Z test/firebase_test_helper.dart:81:25: Error: The getter 'photoURL' isn't defined for the class 'MockUser'.
build-and-test	Run flutter test --coverage	2025-07-30T14:31:07.0284349Z  - 'MockUser' is from 'test/firebase_test_helper.dart'.
build-and-test	Run flutter test --coverage	2025-07-30T14:31:07.0285429Z Try correcting the name to the name of an existing getter, or defining a getter or field named 'photoURL'.
build-and-test	Run flutter test --coverage	2025-07-30T14:31:07.0286458Z     when(() => mockUser.photoURL).thenReturn('https://example.com/photo.jpg');
build-and-test	Run flutter test --coverage	2025-07-30T14:31:07.0287102Z                         ^^^^^^^^
build-and-test	Run flutter test --coverage	2025-07-30T14:31:07.0287853Z test/firebase_test_helper.dart:82:25: Error: The getter 'isAnonymous' isn't defined for the class 'MockUser'.
build-and-test	Run flutter test --coverage	2025-07-30T14:31:07.0288765Z  - 'MockUser' is from 'test/firebase_test_helper.dart'.
build-and-test	Run flutter test --coverage	2025-07-30T14:31:07.0289658Z Try correcting the name to the name of an existing getter, or defining a getter or field named 'isAnonymous'.
build-and-test	Run flutter test --coverage	2025-07-30T14:31:07.0290533Z     when(() => mockUser.isAnonymous).thenReturn(false);
build-and-test	Run flutter test --coverage	2025-07-30T14:31:07.0291021Z                         ^^^^^^^^^^^
build-and-test	Run flutter test --coverage	2025-07-30T14:31:07.0292026Z test/firebase_test_helper.dart:83:25: Error: The getter 'emailVerified' isn't defined for the class 'MockUser'.
build-and-test	Run flutter test --coverage	2025-07-30T14:31:07.0292988Z  - 'MockUser' is from 'test/firebase_test_helper.dart'.
build-and-test	Run flutter test --coverage	2025-07-30T14:31:07.0293869Z Try correcting the name to the name of an existing getter, or defining a getter or field named 'emailVerified'.
build-and-test	Run flutter test --coverage	2025-07-30T14:31:07.0295007Z     when(() => mockUser.emailVerified).thenReturn(true);
build-and-test	Run flutter test --coverage	2025-07-30T14:31:07.0295809Z                         ^^^^^^^^^^^^^
build-and-test	Run flutter test --coverage	2025-07-30T14:31:07.0296616Z test/firebase_test_helper.dart:86:35: Error: The getter 'user' isn't defined for the class 'MockUserCredential'.
build-and-test	Run flutter test --coverage	2025-07-30T14:31:07.0297618Z  - 'MockUserCredential' is from 'test/firebase_test_helper.dart'.
build-and-test	Run flutter test --coverage	2025-07-30T14:31:07.0298539Z Try correcting the name to the name of an existing getter, or defining a getter or field named 'user'.
build-and-test	Run flutter test --coverage	2025-07-30T14:31:07.0299418Z     when(() => mockUserCredential.user).thenReturn(mockUser);
build-and-test	Run flutter test --coverage	2025-07-30T14:31:07.0299960Z                                   ^^^^
build-and-test	Run flutter test --coverage	2025-07-30T14:31:07.0300793Z test/firebase_test_helper.dart:89:25: Error: The getter 'currentUser' isn't defined for the class 'MockFirebaseAuth'.
build-and-test	Run flutter test --coverage	2025-07-30T14:31:07.0302014Z  - 'MockFirebaseAuth' is from 'test/firebase_test_helper.dart'.
build-and-test	Run flutter test --coverage	2025-07-30T14:31:07.0302989Z Try correcting the name to the name of an existing getter, or defining a getter or field named 'currentUser'.
build-and-test	Run flutter test --coverage	2025-07-30T14:31:07.0303896Z     when(() => mockAuth.currentUser).thenReturn(mockUser);
build-and-test	Run flutter test --coverage	2025-07-30T14:31:07.0304412Z                         ^^^^^^^^^^^
build-and-test	Run flutter test --coverage	2025-07-30T14:31:07.0305275Z test/firebase_test_helper.dart:90:25: Error: The method 'authStateChanges' isn't defined for the class 'MockFirebaseAuth'.
build-and-test	Run flutter test --coverage	2025-07-30T14:31:07.0306319Z  - 'MockFirebaseAuth' is from 'test/firebase_test_helper.dart'.
build-and-test	Run flutter test --coverage	2025-07-30T14:31:07.0307232Z Try correcting the name to the name of an existing method, or defining a method named 'authStateChanges'.
build-and-test	Run flutter test --coverage	2025-07-30T14:31:07.0308062Z     when(() => mockAuth.authStateChanges())
build-and-test	Run flutter test --coverage	2025-07-30T14:31:07.0308533Z                         ^^^^^^^^^^^^^^^^
build-and-test	Run flutter test --coverage	2025-07-30T14:31:07.0309396Z test/firebase_test_helper.dart:92:25: Error: The method 'userChanges' isn't defined for the class 'MockFirebaseAuth'.
build-and-test	Run flutter test --coverage	2025-07-30T14:31:07.0310444Z  - 'MockFirebaseAuth' is from 'test/firebase_test_helper.dart'.
build-and-test	Run flutter test --coverage	2025-07-30T14:31:07.0311324Z Try correcting the name to the name of an existing method, or defining a method named 'userChanges'.
build-and-test	Run flutter test --coverage	2025-07-30T14:31:07.0312419Z     when(() => mockAuth.userChanges())
build-and-test	Run flutter test --coverage	2025-07-30T14:31:07.0312821Z                         ^^^^^^^^^^^
build-and-test	Run flutter test --coverage	2025-07-30T14:31:07.0313750Z test/firebase_test_helper.dart:94:25: Error: The method 'signInWithEmailAndPassword' isn't defined for the class 'MockFirebaseAuth'.
build-and-test	Run flutter test --coverage	2025-07-30T14:31:07.0314882Z  - 'MockFirebaseAuth' is from 'test/firebase_test_helper.dart'.
build-and-test	Run flutter test --coverage	2025-07-30T14:31:07.0315861Z Try correcting the name to the name of an existing method, or defining a method named 'signInWithEmailAndPassword'.
build-and-test	Run flutter test --coverage	2025-07-30T14:31:07.0316849Z     when(() => mockAuth.signInWithEmailAndPassword(any(), any()))
build-and-test	Run flutter test --coverage	2025-07-30T14:31:07.0317675Z                         ^^^^^^^^^^^^^^^^^^^^^^^^^^
build-and-test	Run flutter test --coverage	2025-07-30T14:31:07.0318690Z test/firebase_test_helper.dart:96:25: Error: The method 'createUserWithEmailAndPassword' isn't defined for the class 'MockFirebaseAuth'.
build-and-test	Run flutter test --coverage	2025-07-30T14:31:07.0319844Z  - 'MockFirebaseAuth' is from 'test/firebase_test_helper.dart'.
build-and-test	Run flutter test --coverage	2025-07-30T14:31:07.0320837Z Try correcting the name to the name of an existing method, or defining a method named 'createUserWithEmailAndPassword'.
build-and-test	Run flutter test --coverage	2025-07-30T14:31:07.0322083Z     when(() => mockAuth.createUserWithEmailAndPassword(any(), any()))
build-and-test	Run flutter test --coverage	2025-07-30T14:31:07.0322698Z                         ^^^^^^^^^^^^^^^^^^^^^^^^^^^^^^
build-and-test	Run flutter test --coverage	2025-07-30T14:31:07.0323538Z test/firebase_test_helper.dart:98:25: Error: The method 'signOut' isn't defined for the class 'MockFirebaseAuth'.
build-and-test	Run flutter test --coverage	2025-07-30T14:31:07.0324533Z  - 'MockFirebaseAuth' is from 'test/firebase_test_helper.dart'.
build-and-test	Run flutter test --coverage	2025-07-30T14:31:07.0325414Z Try correcting the name to the name of an existing method, or defining a method named 'signOut'.
build-and-test	Run flutter test --coverage	2025-07-30T14:31:07.0326244Z     when(() => mockAuth.signOut()).thenAnswer((_) async {});
build-and-test	Run flutter test --coverage	2025-07-30T14:31:07.0326732Z                         ^^^^^^^
build-and-test	Run flutter test --coverage	2025-07-30T14:31:07.0327864Z test/firebase_test_helper.dart:108:60: Error: The argument type 'MockCollectionReference' can't be assigned to the parameter type 'CollectionReference<Map<String, dynamic>>'.
build-and-test	Run flutter test --coverage	2025-07-30T14:31:07.0329418Z  - 'MockCollectionReference' is from 'test/firebase_test_helper.dart'.
build-and-test	Run flutter test --coverage	2025-07-30T14:31:07.0330751Z  - 'CollectionReference' is from 'package:cloud_firestore/cloud_firestore.dart' ('../../../.pub-cache/hosted/pub.dev/cloud_firestore-5.6.11/lib/cloud_firestore.dart').
build-and-test	Run flutter test --coverage	2025-07-30T14:31:07.0332103Z  - 'Map' is from 'dart:core'.
build-and-test	Run flutter test --coverage	2025-07-30T14:31:07.0332706Z     when(() => mockFirestore.collection(any())).thenReturn(mockCollection);
build-and-test	Run flutter test --coverage	2025-07-30T14:31:07.0333334Z                                                            ^
build-and-test	Run flutter test --coverage	2025-07-30T14:31:07.0334417Z test/firebase_test_helper.dart:132:52: Error: A value of type 'MockDocumentSnapshot' can't be assigned to a variable of type 'QueryDocumentSnapshot<Object?>'.
build-and-test	Run flutter test --coverage	2025-07-30T14:31:07.0335711Z  - 'MockDocumentSnapshot' is from 'test/firebase_test_helper.dart'.
build-and-test	Run flutter test --coverage	2025-07-30T14:31:07.0337065Z  - 'QueryDocumentSnapshot' is from 'package:cloud_firestore/cloud_firestore.dart' ('../../../.pub-cache/hosted/pub.dev/cloud_firestore-5.6.11/lib/cloud_firestore.dart').
build-and-test	Run flutter test --coverage	2025-07-30T14:31:07.0338283Z  - 'Object' is from 'dart:core'.
build-and-test	Run flutter test --coverage	2025-07-30T14:31:07.0338873Z     when(() => mockQuerySnapshot.docs).thenReturn([mockDocumentSnapshot]);
build-and-test	Run flutter test --coverage	2025-07-30T14:31:07.0339485Z                                                    ^
build-and-test	Run flutter test --coverage	2025-07-30T14:31:07.6492677Z ##[group]❌ loading /home/runner/work/appoint/appoint/test/features/booking/chat_length_limit_test.dart (failed)
build-and-test	Run flutter test --coverage	2025-07-30T14:31:07.6508753Z Failed to load "/home/runner/work/appoint/appoint/test/features/booking/chat_length_limit_test.dart": Compilation failed for testPath=/home/runner/work/appoint/appoint/test/features/booking/chat_length_limit_test.dart
build-and-test	Run flutter test --coverage	2025-07-30T14:31:07.6510284Z 
build-and-test	Run flutter test --coverage	2025-07-30T14:31:07.6510700Z ##[endgroup]
build-and-test	Run flutter test --coverage	2025-07-30T14:31:07.6917939Z ##[group]❌ loading /home/runner/work/appoint/appoint/test/widgets/login_screen_test.dart (failed after test completion)
build-and-test	Run flutter test --coverage	2025-07-30T14:31:07.6918997Z Error: the Dart compiler exited unexpectedly.
build-and-test	Run flutter test --coverage	2025-07-30T14:31:07.6920783Z package:flutter_tools/src/base/common.dart 10:3  throwToolExit
build-and-test	Run flutter test --coverage	2025-07-30T14:31:07.6922162Z package:flutter_tools/src/compile.dart 893:9     DefaultResidentCompiler._compile.<fn>
build-and-test	Run flutter test --coverage	2025-07-30T14:31:07.6922660Z dart:async/zone.dart 1422:47                     _rootRunUnary
build-and-test	Run flutter test --coverage	2025-07-30T14:31:07.6923117Z dart:async/future_impl.dart 902:45               Future._propagateToListeners.handleValueCallback
build-and-test	Run flutter test --coverage	2025-07-30T14:31:07.6923615Z dart:async/future_impl.dart 931:13               Future._propagateToListeners
build-and-test	Run flutter test --coverage	2025-07-30T14:31:07.6924047Z dart:async/future_impl.dart 827:9                Future._propagateToListeners
build-and-test	Run flutter test --coverage	2025-07-30T14:31:07.6924471Z dart:async/future_impl.dart 707:5                Future._completeWithValue
build-and-test	Run flutter test --coverage	2025-07-30T14:31:07.6925237Z dart:async/future_impl.dart 777:7                Future._asyncCompleteWithValue.<fn>
build-and-test	Run flutter test --coverage	2025-07-30T14:31:07.6925631Z dart:async/zone.dart 1414:13                     _rootRun
build-and-test	Run flutter test --coverage	2025-07-30T14:31:07.6925965Z dart:async/zone.dart 1317:19                     _CustomZone.run
build-and-test	Run flutter test --coverage	2025-07-30T14:31:07.6926362Z dart:async/zone.dart 1225:7                      _CustomZone.runGuarded
build-and-test	Run flutter test --coverage	2025-07-30T14:31:07.6926773Z dart:async/zone.dart 1265:23                     _CustomZone.bindCallbackGuarded.<fn>
build-and-test	Run flutter test --coverage	2025-07-30T14:31:07.6927416Z dart:async/schedule_microtask.dart 40:21         _microtaskLoop
build-and-test	Run flutter test --coverage	2025-07-30T14:31:07.6927820Z dart:async/schedule_microtask.dart 49:5          _startMicrotaskLoop
build-and-test	Run flutter test --coverage	2025-07-30T14:31:07.6928257Z dart:isolate-patch/isolate_patch.dart 118:13     _runPendingImmediateCallback
build-and-test	Run flutter test --coverage	2025-07-30T14:31:07.6928737Z dart:isolate-patch/isolate_patch.dart 185:5      _RawReceivePort._handleMessage
build-and-test	Run flutter test --coverage	2025-07-30T14:31:07.6929242Z ##[endgroup]
build-and-test	Run flutter test --coverage	2025-07-30T14:31:08.7124244Z ##[group]❌ /home/runner/work/appoint/appoint/test/features/booking/chat_read_receipts_typing_test.dart: shows welcome message and handles user input (failed)
build-and-test	Run flutter test --coverage	2025-07-30T14:31:08.7126346Z ══╡ EXCEPTION CAUGHT BY FLUTTER TEST FRAMEWORK ╞════════════════════════════════════════════════════
build-and-test	Run flutter test --coverage	2025-07-30T14:31:08.7129570Z The following TestFailure was thrown running a test:
build-and-test	Run flutter test --coverage	2025-07-30T14:31:08.7130143Z Expected: exactly one matching candidate
build-and-test	Run flutter test --coverage	2025-07-30T14:31:08.7130841Z   Actual: _IconWidgetFinder:<Found 0 widgets with icon "IconData(U+0E156)": []>
build-and-test	Run flutter test --coverage	2025-07-30T14:31:08.7131814Z    Which: means none were found but one was expected
build-and-test	Run flutter test --coverage	2025-07-30T14:31:08.7132166Z 
build-and-test	Run flutter test --coverage	2025-07-30T14:31:08.7132382Z When the exception was thrown, this was the stack:
build-and-test	Run flutter test --coverage	2025-07-30T14:31:08.7139940Z #4      main.<anonymous closure> (file:///home/runner/work/appoint/appoint/test/features/booking/chat_read_receipts_typing_test.dart:73:5)
build-and-test	Run flutter test --coverage	2025-07-30T14:31:08.7140961Z <asynchronous suspension>
build-and-test	Run flutter test --coverage	2025-07-30T14:31:08.7141850Z #5      testWidgets.<anonymous closure>.<anonymous closure> (package:flutter_test/src/widget_tester.dart:189:15)
build-and-test	Run flutter test --coverage	2025-07-30T14:31:08.7142649Z <asynchronous suspension>
build-and-test	Run flutter test --coverage	2025-07-30T14:31:08.7143890Z #6      TestWidgetsFlutterBinding._runTestBody (package:flutter_test/src/binding.dart:1027:5)
build-and-test	Run flutter test --coverage	2025-07-30T14:31:08.7144661Z <asynchronous suspension>
build-and-test	Run flutter test --coverage	2025-07-30T14:31:08.7145006Z <asynchronous suspension>
build-and-test	Run flutter test --coverage	2025-07-30T14:31:08.7145375Z (elided one frame from package:stack_trace)
build-and-test	Run flutter test --coverage	2025-07-30T14:31:08.7145682Z 
build-and-test	Run flutter test --coverage	2025-07-30T14:31:08.7145943Z This was caught by the test expectation on the following line:
build-and-test	Run flutter test --coverage	2025-07-30T14:31:08.7146904Z   file:///home/runner/work/appoint/appoint/test/features/booking/chat_read_receipts_typing_test.dart line 73
build-and-test	Run flutter test --coverage	2025-07-30T14:31:08.7147756Z The test description was:
build-and-test	Run flutter test --coverage	2025-07-30T14:31:08.7148131Z   shows welcome message and handles user input
build-and-test	Run flutter test --coverage	2025-07-30T14:31:08.7148965Z ════════════════════════════════════════════════════════════════════════════════════════════════════
build-and-test	Run flutter test --coverage	2025-07-30T14:31:08.7149498Z Test failed. See exception logs above.
build-and-test	Run flutter test --coverage	2025-07-30T14:31:08.7150078Z The test description was: shows welcome message and handles user input
build-and-test	Run flutter test --coverage	2025-07-30T14:31:08.7150537Z 
build-and-test	Run flutter test --coverage	2025-07-30T14:31:08.7150898Z ##[endgroup]
build-and-test	Run flutter test --coverage	2025-07-30T14:31:08.9754622Z ##[group]❌ /home/runner/work/appoint/appoint/test/features/booking/chat_read_receipts_typing_test.dart: handles message input and shows read receipts (failed)
build-and-test	Run flutter test --coverage	2025-07-30T14:31:08.9756678Z ══╡ EXCEPTION CAUGHT BY FLUTTER TEST FRAMEWORK ╞════════════════════════════════════════════════════
build-and-test	Run flutter test --coverage	2025-07-30T14:31:08.9757569Z The following TestFailure was thrown running a test:
build-and-test	Run flutter test --coverage	2025-07-30T14:31:08.9758192Z Expected: exactly one matching candidate
build-and-test	Run flutter test --coverage	2025-07-30T14:31:08.9758922Z   Actual: _IconWidgetFinder:<Found 0 widgets with icon "IconData(U+0E156)": []>
build-and-test	Run flutter test --coverage	2025-07-30T14:31:08.9759758Z    Which: means none were found but one was expected
build-and-test	Run flutter test --coverage	2025-07-30T14:31:08.9760205Z 
build-and-test	Run flutter test --coverage	2025-07-30T14:31:08.9760515Z When the exception was thrown, this was the stack:
build-and-test	Run flutter test --coverage	2025-07-30T14:31:08.9761738Z #4      main.<anonymous closure> (file:///home/runner/work/appoint/appoint/test/features/booking/chat_read_receipts_typing_test.dart:93:5)
build-and-test	Run flutter test --coverage	2025-07-30T14:31:08.9763218Z <asynchronous suspension>
build-and-test	Run flutter test --coverage	2025-07-30T14:31:08.9763942Z #5      testWidgets.<anonymous closure>.<anonymous closure> (package:flutter_test/src/widget_tester.dart:189:15)
build-and-test	Run flutter test --coverage	2025-07-30T14:31:08.9765009Z <asynchronous suspension>
build-and-test	Run flutter test --coverage	2025-07-30T14:31:08.9765639Z #6      TestWidgetsFlutterBinding._runTestBody (package:flutter_test/src/binding.dart:1027:5)
build-and-test	Run flutter test --coverage	2025-07-30T14:31:08.9766075Z <asynchronous suspension>
build-and-test	Run flutter test --coverage	2025-07-30T14:31:08.9766301Z <asynchronous suspension>
build-and-test	Run flutter test --coverage	2025-07-30T14:31:08.9766565Z (elided one frame from package:stack_trace)
build-and-test	Run flutter test --coverage	2025-07-30T14:31:08.9766885Z 
build-and-test	Run flutter test --coverage	2025-07-30T14:31:08.9767116Z This was caught by the test expectation on the following line:
build-and-test	Run flutter test --coverage	2025-07-30T14:31:08.9767993Z   file:///home/runner/work/appoint/appoint/test/features/booking/chat_read_receipts_typing_test.dart line 93
build-and-test	Run flutter test --coverage	2025-07-30T14:31:08.9768777Z The test description was:
build-and-test	Run flutter test --coverage	2025-07-30T14:31:08.9769159Z   handles message input and shows read receipts
build-and-test	Run flutter test --coverage	2025-07-30T14:31:08.9770018Z ════════════════════════════════════════════════════════════════════════════════════════════════════
build-and-test	Run flutter test --coverage	2025-07-30T14:31:08.9770601Z Test failed. See exception logs above.
build-and-test	Run flutter test --coverage	2025-07-30T14:31:08.9771182Z The test description was: handles message input and shows read receipts
build-and-test	Run flutter test --coverage	2025-07-30T14:31:08.9771897Z 
build-and-test	Run flutter test --coverage	2025-07-30T14:31:08.9772272Z ##[endgroup]
build-and-test	Run flutter test --coverage	2025-07-30T14:31:09.0631344Z ✅ /home/runner/work/appoint/appoint/test/features/booking/chat_read_receipts_typing_test.dart: shows welcome message on initialization
build-and-test	Run flutter test --coverage	2025-07-30T14:31:10.0103095Z test/firebase_test_helper.dart:11:48: Error: Type 'FirebaseAuth' not found.
build-and-test	Run flutter test --coverage	2025-07-30T14:31:10.0103952Z class MockFirebaseAuth extends Mock implements FirebaseAuth {}
build-and-test	Run flutter test --coverage	2025-07-30T14:31:10.0104503Z                                                ^^^^^^^^^^^^
build-and-test	Run flutter test --coverage	2025-07-30T14:31:10.0105066Z test/firebase_test_helper.dart:13:40: Error: Type 'User' not found.
build-and-test	Run flutter test --coverage	2025-07-30T14:31:10.0105678Z class MockUser extends Mock implements User {}
build-and-test	Run flutter test --coverage	2025-07-30T14:31:10.0106145Z                                        ^^^^
build-and-test	Run flutter test --coverage	2025-07-30T14:31:10.0106720Z test/firebase_test_helper.dart:15:50: Error: Type 'UserCredential' not found.
build-and-test	Run flutter test --coverage	2025-07-30T14:31:10.0107487Z class MockUserCredential extends Mock implements UserCredential {}
build-and-test	Run flutter test --coverage	2025-07-30T14:31:10.0108078Z                                                  ^^^^^^^^^^^^^^
build-and-test	Run flutter test --coverage	2025-07-30T14:31:10.1358006Z test/features/booking/chat_flow_widget_test.dart:206:9: Error: Setter not found: 'sendButton'.
build-and-test	Run flutter test --coverage	2025-07-30T14:31:10.1358934Z         sendButton = find.byIcon(Icons.send);
build-and-test	Run flutter test --coverage	2025-07-30T14:31:10.1359368Z         ^^^^^^^^^^
build-and-test	Run flutter test --coverage	2025-07-30T14:31:10.1360010Z test/features/booking/chat_flow_widget_test.dart:207:42: Error: Undefined name 'sendButton'.
build-and-test	Run flutter test --coverage	2025-07-30T14:31:10.1360924Z         expect(tester.widget<IconButton>(sendButton).onPressed, isNull);
build-and-test	Run flutter test --coverage	2025-07-30T14:31:10.1361519Z                                          ^^^^^^^^^^
build-and-test	Run flutter test --coverage	2025-07-30T14:31:10.1362422Z test/features/booking/chat_flow_widget_test.dart:224:9: Error: Setter not found: 'sendButton'.
build-and-test	Run flutter test --coverage	2025-07-30T14:31:10.1363237Z         sendButton = find.byIcon(Icons.send);
build-and-test	Run flutter test --coverage	2025-07-30T14:31:10.1363664Z         ^^^^^^^^^^
build-and-test	Run flutter test --coverage	2025-07-30T14:31:10.1364303Z test/features/booking/chat_flow_widget_test.dart:225:42: Error: Undefined name 'sendButton'.
build-and-test	Run flutter test --coverage	2025-07-30T14:31:10.1365216Z         expect(tester.widget<IconButton>(sendButton).onPressed, isNull);
build-and-test	Run flutter test --coverage	2025-07-30T14:31:10.1365800Z                                          ^^^^^^^^^^
build-and-test	Run flutter test --coverage	2025-07-30T14:31:10.1366543Z test/features/booking/chat_flow_widget_test.dart:241:9: Error: Setter not found: 'sendButton'.
build-and-test	Run flutter test --coverage	2025-07-30T14:31:10.1367332Z         sendButton = find.byIcon(Icons.send);
build-and-test	Run flutter test --coverage	2025-07-30T14:31:10.1367750Z         ^^^^^^^^^^
build-and-test	Run flutter test --coverage	2025-07-30T14:31:10.1368380Z test/features/booking/chat_flow_widget_test.dart:242:42: Error: Undefined name 'sendButton'.
build-and-test	Run flutter test --coverage	2025-07-30T14:31:10.1369307Z         expect(tester.widget<IconButton>(sendButton).onPressed, isNotNull);
build-and-test	Run flutter test --coverage	2025-07-30T14:31:10.1369914Z                                          ^^^^^^^^^^
build-and-test	Run flutter test --coverage	2025-07-30T14:31:10.1371078Z test/features/booking/chat_flow_widget_test.dart:340:9: Error: Setter not found: 'sendButton'.
build-and-test	Run flutter test --coverage	2025-07-30T14:31:10.1372070Z         sendButton = find.byIcon(Icons.send);
build-and-test	Run flutter test --coverage	2025-07-30T14:31:10.1372502Z         ^^^^^^^^^^
build-and-test	Run flutter test --coverage	2025-07-30T14:31:10.1373124Z test/features/booking/chat_flow_widget_test.dart:341:42: Error: Undefined name 'sendButton'.
build-and-test	Run flutter test --coverage	2025-07-30T14:31:10.1374091Z         expect(tester.widget<IconButton>(sendButton).onPressed, isNull);
build-and-test	Run flutter test --coverage	2025-07-30T14:31:10.1374409Z                                          ^^^^^^^^^^
build-and-test	Run flutter test --coverage	2025-07-30T14:31:10.1388589Z test/features/booking/chat_flow_widget_test.dart:295:67: Error: The value 'null' can't be assigned to the parameter type 'Future<void>' because 'Future<void>' is not nullable.
build-and-test	Run flutter test --coverage	2025-07-30T14:31:10.1389712Z  - 'Future' is from 'dart:async'.
build-and-test	Run flutter test --coverage	2025-07-30T14:31:10.1390225Z         when(() => mockNotifier.addUserMessage(any())).thenReturn(null);
build-and-test	Run flutter test --coverage	2025-07-30T14:31:10.1390774Z                                                                   ^
build-and-test	Run flutter test --coverage	2025-07-30T14:31:10.1391998Z test/features/booking/chat_flow_widget_test.dart:314:67: Error: The value 'null' can't be assigned to the parameter type 'Future<void>' because 'Future<void>' is not nullable.
build-and-test	Run flutter test --coverage	2025-07-30T14:31:10.1393013Z  - 'Future' is from 'dart:async'.
build-and-test	Run flutter test --coverage	2025-07-30T14:31:10.1393515Z         when(() => mockNotifier.addUserMessage(any())).thenReturn(null);
build-and-test	Run flutter test --coverage	2025-07-30T14:31:10.1394173Z                                                                   ^
build-and-test	Run flutter test --coverage	2025-07-30T14:31:10.1396351Z test/features/booking/chat_flow_widget_test.dart:333:67: Error: The value 'null' can't be assigned to the parameter type 'Future<void>' because 'Future<void>' is not nullable.
build-and-test	Run flutter test --coverage	2025-07-30T14:31:10.1397449Z  - 'Future' is from 'dart:async'.
build-and-test	Run flutter test --coverage	2025-07-30T14:31:10.1397957Z         when(() => mockNotifier.addUserMessage(any())).thenReturn(null);
build-and-test	Run flutter test --coverage	2025-07-30T14:31:10.1398492Z                                                                   ^
build-and-test	Run flutter test --coverage	2025-07-30T14:31:10.1405674Z test/firebase_test_helper.dart:78:25: Error: The getter 'uid' isn't defined for the class 'MockUser'.
build-and-test	Run flutter test --coverage	2025-07-30T14:31:10.1406486Z  - 'MockUser' is from 'test/firebase_test_helper.dart'.
build-and-test	Run flutter test --coverage	2025-07-30T14:31:10.1407254Z Try correcting the name to the name of an existing getter, or defining a getter or field named 'uid'.
build-and-test	Run flutter test --coverage	2025-07-30T14:31:10.1408011Z     when(() => mockUser.uid).thenReturn('test-user-id');
build-and-test	Run flutter test --coverage	2025-07-30T14:31:10.1408466Z                         ^^^
build-and-test	Run flutter test --coverage	2025-07-30T14:31:10.1409108Z test/firebase_test_helper.dart:79:25: Error: The getter 'email' isn't defined for the class 'MockUser'.
build-and-test	Run flutter test --coverage	2025-07-30T14:31:10.1409878Z  - 'MockUser' is from 'test/firebase_test_helper.dart'.
build-and-test	Run flutter test --coverage	2025-07-30T14:31:10.1410631Z Try correcting the name to the name of an existing getter, or defining a getter or field named 'email'.
build-and-test	Run flutter test --coverage	2025-07-30T14:31:10.1411407Z     when(() => mockUser.email).thenReturn('test@example.com');
build-and-test	Run flutter test --coverage	2025-07-30T14:31:10.1412050Z                         ^^^^^
build-and-test	Run flutter test --coverage	2025-07-30T14:31:10.1412740Z test/firebase_test_helper.dart:80:25: Error: The getter 'displayName' isn't defined for the class 'MockUser'.
build-and-test	Run flutter test --coverage	2025-07-30T14:31:10.1413554Z  - 'MockUser' is from 'test/firebase_test_helper.dart'.
build-and-test	Run flutter test --coverage	2025-07-30T14:31:10.1414338Z Try correcting the name to the name of an existing getter, or defining a getter or field named 'displayName'.
build-and-test	Run flutter test --coverage	2025-07-30T14:31:10.1415144Z     when(() => mockUser.displayName).thenReturn('Test User');
build-and-test	Run flutter test --coverage	2025-07-30T14:31:10.1415624Z                         ^^^^^^^^^^^
build-and-test	Run flutter test --coverage	2025-07-30T14:31:10.1416301Z test/firebase_test_helper.dart:81:25: Error: The getter 'photoURL' isn't defined for the class 'MockUser'.
build-and-test	Run flutter test --coverage	2025-07-30T14:31:10.1417094Z  - 'MockUser' is from 'test/firebase_test_helper.dart'.
build-and-test	Run flutter test --coverage	2025-07-30T14:31:10.1417861Z Try correcting the name to the name of an existing getter, or defining a getter or field named 'photoURL'.
build-and-test	Run flutter test --coverage	2025-07-30T14:31:10.1418835Z     when(() => mockUser.photoURL).thenReturn('https://example.com/photo.jpg');
build-and-test	Run flutter test --coverage	2025-07-30T14:31:10.1419404Z                         ^^^^^^^^
build-and-test	Run flutter test --coverage	2025-07-30T14:31:10.1420085Z test/firebase_test_helper.dart:82:25: Error: The getter 'isAnonymous' isn't defined for the class 'MockUser'.
build-and-test	Run flutter test --coverage	2025-07-30T14:31:10.1421154Z  - 'MockUser' is from 'test/firebase_test_helper.dart'.
build-and-test	Run flutter test --coverage	2025-07-30T14:31:10.1422115Z Try correcting the name to the name of an existing getter, or defining a getter or field named 'isAnonymous'.
build-and-test	Run flutter test --coverage	2025-07-30T14:31:10.1422901Z     when(() => mockUser.isAnonymous).thenReturn(false);
build-and-test	Run flutter test --coverage	2025-07-30T14:31:10.1423543Z                         ^^^^^^^^^^^
build-and-test	Run flutter test --coverage	2025-07-30T14:31:10.1424245Z test/firebase_test_helper.dart:83:25: Error: The getter 'emailVerified' isn't defined for the class 'MockUser'.
build-and-test	Run flutter test --coverage	2025-07-30T14:31:10.1425060Z  - 'MockUser' is from 'test/firebase_test_helper.dart'.
build-and-test	Run flutter test --coverage	2025-07-30T14:31:10.1425843Z Try correcting the name to the name of an existing getter, or defining a getter or field named 'emailVerified'.
build-and-test	Run flutter test --coverage	2025-07-30T14:31:10.1426632Z     when(() => mockUser.emailVerified).thenReturn(true);
build-and-test	Run flutter test --coverage	2025-07-30T14:31:10.1427076Z                         ^^^^^^^^^^^^^
build-and-test	Run flutter test --coverage	2025-07-30T14:31:10.1427775Z test/firebase_test_helper.dart:86:35: Error: The getter 'user' isn't defined for the class 'MockUserCredential'.
build-and-test	Run flutter test --coverage	2025-07-30T14:31:10.1428662Z  - 'MockUserCredential' is from 'test/firebase_test_helper.dart'.
build-and-test	Run flutter test --coverage	2025-07-30T14:31:10.1429490Z Try correcting the name to the name of an existing getter, or defining a getter or field named 'user'.
build-and-test	Run flutter test --coverage	2025-07-30T14:31:10.1430269Z     when(() => mockUserCredential.user).thenReturn(mockUser);
build-and-test	Run flutter test --coverage	2025-07-30T14:31:10.1430745Z                                   ^^^^
build-and-test	Run flutter test --coverage	2025-07-30T14:31:10.1431494Z test/firebase_test_helper.dart:89:25: Error: The getter 'currentUser' isn't defined for the class 'MockFirebaseAuth'.
build-and-test	Run flutter test --coverage	2025-07-30T14:31:10.1432542Z  - 'MockFirebaseAuth' is from 'test/firebase_test_helper.dart'.
build-and-test	Run flutter test --coverage	2025-07-30T14:31:10.1433399Z Try correcting the name to the name of an existing getter, or defining a getter or field named 'currentUser'.
build-and-test	Run flutter test --coverage	2025-07-30T14:31:10.1434194Z     when(() => mockAuth.currentUser).thenReturn(mockUser);
build-and-test	Run flutter test --coverage	2025-07-30T14:31:10.1434650Z                         ^^^^^^^^^^^
build-and-test	Run flutter test --coverage	2025-07-30T14:31:10.1435421Z test/firebase_test_helper.dart:90:25: Error: The method 'authStateChanges' isn't defined for the class 'MockFirebaseAuth'.
build-and-test	Run flutter test --coverage	2025-07-30T14:31:10.1436366Z  - 'MockFirebaseAuth' is from 'test/firebase_test_helper.dart'.
build-and-test	Run flutter test --coverage	2025-07-30T14:31:10.1437184Z Try correcting the name to the name of an existing method, or defining a method named 'authStateChanges'.
build-and-test	Run flutter test --coverage	2025-07-30T14:31:10.1437933Z     when(() => mockAuth.authStateChanges())
build-and-test	Run flutter test --coverage	2025-07-30T14:31:10.1438337Z                         ^^^^^^^^^^^^^^^^
build-and-test	Run flutter test --coverage	2025-07-30T14:31:10.1439092Z test/firebase_test_helper.dart:92:25: Error: The method 'userChanges' isn't defined for the class 'MockFirebaseAuth'.
build-and-test	Run flutter test --coverage	2025-07-30T14:31:10.1439989Z  - 'MockFirebaseAuth' is from 'test/firebase_test_helper.dart'.
build-and-test	Run flutter test --coverage	2025-07-30T14:31:10.1440780Z Try correcting the name to the name of an existing method, or defining a method named 'userChanges'.
build-and-test	Run flutter test --coverage	2025-07-30T14:31:10.1441482Z     when(() => mockAuth.userChanges())
build-and-test	Run flutter test --coverage	2025-07-30T14:31:10.1441983Z                         ^^^^^^^^^^^
build-and-test	Run flutter test --coverage	2025-07-30T14:31:10.1442831Z test/firebase_test_helper.dart:94:25: Error: The method 'signInWithEmailAndPassword' isn't defined for the class 'MockFirebaseAuth'.
build-and-test	Run flutter test --coverage	2025-07-30T14:31:10.1443837Z  - 'MockFirebaseAuth' is from 'test/firebase_test_helper.dart'.
build-and-test	Run flutter test --coverage	2025-07-30T14:31:10.1450038Z Try correcting the name to the name of an existing method, or defining a method named 'signInWithEmailAndPassword'.
build-and-test	Run flutter test --coverage	2025-07-30T14:31:10.1450691Z     when(() => mockAuth.signInWithEmailAndPassword(any(), any()))
build-and-test	Run flutter test --coverage	2025-07-30T14:31:10.1451022Z                         ^^^^^^^^^^^^^^^^^^^^^^^^^^
build-and-test	Run flutter test --coverage	2025-07-30T14:31:10.1451728Z test/firebase_test_helper.dart:96:25: Error: The method 'createUserWithEmailAndPassword' isn't defined for the class 'MockFirebaseAuth'.
build-and-test	Run flutter test --coverage	2025-07-30T14:31:10.1452351Z  - 'MockFirebaseAuth' is from 'test/firebase_test_helper.dart'.
build-and-test	Run flutter test --coverage	2025-07-30T14:31:10.1452903Z Try correcting the name to the name of an existing method, or defining a method named 'createUserWithEmailAndPassword'.
build-and-test	Run flutter test --coverage	2025-07-30T14:31:10.1453448Z     when(() => mockAuth.createUserWithEmailAndPassword(any(), any()))
build-and-test	Run flutter test --coverage	2025-07-30T14:31:10.1453943Z                         ^^^^^^^^^^^^^^^^^^^^^^^^^^^^^^
build-and-test	Run flutter test --coverage	2025-07-30T14:31:10.1454392Z test/firebase_test_helper.dart:98:25: Error: The method 'signOut' isn't defined for the class 'MockFirebaseAuth'.
build-and-test	Run flutter test --coverage	2025-07-30T14:31:10.1454903Z  - 'MockFirebaseAuth' is from 'test/firebase_test_helper.dart'.
build-and-test	Run flutter test --coverage	2025-07-30T14:31:10.1455457Z Try correcting the name to the name of an existing method, or defining a method named 'signOut'.
build-and-test	Run flutter test --coverage	2025-07-30T14:31:10.1455895Z     when(() => mockAuth.signOut()).thenAnswer((_) async {});
build-and-test	Run flutter test --coverage	2025-07-30T14:31:10.1456161Z                         ^^^^^^^
build-and-test	Run flutter test --coverage	2025-07-30T14:31:10.1456770Z test/firebase_test_helper.dart:108:60: Error: The argument type 'MockCollectionReference' can't be assigned to the parameter type 'CollectionReference<Map<String, dynamic>>'.
build-and-test	Run flutter test --coverage	2025-07-30T14:31:10.1457501Z  - 'MockCollectionReference' is from 'test/firebase_test_helper.dart'.
build-and-test	Run flutter test --coverage	2025-07-30T14:31:10.1458223Z  - 'CollectionReference' is from 'package:cloud_firestore/cloud_firestore.dart' ('../../../.pub-cache/hosted/pub.dev/cloud_firestore-5.6.11/lib/cloud_firestore.dart').
build-and-test	Run flutter test --coverage	2025-07-30T14:31:10.1458838Z  - 'Map' is from 'dart:core'.
build-and-test	Run flutter test --coverage	2025-07-30T14:31:10.1459148Z     when(() => mockFirestore.collection(any())).thenReturn(mockCollection);
build-and-test	Run flutter test --coverage	2025-07-30T14:31:10.1459488Z                                                            ^
build-and-test	Run flutter test --coverage	2025-07-30T14:31:10.1460068Z test/firebase_test_helper.dart:132:52: Error: A value of type 'MockDocumentSnapshot' can't be assigned to a variable of type 'QueryDocumentSnapshot<Object?>'.
build-and-test	Run flutter test --coverage	2025-07-30T14:31:10.1460725Z  - 'MockDocumentSnapshot' is from 'test/firebase_test_helper.dart'.
build-and-test	Run flutter test --coverage	2025-07-30T14:31:10.1461441Z  - 'QueryDocumentSnapshot' is from 'package:cloud_firestore/cloud_firestore.dart' ('../../../.pub-cache/hosted/pub.dev/cloud_firestore-5.6.11/lib/cloud_firestore.dart').
build-and-test	Run flutter test --coverage	2025-07-30T14:31:10.1462185Z  - 'Object' is from 'dart:core'.
build-and-test	Run flutter test --coverage	2025-07-30T14:31:10.1462506Z     when(() => mockQuerySnapshot.docs).thenReturn([mockDocumentSnapshot]);
build-and-test	Run flutter test --coverage	2025-07-30T14:31:10.1462835Z                                                    ^
build-and-test	Run flutter test --coverage	2025-07-30T14:31:10.6179959Z ##[group]❌ loading /home/runner/work/appoint/appoint/test/features/booking/chat_flow_widget_test.dart (failed)
build-and-test	Run flutter test --coverage	2025-07-30T14:31:10.6182038Z Failed to load "/home/runner/work/appoint/appoint/test/features/booking/chat_flow_widget_test.dart": Compilation failed for testPath=/home/runner/work/appoint/appoint/test/features/booking/chat_flow_widget_test.dart
build-and-test	Run flutter test --coverage	2025-07-30T14:31:10.6183404Z 
build-and-test	Run flutter test --coverage	2025-07-30T14:31:10.6183776Z ##[endgroup]
build-and-test	Run flutter test --coverage	2025-07-30T14:31:10.6505983Z ##[group]❌ loading /home/runner/work/appoint/appoint/test/widgets/login_screen_test.dart (failed after test completion)
build-and-test	Run flutter test --coverage	2025-07-30T14:31:10.6507135Z Error: the Dart compiler exited unexpectedly.
build-and-test	Run flutter test --coverage	2025-07-30T14:31:10.6508688Z package:flutter_tools/src/base/common.dart 10:3  throwToolExit
build-and-test	Run flutter test --coverage	2025-07-30T14:31:10.6509468Z package:flutter_tools/src/compile.dart 893:9     DefaultResidentCompiler._compile.<fn>
build-and-test	Run flutter test --coverage	2025-07-30T14:31:10.6510258Z dart:async/zone.dart 1422:47                     _rootRunUnary
build-and-test	Run flutter test --coverage	2025-07-30T14:31:10.6511075Z dart:async/future_impl.dart 902:45               Future._propagateToListeners.handleValueCallback
build-and-test	Run flutter test --coverage	2025-07-30T14:31:10.6512227Z dart:async/future_impl.dart 931:13               Future._propagateToListeners
build-and-test	Run flutter test --coverage	2025-07-30T14:31:10.6513008Z dart:async/future_impl.dart 827:9                Future._propagateToListeners
build-and-test	Run flutter test --coverage	2025-07-30T14:31:10.6513721Z dart:async/future_impl.dart 707:5                Future._completeWithValue
build-and-test	Run flutter test --coverage	2025-07-30T14:31:10.6514528Z dart:async/future_impl.dart 777:7                Future._asyncCompleteWithValue.<fn>
build-and-test	Run flutter test --coverage	2025-07-30T14:31:10.6515272Z dart:async/zone.dart 1414:13                     _rootRun
build-and-test	Run flutter test --coverage	2025-07-30T14:31:10.6515889Z dart:async/zone.dart 1317:19                     _CustomZone.run
build-and-test	Run flutter test --coverage	2025-07-30T14:31:10.6516581Z dart:async/zone.dart 1225:7                      _CustomZone.runGuarded
build-and-test	Run flutter test --coverage	2025-07-30T14:31:10.6517334Z dart:async/zone.dart 1265:23                     _CustomZone.bindCallbackGuarded.<fn>
build-and-test	Run flutter test --coverage	2025-07-30T14:31:10.6518094Z dart:async/schedule_microtask.dart 40:21         _microtaskLoop
build-and-test	Run flutter test --coverage	2025-07-30T14:31:10.6519099Z dart:async/schedule_microtask.dart 49:5          _startMicrotaskLoop
build-and-test	Run flutter test --coverage	2025-07-30T14:31:10.6519905Z dart:isolate-patch/isolate_patch.dart 118:13     _runPendingImmediateCallback
build-and-test	Run flutter test --coverage	2025-07-30T14:31:10.6520831Z dart:isolate-patch/isolate_patch.dart 185:5      _RawReceivePort._handleMessage
build-and-test	Run flutter test --coverage	2025-07-30T14:31:10.6522149Z ##[endgroup]
build-and-test	Run flutter test --coverage	2025-07-30T14:31:12.5657326Z test/features/booking/services/booking_service_test.dart:21:7: Error: Setter not found: 'col'.
build-and-test	Run flutter test --coverage	2025-07-30T14:31:12.5658500Z       col = MockCollectionRef();
build-and-test	Run flutter test --coverage	2025-07-30T14:31:12.5659098Z       ^^^
build-and-test	Run flutter test --coverage	2025-07-30T14:31:12.5659900Z test/features/booking/services/booking_service_test.dart:22:7: Error: Setter not found: 'doc'.
build-and-test	Run flutter test --coverage	2025-07-30T14:31:12.5660835Z       doc = MockDocRef();
build-and-test	Run flutter test --coverage	2025-07-30T14:31:12.5663106Z       ^^^
build-and-test	Run flutter test --coverage	2025-07-30T14:31:12.5669228Z test/features/booking/services/booking_service_test.dart:23:67: Error: Undefined name 'col'.
build-and-test	Run flutter test --coverage	2025-07-30T14:31:12.5672049Z       when(() => firestore.collection('appointments')).thenReturn(col);
build-and-test	Run flutter test --coverage	2025-07-30T14:31:12.5672828Z                                                                   ^^^
build-and-test	Run flutter test --coverage	2025-07-30T14:31:12.5673783Z test/features/booking/services/booking_service_test.dart:24:18: Error: Undefined name 'col'.
build-and-test	Run flutter test --coverage	2025-07-30T14:31:12.5674564Z       when(() => col.doc('B1')).thenReturn(doc);
build-and-test	Run flutter test --coverage	2025-07-30T14:31:12.5674995Z                  ^^^
build-and-test	Run flutter test --coverage	2025-07-30T14:31:12.5675617Z test/features/booking/services/booking_service_test.dart:24:44: Error: Undefined name 'doc'.
build-and-test	Run flutter test --coverage	2025-07-30T14:31:12.5676374Z       when(() => col.doc('B1')).thenReturn(doc);
build-and-test	Run flutter test --coverage	2025-07-30T14:31:12.5676833Z                                            ^^^
build-and-test	Run flutter test --coverage	2025-07-30T14:31:12.5677746Z test/features/booking/services/booking_service_test.dart:25:12: Error: Undefined name 'doc'.
build-and-test	Run flutter test --coverage	2025-07-30T14:31:12.5679744Z       when(doc.delete).thenAnswer((_) async {});
build-and-test	Run flutter test --coverage	2025-07-30T14:31:12.5680436Z            ^^^
build-and-test	Run flutter test --coverage	2025-07-30T14:31:12.5682105Z test/features/booking/services/booking_service_test.dart:29:14: Error: Undefined name 'doc'.
build-and-test	Run flutter test --coverage	2025-07-30T14:31:12.5682913Z       verify(doc.delete).called(1);
build-and-test	Run flutter test --coverage	2025-07-30T14:31:12.5683310Z              ^^^
build-and-test	Run flutter test --coverage	2025-07-30T14:31:12.5683976Z test/features/booking/services/booking_service_test.dart:35:7: Error: Setter not found: 'col'.
build-and-test	Run flutter test --coverage	2025-07-30T14:31:12.5684800Z       col = MockCollectionRef();
build-and-test	Run flutter test --coverage	2025-07-30T14:31:12.5685608Z       ^^^
build-and-test	Run flutter test --coverage	2025-07-30T14:31:12.5686304Z test/features/booking/services/booking_service_test.dart:36:7: Error: Setter not found: 'doc'.
build-and-test	Run flutter test --coverage	2025-07-30T14:31:12.5687115Z       doc = MockDocRef();
build-and-test	Run flutter test --coverage	2025-07-30T14:31:12.5687461Z       ^^^
build-and-test	Run flutter test --coverage	2025-07-30T14:31:12.5688152Z test/features/booking/services/booking_service_test.dart:37:67: Error: Undefined name 'col'.
build-and-test	Run flutter test --coverage	2025-07-30T14:31:12.5689062Z       when(() => firestore.collection('appointments')).thenReturn(col);
build-and-test	Run flutter test --coverage	2025-07-30T14:31:12.5689634Z                                                                   ^^^
build-and-test	Run flutter test --coverage	2025-07-30T14:31:12.5690377Z test/features/booking/services/booking_service_test.dart:38:18: Error: Undefined name 'col'.
build-and-test	Run flutter test --coverage	2025-07-30T14:31:12.5691126Z       when(() => col.doc('B2')).thenReturn(doc);
build-and-test	Run flutter test --coverage	2025-07-30T14:31:12.5691900Z                  ^^^
build-and-test	Run flutter test --coverage	2025-07-30T14:31:12.5692580Z test/features/booking/services/booking_service_test.dart:38:44: Error: Undefined name 'doc'.
build-and-test	Run flutter test --coverage	2025-07-30T14:31:12.5693351Z       when(() => col.doc('B2')).thenReturn(doc);
build-and-test	Run flutter test --coverage	2025-07-30T14:31:12.5693801Z                                            ^^^
build-and-test	Run flutter test --coverage	2025-07-30T14:31:12.5694535Z test/features/booking/services/booking_service_test.dart:39:18: Error: Undefined name 'doc'.
build-and-test	Run flutter test --coverage	2025-07-30T14:31:12.5695375Z       when(() => doc.update(any())).thenAnswer((_) async {});
build-and-test	Run flutter test --coverage	2025-07-30T14:31:12.5695843Z                  ^^^
build-and-test	Run flutter test --coverage	2025-07-30T14:31:12.5696507Z test/features/booking/services/booking_service_test.dart:53:20: Error: Undefined name 'doc'.
build-and-test	Run flutter test --coverage	2025-07-30T14:31:12.5697292Z       verify(() => doc.update(any())).called(1);
build-and-test	Run flutter test --coverage	2025-07-30T14:31:12.5697724Z                    ^^^
build-and-test	Run flutter test --coverage	2025-07-30T14:31:12.6503227Z ##[group]❌ loading /home/runner/work/appoint/appoint/test/features/booking/services/booking_service_test.dart (failed)
build-and-test	Run flutter test --coverage	2025-07-30T14:31:12.6506056Z Failed to load "/home/runner/work/appoint/appoint/test/features/booking/services/booking_service_test.dart": Compilation failed for testPath=/home/runner/work/appoint/appoint/test/features/booking/services/booking_service_test.dart
build-and-test	Run flutter test --coverage	2025-07-30T14:31:12.6507849Z 
build-and-test	Run flutter test --coverage	2025-07-30T14:31:12.6509562Z ##[endgroup]
build-and-test	Run flutter test --coverage	2025-07-30T14:31:12.6757406Z ##[group]❌ loading /home/runner/work/appoint/appoint/test/widgets/login_screen_test.dart (failed after test completion)
build-and-test	Run flutter test --coverage	2025-07-30T14:31:12.6758103Z Error: the Dart compiler exited unexpectedly.
build-and-test	Run flutter test --coverage	2025-07-30T14:31:12.6760034Z package:flutter_tools/src/base/common.dart 10:3  throwToolExit
build-and-test	Run flutter test --coverage	2025-07-30T14:31:12.6760708Z package:flutter_tools/src/compile.dart 893:9     DefaultResidentCompiler._compile.<fn>
build-and-test	Run flutter test --coverage	2025-07-30T14:31:12.6761259Z dart:async/zone.dart 1422:47                     _rootRunUnary
build-and-test	Run flutter test --coverage	2025-07-30T14:31:12.6762096Z dart:async/future_impl.dart 902:45               Future._propagateToListeners.handleValueCallback
build-and-test	Run flutter test --coverage	2025-07-30T14:31:12.6762698Z dart:async/future_impl.dart 931:13               Future._propagateToListeners
build-and-test	Run flutter test --coverage	2025-07-30T14:31:12.6763255Z dart:async/future_impl.dart 827:9                Future._propagateToListeners
build-and-test	Run flutter test --coverage	2025-07-30T14:31:12.6763784Z dart:async/future_impl.dart 707:5                Future._completeWithValue
build-and-test	Run flutter test --coverage	2025-07-30T14:31:12.6764324Z dart:async/future_impl.dart 777:7                Future._asyncCompleteWithValue.<fn>
build-and-test	Run flutter test --coverage	2025-07-30T14:31:12.6764801Z dart:async/zone.dart 1414:13                     _rootRun
build-and-test	Run flutter test --coverage	2025-07-30T14:31:12.6765199Z dart:async/zone.dart 1317:19                     _CustomZone.run
build-and-test	Run flutter test --coverage	2025-07-30T14:31:12.6765654Z dart:async/zone.dart 1225:7                      _CustomZone.runGuarded
build-and-test	Run flutter test --coverage	2025-07-30T14:31:12.6766144Z dart:async/zone.dart 1265:23                     _CustomZone.bindCallbackGuarded.<fn>
build-and-test	Run flutter test --coverage	2025-07-30T14:31:12.6766637Z dart:async/schedule_microtask.dart 40:21         _microtaskLoop
build-and-test	Run flutter test --coverage	2025-07-30T14:31:12.6767108Z dart:async/schedule_microtask.dart 49:5          _startMicrotaskLoop
build-and-test	Run flutter test --coverage	2025-07-30T14:31:12.6767641Z dart:isolate-patch/isolate_patch.dart 118:13     _runPendingImmediateCallback
build-and-test	Run flutter test --coverage	2025-07-30T14:31:12.6768260Z dart:isolate-patch/isolate_patch.dart 185:5      _RawReceivePort._handleMessage
build-and-test	Run flutter test --coverage	2025-07-30T14:31:12.6768845Z ##[endgroup]
build-and-test	Run flutter test --coverage	2025-07-30T14:31:14.6939582Z test/mocks/firebase_mocks.dart:127:15: Error: Type 'MockFirebaseAuthGenerated' not found.
build-and-test	Run flutter test --coverage	2025-07-30T14:31:14.6940501Z   static late MockFirebaseAuthGenerated mockAuth;
build-and-test	Run flutter test --coverage	2025-07-30T14:31:14.6941010Z               ^^^^^^^^^^^^^^^^^^^^^^^^^
build-and-test	Run flutter test --coverage	2025-07-30T14:31:14.6941898Z test/mocks/firebase_mocks.dart:128:15: Error: Type 'MockFirebaseFirestoreGenerated' not found.
build-and-test	Run flutter test --coverage	2025-07-30T14:31:14.6942789Z   static late MockFirebaseFirestoreGenerated mockFirestore;
build-and-test	Run flutter test --coverage	2025-07-30T14:31:14.6943370Z               ^^^^^^^^^^^^^^^^^^^^^^^^^^^^^^
build-and-test	Run flutter test --coverage	2025-07-30T14:31:14.6944093Z test/mocks/firebase_mocks.dart:129:15: Error: Type 'MockFirebaseStorageGenerated' not found.
build-and-test	Run flutter test --coverage	2025-07-30T14:31:14.6944940Z   static late MockFirebaseStorageGenerated mockStorage;
build-and-test	Run flutter test --coverage	2025-07-30T14:31:14.6945476Z               ^^^^^^^^^^^^^^^^^^^^^^^^^^^^
build-and-test	Run flutter test --coverage	2025-07-30T14:31:14.6946108Z test/firebase_test_helper.dart:11:48: Error: Type 'FirebaseAuth' not found.
build-and-test	Run flutter test --coverage	2025-07-30T14:31:14.6946913Z class MockFirebaseAuth extends Mock implements FirebaseAuth {}
build-and-test	Run flutter test --coverage	2025-07-30T14:31:14.6947500Z                                                ^^^^^^^^^^^^
build-and-test	Run flutter test --coverage	2025-07-30T14:31:14.6948115Z test/firebase_test_helper.dart:13:40: Error: Type 'User' not found.
build-and-test	Run flutter test --coverage	2025-07-30T14:31:14.6948699Z class MockUser extends Mock implements User {}
build-and-test	Run flutter test --coverage	2025-07-30T14:31:14.6948998Z                                        ^^^^
build-and-test	Run flutter test --coverage	2025-07-30T14:31:14.6949342Z test/firebase_test_helper.dart:15:50: Error: Type 'UserCredential' not found.
build-and-test	Run flutter test --coverage	2025-07-30T14:31:14.6949809Z class MockUserCredential extends Mock implements UserCredential {}
build-and-test	Run flutter test --coverage	2025-07-30T14:31:14.6950159Z                                                  ^^^^^^^^^^^^^^
build-and-test	Run flutter test --coverage	2025-07-30T14:31:14.8329537Z test/mocks/firebase_mocks.dart:127:15: Error: 'MockFirebaseAuthGenerated' isn't a type.
build-and-test	Run flutter test --coverage	2025-07-30T14:31:14.8330592Z   static late MockFirebaseAuthGenerated mockAuth;
build-and-test	Run flutter test --coverage	2025-07-30T14:31:14.8331702Z               ^^^^^^^^^^^^^^^^^^^^^^^^^
build-and-test	Run flutter test --coverage	2025-07-30T14:31:14.8332403Z test/mocks/firebase_mocks.dart:128:15: Error: 'MockFirebaseFirestoreGenerated' isn't a type.
build-and-test	Run flutter test --coverage	2025-07-30T14:31:14.8333250Z   static late MockFirebaseFirestoreGenerated mockFirestore;
build-and-test	Run flutter test --coverage	2025-07-30T14:31:14.8333985Z               ^^^^^^^^^^^^^^^^^^^^^^^^^^^^^^
build-and-test	Run flutter test --coverage	2025-07-30T14:31:14.8334646Z test/mocks/firebase_mocks.dart:129:15: Error: 'MockFirebaseStorageGenerated' isn't a type.
build-and-test	Run flutter test --coverage	2025-07-30T14:31:14.8335411Z   static late MockFirebaseStorageGenerated mockStorage;
build-and-test	Run flutter test --coverage	2025-07-30T14:31:14.8335897Z               ^^^^^^^^^^^^^^^^^^^^^^^^^^^^
build-and-test	Run flutter test --coverage	2025-07-30T14:31:14.8336556Z test/mocks/firebase_mocks.dart:132:16: Error: Method not found: 'MockFirebaseAuthGenerated'.
build-and-test	Run flutter test --coverage	2025-07-30T14:31:14.8337289Z     mockAuth = MockFirebaseAuthGenerated();
build-and-test	Run flutter test --coverage	2025-07-30T14:31:14.8337713Z                ^^^^^^^^^^^^^^^^^^^^^^^^^
build-and-test	Run flutter test --coverage	2025-07-30T14:31:14.8338411Z test/mocks/firebase_mocks.dart:133:21: Error: Method not found: 'MockFirebaseFirestoreGenerated'.
build-and-test	Run flutter test --coverage	2025-07-30T14:31:14.8339232Z     mockFirestore = MockFirebaseFirestoreGenerated();
build-and-test	Run flutter test --coverage	2025-07-30T14:31:14.8339743Z                     ^^^^^^^^^^^^^^^^^^^^^^^^^^^^^^
build-and-test	Run flutter test --coverage	2025-07-30T14:31:14.8340333Z test/mocks/firebase_mocks.dart:134:19: Error: Method not found: 'MockFirebaseStorageGenerated'.
build-and-test	Run flutter test --coverage	2025-07-30T14:31:14.8340850Z     mockStorage = MockFirebaseStorageGenerated();
build-and-test	Run flutter test --coverage	2025-07-30T14:31:14.8341228Z                   ^^^^^^^^^^^^^^^^^^^^^^^^^^^^
build-and-test	Run flutter test --coverage	2025-07-30T14:31:14.8342088Z test/firebase_test_helper.dart:78:25: Error: The getter 'uid' isn't defined for the class 'MockUser'.
build-and-test	Run flutter test --coverage	2025-07-30T14:31:14.8342887Z  - 'MockUser' is from 'test/firebase_test_helper.dart'.
build-and-test	Run flutter test --coverage	2025-07-30T14:31:14.8343640Z Try correcting the name to the name of an existing getter, or defining a getter or field named 'uid'.
build-and-test	Run flutter test --coverage	2025-07-30T14:31:14.8344403Z     when(() => mockUser.uid).thenReturn('test-user-id');
build-and-test	Run flutter test --coverage	2025-07-30T14:31:14.8344837Z                         ^^^
build-and-test	Run flutter test --coverage	2025-07-30T14:31:14.8345484Z test/firebase_test_helper.dart:79:25: Error: The getter 'email' isn't defined for the class 'MockUser'.
build-and-test	Run flutter test --coverage	2025-07-30T14:31:14.8346273Z  - 'MockUser' is from 'test/firebase_test_helper.dart'.
build-and-test	Run flutter test --coverage	2025-07-30T14:31:14.8347024Z Try correcting the name to the name of an existing getter, or defining a getter or field named 'email'.
build-and-test	Run flutter test --coverage	2025-07-30T14:31:14.8347819Z     when(() => mockUser.email).thenReturn('test@example.com');
build-and-test	Run flutter test --coverage	2025-07-30T14:31:14.8348290Z                         ^^^^^
build-and-test	Run flutter test --coverage	2025-07-30T14:31:14.8348980Z test/firebase_test_helper.dart:80:25: Error: The getter 'displayName' isn't defined for the class 'MockUser'.
build-and-test	Run flutter test --coverage	2025-07-30T14:31:14.8349842Z  - 'MockUser' is from 'test/firebase_test_helper.dart'.
build-and-test	Run flutter test --coverage	2025-07-30T14:31:14.8350630Z Try correcting the name to the name of an existing getter, or defining a getter or field named 'displayName'.
build-and-test	Run flutter test --coverage	2025-07-30T14:31:14.8351444Z     when(() => mockUser.displayName).thenReturn('Test User');
build-and-test	Run flutter test --coverage	2025-07-30T14:31:14.8352033Z                         ^^^^^^^^^^^
build-and-test	Run flutter test --coverage	2025-07-30T14:31:14.8352729Z test/firebase_test_helper.dart:81:25: Error: The getter 'photoURL' isn't defined for the class 'MockUser'.
build-and-test	Run flutter test --coverage	2025-07-30T14:31:14.8353533Z  - 'MockUser' is from 'test/firebase_test_helper.dart'.
build-and-test	Run flutter test --coverage	2025-07-30T14:31:14.8354297Z Try correcting the name to the name of an existing getter, or defining a getter or field named 'photoURL'.
build-and-test	Run flutter test --coverage	2025-07-30T14:31:14.8355219Z     when(() => mockUser.photoURL).thenReturn('https://example.com/photo.jpg');
build-and-test	Run flutter test --coverage	2025-07-30T14:31:14.8355792Z                         ^^^^^^^^
build-and-test	Run flutter test --coverage	2025-07-30T14:31:14.8356487Z test/firebase_test_helper.dart:82:25: Error: The getter 'isAnonymous' isn't defined for the class 'MockUser'.
build-and-test	Run flutter test --coverage	2025-07-30T14:31:14.8357295Z  - 'MockUser' is from 'test/firebase_test_helper.dart'.
build-and-test	Run flutter test --coverage	2025-07-30T14:31:14.8358079Z Try correcting the name to the name of an existing getter, or defining a getter or field named 'isAnonymous'.
build-and-test	Run flutter test --coverage	2025-07-30T14:31:14.8358861Z     when(() => mockUser.isAnonymous).thenReturn(false);
build-and-test	Run flutter test --coverage	2025-07-30T14:31:14.8359292Z                         ^^^^^^^^^^^
build-and-test	Run flutter test --coverage	2025-07-30T14:31:14.8360004Z test/firebase_test_helper.dart:83:25: Error: The getter 'emailVerified' isn't defined for the class 'MockUser'.
build-and-test	Run flutter test --coverage	2025-07-30T14:31:14.8361004Z  - 'MockUser' is from 'test/firebase_test_helper.dart'.
build-and-test	Run flutter test --coverage	2025-07-30T14:31:14.8361942Z Try correcting the name to the name of an existing getter, or defining a getter or field named 'emailVerified'.
build-and-test	Run flutter test --coverage	2025-07-30T14:31:14.8362918Z     when(() => mockUser.emailVerified).thenReturn(true);
build-and-test	Run flutter test --coverage	2025-07-30T14:31:14.8363368Z                         ^^^^^^^^^^^^^
build-and-test	Run flutter test --coverage	2025-07-30T14:31:14.8364076Z test/firebase_test_helper.dart:86:35: Error: The getter 'user' isn't defined for the class 'MockUserCredential'.
build-and-test	Run flutter test --coverage	2025-07-30T14:31:14.8364951Z  - 'MockUserCredential' is from 'test/firebase_test_helper.dart'.
build-and-test	Run flutter test --coverage	2025-07-30T14:31:14.8365776Z Try correcting the name to the name of an existing getter, or defining a getter or field named 'user'.
build-and-test	Run flutter test --coverage	2025-07-30T14:31:14.8366545Z     when(() => mockUserCredential.user).thenReturn(mockUser);
build-and-test	Run flutter test --coverage	2025-07-30T14:31:14.8367019Z                                   ^^^^
build-and-test	Run flutter test --coverage	2025-07-30T14:31:14.8367790Z test/firebase_test_helper.dart:89:25: Error: The getter 'currentUser' isn't defined for the class 'MockFirebaseAuth'.
build-and-test	Run flutter test --coverage	2025-07-30T14:31:14.8368708Z  - 'MockFirebaseAuth' is from 'test/firebase_test_helper.dart'.
build-and-test	Run flutter test --coverage	2025-07-30T14:31:14.8369549Z Try correcting the name to the name of an existing getter, or defining a getter or field named 'currentUser'.
build-and-test	Run flutter test --coverage	2025-07-30T14:31:14.8370357Z     when(() => mockAuth.currentUser).thenReturn(mockUser);
build-and-test	Run flutter test --coverage	2025-07-30T14:31:14.8370808Z                         ^^^^^^^^^^^
build-and-test	Run flutter test --coverage	2025-07-30T14:31:14.8371713Z test/firebase_test_helper.dart:90:25: Error: The method 'authStateChanges' isn't defined for the class 'MockFirebaseAuth'.
build-and-test	Run flutter test --coverage	2025-07-30T14:31:14.8372670Z  - 'MockFirebaseAuth' is from 'test/firebase_test_helper.dart'.
build-and-test	Run flutter test --coverage	2025-07-30T14:31:14.8373495Z Try correcting the name to the name of an existing method, or defining a method named 'authStateChanges'.
build-and-test	Run flutter test --coverage	2025-07-30T14:31:14.8374245Z     when(() => mockAuth.authStateChanges())
build-and-test	Run flutter test --coverage	2025-07-30T14:31:14.8374646Z                         ^^^^^^^^^^^^^^^^
build-and-test	Run flutter test --coverage	2025-07-30T14:31:14.8375415Z test/firebase_test_helper.dart:92:25: Error: The method 'userChanges' isn't defined for the class 'MockFirebaseAuth'.
build-and-test	Run flutter test --coverage	2025-07-30T14:31:14.8376318Z  - 'MockFirebaseAuth' is from 'test/firebase_test_helper.dart'.
build-and-test	Run flutter test --coverage	2025-07-30T14:31:14.8377112Z Try correcting the name to the name of an existing method, or defining a method named 'userChanges'.
build-and-test	Run flutter test --coverage	2025-07-30T14:31:14.8377823Z     when(() => mockAuth.userChanges())
build-and-test	Run flutter test --coverage	2025-07-30T14:31:14.8378200Z                         ^^^^^^^^^^^
build-and-test	Run flutter test --coverage	2025-07-30T14:31:14.8379043Z test/firebase_test_helper.dart:94:25: Error: The method 'signInWithEmailAndPassword' isn't defined for the class 'MockFirebaseAuth'.
build-and-test	Run flutter test --coverage	2025-07-30T14:31:14.8380058Z  - 'MockFirebaseAuth' is from 'test/firebase_test_helper.dart'.
build-and-test	Run flutter test --coverage	2025-07-30T14:31:14.8380937Z Try correcting the name to the name of an existing method, or defining a method named 'signInWithEmailAndPassword'.
build-and-test	Run flutter test --coverage	2025-07-30T14:31:14.8381972Z     when(() => mockAuth.signInWithEmailAndPassword(any(), any()))
build-and-test	Run flutter test --coverage	2025-07-30T14:31:14.8382484Z                         ^^^^^^^^^^^^^^^^^^^^^^^^^^
build-and-test	Run flutter test --coverage	2025-07-30T14:31:14.8383032Z test/firebase_test_helper.dart:96:25: Error: The method 'createUserWithEmailAndPassword' isn't defined for the class 'MockFirebaseAuth'.
build-and-test	Run flutter test --coverage	2025-07-30T14:31:14.8383639Z  - 'MockFirebaseAuth' is from 'test/firebase_test_helper.dart'.
build-and-test	Run flutter test --coverage	2025-07-30T14:31:14.8384173Z Try correcting the name to the name of an existing method, or defining a method named 'createUserWithEmailAndPassword'.
build-and-test	Run flutter test --coverage	2025-07-30T14:31:14.8384713Z     when(() => mockAuth.createUserWithEmailAndPassword(any(), any()))
build-and-test	Run flutter test --coverage	2025-07-30T14:31:14.8385028Z                         ^^^^^^^^^^^^^^^^^^^^^^^^^^^^^^
build-and-test	Run flutter test --coverage	2025-07-30T14:31:14.8385465Z test/firebase_test_helper.dart:98:25: Error: The method 'signOut' isn't defined for the class 'MockFirebaseAuth'.
build-and-test	Run flutter test --coverage	2025-07-30T14:31:14.8385967Z  - 'MockFirebaseAuth' is from 'test/firebase_test_helper.dart'.
build-and-test	Run flutter test --coverage	2025-07-30T14:31:14.8386413Z Try correcting the name to the name of an existing method, or defining a method named 'signOut'.
build-and-test	Run flutter test --coverage	2025-07-30T14:31:14.8386977Z     when(() => mockAuth.signOut()).thenAnswer((_) async {});
build-and-test	Run flutter test --coverage	2025-07-30T14:31:14.8387238Z                         ^^^^^^^
build-and-test	Run flutter test --coverage	2025-07-30T14:31:14.8387825Z test/firebase_test_helper.dart:108:60: Error: The argument type 'MockCollectionReference' can't be assigned to the parameter type 'CollectionReference<Map<String, dynamic>>'.
build-and-test	Run flutter test --coverage	2025-07-30T14:31:14.8388646Z  - 'MockCollectionReference' is from 'test/firebase_test_helper.dart'.
build-and-test	Run flutter test --coverage	2025-07-30T14:31:14.8389371Z  - 'CollectionReference' is from 'package:cloud_firestore/cloud_firestore.dart' ('../../../.pub-cache/hosted/pub.dev/cloud_firestore-5.6.11/lib/cloud_firestore.dart').
build-and-test	Run flutter test --coverage	2025-07-30T14:31:14.8389977Z  - 'Map' is from 'dart:core'.
build-and-test	Run flutter test --coverage	2025-07-30T14:31:14.8390290Z     when(() => mockFirestore.collection(any())).thenReturn(mockCollection);
build-and-test	Run flutter test --coverage	2025-07-30T14:31:14.8390627Z                                                            ^
build-and-test	Run flutter test --coverage	2025-07-30T14:31:14.8391200Z test/firebase_test_helper.dart:132:52: Error: A value of type 'MockDocumentSnapshot' can't be assigned to a variable of type 'QueryDocumentSnapshot<Object?>'.
build-and-test	Run flutter test --coverage	2025-07-30T14:31:14.8392113Z  - 'MockDocumentSnapshot' is from 'test/firebase_test_helper.dart'.
build-and-test	Run flutter test --coverage	2025-07-30T14:31:14.8392852Z  - 'QueryDocumentSnapshot' is from 'package:cloud_firestore/cloud_firestore.dart' ('../../../.pub-cache/hosted/pub.dev/cloud_firestore-5.6.11/lib/cloud_firestore.dart').
build-and-test	Run flutter test --coverage	2025-07-30T14:31:14.8393495Z  - 'Object' is from 'dart:core'.
build-and-test	Run flutter test --coverage	2025-07-30T14:31:14.8393821Z     when(() => mockQuerySnapshot.docs).thenReturn([mockDocumentSnapshot]);
build-and-test	Run flutter test --coverage	2025-07-30T14:31:14.8394157Z                                                    ^
build-and-test	Run flutter test --coverage	2025-07-30T14:31:15.3857876Z ##[group]❌ loading /home/runner/work/appoint/appoint/test/features/business/business_dashboard_screen_test.dart (failed)
build-and-test	Run flutter test --coverage	2025-07-30T14:31:15.3861130Z Failed to load "/home/runner/work/appoint/appoint/test/features/business/business_dashboard_screen_test.dart": Compilation failed for testPath=/home/runner/work/appoint/appoint/test/features/business/business_dashboard_screen_test.dart
build-and-test	Run flutter test --coverage	2025-07-30T14:31:15.3862901Z 
build-and-test	Run flutter test --coverage	2025-07-30T14:31:15.3863241Z ##[endgroup]
build-and-test	Run flutter test --coverage	2025-07-30T14:31:15.4184947Z ##[group]❌ loading /home/runner/work/appoint/appoint/test/widgets/login_screen_test.dart (failed after test completion)
build-and-test	Run flutter test --coverage	2025-07-30T14:31:15.4185976Z Error: the Dart compiler exited unexpectedly.
build-and-test	Run flutter test --coverage	2025-07-30T14:31:15.4187661Z package:flutter_tools/src/base/common.dart 10:3  throwToolExit
build-and-test	Run flutter test --coverage	2025-07-30T14:31:15.4188428Z package:flutter_tools/src/compile.dart 893:9     DefaultResidentCompiler._compile.<fn>
build-and-test	Run flutter test --coverage	2025-07-30T14:31:15.4189185Z dart:async/zone.dart 1422:47                     _rootRunUnary
build-and-test	Run flutter test --coverage	2025-07-30T14:31:15.4189927Z dart:async/future_impl.dart 902:45               Future._propagateToListeners.handleValueCallback
build-and-test	Run flutter test --coverage	2025-07-30T14:31:15.4190758Z dart:async/future_impl.dart 931:13               Future._propagateToListeners
build-and-test	Run flutter test --coverage	2025-07-30T14:31:15.4191828Z dart:async/future_impl.dart 827:9                Future._propagateToListeners
build-and-test	Run flutter test --coverage	2025-07-30T14:31:15.4192580Z dart:async/future_impl.dart 707:5                Future._completeWithValue
build-and-test	Run flutter test --coverage	2025-07-30T14:31:15.4193384Z dart:async/future_impl.dart 777:7                Future._asyncCompleteWithValue.<fn>
build-and-test	Run flutter test --coverage	2025-07-30T14:31:15.4194072Z dart:async/zone.dart 1414:13                     _rootRun
build-and-test	Run flutter test --coverage	2025-07-30T14:31:15.4194664Z dart:async/zone.dart 1317:19                     _CustomZone.run
build-and-test	Run flutter test --coverage	2025-07-30T14:31:15.4195335Z dart:async/zone.dart 1225:7                      _CustomZone.runGuarded
build-and-test	Run flutter test --coverage	2025-07-30T14:31:15.4196054Z dart:async/zone.dart 1265:23                     _CustomZone.bindCallbackGuarded.<fn>
build-and-test	Run flutter test --coverage	2025-07-30T14:31:15.4196775Z dart:async/schedule_microtask.dart 40:21         _microtaskLoop
build-and-test	Run flutter test --coverage	2025-07-30T14:31:15.4197461Z dart:async/schedule_microtask.dart 49:5          _startMicrotaskLoop
build-and-test	Run flutter test --coverage	2025-07-30T14:31:15.4198219Z dart:isolate-patch/isolate_patch.dart 118:13     _runPendingImmediateCallback
build-and-test	Run flutter test --coverage	2025-07-30T14:31:15.4199080Z dart:isolate-patch/isolate_patch.dart 185:5      _RawReceivePort._handleMessage
build-and-test	Run flutter test --coverage	2025-07-30T14:31:15.4199937Z ##[endgroup]
build-and-test	Run flutter test --coverage	2025-07-30T14:31:17.7752710Z test/admin_free_tier_test.dart:27:7: Error: Setter not found: 'service'.
build-and-test	Run flutter test --coverage	2025-07-30T14:31:17.7754074Z       service = container.read(adminServiceProvider);
build-and-test	Run flutter test --coverage	2025-07-30T14:31:17.7754581Z       ^^^^^^^
build-and-test	Run flutter test --coverage	2025-07-30T14:31:17.7755074Z test/admin_free_tier_test.dart:28:14: Error: Undefined name 'service'.
build-and-test	Run flutter test --coverage	2025-07-30T14:31:17.7756017Z       expect(service, isA<MockAdminService>());
build-and-test	Run flutter test --coverage	2025-07-30T14:31:17.7756464Z              ^^^^^^^
build-and-test	Run flutter test --coverage	2025-07-30T14:31:17.7756969Z test/admin_free_tier_test.dart:39:7: Error: Setter not found: 'actions'.
build-and-test	Run flutter test --coverage	2025-07-30T14:31:17.7757610Z       actions = container.read(adminActionsProvider);
build-and-test	Run flutter test --coverage	2025-07-30T14:31:17.7758209Z       ^^^^^^^
build-and-test	Run flutter test --coverage	2025-07-30T14:31:17.7792291Z test/admin_free_tier_test.dart:40:14: Error: Undefined name 'actions'.
build-and-test	Run flutter test --coverage	2025-07-30T14:31:17.7793064Z       expect(actions, isA<MockAdminActions>());
build-and-test	Run flutter test --coverage	2025-07-30T14:31:17.7793603Z              ^^^^^^^
build-and-test	Run flutter test --coverage	2025-07-30T14:31:17.7794189Z test/admin_free_tier_test.dart:51:7: Error: Setter not found: 'actions'.
build-and-test	Run flutter test --coverage	2025-07-30T14:31:17.7794863Z       actions = container.read(adminActionsProvider);
build-and-test	Run flutter test --coverage	2025-07-30T14:31:17.7800849Z       ^^^^^^^
build-and-test	Run flutter test --coverage	2025-07-30T14:31:17.7801694Z test/admin_free_tier_test.dart:54:14: Error: Undefined name 'actions'.
build-and-test	Run flutter test --coverage	2025-07-30T14:31:17.7802858Z       expect(actions.updateUserRole, isA<Function>());
build-and-test	Run flutter test --coverage	2025-07-30T14:31:17.7803777Z              ^^^^^^^
build-and-test	Run flutter test --coverage	2025-07-30T14:31:17.7804499Z test/admin_free_tier_test.dart:66:7: Error: Setter not found: 'actions'.
build-and-test	Run flutter test --coverage	2025-07-30T14:31:17.7805790Z       actions = container.read(adminActionsProvider);
build-and-test	Run flutter test --coverage	2025-07-30T14:31:17.7806250Z       ^^^^^^^
build-and-test	Run flutter test --coverage	2025-07-30T14:31:17.7806705Z test/admin_free_tier_test.dart:69:14: Error: Undefined name 'actions'.
build-and-test	Run flutter test --coverage	2025-07-30T14:31:17.7807338Z       expect(actions.resolveError, isA<Function>());
build-and-test	Run flutter test --coverage	2025-07-30T14:31:17.7807792Z              ^^^^^^^
build-and-test	Run flutter test --coverage	2025-07-30T14:31:17.7808266Z test/admin_free_tier_test.dart:81:7: Error: Setter not found: 'actions'.
build-and-test	Run flutter test --coverage	2025-07-30T14:31:17.7808911Z       actions = container.read(adminActionsProvider);
build-and-test	Run flutter test --coverage	2025-07-30T14:31:17.7809377Z       ^^^^^^^
build-and-test	Run flutter test --coverage	2025-07-30T14:31:17.7809818Z test/admin_free_tier_test.dart:84:14: Error: Undefined name 'actions'.
build-and-test	Run flutter test --coverage	2025-07-30T14:31:17.7810516Z       expect(actions.createBroadcastMessage, isA<Function>());
build-and-test	Run flutter test --coverage	2025-07-30T14:31:17.7811023Z              ^^^^^^^
build-and-test	Run flutter test --coverage	2025-07-30T14:31:17.7811501Z test/admin_free_tier_test.dart:96:7: Error: Setter not found: 'actions'.
build-and-test	Run flutter test --coverage	2025-07-30T14:31:17.7812321Z       actions = container.read(adminActionsProvider);
build-and-test	Run flutter test --coverage	2025-07-30T14:31:17.7812778Z       ^^^^^^^
build-and-test	Run flutter test --coverage	2025-07-30T14:31:17.7813222Z test/admin_free_tier_test.dart:99:14: Error: Undefined name 'actions'.
build-and-test	Run flutter test --coverage	2025-07-30T14:31:17.7813863Z       expect(actions.exportDataAsCSV, isA<Function>());
build-and-test	Run flutter test --coverage	2025-07-30T14:31:17.7814321Z              ^^^^^^^
build-and-test	Run flutter test --coverage	2025-07-30T14:31:17.7814797Z test/admin_free_tier_test.dart:111:7: Error: Setter not found: 'actions'.
build-and-test	Run flutter test --coverage	2025-07-30T14:31:17.7815443Z       actions = container.read(adminActionsProvider);
build-and-test	Run flutter test --coverage	2025-07-30T14:31:17.7815911Z       ^^^^^^^
build-and-test	Run flutter test --coverage	2025-07-30T14:31:17.7816373Z test/admin_free_tier_test.dart:114:14: Error: Undefined name 'actions'.
build-and-test	Run flutter test --coverage	2025-07-30T14:31:17.7817026Z       expect(actions.exportDataAsPDF, isA<Function>());
build-and-test	Run flutter test --coverage	2025-07-30T14:31:17.7817500Z              ^^^^^^^
build-and-test	Run flutter test --coverage	2025-07-30T14:31:17.9325676Z ##[group]❌ loading /home/runner/work/appoint/appoint/test/admin_free_tier_test.dart (failed)
build-and-test	Run flutter test --coverage	2025-07-30T14:31:17.9328708Z Failed to load "/home/runner/work/appoint/appoint/test/admin_free_tier_test.dart": Compilation failed for testPath=/home/runner/work/appoint/appoint/test/admin_free_tier_test.dart
build-and-test	Run flutter test --coverage	2025-07-30T14:31:17.9330274Z 
build-and-test	Run flutter test --coverage	2025-07-30T14:31:17.9330934Z ##[endgroup]
build-and-test	Run flutter test --coverage	2025-07-30T14:31:17.9754439Z ##[group]❌ loading /home/runner/work/appoint/appoint/test/widgets/login_screen_test.dart (failed after test completion)
build-and-test	Run flutter test --coverage	2025-07-30T14:31:17.9756682Z Error: the Dart compiler exited unexpectedly.
build-and-test	Run flutter test --coverage	2025-07-30T14:31:17.9758433Z package:flutter_tools/src/base/common.dart 10:3  throwToolExit
build-and-test	Run flutter test --coverage	2025-07-30T14:31:17.9760392Z package:flutter_tools/src/compile.dart 893:9     DefaultResidentCompiler._compile.<fn>
build-and-test	Run flutter test --coverage	2025-07-30T14:31:17.9769851Z dart:async/zone.dart 1422:47                     _rootRunUnary
build-and-test	Run flutter test --coverage	2025-07-30T14:31:17.9771781Z dart:async/future_impl.dart 902:45               Future._propagateToListeners.handleValueCallback
build-and-test	Run flutter test --coverage	2025-07-30T14:31:17.9774152Z dart:async/future_impl.dart 931:13               Future._propagateToListeners
build-and-test	Run flutter test --coverage	2025-07-30T14:31:17.9775015Z dart:async/future_impl.dart 827:9                Future._propagateToListeners
build-and-test	Run flutter test --coverage	2025-07-30T14:31:17.9776184Z dart:async/future_impl.dart 707:5                Future._completeWithValue
build-and-test	Run flutter test --coverage	2025-07-30T14:31:17.9777027Z dart:async/future_impl.dart 777:7                Future._asyncCompleteWithValue.<fn>
build-and-test	Run flutter test --coverage	2025-07-30T14:31:17.9777765Z dart:async/zone.dart 1414:13                     _rootRun
build-and-test	Run flutter test --coverage	2025-07-30T14:31:17.9778403Z dart:async/zone.dart 1317:19                     _CustomZone.run
build-and-test	Run flutter test --coverage	2025-07-30T14:31:17.9779114Z dart:async/zone.dart 1225:7                      _CustomZone.runGuarded
build-and-test	Run flutter test --coverage	2025-07-30T14:31:17.9779875Z dart:async/zone.dart 1265:23                     _CustomZone.bindCallbackGuarded.<fn>
build-and-test	Run flutter test --coverage	2025-07-30T14:31:17.9780651Z dart:async/schedule_microtask.dart 40:21         _microtaskLoop
build-and-test	Run flutter test --coverage	2025-07-30T14:31:17.9781388Z dart:async/schedule_microtask.dart 49:5          _startMicrotaskLoop
build-and-test	Run flutter test --coverage	2025-07-30T14:31:17.9782464Z dart:isolate-patch/isolate_patch.dart 118:13     _runPendingImmediateCallback
build-and-test	Run flutter test --coverage	2025-07-30T14:31:17.9783342Z dart:isolate-patch/isolate_patch.dart 185:5      _RawReceivePort._handleMessage
build-and-test	Run flutter test --coverage	2025-07-30T14:31:17.9784268Z ##[endgroup]
build-and-test	Run flutter test --coverage	2025-07-30T14:31:19.1479785Z ##[group]❌ /home/runner/work/appoint/appoint/test/features/business/REDACTED_TOKEN.dart: Unified BusinessDashboardScreen renders business dashboard for business user type (failed)
build-and-test	Run flutter test --coverage	2025-07-30T14:31:19.1482394Z ══╡ EXCEPTION CAUGHT BY WIDGETS LIBRARY ╞═══════════════════════════════════════════════════════════
build-and-test	Run flutter test --coverage	2025-07-30T14:31:19.1483917Z The following FirebaseException was thrown building BusinessDashboardScreen(dirty, dependencies:
build-and-test	Run flutter test --coverage	2025-07-30T14:31:19.1485221Z [UncontrolledProviderScope], state: _ConsumerState#67817):
build-and-test	Run flutter test --coverage	2025-07-30T14:31:19.1486425Z [core/no-app] No Firebase App '[DEFAULT]' has been created - call Firebase.initializeApp()
build-and-test	Run flutter test --coverage	2025-07-30T14:31:19.1487331Z 
build-and-test	Run flutter test --coverage	2025-07-30T14:31:19.1487782Z The relevant error-causing widget was:
build-and-test	Run flutter test --coverage	2025-07-30T14:31:19.1488474Z   BusinessDashboardScreen
build-and-test	Run flutter test --coverage	2025-07-30T14:31:19.1489814Z   BusinessDashboardScreen:file:///home/runner/work/appoint/appoint/test/features/business/REDACTED_TOKEN.dart:40:19
build-and-test	Run flutter test --coverage	2025-07-30T14:31:19.1491071Z 
build-and-test	Run flutter test --coverage	2025-07-30T14:31:19.1491473Z When the exception was thrown, this was the stack:
build-and-test	Run flutter test --coverage	2025-07-30T14:31:19.1492823Z #1      _ProviderStateSubscription.read (package:riverpod/src/framework/provider_base.dart:181:28)
build-and-test	Run flutter test --coverage	2025-07-30T14:31:19.1494083Z #2      ConsumerStatefulElement.watch (package:flutter_riverpod/src/consumer.dart:568:8)
build-and-test	Run flutter test --coverage	2025-07-30T14:31:19.1495565Z #3      BusinessDashboardScreen.build (package:appoint/features/business/screens/business_dashboard_screen.dart:17:33)
build-and-test	Run flutter test --coverage	2025-07-30T14:31:19.1496935Z #4      _ConsumerState.build (package:flutter_riverpod/src/consumer.dart:476:19)
build-and-test	Run flutter test --coverage	2025-07-30T14:31:19.1498122Z #5      StatefulElement.build (package:flutter/src/widgets/framework.dart:5743:27)
build-and-test	Run flutter test --coverage	2025-07-30T14:31:19.1499638Z #6      ConsumerStatefulElement.build (package:flutter_riverpod/src/consumer.dart:539:20)
build-and-test	Run flutter test --coverage	2025-07-30T14:31:19.1507896Z #7      ComponentElement.performRebuild (package:flutter/src/widgets/framework.dart:5631:15)
build-and-test	Run flutter test --coverage	2025-07-30T14:31:19.1508924Z #8      StatefulElement.performRebuild (package:flutter/src/widgets/framework.dart:5794:11)
build-and-test	Run flutter test --coverage	2025-07-30T14:31:19.1509770Z #9      Element.rebuild (package:flutter/src/widgets/framework.dart:5347:7)
build-and-test	Run flutter test --coverage	2025-07-30T14:31:19.1510598Z #10     ComponentElement._firstBuild (package:flutter/src/widgets/framework.dart:5613:5)
build-and-test	Run flutter test --coverage	2025-07-30T14:31:19.1511502Z #11     StatefulElement._firstBuild (package:flutter/src/widgets/framework.dart:5785:11)
build-and-test	Run flutter test --coverage	2025-07-30T14:31:19.1512565Z #12     ComponentElement.mount (package:flutter/src/widgets/framework.dart:5607:5)
build-and-test	Run flutter test --coverage	2025-07-30T14:31:19.1513178Z ...     Normal element mounting (228 frames)
build-and-test	Run flutter test --coverage	2025-07-30T14:31:19.1513770Z #240    Element.inflateWidget (package:flutter/src/widgets/framework.dart:4480:16)
build-and-test	Run flutter test --coverage	2025-07-30T14:31:19.1514712Z #241    MultiChildRenderObjectElement.inflateWidget (package:flutter/src/widgets/framework.dart:7049:36)
build-and-test	Run flutter test --coverage	2025-07-30T14:31:19.1515749Z #242    MultiChildRenderObjectElement.mount (package:flutter/src/widgets/framework.dart:7061:32)
build-and-test	Run flutter test --coverage	2025-07-30T14:31:19.1516721Z ...     Normal element mounting (463 frames)
build-and-test	Run flutter test --coverage	2025-07-30T14:31:19.1517455Z #705    REDACTED_TOKEN.mount (package:flutter_riverpod/src/framework.dart:315:11)
build-and-test	Run flutter test --coverage	2025-07-30T14:31:19.1518209Z ...     Normal element mounting (9 frames)
build-and-test	Run flutter test --coverage	2025-07-30T14:31:19.1518835Z #714    Element.inflateWidget (package:flutter/src/widgets/framework.dart:4480:16)
build-and-test	Run flutter test --coverage	2025-07-30T14:31:19.1519644Z #715    Element.updateChild (package:flutter/src/widgets/framework.dart:3957:20)
build-and-test	Run flutter test --coverage	2025-07-30T14:31:19.1520534Z #716    ComponentElement.performRebuild (package:flutter/src/widgets/framework.dart:5656:16)
build-and-test	Run flutter test --coverage	2025-07-30T14:31:19.1521414Z #717    Element.rebuild (package:flutter/src/widgets/framework.dart:5347:7)
build-and-test	Run flutter test --coverage	2025-07-30T14:31:19.1522465Z #718    ProxyElement.update (package:flutter/src/widgets/framework.dart:5960:5)
build-and-test	Run flutter test --coverage	2025-07-30T14:31:19.1523399Z #719    _InheritedNotifierElement.update (package:flutter/src/widgets/inherited_notifier.dart:112:11)
build-and-test	Run flutter test --coverage	2025-07-30T14:31:19.1524306Z #720    Element.updateChild (package:flutter/src/widgets/framework.dart:3941:15)
build-and-test	Run flutter test --coverage	2025-07-30T14:31:19.1525201Z #721    ComponentElement.performRebuild (package:flutter/src/widgets/framework.dart:5656:16)
build-and-test	Run flutter test --coverage	2025-07-30T14:31:19.1526137Z #722    StatefulElement.performRebuild (package:flutter/src/widgets/framework.dart:5794:11)
build-and-test	Run flutter test --coverage	2025-07-30T14:31:19.1526989Z #723    Element.rebuild (package:flutter/src/widgets/framework.dart:5347:7)
build-and-test	Run flutter test --coverage	2025-07-30T14:31:19.1527805Z #724    StatefulElement.update (package:flutter/src/widgets/framework.dart:5817:5)
build-and-test	Run flutter test --coverage	2025-07-30T14:31:19.1528632Z #725    Element.updateChild (package:flutter/src/widgets/framework.dart:3941:15)
build-and-test	Run flutter test --coverage	2025-07-30T14:31:19.1529522Z #726    ComponentElement.performRebuild (package:flutter/src/widgets/framework.dart:5656:16)
build-and-test	Run flutter test --coverage	2025-07-30T14:31:19.1530450Z #727    Element.rebuild (package:flutter/src/widgets/framework.dart:5347:7)
build-and-test	Run flutter test --coverage	2025-07-30T14:31:19.1531268Z #728    ProxyElement.update (package:flutter/src/widgets/framework.dart:5960:5)
build-and-test	Run flutter test --coverage	2025-07-30T14:31:19.1532471Z #729    _InheritedNotifierElement.update (package:flutter/src/widgets/inherited_notifier.dart:112:11)
build-and-test	Run flutter test --coverage	2025-07-30T14:31:19.1533497Z #730    Element.updateChild (package:flutter/src/widgets/framework.dart:3941:15)
build-and-test	Run flutter test --coverage	2025-07-30T14:31:19.1534443Z #731    ComponentElement.performRebuild (package:flutter/src/widgets/framework.dart:5656:16)
build-and-test	Run flutter test --coverage	2025-07-30T14:31:19.1535484Z #732    StatefulElement.performRebuild (package:flutter/src/widgets/framework.dart:5794:11)
build-and-test	Run flutter test --coverage	2025-07-30T14:31:19.1536421Z #733    Element.rebuild (package:flutter/src/widgets/framework.dart:5347:7)
build-and-test	Run flutter test --coverage	2025-07-30T14:31:19.1537264Z #734    StatefulElement.update (package:flutter/src/widgets/framework.dart:5817:5)
build-and-test	Run flutter test --coverage	2025-07-30T14:31:19.1538151Z #735    Element.updateChild (package:flutter/src/widgets/framework.dart:3941:15)
build-and-test	Run flutter test --coverage	2025-07-30T14:31:19.1539324Z #736    ComponentElement.performRebuild (package:flutter/src/widgets/framework.dart:5656:16)
build-and-test	Run flutter test --coverage	2025-07-30T14:31:19.1540331Z #737    StatefulElement.performRebuild (package:flutter/src/widgets/framework.dart:5794:11)
build-and-test	Run flutter test --coverage	2025-07-30T14:31:19.1541346Z #738    Element.rebuild (package:flutter/src/widgets/framework.dart:5347:7)
build-and-test	Run flutter test --coverage	2025-07-30T14:31:19.1542357Z #739    StatefulElement.update (package:flutter/src/widgets/framework.dart:5817:5)
build-and-test	Run flutter test --coverage	2025-07-30T14:31:19.1543218Z #740    Element.updateChild (package:flutter/src/widgets/framework.dart:3941:15)
build-and-test	Run flutter test --coverage	2025-07-30T14:31:19.1544166Z #741    ComponentElement.performRebuild (package:flutter/src/widgets/framework.dart:5656:16)
build-and-test	Run flutter test --coverage	2025-07-30T14:31:19.1545083Z #742    Element.rebuild (package:flutter/src/widgets/framework.dart:5347:7)
build-and-test	Run flutter test --coverage	2025-07-30T14:31:19.1545907Z #743    ProxyElement.update (package:flutter/src/widgets/framework.dart:5960:5)
build-and-test	Run flutter test --coverage	2025-07-30T14:31:19.1546742Z #744    Element.updateChild (package:flutter/src/widgets/framework.dart:3941:15)
build-and-test	Run flutter test --coverage	2025-07-30T14:31:19.1547695Z #745    ComponentElement.performRebuild (package:flutter/src/widgets/framework.dart:5656:16)
build-and-test	Run flutter test --coverage	2025-07-30T14:31:19.1548772Z #746    StatefulElement.performRebuild (package:flutter/src/widgets/framework.dart:5794:11)
build-and-test	Run flutter test --coverage	2025-07-30T14:31:19.1549998Z #747    Element.rebuild (package:flutter/src/widgets/framework.dart:5347:7)
build-and-test	Run flutter test --coverage	2025-07-30T14:31:19.1550876Z #748    StatefulElement.update (package:flutter/src/widgets/framework.dart:5817:5)
build-and-test	Run flutter test --coverage	2025-07-30T14:31:19.1551993Z #749    Element.updateChild (package:flutter/src/widgets/framework.dart:3941:15)
build-and-test	Run flutter test --coverage	2025-07-30T14:31:19.1552986Z #750    ComponentElement.performRebuild (package:flutter/src/widgets/framework.dart:5656:16)
build-and-test	Run flutter test --coverage	2025-07-30T14:31:19.1553931Z #751    Element.rebuild (package:flutter/src/widgets/framework.dart:5347:7)
build-and-test	Run flutter test --coverage	2025-07-30T14:31:19.1554792Z #752    ProxyElement.update (package:flutter/src/widgets/framework.dart:5960:5)
build-and-test	Run flutter test --coverage	2025-07-30T14:31:19.1555661Z #753    Element.updateChild (package:flutter/src/widgets/framework.dart:3941:15)
build-and-test	Run flutter test --coverage	2025-07-30T14:31:19.1556626Z #754    ComponentElement.performRebuild (package:flutter/src/widgets/framework.dart:5656:16)
build-and-test	Run flutter test --coverage	2025-07-30T14:31:19.1557553Z #755    Element.rebuild (package:flutter/src/widgets/framework.dart:5347:7)
build-and-test	Run flutter test --coverage	2025-07-30T14:31:19.1558333Z #756    ProxyElement.update (package:flutter/src/widgets/framework.dart:5960:5)
build-and-test	Run flutter test --coverage	2025-07-30T14:31:19.1559199Z #757    Element.updateChild (package:flutter/src/widgets/framework.dart:3941:15)
build-and-test	Run flutter test --coverage	2025-07-30T14:31:19.1560102Z #758    _RawViewElement._updateChild (package:flutter/src/widgets/view.dart:465:16)
build-and-test	Run flutter test --coverage	2025-07-30T14:31:19.1560870Z #759    _RawViewElement.update (package:flutter/src/widgets/view.dart:552:5)
build-and-test	Run flutter test --coverage	2025-07-30T14:31:19.1561851Z #760    Element.updateChild (package:flutter/src/widgets/framework.dart:3941:15)
build-and-test	Run flutter test --coverage	2025-07-30T14:31:19.1562789Z #761    ComponentElement.performRebuild (package:flutter/src/widgets/framework.dart:5656:16)
build-and-test	Run flutter test --coverage	2025-07-30T14:31:19.1563617Z #762    Element.rebuild (package:flutter/src/widgets/framework.dart:5347:7)
build-and-test	Run flutter test --coverage	2025-07-30T14:31:19.1564334Z #763    StatelessElement.update (package:flutter/src/widgets/framework.dart:5707:5)
build-and-test	Run flutter test --coverage	2025-07-30T14:31:19.1565151Z #764    Element.updateChild (package:flutter/src/widgets/framework.dart:3941:15)
build-and-test	Run flutter test --coverage	2025-07-30T14:31:19.1566017Z #765    ComponentElement.performRebuild (package:flutter/src/widgets/framework.dart:5656:16)
build-and-test	Run flutter test --coverage	2025-07-30T14:31:19.1566916Z #766    StatefulElement.performRebuild (package:flutter/src/widgets/framework.dart:5794:11)
build-and-test	Run flutter test --coverage	2025-07-30T14:31:19.1567688Z #767    Element.rebuild (package:flutter/src/widgets/framework.dart:5347:7)
build-and-test	Run flutter test --coverage	2025-07-30T14:31:19.1568388Z #768    StatefulElement.update (package:flutter/src/widgets/framework.dart:5817:5)
build-and-test	Run flutter test --coverage	2025-07-30T14:31:19.1569146Z #769    Element.updateChild (package:flutter/src/widgets/framework.dart:3941:15)
build-and-test	Run flutter test --coverage	2025-07-30T14:31:19.1569844Z #770    RootElement._rebuild (package:flutter/src/widgets/binding.dart:1636:16)
build-and-test	Run flutter test --coverage	2025-07-30T14:31:19.1570554Z #771    RootElement.update (package:flutter/src/widgets/binding.dart:1614:5)
build-and-test	Run flutter test --coverage	2025-07-30T14:31:19.1571883Z #772    RootElement.performRebuild (package:flutter/src/widgets/binding.dart:1628:7)
build-and-test	Run flutter test --coverage	2025-07-30T14:31:19.1572694Z #773    Element.rebuild (package:flutter/src/widgets/framework.dart:5347:7)
build-and-test	Run flutter test --coverage	2025-07-30T14:31:19.1573418Z #774    BuildScope._tryRebuild (package:flutter/src/widgets/framework.dart:2694:15)
build-and-test	Run flutter test --coverage	2025-07-30T14:31:19.1574233Z #775    BuildScope._flushDirtyElements (package:flutter/src/widgets/framework.dart:2753:11)
build-and-test	Run flutter test --coverage	2025-07-30T14:31:19.1575051Z #776    BuildOwner.buildScope (package:flutter/src/widgets/framework.dart:3048:18)
build-and-test	Run flutter test --coverage	2025-07-30T14:31:19.1575945Z #777    REDACTED_TOKEN.drawFrame (package:flutter_test/src/binding.dart:1428:19)
build-and-test	Run flutter test --coverage	2025-07-30T14:31:19.1577097Z #778    RendererBinding._handlePersistentFrameCallback (package:flutter/src/rendering/binding.dart:475:5)
build-and-test	Run flutter test --coverage	2025-07-30T14:31:19.1578163Z #779    SchedulerBinding._invokeFrameCallback (package:flutter/src/scheduler/binding.dart:1397:15)
build-and-test	Run flutter test --coverage	2025-07-30T14:31:19.1579106Z #780    SchedulerBinding.handleDrawFrame (package:flutter/src/scheduler/binding.dart:1318:9)
build-and-test	Run flutter test --coverage	2025-07-30T14:31:19.1580295Z #781    REDACTED_TOKEN.pump.<anonymous closure> (package:flutter_test/src/binding.dart:1283:9)
build-and-test	Run flutter test --coverage	2025-07-30T14:31:19.1581447Z #784    TestAsyncUtils.guard (package:flutter_test/src/test_async_utils.dart:74:41)
build-and-test	Run flutter test --coverage	2025-07-30T14:31:19.1582867Z #785    REDACTED_TOKEN.pump (package:flutter_test/src/binding.dart:1270:27)
build-and-test	Run flutter test --coverage	2025-07-30T14:31:19.1583961Z #786    WidgetTester.pumpWidget.<anonymous closure> (package:flutter_test/src/widget_tester.dart:608:22)
build-and-test	Run flutter test --coverage	2025-07-30T14:31:19.1584946Z #789    TestAsyncUtils.guard (package:flutter_test/src/test_async_utils.dart:74:41)
build-and-test	Run flutter test --coverage	2025-07-30T14:31:19.1585849Z #790    WidgetTester.pumpWidget (package:flutter_test/src/widget_tester.dart:605:27)
build-and-test	Run flutter test --coverage	2025-07-30T14:31:19.1587331Z #791    main.<anonymous closure>.<anonymous closure> (file:///home/runner/work/appoint/appoint/test/features/business/REDACTED_TOKEN.dart:34:20)
build-and-test	Run flutter test --coverage	2025-07-30T14:31:19.1588916Z #792    testWidgets.<anonymous closure>.<anonymous closure> (package:flutter_test/src/widget_tester.dart:189:29)
build-and-test	Run flutter test --coverage	2025-07-30T14:31:19.1590094Z #793    TestWidgetsFlutterBinding._runTestBody (package:flutter_test/src/binding.dart:1027:5)
build-and-test	Run flutter test --coverage	2025-07-30T14:31:19.1591352Z #795    MethodChannelFirebase.app (package:REDACTED_TOKEN/src/method_channel/method_channel_firebase.dart:192:5)
build-and-test	Run flutter test --coverage	2025-07-30T14:31:19.1592680Z #796    Firebase.app (package:firebase_core/src/firebase.dart:79:41)
build-and-test	Run flutter test --coverage	2025-07-30T14:31:19.1593476Z #797    FirebaseAuth.instance (package:firebase_auth/src/firebase_auth.dart:38:47)
build-and-test	Run flutter test --coverage	2025-07-30T14:31:19.1594658Z #798    new BusinessProfileService (package:appoint/features/studio_business/services/business_profile_service.dart:8:37)
build-and-test	Run flutter test --coverage	2025-07-30T14:31:19.1596137Z #799    new BusinessProfileNotifier (package:appoint/features/studio_business/providers/business_profile_provider.dart:15:20)
build-and-test	Run flutter test --coverage	2025-07-30T14:31:19.1597719Z #800    businessProfileProvider.<anonymous closure> (package:appoint/features/studio_business/providers/business_profile_provider.dart:7:12)
build-and-test	Run flutter test --coverage	2025-07-30T14:31:19.1598951Z #801    ProviderContainer.listen (package:riverpod/src/framework/container.dart:280:21)
build-and-test	Run flutter test --coverage	2025-07-30T14:31:19.1599999Z #802    ConsumerStatefulElement.watch.<anonymous closure> (package:flutter_riverpod/src/consumer.dart:564:25)
build-and-test	Run flutter test --coverage	2025-07-30T14:31:19.1601023Z #803    _LinkedHashMapMixin.putIfAbsent (dart:_compact_hash:636:23)
build-and-test	Run flutter test --coverage	2025-07-30T14:31:19.1602072Z #804    ConsumerStatefulElement.watch (package:flutter_riverpod/src/consumer.dart:557:26)
build-and-test	Run flutter test --coverage	2025-07-30T14:31:19.1603256Z #805    BusinessDashboardScreen.build (package:appoint/features/business/screens/business_dashboard_screen.dart:17:33)
build-and-test	Run flutter test --coverage	2025-07-30T14:31:19.1604366Z #806    _ConsumerState.build (package:flutter_riverpod/src/consumer.dart:476:19)
build-and-test	Run flutter test --coverage	2025-07-30T14:31:19.1605211Z #807    StatefulElement.build (package:flutter/src/widgets/framework.dart:5743:27)
build-and-test	Run flutter test --coverage	2025-07-30T14:31:19.1606157Z #808    ConsumerStatefulElement.build (package:flutter_riverpod/src/consumer.dart:539:20)
build-and-test	Run flutter test --coverage	2025-07-30T14:31:19.1607446Z #809    ComponentElement.performRebuild (package:flutter/src/widgets/framework.dart:5631:15)
build-and-test	Run flutter test --coverage	2025-07-30T14:31:19.1608502Z #810    StatefulElement.performRebuild (package:flutter/src/widgets/framework.dart:5794:11)
build-and-test	Run flutter test --coverage	2025-07-30T14:31:19.1609448Z #811    Element.rebuild (package:flutter/src/widgets/framework.dart:5347:7)
build-and-test	Run flutter test --coverage	2025-07-30T14:31:19.1610358Z #812    ComponentElement._firstBuild (package:flutter/src/widgets/framework.dart:5613:5)
build-and-test	Run flutter test --coverage	2025-07-30T14:31:19.1611317Z #813    StatefulElement._firstBuild (package:flutter/src/widgets/framework.dart:5785:11)
build-and-test	Run flutter test --coverage	2025-07-30T14:31:19.1612360Z #814    ComponentElement.mount (package:flutter/src/widgets/framework.dart:5607:5)
build-and-test	Run flutter test --coverage	2025-07-30T14:31:19.1613013Z ...     Normal element mounting (228 frames)
build-and-test	Run flutter test --coverage	2025-07-30T14:31:19.1613626Z #1042   Element.inflateWidget (package:flutter/src/widgets/framework.dart:4480:16)
build-and-test	Run flutter test --coverage	2025-07-30T14:31:19.1614645Z #1043   MultiChildRenderObjectElement.inflateWidget (package:flutter/src/widgets/framework.dart:7049:36)
build-and-test	Run flutter test --coverage	2025-07-30T14:31:19.1615717Z #1044   MultiChildRenderObjectElement.mount (package:flutter/src/widgets/framework.dart:7061:32)
build-and-test	Run flutter test --coverage	2025-07-30T14:31:19.1616466Z ...     Normal element mounting (463 frames)
build-and-test	Run flutter test --coverage	2025-07-30T14:31:19.1617244Z #1507   REDACTED_TOKEN.mount (package:flutter_riverpod/src/framework.dart:315:11)
build-and-test	Run flutter test --coverage	2025-07-30T14:31:19.1618224Z ...     Normal element mounting (9 frames)
build-and-test	Run flutter test --coverage	2025-07-30T14:31:19.1618854Z #1516   Element.inflateWidget (package:flutter/src/widgets/framework.dart:4480:16)
build-and-test	Run flutter test --coverage	2025-07-30T14:31:19.1619699Z #1517   Element.updateChild (package:flutter/src/widgets/framework.dart:3957:20)
build-and-test	Run flutter test --coverage	2025-07-30T14:31:19.1620562Z #1518   ComponentElement.performRebuild (package:flutter/src/widgets/framework.dart:5656:16)
build-and-test	Run flutter test --coverage	2025-07-30T14:31:19.1621405Z #1519   Element.rebuild (package:flutter/src/widgets/framework.dart:5347:7)
build-and-test	Run flutter test --coverage	2025-07-30T14:31:19.1622294Z #1520   ProxyElement.update (package:flutter/src/widgets/framework.dart:5960:5)
build-and-test	Run flutter test --coverage	2025-07-30T14:31:19.1623180Z #1521   _InheritedNotifierElement.update (package:flutter/src/widgets/inherited_notifier.dart:112:11)
build-and-test	Run flutter test --coverage	2025-07-30T14:31:19.1624151Z #1522   Element.updateChild (package:flutter/src/widgets/framework.dart:3941:15)
build-and-test	Run flutter test --coverage	2025-07-30T14:31:19.1625075Z #1523   ComponentElement.performRebuild (package:flutter/src/widgets/framework.dart:5656:16)
build-and-test	Run flutter test --coverage	2025-07-30T14:31:19.1626074Z #1524   StatefulElement.performRebuild (package:flutter/src/widgets/framework.dart:5794:11)
build-and-test	Run flutter test --coverage	2025-07-30T14:31:19.1626988Z #1525   Element.rebuild (package:flutter/src/widgets/framework.dart:5347:7)
build-and-test	Run flutter test --coverage	2025-07-30T14:31:19.1627873Z #1526   StatefulElement.update (package:flutter/src/widgets/framework.dart:5817:5)
build-and-test	Run flutter test --coverage	2025-07-30T14:31:19.1628771Z #1527   Element.updateChild (package:flutter/src/widgets/framework.dart:3941:15)
build-and-test	Run flutter test --coverage	2025-07-30T14:31:19.1629763Z #1528   ComponentElement.performRebuild (package:flutter/src/widgets/framework.dart:5656:16)
build-and-test	Run flutter test --coverage	2025-07-30T14:31:19.1630731Z #1529   Element.rebuild (package:flutter/src/widgets/framework.dart:5347:7)
build-and-test	Run flutter test --coverage	2025-07-30T14:31:19.1631690Z #1530   ProxyElement.update (package:flutter/src/widgets/framework.dart:5960:5)
build-and-test	Run flutter test --coverage	2025-07-30T14:31:19.1632640Z #1531   _InheritedNotifierElement.update (package:flutter/src/widgets/inherited_notifier.dart:112:11)
build-and-test	Run flutter test --coverage	2025-07-30T14:31:19.1633557Z #1532   Element.updateChild (package:flutter/src/widgets/framework.dart:3941:15)
build-and-test	Run flutter test --coverage	2025-07-30T14:31:19.1634410Z #1533   ComponentElement.performRebuild (package:flutter/src/widgets/framework.dart:5656:16)
build-and-test	Run flutter test --coverage	2025-07-30T14:31:19.1635372Z #1534   StatefulElement.performRebuild (package:flutter/src/widgets/framework.dart:5794:11)
build-and-test	Run flutter test --coverage	2025-07-30T14:31:19.1636206Z #1535   Element.rebuild (package:flutter/src/widgets/framework.dart:5347:7)
build-and-test	Run flutter test --coverage	2025-07-30T14:31:19.1636976Z #1536   StatefulElement.update (package:flutter/src/widgets/framework.dart:5817:5)
build-and-test	Run flutter test --coverage	2025-07-30T14:31:19.1637735Z #1537   Element.updateChild (package:flutter/src/widgets/framework.dart:3941:15)
build-and-test	Run flutter test --coverage	2025-07-30T14:31:19.1638633Z #1538   ComponentElement.performRebuild (package:flutter/src/widgets/framework.dart:5656:16)
build-and-test	Run flutter test --coverage	2025-07-30T14:31:19.1639595Z #1539   StatefulElement.performRebuild (package:flutter/src/widgets/framework.dart:5794:11)
build-and-test	Run flutter test --coverage	2025-07-30T14:31:19.1640756Z #1540   Element.rebuild (package:flutter/src/widgets/framework.dart:5347:7)
build-and-test	Run flutter test --coverage	2025-07-30T14:31:19.1641778Z #1541   StatefulElement.update (package:flutter/src/widgets/framework.dart:5817:5)
build-and-test	Run flutter test --coverage	2025-07-30T14:31:19.1642666Z #1542   Element.updateChild (package:flutter/src/widgets/framework.dart:3941:15)
build-and-test	Run flutter test --coverage	2025-07-30T14:31:19.1643632Z #1543   ComponentElement.performRebuild (package:flutter/src/widgets/framework.dart:5656:16)
build-and-test	Run flutter test --coverage	2025-07-30T14:31:19.1644570Z #1544   Element.rebuild (package:flutter/src/widgets/framework.dart:5347:7)
build-and-test	Run flutter test --coverage	2025-07-30T14:31:19.1645416Z #1545   ProxyElement.update (package:flutter/src/widgets/framework.dart:5960:5)
build-and-test	Run flutter test --coverage	2025-07-30T14:31:19.1646278Z #1546   Element.updateChild (package:flutter/src/widgets/framework.dart:3941:15)
build-and-test	Run flutter test --coverage	2025-07-30T14:31:19.1647236Z #1547   ComponentElement.performRebuild (package:flutter/src/widgets/framework.dart:5656:16)
build-and-test	Run flutter test --coverage	2025-07-30T14:31:19.1648282Z #1548   StatefulElement.performRebuild (package:flutter/src/widgets/framework.dart:5794:11)
build-and-test	Run flutter test --coverage	2025-07-30T14:31:19.1649227Z #1549   Element.rebuild (package:flutter/src/widgets/framework.dart:5347:7)
build-and-test	Run flutter test --coverage	2025-07-30T14:31:19.1650115Z #1550   StatefulElement.update (package:flutter/src/widgets/framework.dart:5817:5)
build-and-test	Run flutter test --coverage	2025-07-30T14:31:19.1651260Z #1551   Element.updateChild (package:flutter/src/widgets/framework.dart:3941:15)
build-and-test	Run flutter test --coverage	2025-07-30T14:31:19.1652361Z #1552   ComponentElement.performRebuild (package:flutter/src/widgets/framework.dart:5656:16)
build-and-test	Run flutter test --coverage	2025-07-30T14:31:19.1653312Z #1553   Element.rebuild (package:flutter/src/widgets/framework.dart:5347:7)
build-and-test	Run flutter test --coverage	2025-07-30T14:31:19.1654160Z #1554   ProxyElement.update (package:flutter/src/widgets/framework.dart:5960:5)
build-and-test	Run flutter test --coverage	2025-07-30T14:31:19.1655061Z #1555   Element.updateChild (package:flutter/src/widgets/framework.dart:3941:15)
build-and-test	Run flutter test --coverage	2025-07-30T14:31:19.1656000Z #1556   ComponentElement.performRebuild (package:flutter/src/widgets/framework.dart:5656:16)
build-and-test	Run flutter test --coverage	2025-07-30T14:31:19.1656950Z #1557   Element.rebuild (package:flutter/src/widgets/framework.dart:5347:7)
build-and-test	Run flutter test --coverage	2025-07-30T14:31:19.1657794Z #1558   ProxyElement.update (package:flutter/src/widgets/framework.dart:5960:5)
build-and-test	Run flutter test --coverage	2025-07-30T14:31:19.1658633Z #1559   Element.updateChild (package:flutter/src/widgets/framework.dart:3941:15)
build-and-test	Run flutter test --coverage	2025-07-30T14:31:19.1659530Z #1560   _RawViewElement._updateChild (package:flutter/src/widgets/view.dart:465:16)
build-and-test	Run flutter test --coverage	2025-07-30T14:31:19.1660431Z #1561   _RawViewElement.update (package:flutter/src/widgets/view.dart:552:5)
build-and-test	Run flutter test --coverage	2025-07-30T14:31:19.1661295Z #1562   Element.updateChild (package:flutter/src/widgets/framework.dart:3941:15)
build-and-test	Run flutter test --coverage	2025-07-30T14:31:19.1662450Z #1563   ComponentElement.performRebuild (package:flutter/src/widgets/framework.dart:5656:16)
build-and-test	Run flutter test --coverage	2025-07-30T14:31:19.1663397Z #1564   Element.rebuild (package:flutter/src/widgets/framework.dart:5347:7)
build-and-test	Run flutter test --coverage	2025-07-30T14:31:19.1664283Z #1565   StatelessElement.update (package:flutter/src/widgets/framework.dart:5707:5)
build-and-test	Run flutter test --coverage	2025-07-30T14:31:19.1665200Z #1566   Element.updateChild (package:flutter/src/widgets/framework.dart:3941:15)
build-and-test	Run flutter test --coverage	2025-07-30T14:31:19.1666170Z #1567   ComponentElement.performRebuild (package:flutter/src/widgets/framework.dart:5656:16)
build-and-test	Run flutter test --coverage	2025-07-30T14:31:19.1667218Z #1568   StatefulElement.performRebuild (package:flutter/src/widgets/framework.dart:5794:11)
build-and-test	Run flutter test --coverage	2025-07-30T14:31:19.1668162Z #1569   Element.rebuild (package:flutter/src/widgets/framework.dart:5347:7)
build-and-test	Run flutter test --coverage	2025-07-30T14:31:19.1669031Z #1570   StatefulElement.update (package:flutter/src/widgets/framework.dart:5817:5)
build-and-test	Run flutter test --coverage	2025-07-30T14:31:19.1669875Z #1571   Element.updateChild (package:flutter/src/widgets/framework.dart:3941:15)
build-and-test	Run flutter test --coverage	2025-07-30T14:31:19.1670714Z #1572   RootElement._rebuild (package:flutter/src/widgets/binding.dart:1636:16)
build-and-test	Run flutter test --coverage	2025-07-30T14:31:19.1671735Z #1573   RootElement.update (package:flutter/src/widgets/binding.dart:1614:5)
build-and-test	Run flutter test --coverage	2025-07-30T14:31:19.1672660Z #1574   RootElement.performRebuild (package:flutter/src/widgets/binding.dart:1628:7)
build-and-test	Run flutter test --coverage	2025-07-30T14:31:19.1673571Z #1575   Element.rebuild (package:flutter/src/widgets/framework.dart:5347:7)
build-and-test	Run flutter test --coverage	2025-07-30T14:31:19.1674692Z #1576   BuildScope._tryRebuild (package:flutter/src/widgets/framework.dart:2694:15)
build-and-test	Run flutter test --coverage	2025-07-30T14:31:19.1675682Z #1577   BuildScope._flushDirtyElements (package:flutter/src/widgets/framework.dart:2753:11)
build-and-test	Run flutter test --coverage	2025-07-30T14:31:19.1676654Z #1578   BuildOwner.buildScope (package:flutter/src/widgets/framework.dart:3048:18)
build-and-test	Run flutter test --coverage	2025-07-30T14:31:19.1677715Z #1579   REDACTED_TOKEN.drawFrame (package:flutter_test/src/binding.dart:1428:19)
build-and-test	Run flutter test --coverage	2025-07-30T14:31:19.1678937Z #1580   RendererBinding._handlePersistentFrameCallback (package:flutter/src/rendering/binding.dart:475:5)
build-and-test	Run flutter test --coverage	2025-07-30T14:31:19.1680116Z #1581   SchedulerBinding._invokeFrameCallback (package:flutter/src/scheduler/binding.dart:1397:15)
build-and-test	Run flutter test --coverage	2025-07-30T14:31:19.1681200Z #1582   SchedulerBinding.handleDrawFrame (package:flutter/src/scheduler/binding.dart:1318:9)
build-and-test	Run flutter test --coverage	2025-07-30T14:31:19.1682643Z #1583   REDACTED_TOKEN.pump.<anonymous closure> (package:flutter_test/src/binding.dart:1283:9)
build-and-test	Run flutter test --coverage	2025-07-30T14:31:19.1683826Z #1586   TestAsyncUtils.guard (package:flutter_test/src/test_async_utils.dart:74:41)
build-and-test	Run flutter test --coverage	2025-07-30T14:31:19.1684885Z #1587   REDACTED_TOKEN.pump (package:flutter_test/src/binding.dart:1270:27)
build-and-test	Run flutter test --coverage	2025-07-30T14:31:19.1686056Z #1588   WidgetTester.pumpWidget.<anonymous closure> (package:flutter_test/src/widget_tester.dart:608:22)
build-and-test	Run flutter test --coverage	2025-07-30T14:31:19.1687369Z #1591   TestAsyncUtils.guard (package:flutter_test/src/test_async_utils.dart:74:41)
build-and-test	Run flutter test --coverage	2025-07-30T14:31:19.1688300Z #1592   WidgetTester.pumpWidget (package:flutter_test/src/widget_tester.dart:605:27)
build-and-test	Run flutter test --coverage	2025-07-30T14:31:19.1689798Z #1593   main.<anonymous closure>.<anonymous closure> (file:///home/runner/work/appoint/appoint/test/features/business/REDACTED_TOKEN.dart:34:20)
build-and-test	Run flutter test --coverage	2025-07-30T14:31:19.1691450Z #1594   testWidgets.<anonymous closure>.<anonymous closure> (package:flutter_test/src/widget_tester.dart:189:29)
build-and-test	Run flutter test --coverage	2025-07-30T14:31:19.1692883Z #1596   testWidgets.<anonymous closure>.<anonymous closure> (package:flutter_test/src/widget_tester.dart:186:25)
build-and-test	Run flutter test --coverage	2025-07-30T14:31:19.1694077Z #1597   TestWidgetsFlutterBinding._runTestBody (package:flutter_test/src/binding.dart:1027:19)
build-and-test	Run flutter test --coverage	2025-07-30T14:31:19.1695183Z #1599   TestWidgetsFlutterBinding._runTestBody (package:flutter_test/src/binding.dart:1016:5)
build-and-test	Run flutter test --coverage	2025-07-30T14:31:19.1696254Z #1602   TestWidgetsFlutterBinding._runTest (package:flutter_test/src/binding.dart:1005:14)
build-and-test	Run flutter test --coverage	2025-07-30T14:31:19.1697482Z #1603   REDACTED_TOKEN.runTest.<anonymous closure> (package:flutter_test/src/binding.dart:1485:24)
build-and-test	Run flutter test --coverage	2025-07-30T14:31:19.1698796Z #1604   FakeAsync.run.<anonymous closure>.<anonymous closure> (package:fake_async/fake_async.dart:182:54)
build-and-test	Run flutter test --coverage	2025-07-30T14:31:19.1699680Z #1609   withClock (package:clock/src/default.dart:52:10)
build-and-test	Run flutter test --coverage	2025-07-30T14:31:19.1700423Z #1610   FakeAsync.run.<anonymous closure> (package:fake_async/fake_async.dart:182:22)
build-and-test	Run flutter test --coverage	2025-07-30T14:31:19.1701232Z #1615   FakeAsync.run (package:fake_async/fake_async.dart:182:7)
build-and-test	Run flutter test --coverage	2025-07-30T14:31:19.1702376Z #1616   REDACTED_TOKEN.runTest (package:flutter_test/src/binding.dart:1482:15)
build-and-test	Run flutter test --coverage	2025-07-30T14:31:19.1703522Z #1617   testWidgets.<anonymous closure> (package:flutter_test/src/widget_tester.dart:181:24)
build-and-test	Run flutter test --coverage	2025-07-30T14:31:19.1704628Z #1618   Declarer.test.<anonymous closure>.<anonymous closure> (package:test_api/src/backend/declarer.dart:215:19)
build-and-test	Run flutter test --coverage	2025-07-30T14:31:19.1705825Z #1620   Declarer.test.<anonymous closure>.<anonymous closure> (package:test_api/src/backend/declarer.dart:214:9)
build-and-test	Run flutter test --coverage	2025-07-30T14:31:19.1706887Z #1625   Declarer.test.<anonymous closure> (package:test_api/src/backend/declarer.dart:213:13)
build-and-test	Run flutter test --coverage	2025-07-30T14:31:19.1708081Z #1626   Invoker._waitForOutstandingCallbacks.<anonymous closure> (package:test_api/src/backend/invoker.dart:258:17)
build-and-test	Run flutter test --coverage	2025-07-30T14:31:19.1709311Z #1631   Invoker._waitForOutstandingCallbacks (package:test_api/src/backend/invoker.dart:254:5)
build-and-test	Run flutter test --coverage	2025-07-30T14:31:19.1710603Z #1632   Invoker._onRun.<anonymous closure>.<anonymous closure>.<anonymous closure> (package:test_api/src/backend/invoker.dart:394:17)
build-and-test	Run flutter test --coverage	2025-07-30T14:31:19.1712482Z #1634   Invoker._onRun.<anonymous closure>.<anonymous closure>.<anonymous closure> (package:test_api/src/backend/invoker.dart:392:11)
build-and-test	Run flutter test --coverage	2025-07-30T14:31:19.1713803Z #1639   Invoker._onRun.<anonymous closure>.<anonymous closure> (package:test_api/src/backend/invoker.dart:383:9)
build-and-test	Run flutter test --coverage	2025-07-30T14:31:19.1714838Z #1640   Invoker._guardIfGuarded (package:test_api/src/backend/invoker.dart:426:15)
build-and-test	Run flutter test --coverage	2025-07-30T14:31:19.1715798Z #1641   Invoker._onRun.<anonymous closure> (package:test_api/src/backend/invoker.dart:382:7)
build-and-test	Run flutter test --coverage	2025-07-30T14:31:19.1716730Z #1648   Invoker._onRun (package:test_api/src/backend/invoker.dart:381:11)
build-and-test	Run flutter test --coverage	2025-07-30T14:31:19.1717642Z #1649   LiveTestController.run (package:test_api/src/backend/live_test_controller.dart:153:11)
build-and-test	Run flutter test --coverage	2025-07-30T14:31:19.1718795Z #1650   RemoteListener._runLiveTest.<anonymous closure> (package:test_api/src/backend/remote_listener.dart:273:16)
build-and-test	Run flutter test --coverage	2025-07-30T14:31:19.1719961Z #1655   RemoteListener._runLiveTest (package:test_api/src/backend/remote_listener.dart:272:5)
build-and-test	Run flutter test --coverage	2025-07-30T14:31:19.1721066Z #1656   RemoteListener._serializeTest.<anonymous closure> (package:test_api/src/backend/remote_listener.dart:220:7)
build-and-test	Run flutter test --coverage	2025-07-30T14:31:19.1722346Z #1674   _GuaranteeSink.add (package:stream_channel/src/guarantee_channel.dart:125:12)
build-and-test	Run flutter test --coverage	2025-07-30T14:31:19.1723658Z #1675   new _MultiChannel.<anonymous closure> (package:stream_channel/src/multi_channel.dart:159:31)
build-and-test	Run flutter test --coverage	2025-07-30T14:31:19.1724602Z #1677   CastStreamSubscription._onData (dart:_internal/async_cast.dart:85:11)
build-and-test	Run flutter test --coverage	2025-07-30T14:31:19.1725564Z #1703   new _WebSocketImpl._fromSocket.<anonymous closure> (dart:_http/websocket_impl.dart:1145:21)
build-and-test	Run flutter test --coverage	2025-07-30T14:31:19.1726628Z #1709   _WebSocketProtocolTransformer._messageFrameEnd (dart:_http/websocket_impl.dart:332:23)
build-and-test	Run flutter test --coverage	2025-07-30T14:31:19.1727632Z #1710   _WebSocketProtocolTransformer.add (dart:_http/websocket_impl.dart:226:46)
build-and-test	Run flutter test --coverage	2025-07-30T14:31:19.1728442Z #1718   _Socket._onData (dart:io-patch/socket_patch.dart:2455:41)
build-and-test	Run flutter test --coverage	2025-07-30T14:31:19.1729165Z #1725   new _RawSocket.<anonymous closure> (dart:io-patch/socket_patch.dart:1942:33)
build-and-test	Run flutter test --coverage	2025-07-30T14:31:19.1730036Z #1726   _NativeSocket.issueReadEvent.issue (dart:io-patch/socket_patch.dart:1385:14)
build-and-test	Run flutter test --coverage	2025-07-30T14:31:19.1730849Z (elided 108 frames from dart:async and package:stack_trace)
build-and-test	Run flutter test --coverage	2025-07-30T14:31:19.1731271Z 
build-and-test	Run flutter test --coverage	2025-07-30T14:31:19.1732185Z ════════════════════════════════════════════════════════════════════════════════════════════════════
build-and-test	Run flutter test --coverage	2025-07-30T14:31:19.1733224Z ══╡ EXCEPTION CAUGHT BY FLUTTER TEST FRAMEWORK ╞════════════════════════════════════════════════════
build-and-test	Run flutter test --coverage	2025-07-30T14:31:19.1734042Z The following TestFailure was thrown running a test:
build-and-test	Run flutter test --coverage	2025-07-30T14:31:19.1734593Z Expected: exactly one matching candidate
build-and-test	Run flutter test --coverage	2025-07-30T14:31:19.1735286Z   Actual: _TextWidgetFinder:<Found 0 widgets with text "Business Dashboard": []>
build-and-test	Run flutter test --coverage	2025-07-30T14:31:19.1735993Z    Which: means none were found but one was expected
build-and-test	Run flutter test --coverage	2025-07-30T14:31:19.1736357Z 
build-and-test	Run flutter test --coverage	2025-07-30T14:31:19.1736558Z When the exception was thrown, this was the stack:
build-and-test	Run flutter test --coverage	2025-07-30T14:31:19.1737842Z #4      main.<anonymous closure>.<anonymous closure> (file:///home/runner/work/appoint/appoint/test/features/business/REDACTED_TOKEN.dart:48:7)
build-and-test	Run flutter test --coverage	2025-07-30T14:31:19.1739003Z <asynchronous suspension>
build-and-test	Run flutter test --coverage	2025-07-30T14:31:19.1739763Z #5      testWidgets.<anonymous closure>.<anonymous closure> (package:flutter_test/src/widget_tester.dart:189:15)
build-and-test	Run flutter test --coverage	2025-07-30T14:31:19.1740590Z <asynchronous suspension>
build-and-test	Run flutter test --coverage	2025-07-30T14:31:19.1741330Z #6      TestWidgetsFlutterBinding._runTestBody (package:flutter_test/src/binding.dart:1027:5)
build-and-test	Run flutter test --coverage	2025-07-30T14:31:19.1742180Z <asynchronous suspension>
build-and-test	Run flutter test --coverage	2025-07-30T14:31:19.1742511Z <asynchronous suspension>
build-and-test	Run flutter test --coverage	2025-07-30T14:31:19.1742862Z (elided one frame from package:stack_trace)
build-and-test	Run flutter test --coverage	2025-07-30T14:31:19.1743252Z 
build-and-test	Run flutter test --coverage	2025-07-30T14:31:19.1743499Z This was caught by the test expectation on the following line:
build-and-test	Run flutter test --coverage	2025-07-30T14:31:19.1744548Z   file:///home/runner/work/appoint/appoint/test/features/business/REDACTED_TOKEN.dart line 48
build-and-test	Run flutter test --coverage	2025-07-30T14:31:19.1745733Z The test description was:
build-and-test	Run flutter test --coverage	2025-07-30T14:31:19.1746191Z   renders business dashboard for business user type
build-and-test	Run flutter test --coverage	2025-07-30T14:31:19.1747076Z ════════════════════════════════════════════════════════════════════════════════════════════════════
build-and-test	Run flutter test --coverage	2025-07-30T14:31:19.1748131Z ══╡ EXCEPTION CAUGHT BY FLUTTER TEST FRAMEWORK ╞════════════════════════════════════════════════════
build-and-test	Run flutter test --coverage	2025-07-30T14:31:19.1749070Z The following message was thrown:
build-and-test	Run flutter test --coverage	2025-07-30T14:31:19.1750002Z Multiple exceptions (2) were detected during the running of the current test, and at least one was
build-and-test	Run flutter test --coverage	2025-07-30T14:31:19.1750767Z unexpected.
build-and-test	Run flutter test --coverage	2025-07-30T14:31:19.1751452Z ════════════════════════════════════════════════════════════════════════════════════════════════════
build-and-test	Run flutter test --coverage	2025-07-30T14:31:19.1752195Z Test failed. See exception logs above.
build-and-test	Run flutter test --coverage	2025-07-30T14:31:19.1752845Z The test description was: renders business dashboard for business user type
build-and-test	Run flutter test --coverage	2025-07-30T14:31:19.1753373Z 
build-and-test	Run flutter test --coverage	2025-07-30T14:31:19.1753827Z ##[endgroup]
build-and-test	Run flutter test --coverage	2025-07-30T14:31:19.2977216Z ##[group]❌ /home/runner/work/appoint/appoint/test/features/business/REDACTED_TOKEN.dart: Unified BusinessDashboardScreen renders studio dashboard for studio user type (failed)
build-and-test	Run flutter test --coverage	2025-07-30T14:31:19.2979269Z ══╡ EXCEPTION CAUGHT BY WIDGETS LIBRARY ╞═══════════════════════════════════════════════════════════
build-and-test	Run flutter test --coverage	2025-07-30T14:31:19.2980220Z The following FirebaseException was thrown building BusinessDashboardScreen(dirty, dependencies:
build-and-test	Run flutter test --coverage	2025-07-30T14:31:19.2981048Z [UncontrolledProviderScope], state: _ConsumerState#cb048):
build-and-test	Run flutter test --coverage	2025-07-30T14:31:19.2982028Z [core/no-app] No Firebase App '[DEFAULT]' has been created - call Firebase.initializeApp()
build-and-test	Run flutter test --coverage	2025-07-30T14:31:19.2982560Z 
build-and-test	Run flutter test --coverage	2025-07-30T14:31:19.2982701Z The relevant error-causing widget was:
build-and-test	Run flutter test --coverage	2025-07-30T14:31:19.2983116Z   BusinessDashboardScreen
build-and-test	Run flutter test --coverage	2025-07-30T14:31:19.2984056Z   BusinessDashboardScreen:file:///home/runner/work/appoint/appoint/test/features/business/REDACTED_TOKEN.dart:83:19
build-and-test	Run flutter test --coverage	2025-07-30T14:31:19.2984937Z 
build-and-test	Run flutter test --coverage	2025-07-30T14:31:19.2985134Z When the exception was thrown, this was the stack:
build-and-test	Run flutter test --coverage	2025-07-30T14:31:19.2985867Z #1      _ProviderStateSubscription.read (package:riverpod/src/framework/provider_base.dart:181:28)
build-and-test	Run flutter test --coverage	2025-07-30T14:31:19.2986802Z #2      ConsumerStatefulElement.watch (package:flutter_riverpod/src/consumer.dart:568:8)
build-and-test	Run flutter test --coverage	2025-07-30T14:31:19.2987888Z #3      BusinessDashboardScreen.build (package:appoint/features/business/screens/business_dashboard_screen.dart:17:33)
build-and-test	Run flutter test --coverage	2025-07-30T14:31:19.2988889Z #4      _ConsumerState.build (package:flutter_riverpod/src/consumer.dart:476:19)
build-and-test	Run flutter test --coverage	2025-07-30T14:31:19.2989656Z #5      StatefulElement.build (package:flutter/src/widgets/framework.dart:5743:27)
build-and-test	Run flutter test --coverage	2025-07-30T14:31:19.2993160Z #6      ConsumerStatefulElement.build (package:flutter_riverpod/src/consumer.dart:539:20)
build-and-test	Run flutter test --coverage	2025-07-30T14:31:19.2997445Z #7      ComponentElement.performRebuild (package:flutter/src/widgets/framework.dart:5631:15)
build-and-test	Run flutter test --coverage	2025-07-30T14:31:19.3002012Z #8      StatefulElement.performRebuild (package:flutter/src/widgets/framework.dart:5794:11)
build-and-test	Run flutter test --coverage	2025-07-30T14:31:19.3006605Z #9      Element.rebuild (package:flutter/src/widgets/framework.dart:5347:7)
build-and-test	Run flutter test --coverage	2025-07-30T14:31:19.3009347Z #10     ComponentElement._firstBuild (package:flutter/src/widgets/framework.dart:5613:5)
build-and-test	Run flutter test --coverage	2025-07-30T14:31:19.3012517Z #11     StatefulElement._firstBuild (package:flutter/src/widgets/framework.dart:5785:11)
build-and-test	Run flutter test --coverage	2025-07-30T14:31:19.3013392Z #12     ComponentElement.mount (package:flutter/src/widgets/framework.dart:5607:5)
build-and-test	Run flutter test --coverage	2025-07-30T14:31:19.3014025Z ...     Normal element mounting (228 frames)
build-and-test	Run flutter test --coverage	2025-07-30T14:31:19.3014647Z #240    Element.inflateWidget (package:flutter/src/widgets/framework.dart:4480:16)
build-and-test	Run flutter test --coverage	2025-07-30T14:31:19.3015623Z #241    MultiChildRenderObjectElement.inflateWidget (package:flutter/src/widgets/framework.dart:7049:36)
build-and-test	Run flutter test --coverage	2025-07-30T14:31:19.3016705Z #242    MultiChildRenderObjectElement.mount (package:flutter/src/widgets/framework.dart:7061:32)
build-and-test	Run flutter test --coverage	2025-07-30T14:31:19.3017433Z ...     Normal element mounting (463 frames)
build-and-test	Run flutter test --coverage	2025-07-30T14:31:19.3018174Z #705    REDACTED_TOKEN.mount (package:flutter_riverpod/src/framework.dart:315:11)
build-and-test	Run flutter test --coverage	2025-07-30T14:31:19.3018956Z ...     Normal element mounting (9 frames)
build-and-test	Run flutter test --coverage	2025-07-30T14:31:19.3019565Z #714    Element.inflateWidget (package:flutter/src/widgets/framework.dart:4480:16)
build-and-test	Run flutter test --coverage	2025-07-30T14:31:19.3021239Z #715    Element.updateChild (package:flutter/src/widgets/framework.dart:3957:20)
build-and-test	Run flutter test --coverage	2025-07-30T14:31:19.3022270Z #716    ComponentElement.performRebuild (package:flutter/src/widgets/framework.dart:5656:16)
build-and-test	Run flutter test --coverage	2025-07-30T14:31:19.3023117Z #717    Element.rebuild (package:flutter/src/widgets/framework.dart:5347:7)
build-and-test	Run flutter test --coverage	2025-07-30T14:31:19.3023887Z #718    ProxyElement.update (package:flutter/src/widgets/framework.dart:5960:5)
build-and-test	Run flutter test --coverage	2025-07-30T14:31:19.3024813Z #719    _InheritedNotifierElement.update (package:flutter/src/widgets/inherited_notifier.dart:112:11)
build-and-test	Run flutter test --coverage	2025-07-30T14:31:19.3025734Z #720    Element.updateChild (package:flutter/src/widgets/framework.dart:3941:15)
build-and-test	Run flutter test --coverage	2025-07-30T14:31:19.3026579Z #721    ComponentElement.performRebuild (package:flutter/src/widgets/framework.dart:5656:16)
build-and-test	Run flutter test --coverage	2025-07-30T14:31:19.3027517Z #722    StatefulElement.performRebuild (package:flutter/src/widgets/framework.dart:5794:11)
build-and-test	Run flutter test --coverage	2025-07-30T14:31:19.3028397Z #723    Element.rebuild (package:flutter/src/widgets/framework.dart:5347:7)
build-and-test	Run flutter test --coverage	2025-07-30T14:31:19.3029156Z #724    StatefulElement.update (package:flutter/src/widgets/framework.dart:5817:5)
build-and-test	Run flutter test --coverage	2025-07-30T14:31:19.3038008Z #725    Element.updateChild (package:flutter/src/widgets/framework.dart:3941:15)
build-and-test	Run flutter test --coverage	2025-07-30T14:31:19.3038948Z #726    ComponentElement.performRebuild (package:flutter/src/widgets/framework.dart:5656:16)
build-and-test	Run flutter test --coverage	2025-07-30T14:31:19.3039844Z #727    Element.rebuild (package:flutter/src/widgets/framework.dart:5347:7)
build-and-test	Run flutter test --coverage	2025-07-30T14:31:19.3040660Z #728    ProxyElement.update (package:flutter/src/widgets/framework.dart:5960:5)
build-and-test	Run flutter test --coverage	2025-07-30T14:31:19.3041911Z #729    _InheritedNotifierElement.update (package:flutter/src/widgets/inherited_notifier.dart:112:11)
build-and-test	Run flutter test --coverage	2025-07-30T14:31:19.3042862Z #730    Element.updateChild (package:flutter/src/widgets/framework.dart:3941:15)
build-and-test	Run flutter test --coverage	2025-07-30T14:31:19.3043434Z #731    ComponentElement.performRebuild (package:flutter/src/widgets/framework.dart:5656:16)
build-and-test	Run flutter test --coverage	2025-07-30T14:31:19.3043992Z #732    StatefulElement.performRebuild (package:flutter/src/widgets/framework.dart:5794:11)
build-and-test	Run flutter test --coverage	2025-07-30T14:31:19.3044489Z #733    Element.rebuild (package:flutter/src/widgets/framework.dart:5347:7)
build-and-test	Run flutter test --coverage	2025-07-30T14:31:19.3044945Z #734    StatefulElement.update (package:flutter/src/widgets/framework.dart:5817:5)
build-and-test	Run flutter test --coverage	2025-07-30T14:31:19.3045410Z #735    Element.updateChild (package:flutter/src/widgets/framework.dart:3941:15)
build-and-test	Run flutter test --coverage	2025-07-30T14:31:19.3045913Z #736    ComponentElement.performRebuild (package:flutter/src/widgets/framework.dart:5656:16)
build-and-test	Run flutter test --coverage	2025-07-30T14:31:19.3046459Z #737    StatefulElement.performRebuild (package:flutter/src/widgets/framework.dart:5794:11)
build-and-test	Run flutter test --coverage	2025-07-30T14:31:19.3046947Z #738    Element.rebuild (package:flutter/src/widgets/framework.dart:5347:7)
build-and-test	Run flutter test --coverage	2025-07-30T14:31:19.3047389Z #739    StatefulElement.update (package:flutter/src/widgets/framework.dart:5817:5)
build-and-test	Run flutter test --coverage	2025-07-30T14:31:19.3048057Z #740    Element.updateChild (package:flutter/src/widgets/framework.dart:3941:15)
build-and-test	Run flutter test --coverage	2025-07-30T14:31:19.3048561Z #741    ComponentElement.performRebuild (package:flutter/src/widgets/framework.dart:5656:16)
build-and-test	Run flutter test --coverage	2025-07-30T14:31:19.3049042Z #742    Element.rebuild (package:flutter/src/widgets/framework.dart:5347:7)
build-and-test	Run flutter test --coverage	2025-07-30T14:31:19.3049474Z #743    ProxyElement.update (package:flutter/src/widgets/framework.dart:5960:5)
build-and-test	Run flutter test --coverage	2025-07-30T14:31:19.3050061Z #744    Element.updateChild (package:flutter/src/widgets/framework.dart:3941:15)
build-and-test	Run flutter test --coverage	2025-07-30T14:31:19.3051013Z #745    ComponentElement.performRebuild (package:flutter/src/widgets/framework.dart:5656:16)
build-and-test	Run flutter test --coverage	2025-07-30T14:31:19.3052297Z #746    StatefulElement.performRebuild (package:flutter/src/widgets/framework.dart:5794:11)
build-and-test	Run flutter test --coverage	2025-07-30T14:31:19.3053223Z #747    Element.rebuild (package:flutter/src/widgets/framework.dart:5347:7)
build-and-test	Run flutter test --coverage	2025-07-30T14:31:19.3054075Z #748    StatefulElement.update (package:flutter/src/widgets/framework.dart:5817:5)
build-and-test	Run flutter test --coverage	2025-07-30T14:31:19.3054983Z #749    Element.updateChild (package:flutter/src/widgets/framework.dart:3941:15)
build-and-test	Run flutter test --coverage	2025-07-30T14:31:19.3055931Z #750    ComponentElement.performRebuild (package:flutter/src/widgets/framework.dart:5656:16)
build-and-test	Run flutter test --coverage	2025-07-30T14:31:19.3057075Z #751    Element.rebuild (package:flutter/src/widgets/framework.dart:5347:7)
build-and-test	Run flutter test --coverage	2025-07-30T14:31:19.3057916Z #752    ProxyElement.update (package:flutter/src/widgets/framework.dart:5960:5)
build-and-test	Run flutter test --coverage	2025-07-30T14:31:19.3058773Z #753    Element.updateChild (package:flutter/src/widgets/framework.dart:3941:15)
build-and-test	Run flutter test --coverage	2025-07-30T14:31:19.3059720Z #754    ComponentElement.performRebuild (package:flutter/src/widgets/framework.dart:5656:16)
build-and-test	Run flutter test --coverage	2025-07-30T14:31:19.3060636Z #755    Element.rebuild (package:flutter/src/widgets/framework.dart:5347:7)
build-and-test	Run flutter test --coverage	2025-07-30T14:31:19.3061435Z #756    ProxyElement.update (package:flutter/src/widgets/framework.dart:5960:5)
build-and-test	Run flutter test --coverage	2025-07-30T14:31:19.3062489Z #757    Element.updateChild (package:flutter/src/widgets/framework.dart:3941:15)
build-and-test	Run flutter test --coverage	2025-07-30T14:31:19.3063358Z #758    _RawViewElement._updateChild (package:flutter/src/widgets/view.dart:465:16)
build-and-test	Run flutter test --coverage	2025-07-30T14:31:19.3064190Z #759    _RawViewElement.update (package:flutter/src/widgets/view.dart:552:5)
build-and-test	Run flutter test --coverage	2025-07-30T14:31:19.3065010Z #760    Element.updateChild (package:flutter/src/widgets/framework.dart:3941:15)
build-and-test	Run flutter test --coverage	2025-07-30T14:31:19.3065928Z #761    ComponentElement.performRebuild (package:flutter/src/widgets/framework.dart:5656:16)
build-and-test	Run flutter test --coverage	2025-07-30T14:31:19.3066848Z #762    Element.rebuild (package:flutter/src/widgets/framework.dart:5347:7)
build-and-test	Run flutter test --coverage	2025-07-30T14:31:19.3067671Z #763    StatelessElement.update (package:flutter/src/widgets/framework.dart:5707:5)
build-and-test	Run flutter test --coverage	2025-07-30T14:31:19.3068523Z #764    Element.updateChild (package:flutter/src/widgets/framework.dart:3941:15)
build-and-test	Run flutter test --coverage	2025-07-30T14:31:19.3069450Z #765    ComponentElement.performRebuild (package:flutter/src/widgets/framework.dart:5656:16)
build-and-test	Run flutter test --coverage	2025-07-30T14:31:19.3070456Z #766    StatefulElement.performRebuild (package:flutter/src/widgets/framework.dart:5794:11)
build-and-test	Run flutter test --coverage	2025-07-30T14:31:19.3071369Z #767    Element.rebuild (package:flutter/src/widgets/framework.dart:5347:7)
build-and-test	Run flutter test --coverage	2025-07-30T14:31:19.3072392Z #768    StatefulElement.update (package:flutter/src/widgets/framework.dart:5817:5)
build-and-test	Run flutter test --coverage	2025-07-30T14:31:19.3073258Z #769    Element.updateChild (package:flutter/src/widgets/framework.dart:3941:15)
build-and-test	Run flutter test --coverage	2025-07-30T14:31:19.3074086Z #770    RootElement._rebuild (package:flutter/src/widgets/binding.dart:1636:16)
build-and-test	Run flutter test --coverage	2025-07-30T14:31:19.3074883Z #771    RootElement.update (package:flutter/src/widgets/binding.dart:1614:5)
build-and-test	Run flutter test --coverage	2025-07-30T14:31:19.3075749Z #772    RootElement.performRebuild (package:flutter/src/widgets/binding.dart:1628:7)
build-and-test	Run flutter test --coverage	2025-07-30T14:31:19.3076566Z #773    Element.rebuild (package:flutter/src/widgets/framework.dart:5347:7)
build-and-test	Run flutter test --coverage	2025-07-30T14:31:19.3077336Z #774    BuildScope._tryRebuild (package:flutter/src/widgets/framework.dart:2694:15)
build-and-test	Run flutter test --coverage	2025-07-30T14:31:19.3078235Z #775    BuildScope._flushDirtyElements (package:flutter/src/widgets/framework.dart:2753:11)
build-and-test	Run flutter test --coverage	2025-07-30T14:31:19.3079429Z #776    BuildOwner.buildScope (package:flutter/src/widgets/framework.dart:3048:18)
build-and-test	Run flutter test --coverage	2025-07-30T14:31:19.3080511Z #777    REDACTED_TOKEN.drawFrame (package:flutter_test/src/binding.dart:1428:19)
build-and-test	Run flutter test --coverage	2025-07-30T14:31:19.3081981Z #778    RendererBinding._handlePersistentFrameCallback (package:flutter/src/rendering/binding.dart:475:5)
build-and-test	Run flutter test --coverage	2025-07-30T14:31:19.3083220Z #779    SchedulerBinding._invokeFrameCallback (package:flutter/src/scheduler/binding.dart:1397:15)
build-and-test	Run flutter test --coverage	2025-07-30T14:31:19.3084329Z #780    SchedulerBinding.handleDrawFrame (package:flutter/src/scheduler/binding.dart:1318:9)
build-and-test	Run flutter test --coverage	2025-07-30T14:31:19.3085549Z #781    REDACTED_TOKEN.pump.<anonymous closure> (package:flutter_test/src/binding.dart:1283:9)
build-and-test	Run flutter test --coverage	2025-07-30T14:31:19.3086673Z #784    TestAsyncUtils.guard (package:flutter_test/src/test_async_utils.dart:74:41)
build-and-test	Run flutter test --coverage	2025-07-30T14:31:19.3087682Z #785    REDACTED_TOKEN.pump (package:flutter_test/src/binding.dart:1270:27)
build-and-test	Run flutter test --coverage	2025-07-30T14:31:19.3088856Z #786    WidgetTester.pumpWidget.<anonymous closure> (package:flutter_test/src/widget_tester.dart:608:22)
build-and-test	Run flutter test --coverage	2025-07-30T14:31:19.3089887Z #789    TestAsyncUtils.guard (package:flutter_test/src/test_async_utils.dart:74:41)
build-and-test	Run flutter test --coverage	2025-07-30T14:31:19.3090753Z #790    WidgetTester.pumpWidget (package:flutter_test/src/widget_tester.dart:605:27)
build-and-test	Run flutter test --coverage	2025-07-30T14:31:19.3092678Z #791    main.<anonymous closure>.<anonymous closure> (file:///home/runner/work/appoint/appoint/test/features/business/REDACTED_TOKEN.dart:77:20)
build-and-test	Run flutter test --coverage	2025-07-30T14:31:19.3094286Z #792    testWidgets.<anonymous closure>.<anonymous closure> (package:flutter_test/src/widget_tester.dart:189:29)
build-and-test	Run flutter test --coverage	2025-07-30T14:31:19.3095426Z #793    TestWidgetsFlutterBinding._runTestBody (package:flutter_test/src/binding.dart:1027:5)
build-and-test	Run flutter test --coverage	2025-07-30T14:31:19.3096698Z #795    MethodChannelFirebase.app (package:REDACTED_TOKEN/src/method_channel/method_channel_firebase.dart:192:5)
build-and-test	Run flutter test --coverage	2025-07-30T14:31:19.3097823Z #796    Firebase.app (package:firebase_core/src/firebase.dart:79:41)
build-and-test	Run flutter test --coverage	2025-07-30T14:31:19.3098618Z #797    FirebaseAuth.instance (package:firebase_auth/src/firebase_auth.dart:38:47)
build-and-test	Run flutter test --coverage	2025-07-30T14:31:19.3099764Z #798    new BusinessProfileService (package:appoint/features/studio_business/services/business_profile_service.dart:8:37)
build-and-test	Run flutter test --coverage	2025-07-30T14:31:19.3101193Z #799    new BusinessProfileNotifier (package:appoint/features/studio_business/providers/business_profile_provider.dart:15:20)
build-and-test	Run flutter test --coverage	2025-07-30T14:31:19.3102830Z #800    businessProfileProvider.<anonymous closure> (package:appoint/features/studio_business/providers/business_profile_provider.dart:7:12)
build-and-test	Run flutter test --coverage	2025-07-30T14:31:19.3104040Z #801    ProviderContainer.listen (package:riverpod/src/framework/container.dart:280:21)
build-and-test	Run flutter test --coverage	2025-07-30T14:31:19.3105058Z #802    ConsumerStatefulElement.watch.<anonymous closure> (package:flutter_riverpod/src/consumer.dart:564:25)
build-and-test	Run flutter test --coverage	2025-07-30T14:31:19.3105956Z #803    _LinkedHashMapMixin.putIfAbsent (dart:_compact_hash:636:23)
build-and-test	Run flutter test --coverage	2025-07-30T14:31:19.3106730Z #804    ConsumerStatefulElement.watch (package:flutter_riverpod/src/consumer.dart:557:26)
build-and-test	Run flutter test --coverage	2025-07-30T14:31:19.3107827Z #805    BusinessDashboardScreen.build (package:appoint/features/business/screens/business_dashboard_screen.dart:17:33)
build-and-test	Run flutter test --coverage	2025-07-30T14:31:19.3108839Z #806    _ConsumerState.build (package:flutter_riverpod/src/consumer.dart:476:19)
build-and-test	Run flutter test --coverage	2025-07-30T14:31:19.3109617Z #807    StatefulElement.build (package:flutter/src/widgets/framework.dart:5743:27)
build-and-test	Run flutter test --coverage	2025-07-30T14:31:19.3110490Z #808    ConsumerStatefulElement.build (package:flutter_riverpod/src/consumer.dart:539:20)
build-and-test	Run flutter test --coverage	2025-07-30T14:31:19.3111481Z #809    ComponentElement.performRebuild (package:flutter/src/widgets/framework.dart:5631:15)
build-and-test	Run flutter test --coverage	2025-07-30T14:31:19.3112705Z #810    StatefulElement.performRebuild (package:flutter/src/widgets/framework.dart:5794:11)
build-and-test	Run flutter test --coverage	2025-07-30T14:31:19.3113626Z #811    Element.rebuild (package:flutter/src/widgets/framework.dart:5347:7)
build-and-test	Run flutter test --coverage	2025-07-30T14:31:19.3114499Z #812    ComponentElement._firstBuild (package:flutter/src/widgets/framework.dart:5613:5)
build-and-test	Run flutter test --coverage	2025-07-30T14:31:19.3115694Z #813    StatefulElement._firstBuild (package:flutter/src/widgets/framework.dart:5785:11)
build-and-test	Run flutter test --coverage	2025-07-30T14:31:19.3116606Z #814    ComponentElement.mount (package:flutter/src/widgets/framework.dart:5607:5)
build-and-test	Run flutter test --coverage	2025-07-30T14:31:19.3117278Z ...     Normal element mounting (228 frames)
build-and-test	Run flutter test --coverage	2025-07-30T14:31:19.3117942Z #1042   Element.inflateWidget (package:flutter/src/widgets/framework.dart:4480:16)
build-and-test	Run flutter test --coverage	2025-07-30T14:31:19.3119017Z #1043   MultiChildRenderObjectElement.inflateWidget (package:flutter/src/widgets/framework.dart:7049:36)
build-and-test	Run flutter test --coverage	2025-07-30T14:31:19.3120153Z #1044   MultiChildRenderObjectElement.mount (package:flutter/src/widgets/framework.dart:7061:32)
build-and-test	Run flutter test --coverage	2025-07-30T14:31:19.3121015Z ...     Normal element mounting (463 frames)
build-and-test	Run flutter test --coverage	2025-07-30T14:31:19.3121938Z #1507   REDACTED_TOKEN.mount (package:flutter_riverpod/src/framework.dart:315:11)
build-and-test	Run flutter test --coverage	2025-07-30T14:31:19.3122704Z ...     Normal element mounting (9 frames)
build-and-test	Run flutter test --coverage	2025-07-30T14:31:19.3123352Z #1516   Element.inflateWidget (package:flutter/src/widgets/framework.dart:4480:16)
build-and-test	Run flutter test --coverage	2025-07-30T14:31:19.3124228Z #1517   Element.updateChild (package:flutter/src/widgets/framework.dart:3957:20)
build-and-test	Run flutter test --coverage	2025-07-30T14:31:19.3125163Z #1518   ComponentElement.performRebuild (package:flutter/src/widgets/framework.dart:5656:16)
build-and-test	Run flutter test --coverage	2025-07-30T14:31:19.3126284Z #1519   Element.rebuild (package:flutter/src/widgets/framework.dart:5347:7)
build-and-test	Run flutter test --coverage	2025-07-30T14:31:19.3127075Z #1520   ProxyElement.update (package:flutter/src/widgets/framework.dart:5960:5)
build-and-test	Run flutter test --coverage	2025-07-30T14:31:19.3128027Z #1521   _InheritedNotifierElement.update (package:flutter/src/widgets/inherited_notifier.dart:112:11)
build-and-test	Run flutter test --coverage	2025-07-30T14:31:19.3128957Z #1522   Element.updateChild (package:flutter/src/widgets/framework.dart:3941:15)
build-and-test	Run flutter test --coverage	2025-07-30T14:31:19.3129822Z #1523   ComponentElement.performRebuild (package:flutter/src/widgets/framework.dart:5656:16)
build-and-test	Run flutter test --coverage	2025-07-30T14:31:19.3130812Z #1524   StatefulElement.performRebuild (package:flutter/src/widgets/framework.dart:5794:11)
build-and-test	Run flutter test --coverage	2025-07-30T14:31:19.3131874Z #1525   Element.rebuild (package:flutter/src/widgets/framework.dart:5347:7)
build-and-test	Run flutter test --coverage	2025-07-30T14:31:19.3132625Z #1526   StatefulElement.update (package:flutter/src/widgets/framework.dart:5817:5)
build-and-test	Run flutter test --coverage	2025-07-30T14:31:19.3133354Z #1527   Element.updateChild (package:flutter/src/widgets/framework.dart:3941:15)
build-and-test	Run flutter test --coverage	2025-07-30T14:31:19.3134217Z #1528   ComponentElement.performRebuild (package:flutter/src/widgets/framework.dart:5656:16)
build-and-test	Run flutter test --coverage	2025-07-30T14:31:19.3135137Z #1529   Element.rebuild (package:flutter/src/widgets/framework.dart:5347:7)
build-and-test	Run flutter test --coverage	2025-07-30T14:31:19.3135945Z #1530   ProxyElement.update (package:flutter/src/widgets/framework.dart:5960:5)
build-and-test	Run flutter test --coverage	2025-07-30T14:31:19.3136915Z #1531   _InheritedNotifierElement.update (package:flutter/src/widgets/inherited_notifier.dart:112:11)
build-and-test	Run flutter test --coverage	2025-07-30T14:31:19.3137858Z #1532   Element.updateChild (package:flutter/src/widgets/framework.dart:3941:15)
build-and-test	Run flutter test --coverage	2025-07-30T14:31:19.3138753Z #1533   ComponentElement.performRebuild (package:flutter/src/widgets/framework.dart:5656:16)
build-and-test	Run flutter test --coverage	2025-07-30T14:31:19.3139695Z #1534   StatefulElement.performRebuild (package:flutter/src/widgets/framework.dart:5794:11)
build-and-test	Run flutter test --coverage	2025-07-30T14:31:19.3140589Z #1535   Element.rebuild (package:flutter/src/widgets/framework.dart:5347:7)
build-and-test	Run flutter test --coverage	2025-07-30T14:31:19.3141415Z #1536   StatefulElement.update (package:flutter/src/widgets/framework.dart:5817:5)
build-and-test	Run flutter test --coverage	2025-07-30T14:31:19.3142494Z #1537   Element.updateChild (package:flutter/src/widgets/framework.dart:3941:15)
build-and-test	Run flutter test --coverage	2025-07-30T14:31:19.3143370Z #1538   ComponentElement.performRebuild (package:flutter/src/widgets/framework.dart:5656:16)
build-and-test	Run flutter test --coverage	2025-07-30T14:31:19.3144286Z #1539   StatefulElement.performRebuild (package:flutter/src/widgets/framework.dart:5794:11)
build-and-test	Run flutter test --coverage	2025-07-30T14:31:19.3145090Z #1540   Element.rebuild (package:flutter/src/widgets/framework.dart:5347:7)
build-and-test	Run flutter test --coverage	2025-07-30T14:31:19.3145897Z #1541   StatefulElement.update (package:flutter/src/widgets/framework.dart:5817:5)
build-and-test	Run flutter test --coverage	2025-07-30T14:31:19.3146717Z #1542   Element.updateChild (package:flutter/src/widgets/framework.dart:3941:15)
build-and-test	Run flutter test --coverage	2025-07-30T14:31:19.3147576Z #1543   ComponentElement.performRebuild (package:flutter/src/widgets/framework.dart:5656:16)
build-and-test	Run flutter test --coverage	2025-07-30T14:31:19.3148730Z #1544   Element.rebuild (package:flutter/src/widgets/framework.dart:5347:7)
build-and-test	Run flutter test --coverage	2025-07-30T14:31:19.3149529Z #1545   ProxyElement.update (package:flutter/src/widgets/framework.dart:5960:5)
build-and-test	Run flutter test --coverage	2025-07-30T14:31:19.3150371Z #1546   Element.updateChild (package:flutter/src/widgets/framework.dart:3941:15)
build-and-test	Run flutter test --coverage	2025-07-30T14:31:19.3151289Z #1547   ComponentElement.performRebuild (package:flutter/src/widgets/framework.dart:5656:16)
build-and-test	Run flutter test --coverage	2025-07-30T14:31:19.3152636Z #1548   StatefulElement.performRebuild (package:flutter/src/widgets/framework.dart:5794:11)
build-and-test	Run flutter test --coverage	2025-07-30T14:31:19.3153570Z #1549   Element.rebuild (package:flutter/src/widgets/framework.dart:5347:7)
build-and-test	Run flutter test --coverage	2025-07-30T14:31:19.3154423Z #1550   StatefulElement.update (package:flutter/src/widgets/framework.dart:5817:5)
build-and-test	Run flutter test --coverage	2025-07-30T14:31:19.3155346Z #1551   Element.updateChild (package:flutter/src/widgets/framework.dart:3941:15)
build-and-test	Run flutter test --coverage	2025-07-30T14:31:19.3156103Z #1552   ComponentElement.performRebuild (package:flutter/src/widgets/framework.dart:5656:16)
build-and-test	Run flutter test --coverage	2025-07-30T14:31:19.3165757Z #1553   Element.rebuild (package:flutter/src/widgets/framework.dart:5347:7)
build-and-test	Run flutter test --coverage	2025-07-30T14:31:19.3166651Z #1554   ProxyElement.update (package:flutter/src/widgets/framework.dart:5960:5)
build-and-test	Run flutter test --coverage	2025-07-30T14:31:19.3167797Z #1555   Element.updateChild (package:flutter/src/widgets/framework.dart:3941:15)
build-and-test	Run flutter test --coverage	2025-07-30T14:31:19.3168759Z #1556   ComponentElement.performRebuild (package:flutter/src/widgets/framework.dart:5656:16)
build-and-test	Run flutter test --coverage	2025-07-30T14:31:19.3169634Z #1557   Element.rebuild (package:flutter/src/widgets/framework.dart:5347:7)
build-and-test	Run flutter test --coverage	2025-07-30T14:31:19.3170428Z #1558   ProxyElement.update (package:flutter/src/widgets/framework.dart:5960:5)
build-and-test	Run flutter test --coverage	2025-07-30T14:31:19.3171278Z #1559   Element.updateChild (package:flutter/src/widgets/framework.dart:3941:15)
build-and-test	Run flutter test --coverage	2025-07-30T14:31:19.3172482Z #1560   _RawViewElement._updateChild (package:flutter/src/widgets/view.dart:465:16)
build-and-test	Run flutter test --coverage	2025-07-30T14:31:19.3173353Z #1561   _RawViewElement.update (package:flutter/src/widgets/view.dart:552:5)
build-and-test	Run flutter test --coverage	2025-07-30T14:31:19.3174189Z #1562   Element.updateChild (package:flutter/src/widgets/framework.dart:3941:15)
build-and-test	Run flutter test --coverage	2025-07-30T14:31:19.3175120Z #1563   ComponentElement.performRebuild (package:flutter/src/widgets/framework.dart:5656:16)
build-and-test	Run flutter test --coverage	2025-07-30T14:31:19.3176034Z #1564   Element.rebuild (package:flutter/src/widgets/framework.dart:5347:7)
build-and-test	Run flutter test --coverage	2025-07-30T14:31:19.3176756Z #1565   StatelessElement.update (package:flutter/src/widgets/framework.dart:5707:5)
build-and-test	Run flutter test --coverage	2025-07-30T14:31:19.3177584Z #1566   Element.updateChild (package:flutter/src/widgets/framework.dart:3941:15)
build-and-test	Run flutter test --coverage	2025-07-30T14:31:19.3178478Z #1567   ComponentElement.performRebuild (package:flutter/src/widgets/framework.dart:5656:16)
build-and-test	Run flutter test --coverage	2025-07-30T14:31:19.3179480Z #1568   StatefulElement.performRebuild (package:flutter/src/widgets/framework.dart:5794:11)
build-and-test	Run flutter test --coverage	2025-07-30T14:31:19.3180353Z #1569   Element.rebuild (package:flutter/src/widgets/framework.dart:5347:7)
build-and-test	Run flutter test --coverage	2025-07-30T14:31:19.3181194Z #1570   StatefulElement.update (package:flutter/src/widgets/framework.dart:5817:5)
build-and-test	Run flutter test --coverage	2025-07-30T14:31:19.3182282Z #1571   Element.updateChild (package:flutter/src/widgets/framework.dart:3941:15)
build-and-test	Run flutter test --coverage	2025-07-30T14:31:19.3183126Z #1572   RootElement._rebuild (package:flutter/src/widgets/binding.dart:1636:16)
build-and-test	Run flutter test --coverage	2025-07-30T14:31:19.3183966Z #1573   RootElement.update (package:flutter/src/widgets/binding.dart:1614:5)
build-and-test	Run flutter test --coverage	2025-07-30T14:31:19.3184874Z #1574   RootElement.performRebuild (package:flutter/src/widgets/binding.dart:1628:7)
build-and-test	Run flutter test --coverage	2025-07-30T14:31:19.3185726Z #1575   Element.rebuild (package:flutter/src/widgets/framework.dart:5347:7)
build-and-test	Run flutter test --coverage	2025-07-30T14:31:19.3186505Z #1576   BuildScope._tryRebuild (package:flutter/src/widgets/framework.dart:2694:15)
build-and-test	Run flutter test --coverage	2025-07-30T14:31:19.3187373Z #1577   BuildScope._flushDirtyElements (package:flutter/src/widgets/framework.dart:2753:11)
build-and-test	Run flutter test --coverage	2025-07-30T14:31:19.3188332Z #1578   BuildOwner.buildScope (package:flutter/src/widgets/framework.dart:3048:18)
build-and-test	Run flutter test --coverage	2025-07-30T14:31:19.3189331Z #1579   REDACTED_TOKEN.drawFrame (package:flutter_test/src/binding.dart:1428:19)
build-and-test	Run flutter test --coverage	2025-07-30T14:31:19.3190819Z #1580   RendererBinding._handlePersistentFrameCallback (package:flutter/src/rendering/binding.dart:475:5)
build-and-test	Run flutter test --coverage	2025-07-30T14:31:19.3192152Z #1581   SchedulerBinding._invokeFrameCallback (package:flutter/src/scheduler/binding.dart:1397:15)
build-and-test	Run flutter test --coverage	2025-07-30T14:31:19.3193208Z #1582   SchedulerBinding.handleDrawFrame (package:flutter/src/scheduler/binding.dart:1318:9)
build-and-test	Run flutter test --coverage	2025-07-30T14:31:19.3194387Z #1583   REDACTED_TOKEN.pump.<anonymous closure> (package:flutter_test/src/binding.dart:1283:9)
build-and-test	Run flutter test --coverage	2025-07-30T14:31:19.3195480Z #1586   TestAsyncUtils.guard (package:flutter_test/src/test_async_utils.dart:74:41)
build-and-test	Run flutter test --coverage	2025-07-30T14:31:19.3196476Z #1587   REDACTED_TOKEN.pump (package:flutter_test/src/binding.dart:1270:27)
build-and-test	Run flutter test --coverage	2025-07-30T14:31:19.3197587Z #1588   WidgetTester.pumpWidget.<anonymous closure> (package:flutter_test/src/widget_tester.dart:608:22)
build-and-test	Run flutter test --coverage	2025-07-30T14:31:19.3198567Z #1591   TestAsyncUtils.guard (package:flutter_test/src/test_async_utils.dart:74:41)
build-and-test	Run flutter test --coverage	2025-07-30T14:31:19.3199451Z #1592   WidgetTester.pumpWidget (package:flutter_test/src/widget_tester.dart:605:27)
build-and-test	Run flutter test --coverage	2025-07-30T14:31:19.3200876Z #1593   main.<anonymous closure>.<anonymous closure> (file:///home/runner/work/appoint/appoint/test/features/business/REDACTED_TOKEN.dart:77:20)
build-and-test	Run flutter test --coverage	2025-07-30T14:31:19.3203040Z #1594   testWidgets.<anonymous closure>.<anonymous closure> (package:flutter_test/src/widget_tester.dart:189:29)
build-and-test	Run flutter test --coverage	2025-07-30T14:31:19.3204216Z #1596   testWidgets.<anonymous closure>.<anonymous closure> (package:flutter_test/src/widget_tester.dart:186:25)
build-and-test	Run flutter test --coverage	2025-07-30T14:31:19.3205320Z #1597   TestWidgetsFlutterBinding._runTestBody (package:flutter_test/src/binding.dart:1027:19)
build-and-test	Run flutter test --coverage	2025-07-30T14:31:19.3206363Z #1599   TestWidgetsFlutterBinding._runTestBody (package:flutter_test/src/binding.dart:1016:5)
build-and-test	Run flutter test --coverage	2025-07-30T14:31:19.3207369Z #1602   TestWidgetsFlutterBinding._runTest (package:flutter_test/src/binding.dart:1005:14)
build-and-test	Run flutter test --coverage	2025-07-30T14:31:19.3208563Z #1603   REDACTED_TOKEN.runTest.<anonymous closure> (package:flutter_test/src/binding.dart:1485:24)
build-and-test	Run flutter test --coverage	2025-07-30T14:31:19.3209804Z #1604   FakeAsync.run.<anonymous closure>.<anonymous closure> (package:fake_async/fake_async.dart:182:54)
build-and-test	Run flutter test --coverage	2025-07-30T14:31:19.3210626Z #1609   withClock (package:clock/src/default.dart:52:10)
build-and-test	Run flutter test --coverage	2025-07-30T14:31:19.3211337Z #1610   FakeAsync.run.<anonymous closure> (package:fake_async/fake_async.dart:182:22)
build-and-test	Run flutter test --coverage	2025-07-30T14:31:19.3212330Z #1615   FakeAsync.run (package:fake_async/fake_async.dart:182:7)
build-and-test	Run flutter test --coverage	2025-07-30T14:31:19.3213231Z #1616   REDACTED_TOKEN.runTest (package:flutter_test/src/binding.dart:1482:15)
build-and-test	Run flutter test --coverage	2025-07-30T14:31:19.3214275Z #1617   testWidgets.<anonymous closure> (package:flutter_test/src/widget_tester.dart:181:24)
build-and-test	Run flutter test --coverage	2025-07-30T14:31:19.3215336Z #1618   Declarer.test.<anonymous closure>.<anonymous closure> (package:test_api/src/backend/declarer.dart:215:19)
build-and-test	Run flutter test --coverage	2025-07-30T14:31:19.3216510Z #1620   Declarer.test.<anonymous closure>.<anonymous closure> (package:test_api/src/backend/declarer.dart:214:9)
build-and-test	Run flutter test --coverage	2025-07-30T14:31:19.3217556Z #1625   Declarer.test.<anonymous closure> (package:test_api/src/backend/declarer.dart:213:13)
build-and-test	Run flutter test --coverage	2025-07-30T14:31:19.3218664Z #1626   Invoker._waitForOutstandingCallbacks.<anonymous closure> (package:test_api/src/backend/invoker.dart:258:17)
build-and-test	Run flutter test --coverage	2025-07-30T14:31:19.3219826Z #1631   Invoker._waitForOutstandingCallbacks (package:test_api/src/backend/invoker.dart:254:5)
build-and-test	Run flutter test --coverage	2025-07-30T14:31:19.3221053Z #1632   Invoker._onRun.<anonymous closure>.<anonymous closure>.<anonymous closure> (package:test_api/src/backend/invoker.dart:394:17)
build-and-test	Run flutter test --coverage	2025-07-30T14:31:19.3222566Z #1634   Invoker._onRun.<anonymous closure>.<anonymous closure>.<anonymous closure> (package:test_api/src/backend/invoker.dart:392:11)
build-and-test	Run flutter test --coverage	2025-07-30T14:31:19.3223813Z #1639   Invoker._onRun.<anonymous closure>.<anonymous closure> (package:test_api/src/backend/invoker.dart:383:9)
build-and-test	Run flutter test --coverage	2025-07-30T14:31:19.3224650Z #1640   Invoker._guardIfGuarded (package:test_api/src/backend/invoker.dart:426:15)
build-and-test	Run flutter test --coverage	2025-07-30T14:31:19.3225318Z #1641   Invoker._onRun.<anonymous closure> (package:test_api/src/backend/invoker.dart:382:7)
build-and-test	Run flutter test --coverage	2025-07-30T14:31:19.3225791Z #1648   Invoker._onRun (package:test_api/src/backend/invoker.dart:381:11)
build-and-test	Run flutter test --coverage	2025-07-30T14:31:19.3226281Z #1649   LiveTestController.run (package:test_api/src/backend/live_test_controller.dart:153:11)
build-and-test	Run flutter test --coverage	2025-07-30T14:31:19.3226896Z #1650   RemoteListener._runLiveTest.<anonymous closure> (package:test_api/src/backend/remote_listener.dart:273:16)
build-and-test	Run flutter test --coverage	2025-07-30T14:31:19.3227681Z #1655   RemoteListener._runLiveTest (package:test_api/src/backend/remote_listener.dart:272:5)
build-and-test	Run flutter test --coverage	2025-07-30T14:31:19.3228782Z #1656   RemoteListener._serializeTest.<anonymous closure> (package:test_api/src/backend/remote_listener.dart:220:7)
build-and-test	Run flutter test --coverage	2025-07-30T14:31:19.3229833Z #1674   _GuaranteeSink.add (package:stream_channel/src/guarantee_channel.dart:125:12)
build-and-test	Run flutter test --coverage	2025-07-30T14:31:19.3230779Z #1675   new _MultiChannel.<anonymous closure> (package:stream_channel/src/multi_channel.dart:159:31)
build-and-test	Run flutter test --coverage	2025-07-30T14:31:19.3231945Z #1677   CastStreamSubscription._onData (dart:_internal/async_cast.dart:85:11)
build-and-test	Run flutter test --coverage	2025-07-30T14:31:19.3232864Z #1703   new _WebSocketImpl._fromSocket.<anonymous closure> (dart:_http/websocket_impl.dart:1145:21)
build-and-test	Run flutter test --coverage	2025-07-30T14:31:19.3233890Z #1709   _WebSocketProtocolTransformer._messageFrameEnd (dart:_http/websocket_impl.dart:332:23)
build-and-test	Run flutter test --coverage	2025-07-30T14:31:19.3235109Z #1710   _WebSocketProtocolTransformer.add (dart:_http/websocket_impl.dart:226:46)
build-and-test	Run flutter test --coverage	2025-07-30T14:31:19.3235898Z #1718   _Socket._onData (dart:io-patch/socket_patch.dart:2455:41)
build-and-test	Run flutter test --coverage	2025-07-30T14:31:19.3236618Z #1725   new _RawSocket.<anonymous closure> (dart:io-patch/socket_patch.dart:1942:33)
build-and-test	Run flutter test --coverage	2025-07-30T14:31:19.3237476Z #1726   _NativeSocket.issueReadEvent.issue (dart:io-patch/socket_patch.dart:1385:14)
build-and-test	Run flutter test --coverage	2025-07-30T14:31:19.3238224Z (elided 108 frames from dart:async and package:stack_trace)
build-and-test	Run flutter test --coverage	2025-07-30T14:31:19.3238469Z 
build-and-test	Run flutter test --coverage	2025-07-30T14:31:19.3239139Z ════════════════════════════════════════════════════════════════════════════════════════════════════
build-and-test	Run flutter test --coverage	2025-07-30T14:31:19.3240112Z ══╡ EXCEPTION CAUGHT BY FLUTTER TEST FRAMEWORK ╞════════════════════════════════════════════════════
build-and-test	Run flutter test --coverage	2025-07-30T14:31:19.3240840Z The following TestFailure was thrown running a test:
build-and-test	Run flutter test --coverage	2025-07-30T14:31:19.3241337Z Expected: exactly one matching candidate
build-and-test	Run flutter test --coverage	2025-07-30T14:31:19.3242132Z   Actual: _TextWidgetFinder:<Found 0 widgets with text "Studio Dashboard": []>
build-and-test	Run flutter test --coverage	2025-07-30T14:31:19.3242794Z    Which: means none were found but one was expected
build-and-test	Run flutter test --coverage	2025-07-30T14:31:19.3243118Z 
build-and-test	Run flutter test --coverage	2025-07-30T14:31:19.3243299Z When the exception was thrown, this was the stack:
build-and-test	Run flutter test --coverage	2025-07-30T14:31:19.3244526Z #4      main.<anonymous closure>.<anonymous closure> (file:///home/runner/work/appoint/appoint/test/features/business/REDACTED_TOKEN.dart:91:7)
build-and-test	Run flutter test --coverage	2025-07-30T14:31:19.3245700Z <asynchronous suspension>
build-and-test	Run flutter test --coverage	2025-07-30T14:31:19.3246412Z #5      testWidgets.<anonymous closure>.<anonymous closure> (package:flutter_test/src/widget_tester.dart:189:15)
build-and-test	Run flutter test --coverage	2025-07-30T14:31:19.3247192Z <asynchronous suspension>
build-and-test	Run flutter test --coverage	2025-07-30T14:31:19.3247837Z #6      TestWidgetsFlutterBinding._runTestBody (package:flutter_test/src/binding.dart:1027:5)
build-and-test	Run flutter test --coverage	2025-07-30T14:31:19.3248539Z <asynchronous suspension>
build-and-test	Run flutter test --coverage	2025-07-30T14:31:19.3248875Z <asynchronous suspension>
build-and-test	Run flutter test --coverage	2025-07-30T14:31:19.3249241Z (elided one frame from package:stack_trace)
build-and-test	Run flutter test --coverage	2025-07-30T14:31:19.3249544Z 
build-and-test	Run flutter test --coverage	2025-07-30T14:31:19.3249797Z This was caught by the test expectation on the following line:
build-and-test	Run flutter test --coverage	2025-07-30T14:31:19.3250721Z   file:///home/runner/work/appoint/appoint/test/features/business/REDACTED_TOKEN.dart line 91
build-and-test	Run flutter test --coverage	2025-07-30T14:31:19.3251718Z The test description was:
build-and-test	Run flutter test --coverage	2025-07-30T14:31:19.3252119Z   renders studio dashboard for studio user type
build-and-test	Run flutter test --coverage	2025-07-30T14:31:19.3252930Z ════════════════════════════════════════════════════════════════════════════════════════════════════
build-and-test	Run flutter test --coverage	2025-07-30T14:31:19.3253882Z ══╡ EXCEPTION CAUGHT BY FLUTTER TEST FRAMEWORK ╞════════════════════════════════════════════════════
build-and-test	Run flutter test --coverage	2025-07-30T14:31:19.3254552Z The following message was thrown:
build-and-test	Run flutter test --coverage	2025-07-30T14:31:19.3255315Z Multiple exceptions (2) were detected during the running of the current test, and at least one was
build-and-test	Run flutter test --coverage	2025-07-30T14:31:19.3256021Z unexpected.
build-and-test	Run flutter test --coverage	2025-07-30T14:31:19.3256686Z ════════════════════════════════════════════════════════════════════════════════════════════════════
build-and-test	Run flutter test --coverage	2025-07-30T14:31:19.3257436Z Test failed. See exception logs above.
build-and-test	Run flutter test --coverage	2025-07-30T14:31:19.3258047Z The test description was: renders studio dashboard for studio user type
build-and-test	Run flutter test --coverage	2025-07-30T14:31:19.3258517Z 
build-and-test	Run flutter test --coverage	2025-07-30T14:31:19.3258943Z ##[endgroup]
build-and-test	Run flutter test --coverage	2025-07-30T14:31:19.3743700Z ##[group]❌ /home/runner/work/appoint/appoint/test/features/business/REDACTED_TOKEN.dart: Unified BusinessDashboardScreen handles null user gracefully (failed)
build-and-test	Run flutter test --coverage	2025-07-30T14:31:19.3745496Z ══╡ EXCEPTION CAUGHT BY WIDGETS LIBRARY ╞═══════════════════════════════════════════════════════════
build-and-test	Run flutter test --coverage	2025-07-30T14:31:19.3746570Z The following FirebaseException was thrown building BusinessDashboardScreen(dirty, dependencies:
build-and-test	Run flutter test --coverage	2025-07-30T14:31:19.3747538Z [UncontrolledProviderScope], state: _ConsumerState#55d96):
build-and-test	Run flutter test --coverage	2025-07-30T14:31:19.3748300Z [core/no-app] No Firebase App '[DEFAULT]' has been created - call Firebase.initializeApp()
build-and-test	Run flutter test --coverage	2025-07-30T14:31:19.3748803Z 
build-and-test	Run flutter test --coverage	2025-07-30T14:31:19.3748965Z The relevant error-causing widget was:
build-and-test	Run flutter test --coverage	2025-07-30T14:31:19.3749398Z   BusinessDashboardScreen
build-and-test	Run flutter test --coverage	2025-07-30T14:31:19.3750412Z   BusinessDashboardScreen:file:///home/runner/work/appoint/appoint/test/features/business/REDACTED_TOKEN.dart:119:19
build-and-test	Run flutter test --coverage	2025-07-30T14:31:19.3751379Z 
build-and-test	Run flutter test --coverage	2025-07-30T14:31:19.3751783Z When the exception was thrown, this was the stack:
build-and-test	Run flutter test --coverage	2025-07-30T14:31:19.3752624Z #1      _ProviderStateSubscription.read (package:riverpod/src/framework/provider_base.dart:181:28)
build-and-test	Run flutter test --coverage	2025-07-30T14:31:19.3753644Z #2      ConsumerStatefulElement.watch (package:flutter_riverpod/src/consumer.dart:568:8)
build-and-test	Run flutter test --coverage	2025-07-30T14:31:19.3754861Z #3      BusinessDashboardScreen.build (package:appoint/features/business/screens/business_dashboard_screen.dart:17:33)
build-and-test	Run flutter test --coverage	2025-07-30T14:31:19.3755970Z #4      _ConsumerState.build (package:flutter_riverpod/src/consumer.dart:476:19)
build-and-test	Run flutter test --coverage	2025-07-30T14:31:19.3756833Z #5      StatefulElement.build (package:flutter/src/widgets/framework.dart:5743:27)
build-and-test	Run flutter test --coverage	2025-07-30T14:31:19.3757675Z #6      ConsumerStatefulElement.build (package:flutter_riverpod/src/consumer.dart:539:20)
build-and-test	Run flutter test --coverage	2025-07-30T14:31:19.3758628Z #7      ComponentElement.performRebuild (package:flutter/src/widgets/framework.dart:5631:15)
build-and-test	Run flutter test --coverage	2025-07-30T14:31:19.3759533Z #8      StatefulElement.performRebuild (package:flutter/src/widgets/framework.dart:5794:11)
build-and-test	Run flutter test --coverage	2025-07-30T14:31:19.3760300Z #9      Element.rebuild (package:flutter/src/widgets/framework.dart:5347:7)
build-and-test	Run flutter test --coverage	2025-07-30T14:31:19.3761087Z #10     ComponentElement._firstBuild (package:flutter/src/widgets/framework.dart:5613:5)
build-and-test	Run flutter test --coverage	2025-07-30T14:31:19.3762128Z #11     StatefulElement._firstBuild (package:flutter/src/widgets/framework.dart:5785:11)
build-and-test	Run flutter test --coverage	2025-07-30T14:31:19.3762970Z #12     ComponentElement.mount (package:flutter/src/widgets/framework.dart:5607:5)
build-and-test	Run flutter test --coverage	2025-07-30T14:31:19.3763611Z ...     Normal element mounting (228 frames)
build-and-test	Run flutter test --coverage	2025-07-30T14:31:19.3764202Z #240    Element.inflateWidget (package:flutter/src/widgets/framework.dart:4480:16)
build-and-test	Run flutter test --coverage	2025-07-30T14:31:19.3765236Z #241    MultiChildRenderObjectElement.inflateWidget (package:flutter/src/widgets/framework.dart:7049:36)
build-and-test	Run flutter test --coverage	2025-07-30T14:31:19.3766579Z #242    MultiChildRenderObjectElement.mount (package:flutter/src/widgets/framework.dart:7061:32)
build-and-test	Run flutter test --coverage	2025-07-30T14:31:19.3767280Z ...     Normal element mounting (463 frames)
build-and-test	Run flutter test --coverage	2025-07-30T14:31:19.3768010Z #705    REDACTED_TOKEN.mount (package:flutter_riverpod/src/framework.dart:315:11)
build-and-test	Run flutter test --coverage	2025-07-30T14:31:19.3768774Z ...     Normal element mounting (9 frames)
build-and-test	Run flutter test --coverage	2025-07-30T14:31:19.3769382Z #714    Element.inflateWidget (package:flutter/src/widgets/framework.dart:4480:16)
build-and-test	Run flutter test --coverage	2025-07-30T14:31:19.3770193Z #715    Element.updateChild (package:flutter/src/widgets/framework.dart:3957:20)
build-and-test	Run flutter test --coverage	2025-07-30T14:31:19.3771020Z #716    ComponentElement.performRebuild (package:flutter/src/widgets/framework.dart:5656:16)
build-and-test	Run flutter test --coverage	2025-07-30T14:31:19.3772454Z #717    Element.rebuild (package:flutter/src/widgets/framework.dart:5347:7)
build-and-test	Run flutter test --coverage	2025-07-30T14:31:19.3773188Z #718    ProxyElement.update (package:flutter/src/widgets/framework.dart:5960:5)
build-and-test	Run flutter test --coverage	2025-07-30T14:31:19.3774375Z #719    _InheritedNotifierElement.update (package:flutter/src/widgets/inherited_notifier.dart:112:11)
build-and-test	Run flutter test --coverage	2025-07-30T14:31:19.3775268Z #720    Element.updateChild (package:flutter/src/widgets/framework.dart:3941:15)
build-and-test	Run flutter test --coverage	2025-07-30T14:31:19.3776114Z #721    ComponentElement.performRebuild (package:flutter/src/widgets/framework.dart:5656:16)
build-and-test	Run flutter test --coverage	2025-07-30T14:31:19.3777059Z #722    StatefulElement.performRebuild (package:flutter/src/widgets/framework.dart:5794:11)
build-and-test	Run flutter test --coverage	2025-07-30T14:31:19.3777901Z #723    Element.rebuild (package:flutter/src/widgets/framework.dart:5347:7)
build-and-test	Run flutter test --coverage	2025-07-30T14:31:19.3778656Z #724    StatefulElement.update (package:flutter/src/widgets/framework.dart:5817:5)
build-and-test	Run flutter test --coverage	2025-07-30T14:31:19.3779439Z #725    Element.updateChild (package:flutter/src/widgets/framework.dart:3941:15)
build-and-test	Run flutter test --coverage	2025-07-30T14:31:19.3780308Z #726    ComponentElement.performRebuild (package:flutter/src/widgets/framework.dart:5656:16)
build-and-test	Run flutter test --coverage	2025-07-30T14:31:19.3781164Z #727    Element.rebuild (package:flutter/src/widgets/framework.dart:5347:7)
build-and-test	Run flutter test --coverage	2025-07-30T14:31:19.3782124Z #728    ProxyElement.update (package:flutter/src/widgets/framework.dart:5960:5)
build-and-test	Run flutter test --coverage	2025-07-30T14:31:19.3783064Z #729    _InheritedNotifierElement.update (package:flutter/src/widgets/inherited_notifier.dart:112:11)
build-and-test	Run flutter test --coverage	2025-07-30T14:31:19.3784026Z #730    Element.updateChild (package:flutter/src/widgets/framework.dart:3941:15)
build-and-test	Run flutter test --coverage	2025-07-30T14:31:19.3784923Z #731    ComponentElement.performRebuild (package:flutter/src/widgets/framework.dart:5656:16)
build-and-test	Run flutter test --coverage	2025-07-30T14:31:19.3785932Z #732    StatefulElement.performRebuild (package:flutter/src/widgets/framework.dart:5794:11)
build-and-test	Run flutter test --coverage	2025-07-30T14:31:19.3786743Z #733    Element.rebuild (package:flutter/src/widgets/framework.dart:5347:7)
build-and-test	Run flutter test --coverage	2025-07-30T14:31:19.3787539Z #734    StatefulElement.update (package:flutter/src/widgets/framework.dart:5817:5)
build-and-test	Run flutter test --coverage	2025-07-30T14:31:19.3788370Z #735    Element.updateChild (package:flutter/src/widgets/framework.dart:3941:15)
build-and-test	Run flutter test --coverage	2025-07-30T14:31:19.3789331Z #736    ComponentElement.performRebuild (package:flutter/src/widgets/framework.dart:5656:16)
build-and-test	Run flutter test --coverage	2025-07-30T14:31:19.3790307Z #737    StatefulElement.performRebuild (package:flutter/src/widgets/framework.dart:5794:11)
build-and-test	Run flutter test --coverage	2025-07-30T14:31:19.3791130Z #738    Element.rebuild (package:flutter/src/widgets/framework.dart:5347:7)
build-and-test	Run flutter test --coverage	2025-07-30T14:31:19.3792111Z #739    StatefulElement.update (package:flutter/src/widgets/framework.dart:5817:5)
build-and-test	Run flutter test --coverage	2025-07-30T14:31:19.3792979Z #740    Element.updateChild (package:flutter/src/widgets/framework.dart:3941:15)
build-and-test	Run flutter test --coverage	2025-07-30T14:31:19.3793874Z #741    ComponentElement.performRebuild (package:flutter/src/widgets/framework.dart:5656:16)
build-and-test	Run flutter test --coverage	2025-07-30T14:31:19.3794756Z #742    Element.rebuild (package:flutter/src/widgets/framework.dart:5347:7)
build-and-test	Run flutter test --coverage	2025-07-30T14:31:19.3795525Z #743    ProxyElement.update (package:flutter/src/widgets/framework.dart:5960:5)
build-and-test	Run flutter test --coverage	2025-07-30T14:31:19.3796388Z #744    Element.updateChild (package:flutter/src/widgets/framework.dart:3941:15)
build-and-test	Run flutter test --coverage	2025-07-30T14:31:19.3797283Z #745    ComponentElement.performRebuild (package:flutter/src/widgets/framework.dart:5656:16)
build-and-test	Run flutter test --coverage	2025-07-30T14:31:19.3798301Z #746    StatefulElement.performRebuild (package:flutter/src/widgets/framework.dart:5794:11)
build-and-test	Run flutter test --coverage	2025-07-30T14:31:19.3799314Z #747    Element.rebuild (package:flutter/src/widgets/framework.dart:5347:7)
build-and-test	Run flutter test --coverage	2025-07-30T14:31:19.3800119Z #748    StatefulElement.update (package:flutter/src/widgets/framework.dart:5817:5)
build-and-test	Run flutter test --coverage	2025-07-30T14:31:19.3800936Z #749    Element.updateChild (package:flutter/src/widgets/framework.dart:3941:15)
build-and-test	Run flutter test --coverage	2025-07-30T14:31:19.3801979Z #750    ComponentElement.performRebuild (package:flutter/src/widgets/framework.dart:5656:16)
build-and-test	Run flutter test --coverage	2025-07-30T14:31:19.3802860Z #751    Element.rebuild (package:flutter/src/widgets/framework.dart:5347:7)
build-and-test	Run flutter test --coverage	2025-07-30T14:31:19.3803614Z #752    ProxyElement.update (package:flutter/src/widgets/framework.dart:5960:5)
build-and-test	Run flutter test --coverage	2025-07-30T14:31:19.3804629Z #753    Element.updateChild (package:flutter/src/widgets/framework.dart:3941:15)
build-and-test	Run flutter test --coverage	2025-07-30T14:31:19.3805491Z #754    ComponentElement.performRebuild (package:flutter/src/widgets/framework.dart:5656:16)
build-and-test	Run flutter test --coverage	2025-07-30T14:31:19.3806531Z #755    Element.rebuild (package:flutter/src/widgets/framework.dart:5347:7)
build-and-test	Run flutter test --coverage	2025-07-30T14:31:19.3807325Z #756    ProxyElement.update (package:flutter/src/widgets/framework.dart:5960:5)
build-and-test	Run flutter test --coverage	2025-07-30T14:31:19.3808148Z #757    Element.updateChild (package:flutter/src/widgets/framework.dart:3941:15)
build-and-test	Run flutter test --coverage	2025-07-30T14:31:19.3809018Z #758    _RawViewElement._updateChild (package:flutter/src/widgets/view.dart:465:16)
build-and-test	Run flutter test --coverage	2025-07-30T14:31:19.3809863Z #759    _RawViewElement.update (package:flutter/src/widgets/view.dart:552:5)
build-and-test	Run flutter test --coverage	2025-07-30T14:31:19.3810719Z #760    Element.updateChild (package:flutter/src/widgets/framework.dart:3941:15)
build-and-test	Run flutter test --coverage	2025-07-30T14:31:19.3811873Z #761    ComponentElement.performRebuild (package:flutter/src/widgets/framework.dart:5656:16)
build-and-test	Run flutter test --coverage	2025-07-30T14:31:19.3812803Z #762    Element.rebuild (package:flutter/src/widgets/framework.dart:5347:7)
build-and-test	Run flutter test --coverage	2025-07-30T14:31:19.3813629Z #763    StatelessElement.update (package:flutter/src/widgets/framework.dart:5707:5)
build-and-test	Run flutter test --coverage	2025-07-30T14:31:19.3814509Z #764    Element.updateChild (package:flutter/src/widgets/framework.dart:3941:15)
build-and-test	Run flutter test --coverage	2025-07-30T14:31:19.3815455Z #765    ComponentElement.performRebuild (package:flutter/src/widgets/framework.dart:5656:16)
build-and-test	Run flutter test --coverage	2025-07-30T14:31:19.3816469Z #766    StatefulElement.performRebuild (package:flutter/src/widgets/framework.dart:5794:11)
build-and-test	Run flutter test --coverage	2025-07-30T14:31:19.3817357Z #767    Element.rebuild (package:flutter/src/widgets/framework.dart:5347:7)
build-and-test	Run flutter test --coverage	2025-07-30T14:31:19.3818194Z #768    StatefulElement.update (package:flutter/src/widgets/framework.dart:5817:5)
build-and-test	Run flutter test --coverage	2025-07-30T14:31:19.3819058Z #769    Element.updateChild (package:flutter/src/widgets/framework.dart:3941:15)
build-and-test	Run flutter test --coverage	2025-07-30T14:31:19.3819888Z #770    RootElement._rebuild (package:flutter/src/widgets/binding.dart:1636:16)
build-and-test	Run flutter test --coverage	2025-07-30T14:31:19.3820690Z #771    RootElement.update (package:flutter/src/widgets/binding.dart:1614:5)
build-and-test	Run flutter test --coverage	2025-07-30T14:31:19.3821724Z #772    RootElement.performRebuild (package:flutter/src/widgets/binding.dart:1628:7)
build-and-test	Run flutter test --coverage	2025-07-30T14:31:19.3822579Z #773    Element.rebuild (package:flutter/src/widgets/framework.dart:5347:7)
build-and-test	Run flutter test --coverage	2025-07-30T14:31:19.3823351Z #774    BuildScope._tryRebuild (package:flutter/src/widgets/framework.dart:2694:15)
build-and-test	Run flutter test --coverage	2025-07-30T14:31:19.3824305Z #775    BuildScope._flushDirtyElements (package:flutter/src/widgets/framework.dart:2753:11)
build-and-test	Run flutter test --coverage	2025-07-30T14:31:19.3825184Z #776    BuildOwner.buildScope (package:flutter/src/widgets/framework.dart:3048:18)
build-and-test	Run flutter test --coverage	2025-07-30T14:31:19.3826187Z #777    REDACTED_TOKEN.drawFrame (package:flutter_test/src/binding.dart:1428:19)
build-and-test	Run flutter test --coverage	2025-07-30T14:31:19.3827245Z #778    RendererBinding._handlePersistentFrameCallback (package:flutter/src/rendering/binding.dart:475:5)
build-and-test	Run flutter test --coverage	2025-07-30T14:31:19.3828324Z #779    SchedulerBinding._invokeFrameCallback (package:flutter/src/scheduler/binding.dart:1397:15)
build-and-test	Run flutter test --coverage	2025-07-30T14:31:19.3829401Z #780    SchedulerBinding.handleDrawFrame (package:flutter/src/scheduler/binding.dart:1318:9)
build-and-test	Run flutter test --coverage	2025-07-30T14:31:19.3830596Z #781    REDACTED_TOKEN.pump.<anonymous closure> (package:flutter_test/src/binding.dart:1283:9)
build-and-test	Run flutter test --coverage	2025-07-30T14:31:19.3831916Z #784    TestAsyncUtils.guard (package:flutter_test/src/test_async_utils.dart:74:41)
build-and-test	Run flutter test --coverage	2025-07-30T14:31:19.3832902Z #785    REDACTED_TOKEN.pump (package:flutter_test/src/binding.dart:1270:27)
build-and-test	Run flutter test --coverage	2025-07-30T14:31:19.3834011Z #786    WidgetTester.pumpWidget.<anonymous closure> (package:flutter_test/src/widget_tester.dart:608:22)
build-and-test	Run flutter test --coverage	2025-07-30T14:31:19.3835012Z #789    TestAsyncUtils.guard (package:flutter_test/src/test_async_utils.dart:74:41)
build-and-test	Run flutter test --coverage	2025-07-30T14:31:19.3835901Z #790    WidgetTester.pumpWidget (package:flutter_test/src/widget_tester.dart:605:27)
build-and-test	Run flutter test --coverage	2025-07-30T14:31:19.3837313Z #791    main.<anonymous closure>.<anonymous closure> (file:///home/runner/work/appoint/appoint/test/features/business/REDACTED_TOKEN.dart:113:20)
build-and-test	Run flutter test --coverage	2025-07-30T14:31:19.3839015Z #792    testWidgets.<anonymous closure>.<anonymous closure> (package:flutter_test/src/widget_tester.dart:189:29)
build-and-test	Run flutter test --coverage	2025-07-30T14:31:19.3840101Z #793    TestWidgetsFlutterBinding._runTestBody (package:flutter_test/src/binding.dart:1027:5)
build-and-test	Run flutter test --coverage	2025-07-30T14:31:19.3841723Z #795    MethodChannelFirebase.app (package:REDACTED_TOKEN/src/method_channel/method_channel_firebase.dart:192:5)
build-and-test	Run flutter test --coverage	2025-07-30T14:31:19.3842853Z #796    Firebase.app (package:firebase_core/src/firebase.dart:79:41)
build-and-test	Run flutter test --coverage	2025-07-30T14:31:19.3843634Z #797    FirebaseAuth.instance (package:firebase_auth/src/firebase_auth.dart:38:47)
build-and-test	Run flutter test --coverage	2025-07-30T14:31:19.3844776Z #798    new BusinessProfileService (package:appoint/features/studio_business/services/business_profile_service.dart:8:37)
build-and-test	Run flutter test --coverage	2025-07-30T14:31:19.3846160Z #799    new BusinessProfileNotifier (package:appoint/features/studio_business/providers/business_profile_provider.dart:15:20)
build-and-test	Run flutter test --coverage	2025-07-30T14:31:19.3847716Z #800    businessProfileProvider.<anonymous closure> (package:appoint/features/studio_business/providers/business_profile_provider.dart:7:12)
build-and-test	Run flutter test --coverage	2025-07-30T14:31:19.3849067Z #801    ProviderContainer.listen (package:riverpod/src/framework/container.dart:280:21)
build-and-test	Run flutter test --coverage	2025-07-30T14:31:19.3850132Z #802    ConsumerStatefulElement.watch.<anonymous closure> (package:flutter_riverpod/src/consumer.dart:564:25)
build-and-test	Run flutter test --coverage	2025-07-30T14:31:19.3851076Z #803    _LinkedHashMapMixin.putIfAbsent (dart:_compact_hash:636:23)
build-and-test	Run flutter test --coverage	2025-07-30T14:31:19.3852130Z #804    ConsumerStatefulElement.watch (package:flutter_riverpod/src/consumer.dart:557:26)
build-and-test	Run flutter test --coverage	2025-07-30T14:31:19.3853323Z #805    BusinessDashboardScreen.build (package:appoint/features/business/screens/business_dashboard_screen.dart:17:33)
build-and-test	Run flutter test --coverage	2025-07-30T14:31:19.3854377Z #806    _ConsumerState.build (package:flutter_riverpod/src/consumer.dart:476:19)
build-and-test	Run flutter test --coverage	2025-07-30T14:31:19.3855243Z #807    StatefulElement.build (package:flutter/src/widgets/framework.dart:5743:27)
build-and-test	Run flutter test --coverage	2025-07-30T14:31:19.3856201Z #808    ConsumerStatefulElement.build (package:flutter_riverpod/src/consumer.dart:539:20)
build-and-test	Run flutter test --coverage	2025-07-30T14:31:19.3857232Z #809    ComponentElement.performRebuild (package:flutter/src/widgets/framework.dart:5631:15)
build-and-test	Run flutter test --coverage	2025-07-30T14:31:19.3858230Z #810    StatefulElement.performRebuild (package:flutter/src/widgets/framework.dart:5794:11)
build-and-test	Run flutter test --coverage	2025-07-30T14:31:19.3859102Z #811    Element.rebuild (package:flutter/src/widgets/framework.dart:5347:7)
build-and-test	Run flutter test --coverage	2025-07-30T14:31:19.3859959Z #812    ComponentElement._firstBuild (package:flutter/src/widgets/framework.dart:5613:5)
build-and-test	Run flutter test --coverage	2025-07-30T14:31:19.3860888Z #813    StatefulElement._firstBuild (package:flutter/src/widgets/framework.dart:5785:11)
build-and-test	Run flutter test --coverage	2025-07-30T14:31:19.3862007Z #814    ComponentElement.mount (package:flutter/src/widgets/framework.dart:5607:5)
build-and-test	Run flutter test --coverage	2025-07-30T14:31:19.3862691Z ...     Normal element mounting (228 frames)
build-and-test	Run flutter test --coverage	2025-07-30T14:31:19.3863358Z #1042   Element.inflateWidget (package:flutter/src/widgets/framework.dart:4480:16)
build-and-test	Run flutter test --coverage	2025-07-30T14:31:19.3864416Z #1043   MultiChildRenderObjectElement.inflateWidget (package:flutter/src/widgets/framework.dart:7049:36)
build-and-test	Run flutter test --coverage	2025-07-30T14:31:19.3865494Z #1044   MultiChildRenderObjectElement.mount (package:flutter/src/widgets/framework.dart:7061:32)
build-and-test	Run flutter test --coverage	2025-07-30T14:31:19.3866250Z ...     Normal element mounting (463 frames)
build-and-test	Run flutter test --coverage	2025-07-30T14:31:19.3867008Z #1507   REDACTED_TOKEN.mount (package:flutter_riverpod/src/framework.dart:315:11)
build-and-test	Run flutter test --coverage	2025-07-30T14:31:19.3867818Z ...     Normal element mounting (9 frames)
build-and-test	Run flutter test --coverage	2025-07-30T14:31:19.3868444Z #1516   Element.inflateWidget (package:flutter/src/widgets/framework.dart:4480:16)
build-and-test	Run flutter test --coverage	2025-07-30T14:31:19.3869315Z #1517   Element.updateChild (package:flutter/src/widgets/framework.dart:3957:20)
build-and-test	Run flutter test --coverage	2025-07-30T14:31:19.3870253Z #1518   ComponentElement.performRebuild (package:flutter/src/widgets/framework.dart:5656:16)
build-and-test	Run flutter test --coverage	2025-07-30T14:31:19.3871173Z #1519   Element.rebuild (package:flutter/src/widgets/framework.dart:5347:7)
build-and-test	Run flutter test --coverage	2025-07-30T14:31:19.3872203Z #1520   ProxyElement.update (package:flutter/src/widgets/framework.dart:5960:5)
build-and-test	Run flutter test --coverage	2025-07-30T14:31:19.3873419Z #1521   _InheritedNotifierElement.update (package:flutter/src/widgets/inherited_notifier.dart:112:11)
build-and-test	Run flutter test --coverage	2025-07-30T14:31:19.3874375Z #1522   Element.updateChild (package:flutter/src/widgets/framework.dart:3941:15)
build-and-test	Run flutter test --coverage	2025-07-30T14:31:19.3875503Z #1523   ComponentElement.performRebuild (package:flutter/src/widgets/framework.dart:5656:16)
build-and-test	Run flutter test --coverage	2025-07-30T14:31:19.3876534Z #1524   StatefulElement.performRebuild (package:flutter/src/widgets/framework.dart:5794:11)
build-and-test	Run flutter test --coverage	2025-07-30T14:31:19.3877398Z #1525   Element.rebuild (package:flutter/src/widgets/framework.dart:5347:7)
build-and-test	Run flutter test --coverage	2025-07-30T14:31:19.3878216Z #1526   StatefulElement.update (package:flutter/src/widgets/framework.dart:5817:5)
build-and-test	Run flutter test --coverage	2025-07-30T14:31:19.3879064Z #1527   Element.updateChild (package:flutter/src/widgets/framework.dart:3941:15)
build-and-test	Run flutter test --coverage	2025-07-30T14:31:19.3879974Z #1528   ComponentElement.performRebuild (package:flutter/src/widgets/framework.dart:5656:16)
build-and-test	Run flutter test --coverage	2025-07-30T14:31:19.3880861Z #1529   Element.rebuild (package:flutter/src/widgets/framework.dart:5347:7)
build-and-test	Run flutter test --coverage	2025-07-30T14:31:19.3881819Z #1530   ProxyElement.update (package:flutter/src/widgets/framework.dart:5960:5)
build-and-test	Run flutter test --coverage	2025-07-30T14:31:19.3882791Z #1531   _InheritedNotifierElement.update (package:flutter/src/widgets/inherited_notifier.dart:112:11)
build-and-test	Run flutter test --coverage	2025-07-30T14:31:19.3883763Z #1532   Element.updateChild (package:flutter/src/widgets/framework.dart:3941:15)
build-and-test	Run flutter test --coverage	2025-07-30T14:31:19.3884675Z #1533   ComponentElement.performRebuild (package:flutter/src/widgets/framework.dart:5656:16)
build-and-test	Run flutter test --coverage	2025-07-30T14:31:19.3885674Z #1534   StatefulElement.performRebuild (package:flutter/src/widgets/framework.dart:5794:11)
build-and-test	Run flutter test --coverage	2025-07-30T14:31:19.3886543Z #1535   Element.rebuild (package:flutter/src/widgets/framework.dart:5347:7)
build-and-test	Run flutter test --coverage	2025-07-30T14:31:19.3887369Z #1536   StatefulElement.update (package:flutter/src/widgets/framework.dart:5817:5)
build-and-test	Run flutter test --coverage	2025-07-30T14:31:19.3888204Z #1537   Element.updateChild (package:flutter/src/widgets/framework.dart:3941:15)
build-and-test	Run flutter test --coverage	2025-07-30T14:31:19.3889115Z #1538   ComponentElement.performRebuild (package:flutter/src/widgets/framework.dart:5656:16)
build-and-test	Run flutter test --coverage	2025-07-30T14:31:19.3890111Z #1539   StatefulElement.performRebuild (package:flutter/src/widgets/framework.dart:5794:11)
build-and-test	Run flutter test --coverage	2025-07-30T14:31:19.3890959Z #1540   Element.rebuild (package:flutter/src/widgets/framework.dart:5347:7)
build-and-test	Run flutter test --coverage	2025-07-30T14:31:19.3891919Z #1541   StatefulElement.update (package:flutter/src/widgets/framework.dart:5817:5)
build-and-test	Run flutter test --coverage	2025-07-30T14:31:19.3892760Z #1542   Element.updateChild (package:flutter/src/widgets/framework.dart:3941:15)
build-and-test	Run flutter test --coverage	2025-07-30T14:31:19.3893672Z #1543   ComponentElement.performRebuild (package:flutter/src/widgets/framework.dart:5656:16)
build-and-test	Run flutter test --coverage	2025-07-30T14:31:19.3894548Z #1544   Element.rebuild (package:flutter/src/widgets/framework.dart:5347:7)
build-and-test	Run flutter test --coverage	2025-07-30T14:31:19.3895329Z #1545   ProxyElement.update (package:flutter/src/widgets/framework.dart:5960:5)
build-and-test	Run flutter test --coverage	2025-07-30T14:31:19.3896147Z #1546   Element.updateChild (package:flutter/src/widgets/framework.dart:3941:15)
build-and-test	Run flutter test --coverage	2025-07-30T14:31:19.3897057Z #1547   ComponentElement.performRebuild (package:flutter/src/widgets/framework.dart:5656:16)
build-and-test	Run flutter test --coverage	2025-07-30T14:31:19.3898063Z #1548   StatefulElement.performRebuild (package:flutter/src/widgets/framework.dart:5794:11)
build-and-test	Run flutter test --coverage	2025-07-30T14:31:19.3898928Z #1549   Element.rebuild (package:flutter/src/widgets/framework.dart:5347:7)
build-and-test	Run flutter test --coverage	2025-07-30T14:31:19.3899738Z #1550   StatefulElement.update (package:flutter/src/widgets/framework.dart:5817:5)
build-and-test	Run flutter test --coverage	2025-07-30T14:31:19.3900580Z #1551   Element.updateChild (package:flutter/src/widgets/framework.dart:3941:15)
build-and-test	Run flutter test --coverage	2025-07-30T14:31:19.3901483Z #1552   ComponentElement.performRebuild (package:flutter/src/widgets/framework.dart:5656:16)
build-and-test	Run flutter test --coverage	2025-07-30T14:31:19.3902511Z #1553   Element.rebuild (package:flutter/src/widgets/framework.dart:5347:7)
build-and-test	Run flutter test --coverage	2025-07-30T14:31:19.3903288Z #1554   ProxyElement.update (package:flutter/src/widgets/framework.dart:5960:5)
build-and-test	Run flutter test --coverage	2025-07-30T14:31:19.3904107Z #1555   Element.updateChild (package:flutter/src/widgets/framework.dart:3941:15)
build-and-test	Run flutter test --coverage	2025-07-30T14:31:19.3905010Z #1556   ComponentElement.performRebuild (package:flutter/src/widgets/framework.dart:5656:16)
build-and-test	Run flutter test --coverage	2025-07-30T14:31:19.3906057Z #1557   Element.rebuild (package:flutter/src/widgets/framework.dart:5347:7)
build-and-test	Run flutter test --coverage	2025-07-30T14:31:19.3906829Z #1558   ProxyElement.update (package:flutter/src/widgets/framework.dart:5960:5)
build-and-test	Run flutter test --coverage	2025-07-30T14:31:19.3907769Z #1559   Element.updateChild (package:flutter/src/widgets/framework.dart:3941:15)
build-and-test	Run flutter test --coverage	2025-07-30T14:31:19.3908604Z #1560   _RawViewElement._updateChild (package:flutter/src/widgets/view.dart:465:16)
build-and-test	Run flutter test --coverage	2025-07-30T14:31:19.3909412Z #1561   _RawViewElement.update (package:flutter/src/widgets/view.dart:552:5)
build-and-test	Run flutter test --coverage	2025-07-30T14:31:19.3910202Z #1562   Element.updateChild (package:flutter/src/widgets/framework.dart:3941:15)
build-and-test	Run flutter test --coverage	2025-07-30T14:31:19.3911097Z #1563   ComponentElement.performRebuild (package:flutter/src/widgets/framework.dart:5656:16)
build-and-test	Run flutter test --coverage	2025-07-30T14:31:19.3912110Z #1564   Element.rebuild (package:flutter/src/widgets/framework.dart:5347:7)
build-and-test	Run flutter test --coverage	2025-07-30T14:31:19.3912910Z #1565   StatelessElement.update (package:flutter/src/widgets/framework.dart:5707:5)
build-and-test	Run flutter test --coverage	2025-07-30T14:31:19.3913746Z #1566   Element.updateChild (package:flutter/src/widgets/framework.dart:3941:15)
build-and-test	Run flutter test --coverage	2025-07-30T14:31:19.3914654Z #1567   ComponentElement.performRebuild (package:flutter/src/widgets/framework.dart:5656:16)
build-and-test	Run flutter test --coverage	2025-07-30T14:31:19.3915667Z #1568   StatefulElement.performRebuild (package:flutter/src/widgets/framework.dart:5794:11)
build-and-test	Run flutter test --coverage	2025-07-30T14:31:19.3916545Z #1569   Element.rebuild (package:flutter/src/widgets/framework.dart:5347:7)
build-and-test	Run flutter test --coverage	2025-07-30T14:31:19.3917331Z #1570   StatefulElement.update (package:flutter/src/widgets/framework.dart:5817:5)
build-and-test	Run flutter test --coverage	2025-07-30T14:31:19.3918144Z #1571   Element.updateChild (package:flutter/src/widgets/framework.dart:3941:15)
build-and-test	Run flutter test --coverage	2025-07-30T14:31:19.3918937Z #1572   RootElement._rebuild (package:flutter/src/widgets/binding.dart:1636:16)
build-and-test	Run flutter test --coverage	2025-07-30T14:31:19.3919716Z #1573   RootElement.update (package:flutter/src/widgets/binding.dart:1614:5)
build-and-test	Run flutter test --coverage	2025-07-30T14:31:19.3920546Z #1574   RootElement.performRebuild (package:flutter/src/widgets/binding.dart:1628:7)
build-and-test	Run flutter test --coverage	2025-07-30T14:31:19.3921365Z #1575   Element.rebuild (package:flutter/src/widgets/framework.dart:5347:7)
build-and-test	Run flutter test --coverage	2025-07-30T14:31:19.3922268Z #1576   BuildScope._tryRebuild (package:flutter/src/widgets/framework.dart:2694:15)
build-and-test	Run flutter test --coverage	2025-07-30T14:31:19.3923154Z #1577   BuildScope._flushDirtyElements (package:flutter/src/widgets/framework.dart:2753:11)
build-and-test	Run flutter test --coverage	2025-07-30T14:31:19.3924053Z #1578   BuildOwner.buildScope (package:flutter/src/widgets/framework.dart:3048:18)
build-and-test	Run flutter test --coverage	2025-07-30T14:31:19.3925063Z #1579   REDACTED_TOKEN.drawFrame (package:flutter_test/src/binding.dart:1428:19)
build-and-test	Run flutter test --coverage	2025-07-30T14:31:19.3926249Z #1580   RendererBinding._handlePersistentFrameCallback (package:flutter/src/rendering/binding.dart:475:5)
build-and-test	Run flutter test --coverage	2025-07-30T14:31:19.3927380Z #1581   SchedulerBinding._invokeFrameCallback (package:flutter/src/scheduler/binding.dart:1397:15)
build-and-test	Run flutter test --coverage	2025-07-30T14:31:19.3928415Z #1582   SchedulerBinding.handleDrawFrame (package:flutter/src/scheduler/binding.dart:1318:9)
build-and-test	Run flutter test --coverage	2025-07-30T14:31:19.3929568Z #1583   REDACTED_TOKEN.pump.<anonymous closure> (package:flutter_test/src/binding.dart:1283:9)
build-and-test	Run flutter test --coverage	2025-07-30T14:31:19.3930645Z #1586   TestAsyncUtils.guard (package:flutter_test/src/test_async_utils.dart:74:41)
build-and-test	Run flutter test --coverage	2025-07-30T14:31:19.3931733Z #1587   REDACTED_TOKEN.pump (package:flutter_test/src/binding.dart:1270:27)
build-and-test	Run flutter test --coverage	2025-07-30T14:31:19.3932823Z #1588   WidgetTester.pumpWidget.<anonymous closure> (package:flutter_test/src/widget_tester.dart:608:22)
build-and-test	Run flutter test --coverage	2025-07-30T14:31:19.3933830Z #1591   TestAsyncUtils.guard (package:flutter_test/src/test_async_utils.dart:74:41)
build-and-test	Run flutter test --coverage	2025-07-30T14:31:19.3934721Z #1592   WidgetTester.pumpWidget (package:flutter_test/src/widget_tester.dart:605:27)
build-and-test	Run flutter test --coverage	2025-07-30T14:31:19.3936184Z #1593   main.<anonymous closure>.<anonymous closure> (file:///home/runner/work/appoint/appoint/test/features/business/REDACTED_TOKEN.dart:113:20)
build-and-test	Run flutter test --coverage	2025-07-30T14:31:19.3937774Z #1594   testWidgets.<anonymous closure>.<anonymous closure> (package:flutter_test/src/widget_tester.dart:189:29)
build-and-test	Run flutter test --coverage	2025-07-30T14:31:19.3939168Z #1596   testWidgets.<anonymous closure>.<anonymous closure> (package:flutter_test/src/widget_tester.dart:186:25)
build-and-test	Run flutter test --coverage	2025-07-30T14:31:19.3940306Z #1597   TestWidgetsFlutterBinding._runTestBody (package:flutter_test/src/binding.dart:1027:19)
build-and-test	Run flutter test --coverage	2025-07-30T14:31:19.3941795Z #1599   TestWidgetsFlutterBinding._runTestBody (package:flutter_test/src/binding.dart:1016:5)
build-and-test	Run flutter test --coverage	2025-07-30T14:31:19.3942836Z #1602   TestWidgetsFlutterBinding._runTest (package:flutter_test/src/binding.dart:1005:14)
build-and-test	Run flutter test --coverage	2025-07-30T14:31:19.3944055Z #1603   REDACTED_TOKEN.runTest.<anonymous closure> (package:flutter_test/src/binding.dart:1485:24)
build-and-test	Run flutter test --coverage	2025-07-30T14:31:19.3945313Z #1604   FakeAsync.run.<anonymous closure>.<anonymous closure> (package:fake_async/fake_async.dart:182:54)
build-and-test	Run flutter test --coverage	2025-07-30T14:31:19.3946165Z #1609   withClock (package:clock/src/default.dart:52:10)
build-and-test	Run flutter test --coverage	2025-07-30T14:31:19.3946881Z #1610   FakeAsync.run.<anonymous closure> (package:fake_async/fake_async.dart:182:22)
build-and-test	Run flutter test --coverage	2025-07-30T14:31:19.3947666Z #1615   FakeAsync.run (package:fake_async/fake_async.dart:182:7)
build-and-test	Run flutter test --coverage	2025-07-30T14:31:19.3948571Z #1616   REDACTED_TOKEN.runTest (package:flutter_test/src/binding.dart:1482:15)
build-and-test	Run flutter test --coverage	2025-07-30T14:31:19.3949639Z #1617   testWidgets.<anonymous closure> (package:flutter_test/src/widget_tester.dart:181:24)
build-and-test	Run flutter test --coverage	2025-07-30T14:31:19.3950729Z #1618   Declarer.test.<anonymous closure>.<anonymous closure> (package:test_api/src/backend/declarer.dart:215:19)
build-and-test	Run flutter test --coverage	2025-07-30T14:31:19.3952120Z #1620   Declarer.test.<anonymous closure>.<anonymous closure> (package:test_api/src/backend/declarer.dart:214:9)
build-and-test	Run flutter test --coverage	2025-07-30T14:31:19.3953209Z #1625   Declarer.test.<anonymous closure> (package:test_api/src/backend/declarer.dart:213:13)
build-and-test	Run flutter test --coverage	2025-07-30T14:31:19.3954339Z #1626   Invoker._waitForOutstandingCallbacks.<anonymous closure> (package:test_api/src/backend/invoker.dart:258:17)
build-and-test	Run flutter test --coverage	2025-07-30T14:31:19.3955535Z #1631   Invoker._waitForOutstandingCallbacks (package:test_api/src/backend/invoker.dart:254:5)
build-and-test	Run flutter test --coverage	2025-07-30T14:31:19.3956784Z #1632   Invoker._onRun.<anonymous closure>.<anonymous closure>.<anonymous closure> (package:test_api/src/backend/invoker.dart:394:17)
build-and-test	Run flutter test --coverage	2025-07-30T14:31:19.3958184Z #1634   Invoker._onRun.<anonymous closure>.<anonymous closure>.<anonymous closure> (package:test_api/src/backend/invoker.dart:392:11)
build-and-test	Run flutter test --coverage	2025-07-30T14:31:19.3959475Z #1639   Invoker._onRun.<anonymous closure>.<anonymous closure> (package:test_api/src/backend/invoker.dart:383:9)
build-and-test	Run flutter test --coverage	2025-07-30T14:31:19.3960489Z #1640   Invoker._guardIfGuarded (package:test_api/src/backend/invoker.dart:426:15)
build-and-test	Run flutter test --coverage	2025-07-30T14:31:19.3961394Z #1641   Invoker._onRun.<anonymous closure> (package:test_api/src/backend/invoker.dart:382:7)
build-and-test	Run flutter test --coverage	2025-07-30T14:31:19.3962412Z #1648   Invoker._onRun (package:test_api/src/backend/invoker.dart:381:11)
build-and-test	Run flutter test --coverage	2025-07-30T14:31:19.3963257Z #1649   LiveTestController.run (package:test_api/src/backend/live_test_controller.dart:153:11)
build-and-test	Run flutter test --coverage	2025-07-30T14:31:19.3964474Z #1650   RemoteListener._runLiveTest.<anonymous closure> (package:test_api/src/backend/remote_listener.dart:273:16)
build-and-test	Run flutter test --coverage	2025-07-30T14:31:19.3965581Z #1655   RemoteListener._runLiveTest (package:test_api/src/backend/remote_listener.dart:272:5)
build-and-test	Run flutter test --coverage	2025-07-30T14:31:19.3966694Z #1656   RemoteListener._serializeTest.<anonymous closure> (package:test_api/src/backend/remote_listener.dart:220:7)
build-and-test	Run flutter test --coverage	2025-07-30T14:31:19.3967758Z #1674   _GuaranteeSink.add (package:stream_channel/src/guarantee_channel.dart:125:12)
build-and-test	Run flutter test --coverage	2025-07-30T14:31:19.3968690Z #1675   new _MultiChannel.<anonymous closure> (package:stream_channel/src/multi_channel.dart:159:31)
build-and-test	Run flutter test --coverage	2025-07-30T14:31:19.3969611Z #1677   CastStreamSubscription._onData (dart:_internal/async_cast.dart:85:11)
build-and-test	Run flutter test --coverage	2025-07-30T14:31:19.3970532Z #1703   new _WebSocketImpl._fromSocket.<anonymous closure> (dart:_http/websocket_impl.dart:1145:21)
build-and-test	Run flutter test --coverage	2025-07-30T14:31:19.3971708Z #1709   _WebSocketProtocolTransformer._messageFrameEnd (dart:_http/websocket_impl.dart:332:23)
build-and-test	Run flutter test --coverage	2025-07-30T14:31:19.3972679Z #1710   _WebSocketProtocolTransformer.add (dart:_http/websocket_impl.dart:226:46)
build-and-test	Run flutter test --coverage	2025-07-30T14:31:19.3973638Z #1718   _Socket._onData (dart:io-patch/socket_patch.dart:2455:41)
build-and-test	Run flutter test --coverage	2025-07-30T14:31:19.3974370Z #1725   new _RawSocket.<anonymous closure> (dart:io-patch/socket_patch.dart:1942:33)
build-and-test	Run flutter test --coverage	2025-07-30T14:31:19.3975242Z #1726   _NativeSocket.issueReadEvent.issue (dart:io-patch/socket_patch.dart:1385:14)
build-and-test	Run flutter test --coverage	2025-07-30T14:31:19.3976163Z (elided 108 frames from dart:async and package:stack_trace)
build-and-test	Run flutter test --coverage	2025-07-30T14:31:19.3976547Z 
build-and-test	Run flutter test --coverage	2025-07-30T14:31:19.3977150Z ════════════════════════════════════════════════════════════════════════════════════════════════════
build-and-test	Run flutter test --coverage	2025-07-30T14:31:19.3978133Z ══╡ EXCEPTION CAUGHT BY FLUTTER TEST FRAMEWORK ╞════════════════════════════════════════════════════
build-and-test	Run flutter test --coverage	2025-07-30T14:31:19.3978888Z The following TestFailure was thrown running a test:
build-and-test	Run flutter test --coverage	2025-07-30T14:31:19.3979382Z Expected: exactly one matching candidate
build-and-test	Run flutter test --coverage	2025-07-30T14:31:19.3980013Z   Actual: _TextWidgetFinder:<Found 0 widgets with text "Business Dashboard": []>
build-and-test	Run flutter test --coverage	2025-07-30T14:31:19.3980684Z    Which: means none were found but one was expected
build-and-test	Run flutter test --coverage	2025-07-30T14:31:19.3981041Z 
build-and-test	Run flutter test --coverage	2025-07-30T14:31:19.3981226Z When the exception was thrown, this was the stack:
build-and-test	Run flutter test --coverage	2025-07-30T14:31:19.3982612Z #4      main.<anonymous closure>.<anonymous closure> (file:///home/runner/work/appoint/appoint/test/features/business/REDACTED_TOKEN.dart:127:7)
build-and-test	Run flutter test --coverage	2025-07-30T14:31:19.3983816Z <asynchronous suspension>
build-and-test	Run flutter test --coverage	2025-07-30T14:31:19.3984541Z #5      testWidgets.<anonymous closure>.<anonymous closure> (package:flutter_test/src/widget_tester.dart:189:15)
build-and-test	Run flutter test --coverage	2025-07-30T14:31:19.3985319Z <asynchronous suspension>
build-and-test	Run flutter test --coverage	2025-07-30T14:31:19.3985978Z #6      TestWidgetsFlutterBinding._runTestBody (package:flutter_test/src/binding.dart:1027:5)
build-and-test	Run flutter test --coverage	2025-07-30T14:31:19.3986685Z <asynchronous suspension>
build-and-test	Run flutter test --coverage	2025-07-30T14:31:19.3987031Z <asynchronous suspension>
build-and-test	Run flutter test --coverage	2025-07-30T14:31:19.3987412Z (elided one frame from package:stack_trace)
build-and-test	Run flutter test --coverage	2025-07-30T14:31:19.3987726Z 
build-and-test	Run flutter test --coverage	2025-07-30T14:31:19.3987970Z This was caught by the test expectation on the following line:
build-and-test	Run flutter test --coverage	2025-07-30T14:31:19.3989015Z   file:///home/runner/work/appoint/appoint/test/features/business/REDACTED_TOKEN.dart line 127
build-and-test	Run flutter test --coverage	2025-07-30T14:31:19.3989934Z The test description was:
build-and-test	Run flutter test --coverage	2025-07-30T14:31:19.3990285Z   handles null user gracefully
build-and-test	Run flutter test --coverage	2025-07-30T14:31:19.3991015Z ════════════════════════════════════════════════════════════════════════════════════════════════════
build-and-test	Run flutter test --coverage	2025-07-30T14:31:19.3992170Z ══╡ EXCEPTION CAUGHT BY FLUTTER TEST FRAMEWORK ╞════════════════════════════════════════════════════
build-and-test	Run flutter test --coverage	2025-07-30T14:31:19.3992859Z The following message was thrown:
build-and-test	Run flutter test --coverage	2025-07-30T14:31:19.3993552Z Multiple exceptions (2) were detected during the running of the current test, and at least one was
build-and-test	Run flutter test --coverage	2025-07-30T14:31:19.3994260Z unexpected.
build-and-test	Run flutter test --coverage	2025-07-30T14:31:19.3994889Z ════════════════════════════════════════════════════════════════════════════════════════════════════
build-and-test	Run flutter test --coverage	2025-07-30T14:31:19.3995417Z Test failed. See exception logs above.
build-and-test	Run flutter test --coverage	2025-07-30T14:31:19.3995913Z The test description was: handles null user gracefully
build-and-test	Run flutter test --coverage	2025-07-30T14:31:19.3996485Z 
build-and-test	Run flutter test --coverage	2025-07-30T14:31:19.3996876Z ##[endgroup]
build-and-test	Run flutter test --coverage	2025-07-30T14:31:19.4437391Z ##[group]❌ /home/runner/work/appoint/appoint/test/features/business/REDACTED_TOKEN.dart: Unified BusinessDashboardScreen shows app logo only for studio users (failed)
build-and-test	Run flutter test --coverage	2025-07-30T14:31:19.4439803Z ══╡ EXCEPTION CAUGHT BY WIDGETS LIBRARY ╞═══════════════════════════════════════════════════════════
build-and-test	Run flutter test --coverage	2025-07-30T14:31:19.4440814Z The following FirebaseException was thrown building BusinessDashboardScreen(dirty, dependencies:
build-and-test	Run flutter test --coverage	2025-07-30T14:31:19.4441826Z [UncontrolledProviderScope], state: _ConsumerState#4d13f):
build-and-test	Run flutter test --coverage	2025-07-30T14:31:19.4442582Z [core/no-app] No Firebase App '[DEFAULT]' has been created - call Firebase.initializeApp()
build-and-test	Run flutter test --coverage	2025-07-30T14:31:19.4444872Z 
build-and-test	Run flutter test --coverage	2025-07-30T14:31:19.4445082Z The relevant error-causing widget was:
build-and-test	Run flutter test --coverage	2025-07-30T14:31:19.4445548Z   BusinessDashboardScreen
build-and-test	Run flutter test --coverage	2025-07-30T14:31:19.4446619Z   BusinessDashboardScreen:file:///home/runner/work/appoint/appoint/test/features/business/REDACTED_TOKEN.dart:145:19
build-and-test	Run flutter test --coverage	2025-07-30T14:31:19.4447602Z 
build-and-test	Run flutter test --coverage	2025-07-30T14:31:19.4447813Z When the exception was thrown, this was the stack:
build-and-test	Run flutter test --coverage	2025-07-30T14:31:19.4448622Z #1      _ProviderStateSubscription.read (package:riverpod/src/framework/provider_base.dart:181:28)
build-and-test	Run flutter test --coverage	2025-07-30T14:31:19.4449655Z #2      ConsumerStatefulElement.watch (package:flutter_riverpod/src/consumer.dart:568:8)
build-and-test	Run flutter test --coverage	2025-07-30T14:31:19.4450708Z #3      BusinessDashboardScreen.build (package:appoint/features/business/screens/business_dashboard_screen.dart:17:33)
build-and-test	Run flutter test --coverage	2025-07-30T14:31:19.4451735Z #4      _ConsumerState.build (package:flutter_riverpod/src/consumer.dart:476:19)
build-and-test	Run flutter test --coverage	2025-07-30T14:31:19.4452562Z #5      StatefulElement.build (package:flutter/src/widgets/framework.dart:5743:27)
build-and-test	Run flutter test --coverage	2025-07-30T14:31:19.4453446Z #6      ConsumerStatefulElement.build (package:flutter_riverpod/src/consumer.dart:539:20)
build-and-test	Run flutter test --coverage	2025-07-30T14:31:19.4454860Z #7      ComponentElement.performRebuild (package:flutter/src/widgets/framework.dart:5631:15)
build-and-test	Run flutter test --coverage	2025-07-30T14:31:19.4455904Z #8      StatefulElement.performRebuild (package:flutter/src/widgets/framework.dart:5794:11)
build-and-test	Run flutter test --coverage	2025-07-30T14:31:19.4456759Z #9      Element.rebuild (package:flutter/src/widgets/framework.dart:5347:7)
build-and-test	Run flutter test --coverage	2025-07-30T14:31:19.4457619Z #10     ComponentElement._firstBuild (package:flutter/src/widgets/framework.dart:5613:5)
build-and-test	Run flutter test --coverage	2025-07-30T14:31:19.4458579Z #11     StatefulElement._firstBuild (package:flutter/src/widgets/framework.dart:5785:11)
build-and-test	Run flutter test --coverage	2025-07-30T14:31:19.4459359Z #12     ComponentElement.mount (package:flutter/src/widgets/framework.dart:5607:5)
build-and-test	Run flutter test --coverage	2025-07-30T14:31:19.4460095Z ...     Normal element mounting (228 frames)
build-and-test	Run flutter test --coverage	2025-07-30T14:31:19.4460695Z #240    Element.inflateWidget (package:flutter/src/widgets/framework.dart:4480:16)
build-and-test	Run flutter test --coverage	2025-07-30T14:31:19.4461976Z #241    MultiChildRenderObjectElement.inflateWidget (package:flutter/src/widgets/framework.dart:7049:36)
build-and-test	Run flutter test --coverage	2025-07-30T14:31:19.4463019Z #242    MultiChildRenderObjectElement.mount (package:flutter/src/widgets/framework.dart:7061:32)
build-and-test	Run flutter test --coverage	2025-07-30T14:31:19.4463740Z ...     Normal element mounting (463 frames)
build-and-test	Run flutter test --coverage	2025-07-30T14:31:19.4464455Z #705    REDACTED_TOKEN.mount (package:flutter_riverpod/src/framework.dart:315:11)
build-and-test	Run flutter test --coverage	2025-07-30T14:31:19.4465488Z ...     Normal element mounting (9 frames)
build-and-test	Run flutter test --coverage	2025-07-30T14:31:19.4466172Z #714    Element.inflateWidget (package:flutter/src/widgets/framework.dart:4480:16)
build-and-test	Run flutter test --coverage	2025-07-30T14:31:19.4467149Z #715    Element.updateChild (package:flutter/src/widgets/framework.dart:3957:20)
build-and-test	Run flutter test --coverage	2025-07-30T14:31:19.4467963Z #716    ComponentElement.performRebuild (package:flutter/src/widgets/framework.dart:5656:16)
build-and-test	Run flutter test --coverage	2025-07-30T14:31:19.4468751Z #717    Element.rebuild (package:flutter/src/widgets/framework.dart:5347:7)
build-and-test	Run flutter test --coverage	2025-07-30T14:31:19.4469451Z #718    ProxyElement.update (package:flutter/src/widgets/framework.dart:5960:5)
build-and-test	Run flutter test --coverage	2025-07-30T14:31:19.4470496Z #719    _InheritedNotifierElement.update (package:flutter/src/widgets/inherited_notifier.dart:112:11)
build-and-test	Run flutter test --coverage	2025-07-30T14:31:19.4471407Z #720    Element.updateChild (package:flutter/src/widgets/framework.dart:3941:15)
build-and-test	Run flutter test --coverage	2025-07-30T14:31:19.4472850Z #721    ComponentElement.performRebuild (package:flutter/src/widgets/framework.dart:5656:16)
build-and-test	Run flutter test --coverage	2025-07-30T14:31:19.4473783Z #722    StatefulElement.performRebuild (package:flutter/src/widgets/framework.dart:5794:11)
build-and-test	Run flutter test --coverage	2025-07-30T14:31:19.4474790Z #723    Element.rebuild (package:flutter/src/widgets/framework.dart:5347:7)
build-and-test	Run flutter test --coverage	2025-07-30T14:31:19.4476047Z #724    StatefulElement.update (package:flutter/src/widgets/framework.dart:5817:5)
build-and-test	Run flutter test --coverage	2025-07-30T14:31:19.4476942Z #725    Element.updateChild (package:flutter/src/widgets/framework.dart:3941:15)
build-and-test	Run flutter test --coverage	2025-07-30T14:31:19.4477778Z #726    ComponentElement.performRebuild (package:flutter/src/widgets/framework.dart:5656:16)
build-and-test	Run flutter test --coverage	2025-07-30T14:31:19.4478587Z #727    Element.rebuild (package:flutter/src/widgets/framework.dart:5347:7)
build-and-test	Run flutter test --coverage	2025-07-30T14:31:19.4479323Z #728    ProxyElement.update (package:flutter/src/widgets/framework.dart:5960:5)
build-and-test	Run flutter test --coverage	2025-07-30T14:31:19.4480208Z #729    _InheritedNotifierElement.update (package:flutter/src/widgets/inherited_notifier.dart:112:11)
build-and-test	Run flutter test --coverage	2025-07-30T14:31:19.4481162Z #730    Element.updateChild (package:flutter/src/widgets/framework.dart:3941:15)
build-and-test	Run flutter test --coverage	2025-07-30T14:31:19.4482192Z #731    ComponentElement.performRebuild (package:flutter/src/widgets/framework.dart:5656:16)
build-and-test	Run flutter test --coverage	2025-07-30T14:31:19.4483088Z #732    StatefulElement.performRebuild (package:flutter/src/widgets/framework.dart:5794:11)
build-and-test	Run flutter test --coverage	2025-07-30T14:31:19.4483884Z #733    Element.rebuild (package:flutter/src/widgets/framework.dart:5347:7)
build-and-test	Run flutter test --coverage	2025-07-30T14:31:19.4484636Z #734    StatefulElement.update (package:flutter/src/widgets/framework.dart:5817:5)
build-and-test	Run flutter test --coverage	2025-07-30T14:31:19.4485461Z #735    Element.updateChild (package:flutter/src/widgets/framework.dart:3941:15)
build-and-test	Run flutter test --coverage	2025-07-30T14:31:19.4486291Z #736    ComponentElement.performRebuild (package:flutter/src/widgets/framework.dart:5656:16)
build-and-test	Run flutter test --coverage	2025-07-30T14:31:19.4487646Z #737    StatefulElement.performRebuild (package:flutter/src/widgets/framework.dart:5794:11)
build-and-test	Run flutter test --coverage	2025-07-30T14:31:19.4488450Z #738    Element.rebuild (package:flutter/src/widgets/framework.dart:5347:7)
build-and-test	Run flutter test --coverage	2025-07-30T14:31:19.4489217Z #739    StatefulElement.update (package:flutter/src/widgets/framework.dart:5817:5)
build-and-test	Run flutter test --coverage	2025-07-30T14:31:19.4489992Z #740    Element.updateChild (package:flutter/src/widgets/framework.dart:3941:15)
build-and-test	Run flutter test --coverage	2025-07-30T14:31:19.4490802Z #741    ComponentElement.performRebuild (package:flutter/src/widgets/framework.dart:5656:16)
build-and-test	Run flutter test --coverage	2025-07-30T14:31:19.4491849Z #742    Element.rebuild (package:flutter/src/widgets/framework.dart:5347:7)
build-and-test	Run flutter test --coverage	2025-07-30T14:31:19.4492610Z #743    ProxyElement.update (package:flutter/src/widgets/framework.dart:5960:5)
build-and-test	Run flutter test --coverage	2025-07-30T14:31:19.4493402Z #744    Element.updateChild (package:flutter/src/widgets/framework.dart:3941:15)
build-and-test	Run flutter test --coverage	2025-07-30T14:31:19.4494273Z #745    ComponentElement.performRebuild (package:flutter/src/widgets/framework.dart:5656:16)
build-and-test	Run flutter test --coverage	2025-07-30T14:31:19.4495228Z #746    StatefulElement.performRebuild (package:flutter/src/widgets/framework.dart:5794:11)
build-and-test	Run flutter test --coverage	2025-07-30T14:31:19.4496103Z #747    Element.rebuild (package:flutter/src/widgets/framework.dart:5347:7)
build-and-test	Run flutter test --coverage	2025-07-30T14:31:19.4496920Z #748    StatefulElement.update (package:flutter/src/widgets/framework.dart:5817:5)
build-and-test	Run flutter test --coverage	2025-07-30T14:31:19.4498145Z #749    Element.updateChild (package:flutter/src/widgets/framework.dart:3941:15)
build-and-test	Run flutter test --coverage	2025-07-30T14:31:19.4499051Z #750    ComponentElement.performRebuild (package:flutter/src/widgets/framework.dart:5656:16)
build-and-test	Run flutter test --coverage	2025-07-30T14:31:19.4499908Z #751    Element.rebuild (package:flutter/src/widgets/framework.dart:5347:7)
build-and-test	Run flutter test --coverage	2025-07-30T14:31:19.4500721Z #752    ProxyElement.update (package:flutter/src/widgets/framework.dart:5960:5)
build-and-test	Run flutter test --coverage	2025-07-30T14:31:19.4501733Z #753    Element.updateChild (package:flutter/src/widgets/framework.dart:3941:15)
build-and-test	Run flutter test --coverage	2025-07-30T14:31:19.4502699Z #754    ComponentElement.performRebuild (package:flutter/src/widgets/framework.dart:5656:16)
build-and-test	Run flutter test --coverage	2025-07-30T14:31:19.4503540Z #755    Element.rebuild (package:flutter/src/widgets/framework.dart:5347:7)
build-and-test	Run flutter test --coverage	2025-07-30T14:31:19.4504327Z #756    ProxyElement.update (package:flutter/src/widgets/framework.dart:5960:5)
build-and-test	Run flutter test --coverage	2025-07-30T14:31:19.4505380Z #757    Element.updateChild (package:flutter/src/widgets/framework.dart:3941:15)
build-and-test	Run flutter test --coverage	2025-07-30T14:31:19.4506213Z #758    _RawViewElement._updateChild (package:flutter/src/widgets/view.dart:465:16)
build-and-test	Run flutter test --coverage	2025-07-30T14:31:19.4507042Z #759    _RawViewElement.update (package:flutter/src/widgets/view.dart:552:5)
build-and-test	Run flutter test --coverage	2025-07-30T14:31:19.4508520Z #760    Element.updateChild (package:flutter/src/widgets/framework.dart:3941:15)
build-and-test	Run flutter test --coverage	2025-07-30T14:31:19.4509469Z #761    ComponentElement.performRebuild (package:flutter/src/widgets/framework.dart:5656:16)
build-and-test	Run flutter test --coverage	2025-07-30T14:31:19.4510344Z #762    Element.rebuild (package:flutter/src/widgets/framework.dart:5347:7)
build-and-test	Run flutter test --coverage	2025-07-30T14:31:19.4511175Z #763    StatelessElement.update (package:flutter/src/widgets/framework.dart:5707:5)
build-and-test	Run flutter test --coverage	2025-07-30T14:31:19.4512262Z #764    Element.updateChild (package:flutter/src/widgets/framework.dart:3941:15)
build-and-test	Run flutter test --coverage	2025-07-30T14:31:19.4513143Z #765    ComponentElement.performRebuild (package:flutter/src/widgets/framework.dart:5656:16)
build-and-test	Run flutter test --coverage	2025-07-30T14:31:19.4514092Z #766    StatefulElement.performRebuild (package:flutter/src/widgets/framework.dart:5794:11)
build-and-test	Run flutter test --coverage	2025-07-30T14:31:19.4514924Z #767    Element.rebuild (package:flutter/src/widgets/framework.dart:5347:7)
build-and-test	Run flutter test --coverage	2025-07-30T14:31:19.4515693Z #768    StatefulElement.update (package:flutter/src/widgets/framework.dart:5817:5)
build-and-test	Run flutter test --coverage	2025-07-30T14:31:19.4516490Z #769    Element.updateChild (package:flutter/src/widgets/framework.dart:3941:15)
build-and-test	Run flutter test --coverage	2025-07-30T14:31:19.4517259Z #770    RootElement._rebuild (package:flutter/src/widgets/binding.dart:1636:16)
build-and-test	Run flutter test --coverage	2025-07-30T14:31:19.4518000Z #771    RootElement.update (package:flutter/src/widgets/binding.dart:1614:5)
build-and-test	Run flutter test --coverage	2025-07-30T14:31:19.4518778Z #772    RootElement.performRebuild (package:flutter/src/widgets/binding.dart:1628:7)
build-and-test	Run flutter test --coverage	2025-07-30T14:31:19.4520064Z #773    Element.rebuild (package:flutter/src/widgets/framework.dart:5347:7)
build-and-test	Run flutter test --coverage	2025-07-30T14:31:19.4520887Z #774    BuildScope._tryRebuild (package:flutter/src/widgets/framework.dart:2694:15)
build-and-test	Run flutter test --coverage	2025-07-30T14:31:19.4521998Z #775    BuildScope._flushDirtyElements (package:flutter/src/widgets/framework.dart:2753:11)
build-and-test	Run flutter test --coverage	2025-07-30T14:31:19.4522936Z #776    BuildOwner.buildScope (package:flutter/src/widgets/framework.dart:3048:18)
build-and-test	Run flutter test --coverage	2025-07-30T14:31:19.4523960Z #777    REDACTED_TOKEN.drawFrame (package:flutter_test/src/binding.dart:1428:19)
build-and-test	Run flutter test --coverage	2025-07-30T14:31:19.4525211Z #778    RendererBinding._handlePersistentFrameCallback (package:flutter/src/rendering/binding.dart:475:5)
build-and-test	Run flutter test --coverage	2025-07-30T14:31:19.4526375Z #779    SchedulerBinding._invokeFrameCallback (package:flutter/src/scheduler/binding.dart:1397:15)
build-and-test	Run flutter test --coverage	2025-07-30T14:31:19.4527459Z #780    SchedulerBinding.handleDrawFrame (package:flutter/src/scheduler/binding.dart:1318:9)
build-and-test	Run flutter test --coverage	2025-07-30T14:31:19.4528607Z #781    REDACTED_TOKEN.pump.<anonymous closure> (package:flutter_test/src/binding.dart:1283:9)
build-and-test	Run flutter test --coverage	2025-07-30T14:31:19.4529704Z #784    TestAsyncUtils.guard (package:flutter_test/src/test_async_utils.dart:74:41)
build-and-test	Run flutter test --coverage	2025-07-30T14:31:19.4531055Z #785    REDACTED_TOKEN.pump (package:flutter_test/src/binding.dart:1270:27)
build-and-test	Run flutter test --coverage	2025-07-30T14:31:19.4532358Z #786    WidgetTester.pumpWidget.<anonymous closure> (package:flutter_test/src/widget_tester.dart:608:22)
build-and-test	Run flutter test --coverage	2025-07-30T14:31:19.4533355Z #789    TestAsyncUtils.guard (package:flutter_test/src/test_async_utils.dart:74:41)
build-and-test	Run flutter test --coverage	2025-07-30T14:31:19.4534219Z #790    WidgetTester.pumpWidget (package:flutter_test/src/widget_tester.dart:605:27)
build-and-test	Run flutter test --coverage	2025-07-30T14:31:19.4535599Z #791    main.<anonymous closure>.<anonymous closure> (file:///home/runner/work/appoint/appoint/test/features/business/REDACTED_TOKEN.dart:139:20)
build-and-test	Run flutter test --coverage	2025-07-30T14:31:19.4537132Z #792    testWidgets.<anonymous closure>.<anonymous closure> (package:flutter_test/src/widget_tester.dart:189:29)
build-and-test	Run flutter test --coverage	2025-07-30T14:31:19.4538166Z #793    TestWidgetsFlutterBinding._runTestBody (package:flutter_test/src/binding.dart:1027:5)
build-and-test	Run flutter test --coverage	2025-07-30T14:31:19.4539391Z #795    MethodChannelFirebase.app (package:REDACTED_TOKEN/src/method_channel/method_channel_firebase.dart:192:5)
build-and-test	Run flutter test --coverage	2025-07-30T14:31:19.4540556Z #796    Firebase.app (package:firebase_core/src/firebase.dart:79:41)
build-and-test	Run flutter test --coverage	2025-07-30T14:31:19.4541269Z #797    FirebaseAuth.instance (package:firebase_auth/src/firebase_auth.dart:38:47)
build-and-test	Run flutter test --coverage	2025-07-30T14:31:19.4542515Z #798    new BusinessProfileService (package:appoint/features/studio_business/services/business_profile_service.dart:8:37)
build-and-test	Run flutter test --coverage	2025-07-30T14:31:19.4543294Z #799    new BusinessProfileNotifier (package:appoint/features/studio_business/providers/business_profile_provider.dart:15:20)
build-and-test	Run flutter test --coverage	2025-07-30T14:31:19.4544437Z #800    businessProfileProvider.<anonymous closure> (package:appoint/features/studio_business/providers/business_profile_provider.dart:7:12)
build-and-test	Run flutter test --coverage	2025-07-30T14:31:19.4545677Z #801    ProviderContainer.listen (package:riverpod/src/framework/container.dart:280:21)
build-and-test	Run flutter test --coverage	2025-07-30T14:31:19.4546785Z #802    ConsumerStatefulElement.watch.<anonymous closure> (package:flutter_riverpod/src/consumer.dart:564:25)
build-and-test	Run flutter test --coverage	2025-07-30T14:31:19.4547800Z #803    _LinkedHashMapMixin.putIfAbsent (dart:_compact_hash:636:23)
build-and-test	Run flutter test --coverage	2025-07-30T14:31:19.4548674Z #804    ConsumerStatefulElement.watch (package:flutter_riverpod/src/consumer.dart:557:26)
build-and-test	Run flutter test --coverage	2025-07-30T14:31:19.4549833Z #805    BusinessDashboardScreen.build (package:appoint/features/business/screens/business_dashboard_screen.dart:17:33)
build-and-test	Run flutter test --coverage	2025-07-30T14:31:19.4550923Z #806    _ConsumerState.build (package:flutter_riverpod/src/consumer.dart:476:19)
build-and-test	Run flutter test --coverage	2025-07-30T14:31:19.4551997Z #807    StatefulElement.build (package:flutter/src/widgets/framework.dart:5743:27)
build-and-test	Run flutter test --coverage	2025-07-30T14:31:19.4552929Z #808    ConsumerStatefulElement.build (package:flutter_riverpod/src/consumer.dart:539:20)
build-and-test	Run flutter test --coverage	2025-07-30T14:31:19.4553935Z #809    ComponentElement.performRebuild (package:flutter/src/widgets/framework.dart:5631:15)
build-and-test	Run flutter test --coverage	2025-07-30T14:31:19.4554953Z #810    StatefulElement.performRebuild (package:flutter/src/widgets/framework.dart:5794:11)
build-and-test	Run flutter test --coverage	2025-07-30T14:31:19.4555846Z #811    Element.rebuild (package:flutter/src/widgets/framework.dart:5347:7)
build-and-test	Run flutter test --coverage	2025-07-30T14:31:19.4556642Z #812    ComponentElement._firstBuild (package:flutter/src/widgets/framework.dart:5613:5)
build-and-test	Run flutter test --coverage	2025-07-30T14:31:19.4557501Z #813    StatefulElement._firstBuild (package:flutter/src/widgets/framework.dart:5785:11)
build-and-test	Run flutter test --coverage	2025-07-30T14:31:19.4558371Z #814    ComponentElement.mount (package:flutter/src/widgets/framework.dart:5607:5)
build-and-test	Run flutter test --coverage	2025-07-30T14:31:19.4559034Z ...     Normal element mounting (228 frames)
build-and-test	Run flutter test --coverage	2025-07-30T14:31:19.4559639Z #1042   Element.inflateWidget (package:flutter/src/widgets/framework.dart:4480:16)
build-and-test	Run flutter test --coverage	2025-07-30T14:31:19.4560666Z #1043   MultiChildRenderObjectElement.inflateWidget (package:flutter/src/widgets/framework.dart:7049:36)
build-and-test	Run flutter test --coverage	2025-07-30T14:31:19.4562052Z #1044   MultiChildRenderObjectElement.mount (package:flutter/src/widgets/framework.dart:7061:32)
build-and-test	Run flutter test --coverage	2025-07-30T14:31:19.4562844Z ...     Normal element mounting (463 frames)
build-and-test	Run flutter test --coverage	2025-07-30T14:31:19.4563638Z #1507   REDACTED_TOKEN.mount (package:flutter_riverpod/src/framework.dart:315:11)
build-and-test	Run flutter test --coverage	2025-07-30T14:31:19.4564441Z ...     Normal element mounting (9 frames)
build-and-test	Run flutter test --coverage	2025-07-30T14:31:19.4565073Z #1516   Element.inflateWidget (package:flutter/src/widgets/framework.dart:4480:16)
build-and-test	Run flutter test --coverage	2025-07-30T14:31:19.4565988Z #1517   Element.updateChild (package:flutter/src/widgets/framework.dart:3957:20)
build-and-test	Run flutter test --coverage	2025-07-30T14:31:19.4566937Z #1518   ComponentElement.performRebuild (package:flutter/src/widgets/framework.dart:5656:16)
build-and-test	Run flutter test --coverage	2025-07-30T14:31:19.4567871Z #1519   Element.rebuild (package:flutter/src/widgets/framework.dart:5347:7)
build-and-test	Run flutter test --coverage	2025-07-30T14:31:19.4568689Z #1520   ProxyElement.update (package:flutter/src/widgets/framework.dart:5960:5)
build-and-test	Run flutter test --coverage	2025-07-30T14:31:19.4569634Z #1521   _InheritedNotifierElement.update (package:flutter/src/widgets/inherited_notifier.dart:112:11)
build-and-test	Run flutter test --coverage	2025-07-30T14:31:19.4570590Z #1522   Element.updateChild (package:flutter/src/widgets/framework.dart:3941:15)
build-and-test	Run flutter test --coverage	2025-07-30T14:31:19.4571506Z #1523   ComponentElement.performRebuild (package:flutter/src/widgets/framework.dart:5656:16)
build-and-test	Run flutter test --coverage	2025-07-30T14:31:19.4572870Z #1524   StatefulElement.performRebuild (package:flutter/src/widgets/framework.dart:5794:11)
build-and-test	Run flutter test --coverage	2025-07-30T14:31:19.4573978Z #1525   Element.rebuild (package:flutter/src/widgets/framework.dart:5347:7)
build-and-test	Run flutter test --coverage	2025-07-30T14:31:19.4574798Z #1526   StatefulElement.update (package:flutter/src/widgets/framework.dart:5817:5)
build-and-test	Run flutter test --coverage	2025-07-30T14:31:19.4575872Z #1527   Element.updateChild (package:flutter/src/widgets/framework.dart:3941:15)
build-and-test	Run flutter test --coverage	2025-07-30T14:31:19.4576817Z #1528   ComponentElement.performRebuild (package:flutter/src/widgets/framework.dart:5656:16)
build-and-test	Run flutter test --coverage	2025-07-30T14:31:19.4577758Z #1529   Element.rebuild (package:flutter/src/widgets/framework.dart:5347:7)
build-and-test	Run flutter test --coverage	2025-07-30T14:31:19.4578527Z #1530   ProxyElement.update (package:flutter/src/widgets/framework.dart:5960:5)
build-and-test	Run flutter test --coverage	2025-07-30T14:31:19.4579505Z #1531   _InheritedNotifierElement.update (package:flutter/src/widgets/inherited_notifier.dart:112:11)
build-and-test	Run flutter test --coverage	2025-07-30T14:31:19.4580486Z #1532   Element.updateChild (package:flutter/src/widgets/framework.dart:3941:15)
build-and-test	Run flutter test --coverage	2025-07-30T14:31:19.4581432Z #1533   ComponentElement.performRebuild (package:flutter/src/widgets/framework.dart:5656:16)
build-and-test	Run flutter test --coverage	2025-07-30T14:31:19.4582728Z #1534   StatefulElement.performRebuild (package:flutter/src/widgets/framework.dart:5794:11)
build-and-test	Run flutter test --coverage	2025-07-30T14:31:19.4583622Z #1535   Element.rebuild (package:flutter/src/widgets/framework.dart:5347:7)
build-and-test	Run flutter test --coverage	2025-07-30T14:31:19.4584474Z #1536   StatefulElement.update (package:flutter/src/widgets/framework.dart:5817:5)
build-and-test	Run flutter test --coverage	2025-07-30T14:31:19.4585271Z #1537   Element.updateChild (package:flutter/src/widgets/framework.dart:3941:15)
build-and-test	Run flutter test --coverage	2025-07-30T14:31:19.4586151Z #1538   ComponentElement.performRebuild (package:flutter/src/widgets/framework.dart:5656:16)
build-and-test	Run flutter test --coverage	2025-07-30T14:31:19.4587116Z #1539   StatefulElement.performRebuild (package:flutter/src/widgets/framework.dart:5794:11)
build-and-test	Run flutter test --coverage	2025-07-30T14:31:19.4587961Z #1540   Element.rebuild (package:flutter/src/widgets/framework.dart:5347:7)
build-and-test	Run flutter test --coverage	2025-07-30T14:31:19.4588773Z #1541   StatefulElement.update (package:flutter/src/widgets/framework.dart:5817:5)
build-and-test	Run flutter test --coverage	2025-07-30T14:31:19.4589641Z #1542   Element.updateChild (package:flutter/src/widgets/framework.dart:3941:15)
build-and-test	Run flutter test --coverage	2025-07-30T14:31:19.4590599Z #1543   ComponentElement.performRebuild (package:flutter/src/widgets/framework.dart:5656:16)
build-and-test	Run flutter test --coverage	2025-07-30T14:31:19.4591697Z #1544   Element.rebuild (package:flutter/src/widgets/framework.dart:5347:7)
build-and-test	Run flutter test --coverage	2025-07-30T14:31:19.4592550Z #1545   ProxyElement.update (package:flutter/src/widgets/framework.dart:5960:5)
build-and-test	Run flutter test --coverage	2025-07-30T14:31:19.4593404Z #1546   Element.updateChild (package:flutter/src/widgets/framework.dart:3941:15)
build-and-test	Run flutter test --coverage	2025-07-30T14:31:19.4594304Z #1547   ComponentElement.performRebuild (package:flutter/src/widgets/framework.dart:5656:16)
build-and-test	Run flutter test --coverage	2025-07-30T14:31:19.4595285Z #1548   StatefulElement.performRebuild (package:flutter/src/widgets/framework.dart:5794:11)
build-and-test	Run flutter test --coverage	2025-07-30T14:31:19.4596174Z #1549   Element.rebuild (package:flutter/src/widgets/framework.dart:5347:7)
build-and-test	Run flutter test --coverage	2025-07-30T14:31:19.4596973Z #1550   StatefulElement.update (package:flutter/src/widgets/framework.dart:5817:5)
build-and-test	Run flutter test --coverage	2025-07-30T14:31:19.4597791Z #1551   Element.updateChild (package:flutter/src/widgets/framework.dart:3941:15)
build-and-test	Run flutter test --coverage	2025-07-30T14:31:19.4598717Z #1552   ComponentElement.performRebuild (package:flutter/src/widgets/framework.dart:5656:16)
build-and-test	Run flutter test --coverage	2025-07-30T14:31:19.4599605Z #1553   Element.rebuild (package:flutter/src/widgets/framework.dart:5347:7)
build-and-test	Run flutter test --coverage	2025-07-30T14:31:19.4600392Z #1554   ProxyElement.update (package:flutter/src/widgets/framework.dart:5960:5)
build-and-test	Run flutter test --coverage	2025-07-30T14:31:19.4601213Z #1555   Element.updateChild (package:flutter/src/widgets/framework.dart:3941:15)
build-and-test	Run flutter test --coverage	2025-07-30T14:31:19.4602309Z #1556   ComponentElement.performRebuild (package:flutter/src/widgets/framework.dart:5656:16)
build-and-test	Run flutter test --coverage	2025-07-30T14:31:19.4603205Z #1557   Element.rebuild (package:flutter/src/widgets/framework.dart:5347:7)
build-and-test	Run flutter test --coverage	2025-07-30T14:31:19.4603993Z #1558   ProxyElement.update (package:flutter/src/widgets/framework.dart:5960:5)
build-and-test	Run flutter test --coverage	2025-07-30T14:31:19.4604806Z #1559   Element.updateChild (package:flutter/src/widgets/framework.dart:3941:15)
build-and-test	Run flutter test --coverage	2025-07-30T14:31:19.4605652Z #1560   _RawViewElement._updateChild (package:flutter/src/widgets/view.dart:465:16)
build-and-test	Run flutter test --coverage	2025-07-30T14:31:19.4606705Z #1561   _RawViewElement.update (package:flutter/src/widgets/view.dart:552:5)
build-and-test	Run flutter test --coverage	2025-07-30T14:31:19.4607514Z #1562   Element.updateChild (package:flutter/src/widgets/framework.dart:3941:15)
build-and-test	Run flutter test --coverage	2025-07-30T14:31:19.4608427Z #1563   ComponentElement.performRebuild (package:flutter/src/widgets/framework.dart:5656:16)
build-and-test	Run flutter test --coverage	2025-07-30T14:31:19.4609464Z #1564   Element.rebuild (package:flutter/src/widgets/framework.dart:5347:7)
build-and-test	Run flutter test --coverage	2025-07-30T14:31:19.4610278Z #1565   StatelessElement.update (package:flutter/src/widgets/framework.dart:5707:5)
build-and-test	Run flutter test --coverage	2025-07-30T14:31:19.4611121Z #1566   Element.updateChild (package:flutter/src/widgets/framework.dart:3941:15)
build-and-test	Run flutter test --coverage	2025-07-30T14:31:19.4612195Z #1567   ComponentElement.performRebuild (package:flutter/src/widgets/framework.dart:5656:16)
build-and-test	Run flutter test --coverage	2025-07-30T14:31:19.4613198Z #1568   StatefulElement.performRebuild (package:flutter/src/widgets/framework.dart:5794:11)
build-and-test	Run flutter test --coverage	2025-07-30T14:31:19.4614077Z #1569   Element.rebuild (package:flutter/src/widgets/framework.dart:5347:7)
build-and-test	Run flutter test --coverage	2025-07-30T14:31:19.4614891Z #1570   StatefulElement.update (package:flutter/src/widgets/framework.dart:5817:5)
build-and-test	Run flutter test --coverage	2025-07-30T14:31:19.4615728Z #1571   Element.updateChild (package:flutter/src/widgets/framework.dart:3941:15)
build-and-test	Run flutter test --coverage	2025-07-30T14:31:19.4616539Z #1572   RootElement._rebuild (package:flutter/src/widgets/binding.dart:1636:16)
build-and-test	Run flutter test --coverage	2025-07-30T14:31:19.4617338Z #1573   RootElement.update (package:flutter/src/widgets/binding.dart:1614:5)
build-and-test	Run flutter test --coverage	2025-07-30T14:31:19.4618186Z #1574   RootElement.performRebuild (package:flutter/src/widgets/binding.dart:1628:7)
build-and-test	Run flutter test --coverage	2025-07-30T14:31:19.4619010Z #1575   Element.rebuild (package:flutter/src/widgets/framework.dart:5347:7)
build-and-test	Run flutter test --coverage	2025-07-30T14:31:19.4619809Z #1576   BuildScope._tryRebuild (package:flutter/src/widgets/framework.dart:2694:15)
build-and-test	Run flutter test --coverage	2025-07-30T14:31:19.4620718Z #1577   BuildScope._flushDirtyElements (package:flutter/src/widgets/framework.dart:2753:11)
build-and-test	Run flutter test --coverage	2025-07-30T14:31:19.4621773Z #1578   BuildOwner.buildScope (package:flutter/src/widgets/framework.dart:3048:18)
build-and-test	Run flutter test --coverage	2025-07-30T14:31:19.4622800Z #1579   REDACTED_TOKEN.drawFrame (package:flutter_test/src/binding.dart:1428:19)
build-and-test	Run flutter test --coverage	2025-07-30T14:31:19.4623994Z #1580   RendererBinding._handlePersistentFrameCallback (package:flutter/src/rendering/binding.dart:475:5)
build-and-test	Run flutter test --coverage	2025-07-30T14:31:19.4625146Z #1581   SchedulerBinding._invokeFrameCallback (package:flutter/src/scheduler/binding.dart:1397:15)
build-and-test	Run flutter test --coverage	2025-07-30T14:31:19.4626192Z #1582   SchedulerBinding.handleDrawFrame (package:flutter/src/scheduler/binding.dart:1318:9)
build-and-test	Run flutter test --coverage	2025-07-30T14:31:19.4627352Z #1583   REDACTED_TOKEN.pump.<anonymous closure> (package:flutter_test/src/binding.dart:1283:9)
build-and-test	Run flutter test --coverage	2025-07-30T14:31:19.4628437Z #1586   TestAsyncUtils.guard (package:flutter_test/src/test_async_utils.dart:74:41)
build-and-test	Run flutter test --coverage	2025-07-30T14:31:19.4629422Z #1587   REDACTED_TOKEN.pump (package:flutter_test/src/binding.dart:1270:27)
build-and-test	Run flutter test --coverage	2025-07-30T14:31:19.4630508Z #1588   WidgetTester.pumpWidget.<anonymous closure> (package:flutter_test/src/widget_tester.dart:608:22)
build-and-test	Run flutter test --coverage	2025-07-30T14:31:19.4631482Z #1591   TestAsyncUtils.guard (package:flutter_test/src/test_async_utils.dart:74:41)
build-and-test	Run flutter test --coverage	2025-07-30T14:31:19.4632489Z #1592   WidgetTester.pumpWidget (package:flutter_test/src/widget_tester.dart:605:27)
build-and-test	Run flutter test --coverage	2025-07-30T14:31:19.4633894Z #1593   main.<anonymous closure>.<anonymous closure> (file:///home/runner/work/appoint/appoint/test/features/business/REDACTED_TOKEN.dart:139:20)
build-and-test	Run flutter test --coverage	2025-07-30T14:31:19.4635455Z #1594   testWidgets.<anonymous closure>.<anonymous closure> (package:flutter_test/src/widget_tester.dart:189:29)
build-and-test	Run flutter test --coverage	2025-07-30T14:31:19.4636648Z #1596   testWidgets.<anonymous closure>.<anonymous closure> (package:flutter_test/src/widget_tester.dart:186:25)
build-and-test	Run flutter test --coverage	2025-07-30T14:31:19.4637750Z #1597   TestWidgetsFlutterBinding._runTestBody (package:flutter_test/src/binding.dart:1027:19)
build-and-test	Run flutter test --coverage	2025-07-30T14:31:19.4638789Z #1599   TestWidgetsFlutterBinding._runTestBody (package:flutter_test/src/binding.dart:1016:5)
build-and-test	Run flutter test --coverage	2025-07-30T14:31:19.4639773Z #1602   TestWidgetsFlutterBinding._runTest (package:flutter_test/src/binding.dart:1005:14)
build-and-test	Run flutter test --coverage	2025-07-30T14:31:19.4641111Z #1603   REDACTED_TOKEN.runTest.<anonymous closure> (package:flutter_test/src/binding.dart:1485:24)
build-and-test	Run flutter test --coverage	2025-07-30T14:31:19.4642459Z #1604   FakeAsync.run.<anonymous closure>.<anonymous closure> (package:fake_async/fake_async.dart:182:54)
build-and-test	Run flutter test --coverage	2025-07-30T14:31:19.4643410Z #1609   withClock (package:clock/src/default.dart:52:10)
build-and-test	Run flutter test --coverage	2025-07-30T14:31:19.4644101Z #1610   FakeAsync.run.<anonymous closure> (package:fake_async/fake_async.dart:182:22)
build-and-test	Run flutter test --coverage	2025-07-30T14:31:19.4644847Z #1615   FakeAsync.run (package:fake_async/fake_async.dart:182:7)
build-and-test	Run flutter test --coverage	2025-07-30T14:31:19.4645339Z #1616   REDACTED_TOKEN.runTest (package:flutter_test/src/binding.dart:1482:15)
build-and-test	Run flutter test --coverage	2025-07-30T14:31:19.4645722Z #1617   testWidgets.<anonymous closure> (package:flutter_test/src/widget_tester.dart:181:24)
build-and-test	Run flutter test --coverage	2025-07-30T14:31:19.4646229Z #1618   Declarer.test.<anonymous closure>.<anonymous closure> (package:test_api/src/backend/declarer.dart:215:19)
build-and-test	Run flutter test --coverage	2025-07-30T14:31:19.4646731Z #1620   Declarer.test.<anonymous closure>.<anonymous closure> (package:test_api/src/backend/declarer.dart:214:9)
build-and-test	Run flutter test --coverage	2025-07-30T14:31:19.4647115Z #1625   Declarer.test.<anonymous closure> (package:test_api/src/backend/declarer.dart:213:13)
build-and-test	Run flutter test --coverage	2025-07-30T14:31:19.4647680Z #1626   Invoker._waitForOutstandingCallbacks.<anonymous closure> (package:test_api/src/backend/invoker.dart:258:17)
build-and-test	Run flutter test --coverage	2025-07-30T14:31:19.4648110Z #1631   Invoker._waitForOutstandingCallbacks (package:test_api/src/backend/invoker.dart:254:5)
build-and-test	Run flutter test --coverage	2025-07-30T14:31:19.4648733Z #1632   Invoker._onRun.<anonymous closure>.<anonymous closure>.<anonymous closure> (package:test_api/src/backend/invoker.dart:394:17)
build-and-test	Run flutter test --coverage	2025-07-30T14:31:19.4649340Z #1634   Invoker._onRun.<anonymous closure>.<anonymous closure>.<anonymous closure> (package:test_api/src/backend/invoker.dart:392:11)
build-and-test	Run flutter test --coverage	2025-07-30T14:31:19.4649823Z #1639   Invoker._onRun.<anonymous closure>.<anonymous closure> (package:test_api/src/backend/invoker.dart:383:9)
build-and-test	Run flutter test --coverage	2025-07-30T14:31:19.4650166Z #1640   Invoker._guardIfGuarded (package:test_api/src/backend/invoker.dart:426:15)
build-and-test	Run flutter test --coverage	2025-07-30T14:31:19.4650542Z #1641   Invoker._onRun.<anonymous closure> (package:test_api/src/backend/invoker.dart:382:7)
build-and-test	Run flutter test --coverage	2025-07-30T14:31:19.4650820Z #1648   Invoker._onRun (package:test_api/src/backend/invoker.dart:381:11)
build-and-test	Run flutter test --coverage	2025-07-30T14:31:19.4651229Z #1649   LiveTestController.run (package:test_api/src/backend/live_test_controller.dart:153:11)
build-and-test	Run flutter test --coverage	2025-07-30T14:31:19.4651883Z #1650   RemoteListener._runLiveTest.<anonymous closure> (package:test_api/src/backend/remote_listener.dart:273:16)
build-and-test	Run flutter test --coverage	2025-07-30T14:31:19.4652281Z #1655   RemoteListener._runLiveTest (package:test_api/src/backend/remote_listener.dart:272:5)
build-and-test	Run flutter test --coverage	2025-07-30T14:31:19.4652806Z #1656   RemoteListener._serializeTest.<anonymous closure> (package:test_api/src/backend/remote_listener.dart:220:7)
build-and-test	Run flutter test --coverage	2025-07-30T14:31:19.4653165Z #1674   _GuaranteeSink.add (package:stream_channel/src/guarantee_channel.dart:125:12)
build-and-test	Run flutter test --coverage	2025-07-30T14:31:19.4653559Z #1675   new _MultiChannel.<anonymous closure> (package:stream_channel/src/multi_channel.dart:159:31)
build-and-test	Run flutter test --coverage	2025-07-30T14:31:19.4653909Z #1677   CastStreamSubscription._onData (dart:_internal/async_cast.dart:85:11)
build-and-test	Run flutter test --coverage	2025-07-30T14:31:19.4654357Z #1703   new _WebSocketImpl._fromSocket.<anonymous closure> (dart:_http/websocket_impl.dart:1145:21)
build-and-test	Run flutter test --coverage	2025-07-30T14:31:19.4654822Z #1709   _WebSocketProtocolTransformer._messageFrameEnd (dart:_http/websocket_impl.dart:332:23)
build-and-test	Run flutter test --coverage	2025-07-30T14:31:19.4655195Z #1710   _WebSocketProtocolTransformer.add (dart:_http/websocket_impl.dart:226:46)
build-and-test	Run flutter test --coverage	2025-07-30T14:31:19.4655444Z #1718   _Socket._onData (dart:io-patch/socket_patch.dart:2455:41)
build-and-test	Run flutter test --coverage	2025-07-30T14:31:19.4655796Z #1725   new _RawSocket.<anonymous closure> (dart:io-patch/socket_patch.dart:1942:33)
build-and-test	Run flutter test --coverage	2025-07-30T14:31:19.4656177Z #1726   _NativeSocket.issueReadEvent.issue (dart:io-patch/socket_patch.dart:1385:14)
build-and-test	Run flutter test --coverage	2025-07-30T14:31:19.4656414Z (elided 108 frames from dart:async and package:stack_trace)
build-and-test	Run flutter test --coverage	2025-07-30T14:31:19.4656422Z 
build-and-test	Run flutter test --coverage	2025-07-30T14:31:19.4657329Z ════════════════════════════════════════════════════════════════════════════════════════════════════
build-and-test	Run flutter test --coverage	2025-07-30T14:31:19.4657941Z ══╡ EXCEPTION CAUGHT BY FLUTTER TEST FRAMEWORK ╞════════════════════════════════════════════════════
build-and-test	Run flutter test --coverage	2025-07-30T14:31:19.4658155Z The following TestFailure was thrown running a test:
build-and-test	Run flutter test --coverage	2025-07-30T14:31:19.4658496Z Expected: exactly one matching candidate
build-and-test	Run flutter test --coverage	2025-07-30T14:31:19.4658799Z   Actual: _TypeWidgetFinder:<Found 0 widgets with type "AppLogo": []>
build-and-test	Run flutter test --coverage	2025-07-30T14:31:19.4658989Z    Which: means none were found but one was expected
build-and-test	Run flutter test --coverage	2025-07-30T14:31:19.4658997Z 
build-and-test	Run flutter test --coverage	2025-07-30T14:31:19.4659196Z When the exception was thrown, this was the stack:
build-and-test	Run flutter test --coverage	2025-07-30T14:31:19.4660121Z #4      main.<anonymous closure>.<anonymous closure> (file:///home/runner/work/appoint/appoint/test/features/business/REDACTED_TOKEN.dart:153:7)
build-and-test	Run flutter test --coverage	2025-07-30T14:31:19.4660265Z <asynchronous suspension>
build-and-test	Run flutter test --coverage	2025-07-30T14:31:19.4660775Z #5      testWidgets.<anonymous closure>.<anonymous closure> (package:flutter_test/src/widget_tester.dart:189:15)
build-and-test	Run flutter test --coverage	2025-07-30T14:31:19.4660931Z <asynchronous suspension>
build-and-test	Run flutter test --coverage	2025-07-30T14:31:19.4661364Z #6      TestWidgetsFlutterBinding._runTestBody (package:flutter_test/src/binding.dart:1027:5)
build-and-test	Run flutter test --coverage	2025-07-30T14:31:19.4661493Z <asynchronous suspension>
build-and-test	Run flutter test --coverage	2025-07-30T14:31:19.4661789Z <asynchronous suspension>
build-and-test	Run flutter test --coverage	2025-07-30T14:31:19.4661959Z (elided one frame from package:stack_trace)
build-and-test	Run flutter test --coverage	2025-07-30T14:31:19.4661966Z 
build-and-test	Run flutter test --coverage	2025-07-30T14:31:19.4662219Z This was caught by the test expectation on the following line:
build-and-test	Run flutter test --coverage	2025-07-30T14:31:19.4662882Z   file:///home/runner/work/appoint/appoint/test/features/business/REDACTED_TOKEN.dart line 153
build-and-test	Run flutter test --coverage	2025-07-30T14:31:19.4663015Z The test description was:
build-and-test	Run flutter test --coverage	2025-07-30T14:31:19.4663165Z   shows app logo only for studio users
build-and-test	Run flutter test --coverage	2025-07-30T14:31:19.4663656Z ════════════════════════════════════════════════════════════════════════════════════════════════════
build-and-test	Run flutter test --coverage	2025-07-30T14:31:19.4664247Z ══╡ EXCEPTION CAUGHT BY FLUTTER TEST FRAMEWORK ╞════════════════════════════════════════════════════
build-and-test	Run flutter test --coverage	2025-07-30T14:31:19.4664402Z The following message was thrown:
build-and-test	Run flutter test --coverage	2025-07-30T14:31:19.4664855Z Multiple exceptions (2) were detected during the running of the current test, and at least one was
build-and-test	Run flutter test --coverage	2025-07-30T14:31:19.4664976Z unexpected.
build-and-test	Run flutter test --coverage	2025-07-30T14:31:19.4665454Z ════════════════════════════════════════════════════════════════════════════════════════════════════
build-and-test	Run flutter test --coverage	2025-07-30T14:31:19.4665606Z Test failed. See exception logs above.
build-and-test	Run flutter test --coverage	2025-07-30T14:31:19.4665919Z The test description was: shows app logo only for studio users
build-and-test	Run flutter test --coverage	2025-07-30T14:31:19.4665928Z 
build-and-test	Run flutter test --coverage	2025-07-30T14:31:19.4666334Z ##[endgroup]
build-and-test	Run flutter test --coverage	2025-07-30T14:31:19.5046585Z ##[group]❌ /home/runner/work/appoint/appoint/test/features/business/REDACTED_TOKEN.dart: Unified BusinessDashboardScreen does not show app logo for business users (failed)
build-and-test	Run flutter test --coverage	2025-07-30T14:31:19.5054542Z ══╡ EXCEPTION CAUGHT BY WIDGETS LIBRARY ╞═══════════════════════════════════════════════════════════
build-and-test	Run flutter test --coverage	2025-07-30T14:31:19.5055538Z The following FirebaseException was thrown building BusinessDashboardScreen(dirty, dependencies:
build-and-test	Run flutter test --coverage	2025-07-30T14:31:19.5056735Z [UncontrolledProviderScope], state: _ConsumerState#2ce24):
build-and-test	Run flutter test --coverage	2025-07-30T14:31:19.5057472Z [core/no-app] No Firebase App '[DEFAULT]' has been created - call Firebase.initializeApp()
build-and-test	Run flutter test --coverage	2025-07-30T14:31:19.5058200Z 
build-and-test	Run flutter test --coverage	2025-07-30T14:31:19.5058363Z The relevant error-causing widget was:
build-and-test	Run flutter test --coverage	2025-07-30T14:31:19.5058763Z   BusinessDashboardScreen
build-and-test	Run flutter test --coverage	2025-07-30T14:31:19.5059755Z   BusinessDashboardScreen:file:///home/runner/work/appoint/appoint/test/features/business/REDACTED_TOKEN.dart:170:19
build-and-test	Run flutter test --coverage	2025-07-30T14:31:19.5060645Z 
build-and-test	Run flutter test --coverage	2025-07-30T14:31:19.5060824Z When the exception was thrown, this was the stack:
build-and-test	Run flutter test --coverage	2025-07-30T14:31:19.5061767Z #1      _ProviderStateSubscription.read (package:riverpod/src/framework/provider_base.dart:181:28)
build-and-test	Run flutter test --coverage	2025-07-30T14:31:19.5062728Z #2      ConsumerStatefulElement.watch (package:flutter_riverpod/src/consumer.dart:568:8)
build-and-test	Run flutter test --coverage	2025-07-30T14:31:19.5063823Z #3      BusinessDashboardScreen.build (package:appoint/features/business/screens/business_dashboard_screen.dart:17:33)
build-and-test	Run flutter test --coverage	2025-07-30T14:31:19.5065213Z #4      _ConsumerState.build (package:flutter_riverpod/src/consumer.dart:476:19)
build-and-test	Run flutter test --coverage	2025-07-30T14:31:19.5065992Z #5      StatefulElement.build (package:flutter/src/widgets/framework.dart:5743:27)
build-and-test	Run flutter test --coverage	2025-07-30T14:31:19.5066839Z #6      ConsumerStatefulElement.build (package:flutter_riverpod/src/consumer.dart:539:20)
build-and-test	Run flutter test --coverage	2025-07-30T14:31:19.5067753Z #7      ComponentElement.performRebuild (package:flutter/src/widgets/framework.dart:5631:15)
build-and-test	Run flutter test --coverage	2025-07-30T14:31:19.5068689Z #8      StatefulElement.performRebuild (package:flutter/src/widgets/framework.dart:5794:11)
build-and-test	Run flutter test --coverage	2025-07-30T14:31:19.5069511Z #9      Element.rebuild (package:flutter/src/widgets/framework.dart:5347:7)
build-and-test	Run flutter test --coverage	2025-07-30T14:31:19.5070314Z #10     ComponentElement._firstBuild (package:flutter/src/widgets/framework.dart:5613:5)
build-and-test	Run flutter test --coverage	2025-07-30T14:31:19.5071166Z #11     StatefulElement._firstBuild (package:flutter/src/widgets/framework.dart:5785:11)
build-and-test	Run flutter test --coverage	2025-07-30T14:31:19.5072151Z #12     ComponentElement.mount (package:flutter/src/widgets/framework.dart:5607:5)
build-and-test	Run flutter test --coverage	2025-07-30T14:31:19.5072778Z ...     Normal element mounting (228 frames)
build-and-test	Run flutter test --coverage	2025-07-30T14:31:19.5073395Z #240    Element.inflateWidget (package:flutter/src/widgets/framework.dart:4480:16)
build-and-test	Run flutter test --coverage	2025-07-30T14:31:19.5074368Z #241    MultiChildRenderObjectElement.inflateWidget (package:flutter/src/widgets/framework.dart:7049:36)
build-and-test	Run flutter test --coverage	2025-07-30T14:31:19.5075707Z #242    MultiChildRenderObjectElement.mount (package:flutter/src/widgets/framework.dart:7061:32)
build-and-test	Run flutter test --coverage	2025-07-30T14:31:19.5076420Z ...     Normal element mounting (463 frames)
build-and-test	Run flutter test --coverage	2025-07-30T14:31:19.5077166Z #705    REDACTED_TOKEN.mount (package:flutter_riverpod/src/framework.dart:315:11)
build-and-test	Run flutter test --coverage	2025-07-30T14:31:19.5077899Z ...     Normal element mounting (9 frames)
build-and-test	Run flutter test --coverage	2025-07-30T14:31:19.5078519Z #714    Element.inflateWidget (package:flutter/src/widgets/framework.dart:4480:16)
build-and-test	Run flutter test --coverage	2025-07-30T14:31:19.5079311Z #715    Element.updateChild (package:flutter/src/widgets/framework.dart:3957:20)
build-and-test	Run flutter test --coverage	2025-07-30T14:31:19.5080184Z #716    ComponentElement.performRebuild (package:flutter/src/widgets/framework.dart:5656:16)
build-and-test	Run flutter test --coverage	2025-07-30T14:31:19.5081031Z #717    Element.rebuild (package:flutter/src/widgets/framework.dart:5347:7)
build-and-test	Run flutter test --coverage	2025-07-30T14:31:19.5081937Z #718    ProxyElement.update (package:flutter/src/widgets/framework.dart:5960:5)
build-and-test	Run flutter test --coverage	2025-07-30T14:31:19.5082856Z #719    _InheritedNotifierElement.update (package:flutter/src/widgets/inherited_notifier.dart:112:11)
build-and-test	Run flutter test --coverage	2025-07-30T14:31:19.5083768Z #720    Element.updateChild (package:flutter/src/widgets/framework.dart:3941:15)
build-and-test	Run flutter test --coverage	2025-07-30T14:31:19.5084669Z #721    ComponentElement.performRebuild (package:flutter/src/widgets/framework.dart:5656:16)
build-and-test	Run flutter test --coverage	2025-07-30T14:31:19.5086131Z #722    StatefulElement.performRebuild (package:flutter/src/widgets/framework.dart:5794:11)
build-and-test	Run flutter test --coverage	2025-07-30T14:31:19.5087101Z #723    Element.rebuild (package:flutter/src/widgets/framework.dart:5347:7)
build-and-test	Run flutter test --coverage	2025-07-30T14:31:19.5087970Z #724    StatefulElement.update (package:flutter/src/widgets/framework.dart:5817:5)
build-and-test	Run flutter test --coverage	2025-07-30T14:31:19.5089081Z #725    Element.updateChild (package:flutter/src/widgets/framework.dart:3941:15)
build-and-test	Run flutter test --coverage	2025-07-30T14:31:19.5090041Z #726    ComponentElement.performRebuild (package:flutter/src/widgets/framework.dart:5656:16)
build-and-test	Run flutter test --coverage	2025-07-30T14:31:19.5091154Z #727    Element.rebuild (package:flutter/src/widgets/framework.dart:5347:7)
build-and-test	Run flutter test --coverage	2025-07-30T14:31:19.5092231Z #728    ProxyElement.update (package:flutter/src/widgets/framework.dart:5960:5)
build-and-test	Run flutter test --coverage	2025-07-30T14:31:19.5093235Z #729    _InheritedNotifierElement.update (package:flutter/src/widgets/inherited_notifier.dart:112:11)
build-and-test	Run flutter test --coverage	2025-07-30T14:31:19.5094237Z #730    Element.updateChild (package:flutter/src/widgets/framework.dart:3941:15)
build-and-test	Run flutter test --coverage	2025-07-30T14:31:19.5095177Z #731    ComponentElement.performRebuild (package:flutter/src/widgets/framework.dart:5656:16)
build-and-test	Run flutter test --coverage	2025-07-30T14:31:19.5097147Z #732    StatefulElement.performRebuild (package:flutter/src/widgets/framework.dart:5794:11)
build-and-test	Run flutter test --coverage	2025-07-30T14:31:19.5098117Z #733    Element.rebuild (package:flutter/src/widgets/framework.dart:5347:7)
build-and-test	Run flutter test --coverage	2025-07-30T14:31:19.5098966Z #734    StatefulElement.update (package:flutter/src/widgets/framework.dart:5817:5)
build-and-test	Run flutter test --coverage	2025-07-30T14:31:19.5099824Z #735    Element.updateChild (package:flutter/src/widgets/framework.dart:3941:15)
build-and-test	Run flutter test --coverage	2025-07-30T14:31:19.5100788Z #736    ComponentElement.performRebuild (package:flutter/src/widgets/framework.dart:5656:16)
build-and-test	Run flutter test --coverage	2025-07-30T14:31:19.5101977Z #737    StatefulElement.performRebuild (package:flutter/src/widgets/framework.dart:5794:11)
build-and-test	Run flutter test --coverage	2025-07-30T14:31:19.5102903Z #738    Element.rebuild (package:flutter/src/widgets/framework.dart:5347:7)
build-and-test	Run flutter test --coverage	2025-07-30T14:31:19.5103743Z #739    StatefulElement.update (package:flutter/src/widgets/framework.dart:5817:5)
build-and-test	Run flutter test --coverage	2025-07-30T14:31:19.5104623Z #740    Element.updateChild (package:flutter/src/widgets/framework.dart:3941:15)
build-and-test	Run flutter test --coverage	2025-07-30T14:31:19.5105566Z #741    ComponentElement.performRebuild (package:flutter/src/widgets/framework.dart:5656:16)
build-and-test	Run flutter test --coverage	2025-07-30T14:31:19.5106479Z #742    Element.rebuild (package:flutter/src/widgets/framework.dart:5347:7)
build-and-test	Run flutter test --coverage	2025-07-30T14:31:19.5107316Z #743    ProxyElement.update (package:flutter/src/widgets/framework.dart:5960:5)
build-and-test	Run flutter test --coverage	2025-07-30T14:31:19.5108331Z #744    Element.updateChild (package:flutter/src/widgets/framework.dart:3941:15)
build-and-test	Run flutter test --coverage	2025-07-30T14:31:19.5109293Z #745    ComponentElement.performRebuild (package:flutter/src/widgets/framework.dart:5656:16)
build-and-test	Run flutter test --coverage	2025-07-30T14:31:19.5110331Z #746    StatefulElement.performRebuild (package:flutter/src/widgets/framework.dart:5794:11)
build-and-test	Run flutter test --coverage	2025-07-30T14:31:19.5111237Z #747    Element.rebuild (package:flutter/src/widgets/framework.dart:5347:7)
build-and-test	Run flutter test --coverage	2025-07-30T14:31:19.5112255Z #748    StatefulElement.update (package:flutter/src/widgets/framework.dart:5817:5)
build-and-test	Run flutter test --coverage	2025-07-30T14:31:19.5113127Z #749    Element.updateChild (package:flutter/src/widgets/framework.dart:3941:15)
build-and-test	Run flutter test --coverage	2025-07-30T14:31:19.5114065Z #750    ComponentElement.performRebuild (package:flutter/src/widgets/framework.dart:5656:16)
build-and-test	Run flutter test --coverage	2025-07-30T14:31:19.5114978Z #751    Element.rebuild (package:flutter/src/widgets/framework.dart:5347:7)
build-and-test	Run flutter test --coverage	2025-07-30T14:31:19.5115794Z #752    ProxyElement.update (package:flutter/src/widgets/framework.dart:5960:5)
build-and-test	Run flutter test --coverage	2025-07-30T14:31:19.5116630Z #753    Element.updateChild (package:flutter/src/widgets/framework.dart:3941:15)
build-and-test	Run flutter test --coverage	2025-07-30T14:31:19.5117551Z #754    ComponentElement.performRebuild (package:flutter/src/widgets/framework.dart:5656:16)
build-and-test	Run flutter test --coverage	2025-07-30T14:31:19.5118442Z #755    Element.rebuild (package:flutter/src/widgets/framework.dart:5347:7)
build-and-test	Run flutter test --coverage	2025-07-30T14:31:19.5119291Z #756    ProxyElement.update (package:flutter/src/widgets/framework.dart:5960:5)
build-and-test	Run flutter test --coverage	2025-07-30T14:31:19.5120147Z #757    Element.updateChild (package:flutter/src/widgets/framework.dart:3941:15)
build-and-test	Run flutter test --coverage	2025-07-30T14:31:19.5121000Z #758    _RawViewElement._updateChild (package:flutter/src/widgets/view.dart:465:16)
build-and-test	Run flutter test --coverage	2025-07-30T14:31:19.5123851Z #759    _RawViewElement.update (package:flutter/src/widgets/view.dart:552:5)
build-and-test	Run flutter test --coverage	2025-07-30T14:31:19.5124765Z #760    Element.updateChild (package:flutter/src/widgets/framework.dart:3941:15)
build-and-test	Run flutter test --coverage	2025-07-30T14:31:19.5125964Z #761    ComponentElement.performRebuild (package:flutter/src/widgets/framework.dart:5656:16)
build-and-test	Run flutter test --coverage	2025-07-30T14:31:19.5126891Z #762    Element.rebuild (package:flutter/src/widgets/framework.dart:5347:7)
build-and-test	Run flutter test --coverage	2025-07-30T14:31:19.5127703Z #763    StatelessElement.update (package:flutter/src/widgets/framework.dart:5707:5)
build-and-test	Run flutter test --coverage	2025-07-30T14:31:19.5128765Z #764    Element.updateChild (package:flutter/src/widgets/framework.dart:3941:15)
build-and-test	Run flutter test --coverage	2025-07-30T14:31:19.5129689Z #765    ComponentElement.performRebuild (package:flutter/src/widgets/framework.dart:5656:16)
build-and-test	Run flutter test --coverage	2025-07-30T14:31:19.5130671Z #766    StatefulElement.performRebuild (package:flutter/src/widgets/framework.dart:5794:11)
build-and-test	Run flutter test --coverage	2025-07-30T14:31:19.5131788Z #767    Element.rebuild (package:flutter/src/widgets/framework.dart:5347:7)
build-and-test	Run flutter test --coverage	2025-07-30T14:31:19.5132671Z #768    StatefulElement.update (package:flutter/src/widgets/framework.dart:5817:5)
build-and-test	Run flutter test --coverage	2025-07-30T14:31:19.5133598Z #769    Element.updateChild (package:flutter/src/widgets/framework.dart:3941:15)
build-and-test	Run flutter test --coverage	2025-07-30T14:31:19.5134923Z #770    RootElement._rebuild (package:flutter/src/widgets/binding.dart:1636:16)
build-and-test	Run flutter test --coverage	2025-07-30T14:31:19.5135806Z #771    RootElement.update (package:flutter/src/widgets/binding.dart:1614:5)
build-and-test	Run flutter test --coverage	2025-07-30T14:31:19.5136677Z #772    RootElement.performRebuild (package:flutter/src/widgets/binding.dart:1628:7)
build-and-test	Run flutter test --coverage	2025-07-30T14:31:19.5137457Z #773    Element.rebuild (package:flutter/src/widgets/framework.dart:5347:7)
build-and-test	Run flutter test --coverage	2025-07-30T14:31:19.5138282Z #774    BuildScope._tryRebuild (package:flutter/src/widgets/framework.dart:2694:15)
build-and-test	Run flutter test --coverage	2025-07-30T14:31:19.5139248Z #775    BuildScope._flushDirtyElements (package:flutter/src/widgets/framework.dart:2753:11)
build-and-test	Run flutter test --coverage	2025-07-30T14:31:19.5140241Z #776    BuildOwner.buildScope (package:flutter/src/widgets/framework.dart:3048:18)
build-and-test	Run flutter test --coverage	2025-07-30T14:31:19.5141241Z #777    REDACTED_TOKEN.drawFrame (package:flutter_test/src/binding.dart:1428:19)
build-and-test	Run flutter test --coverage	2025-07-30T14:31:19.5142663Z #778    RendererBinding._handlePersistentFrameCallback (package:flutter/src/rendering/binding.dart:475:5)
build-and-test	Run flutter test --coverage	2025-07-30T14:31:19.5143835Z #779    SchedulerBinding._invokeFrameCallback (package:flutter/src/scheduler/binding.dart:1397:15)
build-and-test	Run flutter test --coverage	2025-07-30T14:31:19.5145265Z #780    SchedulerBinding.handleDrawFrame (package:flutter/src/scheduler/binding.dart:1318:9)
build-and-test	Run flutter test --coverage	2025-07-30T14:31:19.5146526Z #781    REDACTED_TOKEN.pump.<anonymous closure> (package:flutter_test/src/binding.dart:1283:9)
build-and-test	Run flutter test --coverage	2025-07-30T14:31:19.5147648Z #784    TestAsyncUtils.guard (package:flutter_test/src/test_async_utils.dart:74:41)
build-and-test	Run flutter test --coverage	2025-07-30T14:31:19.5148650Z #785    REDACTED_TOKEN.pump (package:flutter_test/src/binding.dart:1270:27)
build-and-test	Run flutter test --coverage	2025-07-30T14:31:19.5149805Z #786    WidgetTester.pumpWidget.<anonymous closure> (package:flutter_test/src/widget_tester.dart:608:22)
build-and-test	Run flutter test --coverage	2025-07-30T14:31:19.5150822Z #789    TestAsyncUtils.guard (package:flutter_test/src/test_async_utils.dart:74:41)
build-and-test	Run flutter test --coverage	2025-07-30T14:31:19.5151916Z #790    WidgetTester.pumpWidget (package:flutter_test/src/widget_tester.dart:605:27)
build-and-test	Run flutter test --coverage	2025-07-30T14:31:19.5153352Z #791    main.<anonymous closure>.<anonymous closure> (file:///home/runner/work/appoint/appoint/test/features/business/REDACTED_TOKEN.dart:164:20)
build-and-test	Run flutter test --coverage	2025-07-30T14:31:19.5154935Z #792    testWidgets.<anonymous closure>.<anonymous closure> (package:flutter_test/src/widget_tester.dart:189:29)
build-and-test	Run flutter test --coverage	2025-07-30T14:31:19.5156430Z #793    TestWidgetsFlutterBinding._runTestBody (package:flutter_test/src/binding.dart:1027:5)
build-and-test	Run flutter test --coverage	2025-07-30T14:31:19.5157657Z #795    MethodChannelFirebase.app (package:REDACTED_TOKEN/src/method_channel/method_channel_firebase.dart:192:5)
build-and-test	Run flutter test --coverage	2025-07-30T14:31:19.5158733Z #796    Firebase.app (package:firebase_core/src/firebase.dart:79:41)
build-and-test	Run flutter test --coverage	2025-07-30T14:31:19.5159454Z #797    FirebaseAuth.instance (package:firebase_auth/src/firebase_auth.dart:38:47)
build-and-test	Run flutter test --coverage	2025-07-30T14:31:19.5160516Z #798    new BusinessProfileService (package:appoint/features/studio_business/services/business_profile_service.dart:8:37)
build-and-test	Run flutter test --coverage	2025-07-30T14:31:19.5162063Z #799    new BusinessProfileNotifier (package:appoint/features/studio_business/providers/business_profile_provider.dart:15:20)
build-and-test	Run flutter test --coverage	2025-07-30T14:31:19.5163664Z #800    businessProfileProvider.<anonymous closure> (package:appoint/features/studio_business/providers/business_profile_provider.dart:7:12)
build-and-test	Run flutter test --coverage	2025-07-30T14:31:19.5165086Z #801    ProviderContainer.listen (package:riverpod/src/framework/container.dart:280:21)
build-and-test	Run flutter test --coverage	2025-07-30T14:31:19.5166176Z #802    ConsumerStatefulElement.watch.<anonymous closure> (package:flutter_riverpod/src/consumer.dart:564:25)
build-and-test	Run flutter test --coverage	2025-07-30T14:31:19.5167551Z #803    _LinkedHashMapMixin.putIfAbsent (dart:_compact_hash:636:23)
build-and-test	Run flutter test --coverage	2025-07-30T14:31:19.5168367Z #804    ConsumerStatefulElement.watch (package:flutter_riverpod/src/consumer.dart:557:26)
build-and-test	Run flutter test --coverage	2025-07-30T14:31:19.5169474Z #805    BusinessDashboardScreen.build (package:appoint/features/business/screens/business_dashboard_screen.dart:17:33)
build-and-test	Run flutter test --coverage	2025-07-30T14:31:19.5170612Z #806    _ConsumerState.build (package:flutter_riverpod/src/consumer.dart:476:19)
build-and-test	Run flutter test --coverage	2025-07-30T14:31:19.5171491Z #807    StatefulElement.build (package:flutter/src/widgets/framework.dart:5743:27)
build-and-test	Run flutter test --coverage	2025-07-30T14:31:19.5172606Z #808    ConsumerStatefulElement.build (package:flutter_riverpod/src/consumer.dart:539:20)
build-and-test	Run flutter test --coverage	2025-07-30T14:31:19.5173562Z #809    ComponentElement.performRebuild (package:flutter/src/widgets/framework.dart:5631:15)
build-and-test	Run flutter test --coverage	2025-07-30T14:31:19.5174483Z #810    StatefulElement.performRebuild (package:flutter/src/widgets/framework.dart:5794:11)
build-and-test	Run flutter test --coverage	2025-07-30T14:31:19.5175330Z #811    Element.rebuild (package:flutter/src/widgets/framework.dart:5347:7)
build-and-test	Run flutter test --coverage	2025-07-30T14:31:19.5176135Z #812    ComponentElement._firstBuild (package:flutter/src/widgets/framework.dart:5613:5)
build-and-test	Run flutter test --coverage	2025-07-30T14:31:19.5177013Z #813    StatefulElement._firstBuild (package:flutter/src/widgets/framework.dart:5785:11)
build-and-test	Run flutter test --coverage	2025-07-30T14:31:19.5178324Z #814    ComponentElement.mount (package:flutter/src/widgets/framework.dart:5607:5)
build-and-test	Run flutter test --coverage	2025-07-30T14:31:19.5179016Z ...     Normal element mounting (228 frames)
build-and-test	Run flutter test --coverage	2025-07-30T14:31:19.5179688Z #1042   Element.inflateWidget (package:flutter/src/widgets/framework.dart:4480:16)
build-and-test	Run flutter test --coverage	2025-07-30T14:31:19.5180735Z #1043   MultiChildRenderObjectElement.inflateWidget (package:flutter/src/widgets/framework.dart:7049:36)
build-and-test	Run flutter test --coverage	2025-07-30T14:31:19.5182033Z #1044   MultiChildRenderObjectElement.mount (package:flutter/src/widgets/framework.dart:7061:32)
build-and-test	Run flutter test --coverage	2025-07-30T14:31:19.5182824Z ...     Normal element mounting (463 frames)
build-and-test	Run flutter test --coverage	2025-07-30T14:31:19.5183608Z #1507   REDACTED_TOKEN.mount (package:flutter_riverpod/src/framework.dart:315:11)
build-and-test	Run flutter test --coverage	2025-07-30T14:31:19.5184441Z ...     Normal element mounting (9 frames)
build-and-test	Run flutter test --coverage	2025-07-30T14:31:19.5185112Z #1516   Element.inflateWidget (package:flutter/src/widgets/framework.dart:4480:16)
build-and-test	Run flutter test --coverage	2025-07-30T14:31:19.5185919Z #1517   Element.updateChild (package:flutter/src/widgets/framework.dart:3957:20)
build-and-test	Run flutter test --coverage	2025-07-30T14:31:19.5186818Z #1518   ComponentElement.performRebuild (package:flutter/src/widgets/framework.dart:5656:16)
build-and-test	Run flutter test --coverage	2025-07-30T14:31:19.5187718Z #1519   Element.rebuild (package:flutter/src/widgets/framework.dart:5347:7)
build-and-test	Run flutter test --coverage	2025-07-30T14:31:19.5188910Z #1520   ProxyElement.update (package:flutter/src/widgets/framework.dart:5960:5)
build-and-test	Run flutter test --coverage	2025-07-30T14:31:19.5189896Z #1521   _InheritedNotifierElement.update (package:flutter/src/widgets/inherited_notifier.dart:112:11)
build-and-test	Run flutter test --coverage	2025-07-30T14:31:19.5190855Z #1522   Element.updateChild (package:flutter/src/widgets/framework.dart:3941:15)
build-and-test	Run flutter test --coverage	2025-07-30T14:31:19.5192015Z #1523   ComponentElement.performRebuild (package:flutter/src/widgets/framework.dart:5656:16)
build-and-test	Run flutter test --coverage	2025-07-30T14:31:19.5193062Z #1524   StatefulElement.performRebuild (package:flutter/src/widgets/framework.dart:5794:11)
build-and-test	Run flutter test --coverage	2025-07-30T14:31:19.5205238Z #1525   Element.rebuild (package:flutter/src/widgets/framework.dart:5347:7)
build-and-test	Run flutter test --coverage	2025-07-30T14:31:19.5206142Z #1526   StatefulElement.update (package:flutter/src/widgets/framework.dart:5817:5)
build-and-test	Run flutter test --coverage	2025-07-30T14:31:19.5207013Z #1527   Element.updateChild (package:flutter/src/widgets/framework.dart:3941:15)
build-and-test	Run flutter test --coverage	2025-07-30T14:31:19.5207969Z #1528   ComponentElement.performRebuild (package:flutter/src/widgets/framework.dart:5656:16)
build-and-test	Run flutter test --coverage	2025-07-30T14:31:19.5209178Z #1529   Element.rebuild (package:flutter/src/widgets/framework.dart:5347:7)
build-and-test	Run flutter test --coverage	2025-07-30T14:31:19.5210390Z #1530   ProxyElement.update (package:flutter/src/widgets/framework.dart:5960:5)
build-and-test	Run flutter test --coverage	2025-07-30T14:31:19.5211837Z #1531   _InheritedNotifierElement.update (package:flutter/src/widgets/inherited_notifier.dart:112:11)
build-and-test	Run flutter test --coverage	2025-07-30T14:31:19.5212811Z #1532   Element.updateChild (package:flutter/src/widgets/framework.dart:3941:15)
build-and-test	Run flutter test --coverage	2025-07-30T14:31:19.5213678Z #1533   ComponentElement.performRebuild (package:flutter/src/widgets/framework.dart:5656:16)
build-and-test	Run flutter test --coverage	2025-07-30T14:31:19.5214683Z #1534   StatefulElement.performRebuild (package:flutter/src/widgets/framework.dart:5794:11)
build-and-test	Run flutter test --coverage	2025-07-30T14:31:19.5215572Z #1535   Element.rebuild (package:flutter/src/widgets/framework.dart:5347:7)
build-and-test	Run flutter test --coverage	2025-07-30T14:31:19.5216355Z #1536   StatefulElement.update (package:flutter/src/widgets/framework.dart:5817:5)
build-and-test	Run flutter test --coverage	2025-07-30T14:31:19.5217194Z #1537   Element.updateChild (package:flutter/src/widgets/framework.dart:3941:15)
build-and-test	Run flutter test --coverage	2025-07-30T14:31:19.5218126Z #1538   ComponentElement.performRebuild (package:flutter/src/widgets/framework.dart:5656:16)
build-and-test	Run flutter test --coverage	2025-07-30T14:31:19.5219134Z #1539   StatefulElement.performRebuild (package:flutter/src/widgets/framework.dart:5794:11)
build-and-test	Run flutter test --coverage	2025-07-30T14:31:19.5220023Z #1540   Element.rebuild (package:flutter/src/widgets/framework.dart:5347:7)
build-and-test	Run flutter test --coverage	2025-07-30T14:31:19.5221189Z #1541   StatefulElement.update (package:flutter/src/widgets/framework.dart:5817:5)
build-and-test	Run flutter test --coverage	2025-07-30T14:31:19.5222179Z #1542   Element.updateChild (package:flutter/src/widgets/framework.dart:3941:15)
build-and-test	Run flutter test --coverage	2025-07-30T14:31:19.5223097Z #1543   ComponentElement.performRebuild (package:flutter/src/widgets/framework.dart:5656:16)
build-and-test	Run flutter test --coverage	2025-07-30T14:31:19.5223987Z #1544   Element.rebuild (package:flutter/src/widgets/framework.dart:5347:7)
build-and-test	Run flutter test --coverage	2025-07-30T14:31:19.5224764Z #1545   ProxyElement.update (package:flutter/src/widgets/framework.dart:5960:5)
build-and-test	Run flutter test --coverage	2025-07-30T14:31:19.5225587Z #1546   Element.updateChild (package:flutter/src/widgets/framework.dart:3941:15)
build-and-test	Run flutter test --coverage	2025-07-30T14:31:19.5226498Z #1547   ComponentElement.performRebuild (package:flutter/src/widgets/framework.dart:5656:16)
build-and-test	Run flutter test --coverage	2025-07-30T14:31:19.5227498Z #1548   StatefulElement.performRebuild (package:flutter/src/widgets/framework.dart:5794:11)
build-and-test	Run flutter test --coverage	2025-07-30T14:31:19.5228374Z #1549   Element.rebuild (package:flutter/src/widgets/framework.dart:5347:7)
build-and-test	Run flutter test --coverage	2025-07-30T14:31:19.5229167Z #1550   StatefulElement.update (package:flutter/src/widgets/framework.dart:5817:5)
build-and-test	Run flutter test --coverage	2025-07-30T14:31:19.5230011Z #1551   Element.updateChild (package:flutter/src/widgets/framework.dart:3941:15)
build-and-test	Run flutter test --coverage	2025-07-30T14:31:19.5230920Z #1552   ComponentElement.performRebuild (package:flutter/src/widgets/framework.dart:5656:16)
build-and-test	Run flutter test --coverage	2025-07-30T14:31:19.5232187Z #1553   Element.rebuild (package:flutter/src/widgets/framework.dart:5347:7)
build-and-test	Run flutter test --coverage	2025-07-30T14:31:19.5232971Z #1554   ProxyElement.update (package:flutter/src/widgets/framework.dart:5960:5)
build-and-test	Run flutter test --coverage	2025-07-30T14:31:19.5233789Z #1555   Element.updateChild (package:flutter/src/widgets/framework.dart:3941:15)
build-and-test	Run flutter test --coverage	2025-07-30T14:31:19.5234706Z #1556   ComponentElement.performRebuild (package:flutter/src/widgets/framework.dart:5656:16)
build-and-test	Run flutter test --coverage	2025-07-30T14:31:19.5235576Z #1557   Element.rebuild (package:flutter/src/widgets/framework.dart:5347:7)
build-and-test	Run flutter test --coverage	2025-07-30T14:31:19.5236360Z #1558   ProxyElement.update (package:flutter/src/widgets/framework.dart:5960:5)
build-and-test	Run flutter test --coverage	2025-07-30T14:31:19.5237169Z #1559   Element.updateChild (package:flutter/src/widgets/framework.dart:3941:15)
build-and-test	Run flutter test --coverage	2025-07-30T14:31:19.5238004Z #1560   _RawViewElement._updateChild (package:flutter/src/widgets/view.dart:465:16)
build-and-test	Run flutter test --coverage	2025-07-30T14:31:19.5238826Z #1561   _RawViewElement.update (package:flutter/src/widgets/view.dart:552:5)
build-and-test	Run flutter test --coverage	2025-07-30T14:31:19.5239636Z #1562   Element.updateChild (package:flutter/src/widgets/framework.dart:3941:15)
build-and-test	Run flutter test --coverage	2025-07-30T14:31:19.5240546Z #1563   ComponentElement.performRebuild (package:flutter/src/widgets/framework.dart:5656:16)
build-and-test	Run flutter test --coverage	2025-07-30T14:31:19.5241414Z #1564   Element.rebuild (package:flutter/src/widgets/framework.dart:5347:7)
build-and-test	Run flutter test --coverage	2025-07-30T14:31:19.5242863Z #1565   StatelessElement.update (package:flutter/src/widgets/framework.dart:5707:5)
build-and-test	Run flutter test --coverage	2025-07-30T14:31:19.5243724Z #1566   Element.updateChild (package:flutter/src/widgets/framework.dart:3941:15)
build-and-test	Run flutter test --coverage	2025-07-30T14:31:19.5244652Z #1567   ComponentElement.performRebuild (package:flutter/src/widgets/framework.dart:5656:16)
build-and-test	Run flutter test --coverage	2025-07-30T14:31:19.5245808Z #1568   StatefulElement.performRebuild (package:flutter/src/widgets/framework.dart:5794:11)
build-and-test	Run flutter test --coverage	2025-07-30T14:31:19.5246675Z #1569   Element.rebuild (package:flutter/src/widgets/framework.dart:5347:7)
build-and-test	Run flutter test --coverage	2025-07-30T14:31:19.5247475Z #1570   StatefulElement.update (package:flutter/src/widgets/framework.dart:5817:5)
build-and-test	Run flutter test --coverage	2025-07-30T14:31:19.5248299Z #1571   Element.updateChild (package:flutter/src/widgets/framework.dart:3941:15)
build-and-test	Run flutter test --coverage	2025-07-30T14:31:19.5249100Z #1572   RootElement._rebuild (package:flutter/src/widgets/binding.dart:1636:16)
build-and-test	Run flutter test --coverage	2025-07-30T14:31:19.5249876Z #1573   RootElement.update (package:flutter/src/widgets/binding.dart:1614:5)
build-and-test	Run flutter test --coverage	2025-07-30T14:31:19.5250735Z #1574   RootElement.performRebuild (package:flutter/src/widgets/binding.dart:1628:7)
build-and-test	Run flutter test --coverage	2025-07-30T14:31:19.5251736Z #1575   Element.rebuild (package:flutter/src/widgets/framework.dart:5347:7)
build-and-test	Run flutter test --coverage	2025-07-30T14:31:19.5252784Z #1576   BuildScope._tryRebuild (package:flutter/src/widgets/framework.dart:2694:15)
build-and-test	Run flutter test --coverage	2025-07-30T14:31:19.5253707Z #1577   BuildScope._flushDirtyElements (package:flutter/src/widgets/framework.dart:2753:11)
build-and-test	Run flutter test --coverage	2025-07-30T14:31:19.5254629Z #1578   BuildOwner.buildScope (package:flutter/src/widgets/framework.dart:3048:18)
build-and-test	Run flutter test --coverage	2025-07-30T14:31:19.5255675Z #1579   REDACTED_TOKEN.drawFrame (package:flutter_test/src/binding.dart:1428:19)
build-and-test	Run flutter test --coverage	2025-07-30T14:31:19.5256844Z #1580   RendererBinding._handlePersistentFrameCallback (package:flutter/src/rendering/binding.dart:475:5)
build-and-test	Run flutter test --coverage	2025-07-30T14:31:19.5257956Z #1581   SchedulerBinding._invokeFrameCallback (package:flutter/src/scheduler/binding.dart:1397:15)
build-and-test	Run flutter test --coverage	2025-07-30T14:31:19.5258987Z #1582   SchedulerBinding.handleDrawFrame (package:flutter/src/scheduler/binding.dart:1318:9)
build-and-test	Run flutter test --coverage	2025-07-30T14:31:19.5260146Z #1583   REDACTED_TOKEN.pump.<anonymous closure> (package:flutter_test/src/binding.dart:1283:9)
build-and-test	Run flutter test --coverage	2025-07-30T14:31:19.5261221Z #1586   TestAsyncUtils.guard (package:flutter_test/src/test_async_utils.dart:74:41)
build-and-test	Run flutter test --coverage	2025-07-30T14:31:19.5262344Z #1587   REDACTED_TOKEN.pump (package:flutter_test/src/binding.dart:1270:27)
build-and-test	Run flutter test --coverage	2025-07-30T14:31:19.5263676Z #1588   WidgetTester.pumpWidget.<anonymous closure> (package:flutter_test/src/widget_tester.dart:608:22)
build-and-test	Run flutter test --coverage	2025-07-30T14:31:19.5264666Z #1591   TestAsyncUtils.guard (package:flutter_test/src/test_async_utils.dart:74:41)
build-and-test	Run flutter test --coverage	2025-07-30T14:31:19.5265533Z #1592   WidgetTester.pumpWidget (package:flutter_test/src/widget_tester.dart:605:27)
build-and-test	Run flutter test --coverage	2025-07-30T14:31:19.5266956Z #1593   main.<anonymous closure>.<anonymous closure> (file:///home/runner/work/appoint/appoint/test/features/business/REDACTED_TOKEN.dart:164:20)
build-and-test	Run flutter test --coverage	2025-07-30T14:31:19.5268505Z #1594   testWidgets.<anonymous closure>.<anonymous closure> (package:flutter_test/src/widget_tester.dart:189:29)
build-and-test	Run flutter test --coverage	2025-07-30T14:31:19.5269643Z #1596   testWidgets.<anonymous closure>.<anonymous closure> (package:flutter_test/src/widget_tester.dart:186:25)
build-and-test	Run flutter test --coverage	2025-07-30T14:31:19.5270731Z #1597   TestWidgetsFlutterBinding._runTestBody (package:flutter_test/src/binding.dart:1027:19)
build-and-test	Run flutter test --coverage	2025-07-30T14:31:19.5271848Z #1599   TestWidgetsFlutterBinding._runTestBody (package:flutter_test/src/binding.dart:1016:5)
build-and-test	Run flutter test --coverage	2025-07-30T14:31:19.5272886Z #1602   TestWidgetsFlutterBinding._runTest (package:flutter_test/src/binding.dart:1005:14)
build-and-test	Run flutter test --coverage	2025-07-30T14:31:19.5274356Z #1603   REDACTED_TOKEN.runTest.<anonymous closure> (package:flutter_test/src/binding.dart:1485:24)
build-and-test	Run flutter test --coverage	2025-07-30T14:31:19.5275628Z #1604   FakeAsync.run.<anonymous closure>.<anonymous closure> (package:fake_async/fake_async.dart:182:54)
build-and-test	Run flutter test --coverage	2025-07-30T14:31:19.5276479Z #1609   withClock (package:clock/src/default.dart:52:10)
build-and-test	Run flutter test --coverage	2025-07-30T14:31:19.5277398Z #1610   FakeAsync.run.<anonymous closure> (package:fake_async/fake_async.dart:182:22)
build-and-test	Run flutter test --coverage	2025-07-30T14:31:19.5278187Z #1615   FakeAsync.run (package:fake_async/fake_async.dart:182:7)
build-and-test	Run flutter test --coverage	2025-07-30T14:31:19.5279108Z #1616   REDACTED_TOKEN.runTest (package:flutter_test/src/binding.dart:1482:15)
build-and-test	Run flutter test --coverage	2025-07-30T14:31:19.5280345Z #1617   testWidgets.<anonymous closure> (package:flutter_test/src/widget_tester.dart:181:24)
build-and-test	Run flutter test --coverage	2025-07-30T14:31:19.5281447Z #1618   Declarer.test.<anonymous closure>.<anonymous closure> (package:test_api/src/backend/declarer.dart:215:19)
build-and-test	Run flutter test --coverage	2025-07-30T14:31:19.5282836Z #1620   Declarer.test.<anonymous closure>.<anonymous closure> (package:test_api/src/backend/declarer.dart:214:9)
build-and-test	Run flutter test --coverage	2025-07-30T14:31:19.5283938Z #1625   Declarer.test.<anonymous closure> (package:test_api/src/backend/declarer.dart:213:13)
build-and-test	Run flutter test --coverage	2025-07-30T14:31:19.5285337Z #1626   Invoker._waitForOutstandingCallbacks.<anonymous closure> (package:test_api/src/backend/invoker.dart:258:17)
build-and-test	Run flutter test --coverage	2025-07-30T14:31:19.5286549Z #1631   Invoker._waitForOutstandingCallbacks (package:test_api/src/backend/invoker.dart:254:5)
build-and-test	Run flutter test --coverage	2025-07-30T14:31:19.5287809Z #1632   Invoker._onRun.<anonymous closure>.<anonymous closure>.<anonymous closure> (package:test_api/src/backend/invoker.dart:394:17)
build-and-test	Run flutter test --coverage	2025-07-30T14:31:19.5289245Z #1634   Invoker._onRun.<anonymous closure>.<anonymous closure>.<anonymous closure> (package:test_api/src/backend/invoker.dart:392:11)
build-and-test	Run flutter test --coverage	2025-07-30T14:31:19.5290568Z #1639   Invoker._onRun.<anonymous closure>.<anonymous closure> (package:test_api/src/backend/invoker.dart:383:9)
build-and-test	Run flutter test --coverage	2025-07-30T14:31:19.5291726Z #1640   Invoker._guardIfGuarded (package:test_api/src/backend/invoker.dart:426:15)
build-and-test	Run flutter test --coverage	2025-07-30T14:31:19.5292653Z #1641   Invoker._onRun.<anonymous closure> (package:test_api/src/backend/invoker.dart:382:7)
build-and-test	Run flutter test --coverage	2025-07-30T14:31:19.5293509Z #1648   Invoker._onRun (package:test_api/src/backend/invoker.dart:381:11)
build-and-test	Run flutter test --coverage	2025-07-30T14:31:19.5294376Z #1649   LiveTestController.run (package:test_api/src/backend/live_test_controller.dart:153:11)
build-and-test	Run flutter test --coverage	2025-07-30T14:31:19.5295771Z #1650   RemoteListener._runLiveTest.<anonymous closure> (package:test_api/src/backend/remote_listener.dart:273:16)
build-and-test	Run flutter test --coverage	2025-07-30T14:31:19.5296889Z #1655   RemoteListener._runLiveTest (package:test_api/src/backend/remote_listener.dart:272:5)
build-and-test	Run flutter test --coverage	2025-07-30T14:31:19.5298006Z #1656   RemoteListener._serializeTest.<anonymous closure> (package:test_api/src/backend/remote_listener.dart:220:7)
build-and-test	Run flutter test --coverage	2025-07-30T14:31:19.5299064Z #1674   _GuaranteeSink.add (package:stream_channel/src/guarantee_channel.dart:125:12)
build-and-test	Run flutter test --coverage	2025-07-30T14:31:19.5300008Z #1675   new _MultiChannel.<anonymous closure> (package:stream_channel/src/multi_channel.dart:159:31)
build-and-test	Run flutter test --coverage	2025-07-30T14:31:19.5300935Z #1677   CastStreamSubscription._onData (dart:_internal/async_cast.dart:85:11)
build-and-test	Run flutter test --coverage	2025-07-30T14:31:19.5302008Z #1703   new _WebSocketImpl._fromSocket.<anonymous closure> (dart:_http/websocket_impl.dart:1145:21)
build-and-test	Run flutter test --coverage	2025-07-30T14:31:19.5303051Z #1709   _WebSocketProtocolTransformer._messageFrameEnd (dart:_http/websocket_impl.dart:332:23)
build-and-test	Run flutter test --coverage	2025-07-30T14:31:19.5303992Z #1710   _WebSocketProtocolTransformer.add (dart:_http/websocket_impl.dart:226:46)
build-and-test	Run flutter test --coverage	2025-07-30T14:31:19.5304750Z #1718   _Socket._onData (dart:io-patch/socket_patch.dart:2455:41)
build-and-test	Run flutter test --coverage	2025-07-30T14:31:19.5305483Z #1725   new _RawSocket.<anonymous closure> (dart:io-patch/socket_patch.dart:1942:33)
build-and-test	Run flutter test --coverage	2025-07-30T14:31:19.5306634Z #1726   _NativeSocket.issueReadEvent.issue (dart:io-patch/socket_patch.dart:1385:14)
build-and-test	Run flutter test --coverage	2025-07-30T14:31:19.5307410Z (elided 108 frames from dart:async and package:stack_trace)
build-and-test	Run flutter test --coverage	2025-07-30T14:31:19.5307796Z 
build-and-test	Run flutter test --coverage	2025-07-30T14:31:19.5308478Z ════════════════════════════════════════════════════════════════════════════════════════════════════
build-and-test	Run flutter test --coverage	2025-07-30T14:31:19.5309023Z Test failed. See exception logs above.
build-and-test	Run flutter test --coverage	2025-07-30T14:31:19.5309598Z The test description was: does not show app logo for business users
build-and-test	Run flutter test --coverage	2025-07-30T14:31:19.5310027Z 
build-and-test	Run flutter test --coverage	2025-07-30T14:31:19.5310438Z ##[endgroup]
build-and-test	Run flutter test --coverage	2025-07-30T14:31:19.5793434Z ##[group]❌ /home/runner/work/appoint/appoint/test/features/business/REDACTED_TOKEN.dart: Unified BusinessDashboardScreen studio bookings section shows empty state correctly (failed)
build-and-test	Run flutter test --coverage	2025-07-30T14:31:19.5796465Z ══╡ EXCEPTION CAUGHT BY WIDGETS LIBRARY ╞═══════════════════════════════════════════════════════════
build-and-test	Run flutter test --coverage	2025-07-30T14:31:19.5799388Z The following FirebaseException was thrown building BusinessDashboardScreen(dirty, dependencies:
build-and-test	Run flutter test --coverage	2025-07-30T14:31:19.5800665Z [UncontrolledProviderScope], state: _ConsumerState#cf2c5):
build-and-test	Run flutter test --coverage	2025-07-30T14:31:19.5801446Z [core/no-app] No Firebase App '[DEFAULT]' has been created - call Firebase.initializeApp()
build-and-test	Run flutter test --coverage	2025-07-30T14:31:19.5802150Z 
build-and-test	Run flutter test --coverage	2025-07-30T14:31:19.5802317Z The relevant error-causing widget was:
build-and-test	Run flutter test --coverage	2025-07-30T14:31:19.5802738Z   BusinessDashboardScreen
build-and-test	Run flutter test --coverage	2025-07-30T14:31:19.5803755Z   BusinessDashboardScreen:file:///home/runner/work/appoint/appoint/test/features/business/REDACTED_TOKEN.dart:195:19
build-and-test	Run flutter test --coverage	2025-07-30T14:31:19.5804611Z 
build-and-test	Run flutter test --coverage	2025-07-30T14:31:19.5804735Z When the exception was thrown, this was the stack:
build-and-test	Run flutter test --coverage	2025-07-30T14:31:19.5805219Z #1      _ProviderStateSubscription.read (package:riverpod/src/framework/provider_base.dart:181:28)
build-and-test	Run flutter test --coverage	2025-07-30T14:31:19.5805809Z #2      ConsumerStatefulElement.watch (package:flutter_riverpod/src/consumer.dart:568:8)
build-and-test	Run flutter test --coverage	2025-07-30T14:31:19.5806456Z #3      BusinessDashboardScreen.build (package:appoint/features/business/screens/business_dashboard_screen.dart:17:33)
build-and-test	Run flutter test --coverage	2025-07-30T14:31:19.5807093Z #4      _ConsumerState.build (package:flutter_riverpod/src/consumer.dart:476:19)
build-and-test	Run flutter test --coverage	2025-07-30T14:31:19.5807559Z #5      StatefulElement.build (package:flutter/src/widgets/framework.dart:5743:27)
build-and-test	Run flutter test --coverage	2025-07-30T14:31:19.5808056Z #6      ConsumerStatefulElement.build (package:flutter_riverpod/src/consumer.dart:539:20)
build-and-test	Run flutter test --coverage	2025-07-30T14:31:19.5808872Z #7      ComponentElement.performRebuild (package:flutter/src/widgets/framework.dart:5631:15)
build-and-test	Run flutter test --coverage	2025-07-30T14:31:19.5809429Z #8      StatefulElement.performRebuild (package:flutter/src/widgets/framework.dart:5794:11)
build-and-test	Run flutter test --coverage	2025-07-30T14:31:19.5809915Z #9      Element.rebuild (package:flutter/src/widgets/framework.dart:5347:7)
build-and-test	Run flutter test --coverage	2025-07-30T14:31:19.5810386Z #10     ComponentElement._firstBuild (package:flutter/src/widgets/framework.dart:5613:5)
build-and-test	Run flutter test --coverage	2025-07-30T14:31:19.5810902Z #11     StatefulElement._firstBuild (package:flutter/src/widgets/framework.dart:5785:11)
build-and-test	Run flutter test --coverage	2025-07-30T14:31:19.5811395Z #12     ComponentElement.mount (package:flutter/src/widgets/framework.dart:5607:5)
build-and-test	Run flutter test --coverage	2025-07-30T14:31:19.5811987Z ...     Normal element mounting (228 frames)
build-and-test	Run flutter test --coverage	2025-07-30T14:31:19.5812374Z #240    Element.inflateWidget (package:flutter/src/widgets/framework.dart:4480:16)
build-and-test	Run flutter test --coverage	2025-07-30T14:31:19.5812947Z #241    MultiChildRenderObjectElement.inflateWidget (package:flutter/src/widgets/framework.dart:7049:36)
build-and-test	Run flutter test --coverage	2025-07-30T14:31:19.5813586Z #242    MultiChildRenderObjectElement.mount (package:flutter/src/widgets/framework.dart:7061:32)
build-and-test	Run flutter test --coverage	2025-07-30T14:31:19.5814112Z ...     Normal element mounting (463 frames)
build-and-test	Run flutter test --coverage	2025-07-30T14:31:19.5814905Z #705    REDACTED_TOKEN.mount (package:flutter_riverpod/src/framework.dart:315:11)
build-and-test	Run flutter test --coverage	2025-07-30T14:31:19.5816033Z ...     Normal element mounting (9 frames)
build-and-test	Run flutter test --coverage	2025-07-30T14:31:19.5816420Z #714    Element.inflateWidget (package:flutter/src/widgets/framework.dart:4480:16)
build-and-test	Run flutter test --coverage	2025-07-30T14:31:19.5816896Z #715    Element.updateChild (package:flutter/src/widgets/framework.dart:3957:20)
build-and-test	Run flutter test --coverage	2025-07-30T14:31:19.5817419Z #716    ComponentElement.performRebuild (package:flutter/src/widgets/framework.dart:5656:16)
build-and-test	Run flutter test --coverage	2025-07-30T14:31:19.5817925Z #717    Element.rebuild (package:flutter/src/widgets/framework.dart:5347:7)
build-and-test	Run flutter test --coverage	2025-07-30T14:31:19.5818376Z #718    ProxyElement.update (package:flutter/src/widgets/framework.dart:5960:5)
build-and-test	Run flutter test --coverage	2025-07-30T14:31:19.5818920Z #719    _InheritedNotifierElement.update (package:flutter/src/widgets/inherited_notifier.dart:112:11)
build-and-test	Run flutter test --coverage	2025-07-30T14:31:19.5819764Z #720    Element.updateChild (package:flutter/src/widgets/framework.dart:3941:15)
build-and-test	Run flutter test --coverage	2025-07-30T14:31:19.5820305Z #721    ComponentElement.performRebuild (package:flutter/src/widgets/framework.dart:5656:16)
build-and-test	Run flutter test --coverage	2025-07-30T14:31:19.5820886Z #722    StatefulElement.performRebuild (package:flutter/src/widgets/framework.dart:5794:11)
build-and-test	Run flutter test --coverage	2025-07-30T14:31:19.5821372Z #723    Element.rebuild (package:flutter/src/widgets/framework.dart:5347:7)
build-and-test	Run flutter test --coverage	2025-07-30T14:31:19.5821946Z #724    StatefulElement.update (package:flutter/src/widgets/framework.dart:5817:5)
build-and-test	Run flutter test --coverage	2025-07-30T14:31:19.5822580Z #725    Element.updateChild (package:flutter/src/widgets/framework.dart:3941:15)
build-and-test	Run flutter test --coverage	2025-07-30T14:31:19.5823082Z #726    ComponentElement.performRebuild (package:flutter/src/widgets/framework.dart:5656:16)
build-and-test	Run flutter test --coverage	2025-07-30T14:31:19.5823572Z #727    Element.rebuild (package:flutter/src/widgets/framework.dart:5347:7)
build-and-test	Run flutter test --coverage	2025-07-30T14:31:19.5824009Z #728    ProxyElement.update (package:flutter/src/widgets/framework.dart:5960:5)
build-and-test	Run flutter test --coverage	2025-07-30T14:31:19.5824545Z #729    _InheritedNotifierElement.update (package:flutter/src/widgets/inherited_notifier.dart:112:11)
build-and-test	Run flutter test --coverage	2025-07-30T14:31:19.5825074Z #730    Element.updateChild (package:flutter/src/widgets/framework.dart:3941:15)
build-and-test	Run flutter test --coverage	2025-07-30T14:31:19.5825584Z #731    ComponentElement.performRebuild (package:flutter/src/widgets/framework.dart:5656:16)
build-and-test	Run flutter test --coverage	2025-07-30T14:31:19.5826132Z #732    StatefulElement.performRebuild (package:flutter/src/widgets/framework.dart:5794:11)
build-and-test	Run flutter test --coverage	2025-07-30T14:31:19.5826615Z #733    Element.rebuild (package:flutter/src/widgets/framework.dart:5347:7)
build-and-test	Run flutter test --coverage	2025-07-30T14:31:19.5827069Z #734    StatefulElement.update (package:flutter/src/widgets/framework.dart:5817:5)
build-and-test	Run flutter test --coverage	2025-07-30T14:31:19.5827530Z #735    Element.updateChild (package:flutter/src/widgets/framework.dart:3941:15)
build-and-test	Run flutter test --coverage	2025-07-30T14:31:19.5828030Z #736    ComponentElement.performRebuild (package:flutter/src/widgets/framework.dart:5656:16)
build-and-test	Run flutter test --coverage	2025-07-30T14:31:19.5828571Z #737    StatefulElement.performRebuild (package:flutter/src/widgets/framework.dart:5794:11)
build-and-test	Run flutter test --coverage	2025-07-30T14:31:19.5829048Z #738    Element.rebuild (package:flutter/src/widgets/framework.dart:5347:7)
build-and-test	Run flutter test --coverage	2025-07-30T14:31:19.5829494Z #739    StatefulElement.update (package:flutter/src/widgets/framework.dart:5817:5)
build-and-test	Run flutter test --coverage	2025-07-30T14:31:19.5829993Z #740    Element.updateChild (package:flutter/src/widgets/framework.dart:3941:15)
build-and-test	Run flutter test --coverage	2025-07-30T14:31:19.5830657Z #741    ComponentElement.performRebuild (package:flutter/src/widgets/framework.dart:5656:16)
build-and-test	Run flutter test --coverage	2025-07-30T14:31:19.5831168Z #742    Element.rebuild (package:flutter/src/widgets/framework.dart:5347:7)
build-and-test	Run flutter test --coverage	2025-07-30T14:31:19.5831745Z #743    ProxyElement.update (package:flutter/src/widgets/framework.dart:5960:5)
build-and-test	Run flutter test --coverage	2025-07-30T14:31:19.5832205Z #744    Element.updateChild (package:flutter/src/widgets/framework.dart:3941:15)
build-and-test	Run flutter test --coverage	2025-07-30T14:31:19.5832697Z #745    ComponentElement.performRebuild (package:flutter/src/widgets/framework.dart:5656:16)
build-and-test	Run flutter test --coverage	2025-07-30T14:31:19.5833241Z #746    StatefulElement.performRebuild (package:flutter/src/widgets/framework.dart:5794:11)
build-and-test	Run flutter test --coverage	2025-07-30T14:31:19.5833715Z #747    Element.rebuild (package:flutter/src/widgets/framework.dart:5347:7)
build-and-test	Run flutter test --coverage	2025-07-30T14:31:19.5834161Z #748    StatefulElement.update (package:flutter/src/widgets/framework.dart:5817:5)
build-and-test	Run flutter test --coverage	2025-07-30T14:31:19.5835125Z #749    Element.updateChild (package:flutter/src/widgets/framework.dart:3941:15)
build-and-test	Run flutter test --coverage	2025-07-30T14:31:19.5836003Z #750    ComponentElement.performRebuild (package:flutter/src/widgets/framework.dart:5656:16)
build-and-test	Run flutter test --coverage	2025-07-30T14:31:19.5836896Z #751    Element.rebuild (package:flutter/src/widgets/framework.dart:5347:7)
build-and-test	Run flutter test --coverage	2025-07-30T14:31:19.5837699Z #752    ProxyElement.update (package:flutter/src/widgets/framework.dart:5960:5)
build-and-test	Run flutter test --coverage	2025-07-30T14:31:19.5838541Z #753    Element.updateChild (package:flutter/src/widgets/framework.dart:3941:15)
build-and-test	Run flutter test --coverage	2025-07-30T14:31:19.5839519Z #754    ComponentElement.performRebuild (package:flutter/src/widgets/framework.dart:5656:16)
build-and-test	Run flutter test --coverage	2025-07-30T14:31:19.5840454Z #755    Element.rebuild (package:flutter/src/widgets/framework.dart:5347:7)
build-and-test	Run flutter test --coverage	2025-07-30T14:31:19.5841306Z #756    ProxyElement.update (package:flutter/src/widgets/framework.dart:5960:5)
build-and-test	Run flutter test --coverage	2025-07-30T14:31:19.5842303Z #757    Element.updateChild (package:flutter/src/widgets/framework.dart:3941:15)
build-and-test	Run flutter test --coverage	2025-07-30T14:31:19.5843213Z #758    _RawViewElement._updateChild (package:flutter/src/widgets/view.dart:465:16)
build-and-test	Run flutter test --coverage	2025-07-30T14:31:19.5844085Z #759    _RawViewElement.update (package:flutter/src/widgets/view.dart:552:5)
build-and-test	Run flutter test --coverage	2025-07-30T14:31:19.5844942Z #760    Element.updateChild (package:flutter/src/widgets/framework.dart:3941:15)
build-and-test	Run flutter test --coverage	2025-07-30T14:31:19.5846112Z #761    ComponentElement.performRebuild (package:flutter/src/widgets/framework.dart:5656:16)
build-and-test	Run flutter test --coverage	2025-07-30T14:31:19.5847013Z #762    Element.rebuild (package:flutter/src/widgets/framework.dart:5347:7)
build-and-test	Run flutter test --coverage	2025-07-30T14:31:19.5847840Z #763    StatelessElement.update (package:flutter/src/widgets/framework.dart:5707:5)
build-and-test	Run flutter test --coverage	2025-07-30T14:31:19.5848716Z #764    Element.updateChild (package:flutter/src/widgets/framework.dart:3941:15)
build-and-test	Run flutter test --coverage	2025-07-30T14:31:19.5849660Z #765    ComponentElement.performRebuild (package:flutter/src/widgets/framework.dart:5656:16)
build-and-test	Run flutter test --coverage	2025-07-30T14:31:19.5850671Z #766    StatefulElement.performRebuild (package:flutter/src/widgets/framework.dart:5794:11)
build-and-test	Run flutter test --coverage	2025-07-30T14:31:19.5851770Z #767    Element.rebuild (package:flutter/src/widgets/framework.dart:5347:7)
build-and-test	Run flutter test --coverage	2025-07-30T14:31:19.5852621Z #768    StatefulElement.update (package:flutter/src/widgets/framework.dart:5817:5)
build-and-test	Run flutter test --coverage	2025-07-30T14:31:19.5853491Z #769    Element.updateChild (package:flutter/src/widgets/framework.dart:3941:15)
build-and-test	Run flutter test --coverage	2025-07-30T14:31:19.5854377Z #770    RootElement._rebuild (package:flutter/src/widgets/binding.dart:1636:16)
build-and-test	Run flutter test --coverage	2025-07-30T14:31:19.5855076Z #771    RootElement.update (package:flutter/src/widgets/binding.dart:1614:5)
build-and-test	Run flutter test --coverage	2025-07-30T14:31:19.5855592Z #772    RootElement.performRebuild (package:flutter/src/widgets/binding.dart:1628:7)
build-and-test	Run flutter test --coverage	2025-07-30T14:31:19.5856058Z #773    Element.rebuild (package:flutter/src/widgets/framework.dart:5347:7)
build-and-test	Run flutter test --coverage	2025-07-30T14:31:19.5856513Z #774    BuildScope._tryRebuild (package:flutter/src/widgets/framework.dart:2694:15)
build-and-test	Run flutter test --coverage	2025-07-30T14:31:19.5857015Z #775    BuildScope._flushDirtyElements (package:flutter/src/widgets/framework.dart:2753:11)
build-and-test	Run flutter test --coverage	2025-07-30T14:31:19.5857521Z #776    BuildOwner.buildScope (package:flutter/src/widgets/framework.dart:3048:18)
build-and-test	Run flutter test --coverage	2025-07-30T14:31:19.5858098Z #777    REDACTED_TOKEN.drawFrame (package:flutter_test/src/binding.dart:1428:19)
build-and-test	Run flutter test --coverage	2025-07-30T14:31:19.5858772Z #778    RendererBinding._handlePersistentFrameCallback (package:flutter/src/rendering/binding.dart:475:5)
build-and-test	Run flutter test --coverage	2025-07-30T14:31:19.5859402Z #779    SchedulerBinding._invokeFrameCallback (package:flutter/src/scheduler/binding.dart:1397:15)
build-and-test	Run flutter test --coverage	2025-07-30T14:31:19.5859974Z #780    SchedulerBinding.handleDrawFrame (package:flutter/src/scheduler/binding.dart:1318:9)
build-and-test	Run flutter test --coverage	2025-07-30T14:31:19.5860619Z #781    REDACTED_TOKEN.pump.<anonymous closure> (package:flutter_test/src/binding.dart:1283:9)
build-and-test	Run flutter test --coverage	2025-07-30T14:31:19.5861222Z #784    TestAsyncUtils.guard (package:flutter_test/src/test_async_utils.dart:74:41)
build-and-test	Run flutter test --coverage	2025-07-30T14:31:19.5862024Z #785    REDACTED_TOKEN.pump (package:flutter_test/src/binding.dart:1270:27)
build-and-test	Run flutter test --coverage	2025-07-30T14:31:19.5862657Z #786    WidgetTester.pumpWidget.<anonymous closure> (package:flutter_test/src/widget_tester.dart:608:22)
build-and-test	Run flutter test --coverage	2025-07-30T14:31:19.5863568Z #789    TestAsyncUtils.guard (package:flutter_test/src/test_async_utils.dart:74:41)
build-and-test	Run flutter test --coverage	2025-07-30T14:31:19.5864069Z #790    WidgetTester.pumpWidget (package:flutter_test/src/widget_tester.dart:605:27)
build-and-test	Run flutter test --coverage	2025-07-30T14:31:19.5864876Z #791    main.<anonymous closure>.<anonymous closure> (file:///home/runner/work/appoint/appoint/test/features/business/REDACTED_TOKEN.dart:189:20)
build-and-test	Run flutter test --coverage	2025-07-30T14:31:19.5865742Z #792    testWidgets.<anonymous closure>.<anonymous closure> (package:flutter_test/src/widget_tester.dart:189:29)
build-and-test	Run flutter test --coverage	2025-07-30T14:31:19.5866365Z #793    TestWidgetsFlutterBinding._runTestBody (package:flutter_test/src/binding.dart:1027:5)
build-and-test	Run flutter test --coverage	2025-07-30T14:31:19.5867047Z #795    MethodChannelFirebase.app (package:REDACTED_TOKEN/src/method_channel/method_channel_firebase.dart:192:5)
build-and-test	Run flutter test --coverage	2025-07-30T14:31:19.5867643Z #796    Firebase.app (package:firebase_core/src/firebase.dart:79:41)
build-and-test	Run flutter test --coverage	2025-07-30T14:31:19.5868079Z #797    FirebaseAuth.instance (package:firebase_auth/src/firebase_auth.dart:38:47)
build-and-test	Run flutter test --coverage	2025-07-30T14:31:19.5868700Z #798    new BusinessProfileService (package:appoint/features/studio_business/services/business_profile_service.dart:8:37)
build-and-test	Run flutter test --coverage	2025-07-30T14:31:19.5869469Z #799    new BusinessProfileNotifier (package:appoint/features/studio_business/providers/business_profile_provider.dart:15:20)
build-and-test	Run flutter test --coverage	2025-07-30T14:31:19.5870429Z #800    businessProfileProvider.<anonymous closure> (package:appoint/features/studio_business/providers/business_profile_provider.dart:7:12)
build-and-test	Run flutter test --coverage	2025-07-30T14:31:19.5871131Z #801    ProviderContainer.listen (package:riverpod/src/framework/container.dart:280:21)
build-and-test	Run flutter test --coverage	2025-07-30T14:31:19.5871855Z #802    ConsumerStatefulElement.watch.<anonymous closure> (package:flutter_riverpod/src/consumer.dart:564:25)
build-and-test	Run flutter test --coverage	2025-07-30T14:31:19.5872408Z #803    _LinkedHashMapMixin.putIfAbsent (dart:_compact_hash:636:23)
build-and-test	Run flutter test --coverage	2025-07-30T14:31:19.5872903Z #804    ConsumerStatefulElement.watch (package:flutter_riverpod/src/consumer.dart:557:26)
build-and-test	Run flutter test --coverage	2025-07-30T14:31:19.5873555Z #805    BusinessDashboardScreen.build (package:appoint/features/business/screens/business_dashboard_screen.dart:17:33)
build-and-test	Run flutter test --coverage	2025-07-30T14:31:19.5874353Z #806    _ConsumerState.build (package:flutter_riverpod/src/consumer.dart:476:19)
build-and-test	Run flutter test --coverage	2025-07-30T14:31:19.5874827Z #807    StatefulElement.build (package:flutter/src/widgets/framework.dart:5743:27)
build-and-test	Run flutter test --coverage	2025-07-30T14:31:19.5875331Z #808    ConsumerStatefulElement.build (package:flutter_riverpod/src/consumer.dart:539:20)
build-and-test	Run flutter test --coverage	2025-07-30T14:31:19.5875882Z #809    ComponentElement.performRebuild (package:flutter/src/widgets/framework.dart:5631:15)
build-and-test	Run flutter test --coverage	2025-07-30T14:31:19.5876432Z #810    StatefulElement.performRebuild (package:flutter/src/widgets/framework.dart:5794:11)
build-and-test	Run flutter test --coverage	2025-07-30T14:31:19.5876923Z #811    Element.rebuild (package:flutter/src/widgets/framework.dart:5347:7)
build-and-test	Run flutter test --coverage	2025-07-30T14:31:19.5877392Z #812    ComponentElement._firstBuild (package:flutter/src/widgets/framework.dart:5613:5)
build-and-test	Run flutter test --coverage	2025-07-30T14:31:19.5877902Z #813    StatefulElement._firstBuild (package:flutter/src/widgets/framework.dart:5785:11)
build-and-test	Run flutter test --coverage	2025-07-30T14:31:19.5878395Z #814    ComponentElement.mount (package:flutter/src/widgets/framework.dart:5607:5)
build-and-test	Run flutter test --coverage	2025-07-30T14:31:19.5878766Z ...     Normal element mounting (228 frames)
build-and-test	Run flutter test --coverage	2025-07-30T14:31:19.5879137Z #1042   Element.inflateWidget (package:flutter/src/widgets/framework.dart:4480:16)
build-and-test	Run flutter test --coverage	2025-07-30T14:31:19.5879710Z #1043   MultiChildRenderObjectElement.inflateWidget (package:flutter/src/widgets/framework.dart:7049:36)
build-and-test	Run flutter test --coverage	2025-07-30T14:31:19.5880345Z #1044   MultiChildRenderObjectElement.mount (package:flutter/src/widgets/framework.dart:7061:32)
build-and-test	Run flutter test --coverage	2025-07-30T14:31:19.5880774Z ...     Normal element mounting (463 frames)
build-and-test	Run flutter test --coverage	2025-07-30T14:31:19.5881210Z #1507   REDACTED_TOKEN.mount (package:flutter_riverpod/src/framework.dart:315:11)
build-and-test	Run flutter test --coverage	2025-07-30T14:31:19.5881756Z ...     Normal element mounting (9 frames)
build-and-test	Run flutter test --coverage	2025-07-30T14:31:19.5882117Z #1516   Element.inflateWidget (package:flutter/src/widgets/framework.dart:4480:16)
build-and-test	Run flutter test --coverage	2025-07-30T14:31:19.5882718Z #1517   Element.updateChild (package:flutter/src/widgets/framework.dart:3957:20)
build-and-test	Run flutter test --coverage	2025-07-30T14:31:19.5883225Z #1518   ComponentElement.performRebuild (package:flutter/src/widgets/framework.dart:5656:16)
build-and-test	Run flutter test --coverage	2025-07-30T14:31:19.5883724Z #1519   Element.rebuild (package:flutter/src/widgets/framework.dart:5347:7)
build-and-test	Run flutter test --coverage	2025-07-30T14:31:19.5884181Z #1520   ProxyElement.update (package:flutter/src/widgets/framework.dart:5960:5)
build-and-test	Run flutter test --coverage	2025-07-30T14:31:19.5884902Z #1521   _InheritedNotifierElement.update (package:flutter/src/widgets/inherited_notifier.dart:112:11)
build-and-test	Run flutter test --coverage	2025-07-30T14:31:19.5885460Z #1522   Element.updateChild (package:flutter/src/widgets/framework.dart:3941:15)
build-and-test	Run flutter test --coverage	2025-07-30T14:31:19.5885979Z #1523   ComponentElement.performRebuild (package:flutter/src/widgets/framework.dart:5656:16)
build-and-test	Run flutter test --coverage	2025-07-30T14:31:19.5886548Z #1524   StatefulElement.performRebuild (package:flutter/src/widgets/framework.dart:5794:11)
build-and-test	Run flutter test --coverage	2025-07-30T14:31:19.5887044Z #1525   Element.rebuild (package:flutter/src/widgets/framework.dart:5347:7)
build-and-test	Run flutter test --coverage	2025-07-30T14:31:19.5887559Z #1526   StatefulElement.update (package:flutter/src/widgets/framework.dart:5817:5)
build-and-test	Run flutter test --coverage	2025-07-30T14:31:19.5888037Z #1527   Element.updateChild (package:flutter/src/widgets/framework.dart:3941:15)
build-and-test	Run flutter test --coverage	2025-07-30T14:31:19.5888549Z #1528   ComponentElement.performRebuild (package:flutter/src/widgets/framework.dart:5656:16)
build-and-test	Run flutter test --coverage	2025-07-30T14:31:19.5889216Z #1529   Element.rebuild (package:flutter/src/widgets/framework.dart:5347:7)
build-and-test	Run flutter test --coverage	2025-07-30T14:31:19.5889666Z #1530   ProxyElement.update (package:flutter/src/widgets/framework.dart:5960:5)
build-and-test	Run flutter test --coverage	2025-07-30T14:31:19.5890308Z #1531   _InheritedNotifierElement.update (package:flutter/src/widgets/inherited_notifier.dart:112:11)
build-and-test	Run flutter test --coverage	2025-07-30T14:31:19.5891368Z #1532   Element.updateChild (package:flutter/src/widgets/framework.dart:3941:15)
build-and-test	Run flutter test --coverage	2025-07-30T14:31:19.5892540Z #1533   ComponentElement.performRebuild (package:flutter/src/widgets/framework.dart:5656:16)
build-and-test	Run flutter test --coverage	2025-07-30T14:31:19.5893636Z #1534   StatefulElement.performRebuild (package:flutter/src/widgets/framework.dart:5794:11)
build-and-test	Run flutter test --coverage	2025-07-30T14:31:19.5894561Z #1535   Element.rebuild (package:flutter/src/widgets/framework.dart:5347:7)
build-and-test	Run flutter test --coverage	2025-07-30T14:31:19.5895366Z #1536   StatefulElement.update (package:flutter/src/widgets/framework.dart:5817:5)
build-and-test	Run flutter test --coverage	2025-07-30T14:31:19.5896181Z #1537   Element.updateChild (package:flutter/src/widgets/framework.dart:3941:15)
build-and-test	Run flutter test --coverage	2025-07-30T14:31:19.5897055Z #1538   ComponentElement.performRebuild (package:flutter/src/widgets/framework.dart:5656:16)
build-and-test	Run flutter test --coverage	2025-07-30T14:31:19.5897995Z #1539   StatefulElement.performRebuild (package:flutter/src/widgets/framework.dart:5794:11)
build-and-test	Run flutter test --coverage	2025-07-30T14:31:19.5898892Z #1540   Element.rebuild (package:flutter/src/widgets/framework.dart:5347:7)
build-and-test	Run flutter test --coverage	2025-07-30T14:31:19.5899801Z #1541   StatefulElement.update (package:flutter/src/widgets/framework.dart:5817:5)
build-and-test	Run flutter test --coverage	2025-07-30T14:31:19.5900758Z #1542   Element.updateChild (package:flutter/src/widgets/framework.dart:3941:15)
build-and-test	Run flutter test --coverage	2025-07-30T14:31:19.5901933Z #1543   ComponentElement.performRebuild (package:flutter/src/widgets/framework.dart:5656:16)
build-and-test	Run flutter test --coverage	2025-07-30T14:31:19.5902905Z #1544   Element.rebuild (package:flutter/src/widgets/framework.dart:5347:7)
build-and-test	Run flutter test --coverage	2025-07-30T14:31:19.5903741Z #1545   ProxyElement.update (package:flutter/src/widgets/framework.dart:5960:5)
build-and-test	Run flutter test --coverage	2025-07-30T14:31:19.5904611Z #1546   Element.updateChild (package:flutter/src/widgets/framework.dart:3941:15)
build-and-test	Run flutter test --coverage	2025-07-30T14:31:19.5905590Z #1547   ComponentElement.performRebuild (package:flutter/src/widgets/framework.dart:5656:16)
build-and-test	Run flutter test --coverage	2025-07-30T14:31:19.5906668Z #1548   StatefulElement.performRebuild (package:flutter/src/widgets/framework.dart:5794:11)
build-and-test	Run flutter test --coverage	2025-07-30T14:31:19.5907613Z #1549   Element.rebuild (package:flutter/src/widgets/framework.dart:5347:7)
build-and-test	Run flutter test --coverage	2025-07-30T14:31:19.5908510Z #1550   StatefulElement.update (package:flutter/src/widgets/framework.dart:5817:5)
build-and-test	Run flutter test --coverage	2025-07-30T14:31:19.5909440Z #1551   Element.updateChild (package:flutter/src/widgets/framework.dart:3941:15)
build-and-test	Run flutter test --coverage	2025-07-30T14:31:19.5910441Z #1552   ComponentElement.performRebuild (package:flutter/src/widgets/framework.dart:5656:16)
build-and-test	Run flutter test --coverage	2025-07-30T14:31:19.5911849Z #1553   Element.rebuild (package:flutter/src/widgets/framework.dart:5347:7)
build-and-test	Run flutter test --coverage	2025-07-30T14:31:19.5912733Z #1554   ProxyElement.update (package:flutter/src/widgets/framework.dart:5960:5)
build-and-test	Run flutter test --coverage	2025-07-30T14:31:19.5913434Z #1555   Element.updateChild (package:flutter/src/widgets/framework.dart:3941:15)
build-and-test	Run flutter test --coverage	2025-07-30T14:31:19.5913981Z #1556   ComponentElement.performRebuild (package:flutter/src/widgets/framework.dart:5656:16)
build-and-test	Run flutter test --coverage	2025-07-30T14:31:19.5914494Z #1557   Element.rebuild (package:flutter/src/widgets/framework.dart:5347:7)
build-and-test	Run flutter test --coverage	2025-07-30T14:31:19.5914948Z #1558   ProxyElement.update (package:flutter/src/widgets/framework.dart:5960:5)
build-and-test	Run flutter test --coverage	2025-07-30T14:31:19.5915457Z #1559   Element.updateChild (package:flutter/src/widgets/framework.dart:3941:15)
build-and-test	Run flutter test --coverage	2025-07-30T14:31:19.5915924Z #1560   _RawViewElement._updateChild (package:flutter/src/widgets/view.dart:465:16)
build-and-test	Run flutter test --coverage	2025-07-30T14:31:19.5916402Z #1561   _RawViewElement.update (package:flutter/src/widgets/view.dart:552:5)
build-and-test	Run flutter test --coverage	2025-07-30T14:31:19.5916861Z #1562   Element.updateChild (package:flutter/src/widgets/framework.dart:3941:15)
build-and-test	Run flutter test --coverage	2025-07-30T14:31:19.5917541Z #1563   ComponentElement.performRebuild (package:flutter/src/widgets/framework.dart:5656:16)
build-and-test	Run flutter test --coverage	2025-07-30T14:31:19.5918098Z #1564   Element.rebuild (package:flutter/src/widgets/framework.dart:5347:7)
build-and-test	Run flutter test --coverage	2025-07-30T14:31:19.5918737Z #1565   StatelessElement.update (package:flutter/src/widgets/framework.dart:5707:5)
build-and-test	Run flutter test --coverage	2025-07-30T14:31:19.5919214Z #1566   Element.updateChild (package:flutter/src/widgets/framework.dart:3941:15)
build-and-test	Run flutter test --coverage	2025-07-30T14:31:19.5919717Z #1567   ComponentElement.performRebuild (package:flutter/src/widgets/framework.dart:5656:16)
build-and-test	Run flutter test --coverage	2025-07-30T14:31:19.5920276Z #1568   StatefulElement.performRebuild (package:flutter/src/widgets/framework.dart:5794:11)
build-and-test	Run flutter test --coverage	2025-07-30T14:31:19.5920767Z #1569   Element.rebuild (package:flutter/src/widgets/framework.dart:5347:7)
build-and-test	Run flutter test --coverage	2025-07-30T14:31:19.5921219Z #1570   StatefulElement.update (package:flutter/src/widgets/framework.dart:5817:5)
build-and-test	Run flutter test --coverage	2025-07-30T14:31:19.5921922Z #1571   Element.updateChild (package:flutter/src/widgets/framework.dart:3941:15)
build-and-test	Run flutter test --coverage	2025-07-30T14:31:19.5922375Z #1572   RootElement._rebuild (package:flutter/src/widgets/binding.dart:1636:16)
build-and-test	Run flutter test --coverage	2025-07-30T14:31:19.5922823Z #1573   RootElement.update (package:flutter/src/widgets/binding.dart:1614:5)
build-and-test	Run flutter test --coverage	2025-07-30T14:31:19.5923298Z #1574   RootElement.performRebuild (package:flutter/src/widgets/binding.dart:1628:7)
build-and-test	Run flutter test --coverage	2025-07-30T14:31:19.5923770Z #1575   Element.rebuild (package:flutter/src/widgets/framework.dart:5347:7)
build-and-test	Run flutter test --coverage	2025-07-30T14:31:19.5924221Z #1576   BuildScope._tryRebuild (package:flutter/src/widgets/framework.dart:2694:15)
build-and-test	Run flutter test --coverage	2025-07-30T14:31:19.5924720Z #1577   BuildScope._flushDirtyElements (package:flutter/src/widgets/framework.dart:2753:11)
build-and-test	Run flutter test --coverage	2025-07-30T14:31:19.5925229Z #1578   BuildOwner.buildScope (package:flutter/src/widgets/framework.dart:3048:18)
build-and-test	Run flutter test --coverage	2025-07-30T14:31:19.5925793Z #1579   REDACTED_TOKEN.drawFrame (package:flutter_test/src/binding.dart:1428:19)
build-and-test	Run flutter test --coverage	2025-07-30T14:31:19.5926473Z #1580   RendererBinding._handlePersistentFrameCallback (package:flutter/src/rendering/binding.dart:475:5)
build-and-test	Run flutter test --coverage	2025-07-30T14:31:19.5927110Z #1581   SchedulerBinding._invokeFrameCallback (package:flutter/src/scheduler/binding.dart:1397:15)
build-and-test	Run flutter test --coverage	2025-07-30T14:31:19.5927687Z #1582   SchedulerBinding.handleDrawFrame (package:flutter/src/scheduler/binding.dart:1318:9)
build-and-test	Run flutter test --coverage	2025-07-30T14:31:19.5928511Z #1583   REDACTED_TOKEN.pump.<anonymous closure> (package:flutter_test/src/binding.dart:1283:9)
build-and-test	Run flutter test --coverage	2025-07-30T14:31:19.5929121Z #1586   TestAsyncUtils.guard (package:flutter_test/src/test_async_utils.dart:74:41)
build-and-test	Run flutter test --coverage	2025-07-30T14:31:19.5929667Z #1587   REDACTED_TOKEN.pump (package:flutter_test/src/binding.dart:1270:27)
build-and-test	Run flutter test --coverage	2025-07-30T14:31:19.5930284Z #1588   WidgetTester.pumpWidget.<anonymous closure> (package:flutter_test/src/widget_tester.dart:608:22)
build-and-test	Run flutter test --coverage	2025-07-30T14:31:19.5930828Z #1591   TestAsyncUtils.guard (package:flutter_test/src/test_async_utils.dart:74:41)
build-and-test	Run flutter test --coverage	2025-07-30T14:31:19.5931315Z #1592   WidgetTester.pumpWidget (package:flutter_test/src/widget_tester.dart:605:27)
build-and-test	Run flutter test --coverage	2025-07-30T14:31:19.5932439Z #1593   main.<anonymous closure>.<anonymous closure> (file:///home/runner/work/appoint/appoint/test/features/business/REDACTED_TOKEN.dart:189:20)
build-and-test	Run flutter test --coverage	2025-07-30T14:31:19.5933319Z #1594   testWidgets.<anonymous closure>.<anonymous closure> (package:flutter_test/src/widget_tester.dart:189:29)
build-and-test	Run flutter test --coverage	2025-07-30T14:31:19.5933977Z #1596   testWidgets.<anonymous closure>.<anonymous closure> (package:flutter_test/src/widget_tester.dart:186:25)
build-and-test	Run flutter test --coverage	2025-07-30T14:31:19.5934584Z #1597   TestWidgetsFlutterBinding._runTestBody (package:flutter_test/src/binding.dart:1027:19)
build-and-test	Run flutter test --coverage	2025-07-30T14:31:19.5935163Z #1599   TestWidgetsFlutterBinding._runTestBody (package:flutter_test/src/binding.dart:1016:5)
build-and-test	Run flutter test --coverage	2025-07-30T14:31:19.5935708Z #1602   TestWidgetsFlutterBinding._runTest (package:flutter_test/src/binding.dart:1005:14)
build-and-test	Run flutter test --coverage	2025-07-30T14:31:19.5936357Z #1603   REDACTED_TOKEN.runTest.<anonymous closure> (package:flutter_test/src/binding.dart:1485:24)
build-and-test	Run flutter test --coverage	2025-07-30T14:31:19.5937044Z #1604   FakeAsync.run.<anonymous closure>.<anonymous closure> (package:fake_async/fake_async.dart:182:54)
build-and-test	Run flutter test --coverage	2025-07-30T14:31:19.5937506Z #1609   withClock (package:clock/src/default.dart:52:10)
build-and-test	Run flutter test --coverage	2025-07-30T14:31:19.5938026Z #1610   FakeAsync.run.<anonymous closure> (package:fake_async/fake_async.dart:182:22)
build-and-test	Run flutter test --coverage	2025-07-30T14:31:19.5938451Z #1615   FakeAsync.run (package:fake_async/fake_async.dart:182:7)
build-and-test	Run flutter test --coverage	2025-07-30T14:31:19.5939118Z #1616   REDACTED_TOKEN.runTest (package:flutter_test/src/binding.dart:1482:15)
build-and-test	Run flutter test --coverage	2025-07-30T14:31:19.5939704Z #1617   testWidgets.<anonymous closure> (package:flutter_test/src/widget_tester.dart:181:24)
build-and-test	Run flutter test --coverage	2025-07-30T14:31:19.5940295Z #1618   Declarer.test.<anonymous closure>.<anonymous closure> (package:test_api/src/backend/declarer.dart:215:19)
build-and-test	Run flutter test --coverage	2025-07-30T14:31:19.5940949Z #1620   Declarer.test.<anonymous closure>.<anonymous closure> (package:test_api/src/backend/declarer.dart:214:9)
build-and-test	Run flutter test --coverage	2025-07-30T14:31:19.5941708Z #1625   Declarer.test.<anonymous closure> (package:test_api/src/backend/declarer.dart:213:13)
build-and-test	Run flutter test --coverage	2025-07-30T14:31:19.5942403Z #1626   Invoker._waitForOutstandingCallbacks.<anonymous closure> (package:test_api/src/backend/invoker.dart:258:17)
build-and-test	Run flutter test --coverage	2025-07-30T14:31:19.5943046Z #1631   Invoker._waitForOutstandingCallbacks (package:test_api/src/backend/invoker.dart:254:5)
build-and-test	Run flutter test --coverage	2025-07-30T14:31:19.5943727Z #1632   Invoker._onRun.<anonymous closure>.<anonymous closure>.<anonymous closure> (package:test_api/src/backend/invoker.dart:394:17)
build-and-test	Run flutter test --coverage	2025-07-30T14:31:19.5944496Z #1634   Invoker._onRun.<anonymous closure>.<anonymous closure>.<anonymous closure> (package:test_api/src/backend/invoker.dart:392:11)
build-and-test	Run flutter test --coverage	2025-07-30T14:31:19.5945187Z #1639   Invoker._onRun.<anonymous closure>.<anonymous closure> (package:test_api/src/backend/invoker.dart:383:9)
build-and-test	Run flutter test --coverage	2025-07-30T14:31:19.5945751Z #1640   Invoker._guardIfGuarded (package:test_api/src/backend/invoker.dart:426:15)
build-and-test	Run flutter test --coverage	2025-07-30T14:31:19.5946260Z #1641   Invoker._onRun.<anonymous closure> (package:test_api/src/backend/invoker.dart:382:7)
build-and-test	Run flutter test --coverage	2025-07-30T14:31:19.5946740Z #1648   Invoker._onRun (package:test_api/src/backend/invoker.dart:381:11)
build-and-test	Run flutter test --coverage	2025-07-30T14:31:19.5947232Z #1649   LiveTestController.run (package:test_api/src/backend/live_test_controller.dart:153:11)
build-and-test	Run flutter test --coverage	2025-07-30T14:31:19.5947854Z #1650   RemoteListener._runLiveTest.<anonymous closure> (package:test_api/src/backend/remote_listener.dart:273:16)
build-and-test	Run flutter test --coverage	2025-07-30T14:31:19.5948469Z #1655   RemoteListener._runLiveTest (package:test_api/src/backend/remote_listener.dart:272:5)
build-and-test	Run flutter test --coverage	2025-07-30T14:31:19.5949078Z #1656   RemoteListener._serializeTest.<anonymous closure> (package:test_api/src/backend/remote_listener.dart:220:7)
build-and-test	Run flutter test --coverage	2025-07-30T14:31:19.5949839Z #1674   _GuaranteeSink.add (package:stream_channel/src/guarantee_channel.dart:125:12)
build-and-test	Run flutter test --coverage	2025-07-30T14:31:19.5950378Z #1675   new _MultiChannel.<anonymous closure> (package:stream_channel/src/multi_channel.dart:159:31)
build-and-test	Run flutter test --coverage	2025-07-30T14:31:19.5950897Z #1677   CastStreamSubscription._onData (dart:_internal/async_cast.dart:85:11)
build-and-test	Run flutter test --coverage	2025-07-30T14:31:19.5951742Z #1703   new _WebSocketImpl._fromSocket.<anonymous closure> (dart:_http/websocket_impl.dart:1145:21)
build-and-test	Run flutter test --coverage	2025-07-30T14:31:19.5952332Z #1709   _WebSocketProtocolTransformer._messageFrameEnd (dart:_http/websocket_impl.dart:332:23)
build-and-test	Run flutter test --coverage	2025-07-30T14:31:19.5952883Z #1710   _WebSocketProtocolTransformer.add (dart:_http/websocket_impl.dart:226:46)
build-and-test	Run flutter test --coverage	2025-07-30T14:31:19.5953326Z #1718   _Socket._onData (dart:io-patch/socket_patch.dart:2455:41)
build-and-test	Run flutter test --coverage	2025-07-30T14:31:19.5953740Z #1725   new _RawSocket.<anonymous closure> (dart:io-patch/socket_patch.dart:1942:33)
build-and-test	Run flutter test --coverage	2025-07-30T14:31:19.5954229Z #1726   _NativeSocket.issueReadEvent.issue (dart:io-patch/socket_patch.dart:1385:14)
build-and-test	Run flutter test --coverage	2025-07-30T14:31:19.5954659Z (elided 108 frames from dart:async and package:stack_trace)
build-and-test	Run flutter test --coverage	2025-07-30T14:31:19.5954885Z 
build-and-test	Run flutter test --coverage	2025-07-30T14:31:19.5955241Z ════════════════════════════════════════════════════════════════════════════════════════════════════
build-and-test	Run flutter test --coverage	2025-07-30T14:31:19.5955787Z ══╡ EXCEPTION CAUGHT BY FLUTTER TEST FRAMEWORK ╞════════════════════════════════════════════════════
build-and-test	Run flutter test --coverage	2025-07-30T14:31:19.5956218Z The following TestFailure was thrown running a test:
build-and-test	Run flutter test --coverage	2025-07-30T14:31:19.5956514Z Expected: exactly one matching candidate
build-and-test	Run flutter test --coverage	2025-07-30T14:31:19.5956881Z   Actual: _TextWidgetFinder:<Found 0 widgets with text "No upcoming bookings": []>
build-and-test	Run flutter test --coverage	2025-07-30T14:31:19.5957424Z    Which: means none were found but one was expected
build-and-test	Run flutter test --coverage	2025-07-30T14:31:19.5957618Z 
build-and-test	Run flutter test --coverage	2025-07-30T14:31:19.5957729Z When the exception was thrown, this was the stack:
build-and-test	Run flutter test --coverage	2025-07-30T14:31:19.5958426Z #4      main.<anonymous closure>.<anonymous closure> (file:///home/runner/work/appoint/appoint/test/features/business/REDACTED_TOKEN.dart:203:7)
build-and-test	Run flutter test --coverage	2025-07-30T14:31:19.5959090Z <asynchronous suspension>
build-and-test	Run flutter test --coverage	2025-07-30T14:31:19.5959501Z #5      testWidgets.<anonymous closure>.<anonymous closure> (package:flutter_test/src/widget_tester.dart:189:15)
build-and-test	Run flutter test --coverage	2025-07-30T14:31:19.5959945Z <asynchronous suspension>
build-and-test	Run flutter test --coverage	2025-07-30T14:31:19.5960484Z #6      TestWidgetsFlutterBinding._runTestBody (package:flutter_test/src/binding.dart:1027:5)
build-and-test	Run flutter test --coverage	2025-07-30T14:31:19.5960919Z <asynchronous suspension>
build-and-test	Run flutter test --coverage	2025-07-30T14:31:19.5961118Z <asynchronous suspension>
build-and-test	Run flutter test --coverage	2025-07-30T14:31:19.5961223Z (elided one frame from package:stack_trace)
build-and-test	Run flutter test --coverage	2025-07-30T14:31:19.5961228Z 
build-and-test	Run flutter test --coverage	2025-07-30T14:31:19.5961378Z This was caught by the test expectation on the following line:
build-and-test	Run flutter test --coverage	2025-07-30T14:31:19.5961929Z   file:///home/runner/work/appoint/appoint/test/features/business/REDACTED_TOKEN.dart line 203
build-and-test	Run flutter test --coverage	2025-07-30T14:31:19.5962018Z The test description was:
build-and-test	Run flutter test --coverage	2025-07-30T14:31:19.5962136Z   studio bookings section shows empty state correctly
build-and-test	Run flutter test --coverage	2025-07-30T14:31:19.5962407Z ════════════════════════════════════════════════════════════════════════════════════════════════════
build-and-test	Run flutter test --coverage	2025-07-30T14:31:19.5962728Z ══╡ EXCEPTION CAUGHT BY FLUTTER TEST FRAMEWORK ╞════════════════════════════════════════════════════
build-and-test	Run flutter test --coverage	2025-07-30T14:31:19.5962812Z The following message was thrown:
build-and-test	Run flutter test --coverage	2025-07-30T14:31:19.5963065Z Multiple exceptions (2) were detected during the running of the current test, and at least one was
build-and-test	Run flutter test --coverage	2025-07-30T14:31:19.5963148Z unexpected.
build-and-test	Run flutter test --coverage	2025-07-30T14:31:19.5963388Z ════════════════════════════════════════════════════════════════════════════════════════════════════
build-and-test	Run flutter test --coverage	2025-07-30T14:31:19.5963480Z Test failed. See exception logs above.
build-and-test	Run flutter test --coverage	2025-07-30T14:31:19.5963682Z The test description was: studio bookings section shows empty state correctly
build-and-test	Run flutter test --coverage	2025-07-30T14:31:19.5963691Z 
build-and-test	Run flutter test --coverage	2025-07-30T14:31:19.5963948Z ##[endgroup]
build-and-test	Run flutter test --coverage	2025-07-30T14:31:19.6512974Z ##[group]❌ /home/runner/work/appoint/appoint/test/features/business/REDACTED_TOKEN.dart: Unified BusinessDashboardScreen Quick Actions Navigation studio user can access studio-specific routes (failed)
build-and-test	Run flutter test --coverage	2025-07-30T14:31:19.6513708Z ══╡ EXCEPTION CAUGHT BY WIDGETS LIBRARY ╞═══════════════════════════════════════════════════════════
build-and-test	Run flutter test --coverage	2025-07-30T14:31:19.6514195Z The following FirebaseException was thrown building BusinessDashboardScreen(dirty, dependencies:
build-and-test	Run flutter test --coverage	2025-07-30T14:31:19.6514848Z [UncontrolledProviderScope], state: _ConsumerState#a41cf):
build-and-test	Run flutter test --coverage	2025-07-30T14:31:19.6515239Z [core/no-app] No Firebase App '[DEFAULT]' has been created - call Firebase.initializeApp()
build-and-test	Run flutter test --coverage	2025-07-30T14:31:19.6515248Z 
build-and-test	Run flutter test --coverage	2025-07-30T14:31:19.6515410Z The relevant error-causing widget was:
build-and-test	Run flutter test --coverage	2025-07-30T14:31:19.6515736Z   BusinessDashboardScreen
build-and-test	Run flutter test --coverage	2025-07-30T14:31:19.6516543Z   BusinessDashboardScreen:file:///home/runner/work/appoint/appoint/test/features/business/REDACTED_TOKEN.dart:222:27
build-and-test	Run flutter test --coverage	2025-07-30T14:31:19.6516553Z 
build-and-test	Run flutter test --coverage	2025-07-30T14:31:19.6516741Z When the exception was thrown, this was the stack:
build-and-test	Run flutter test --coverage	2025-07-30T14:31:19.6517204Z #1      _ProviderStateSubscription.read (package:riverpod/src/framework/provider_base.dart:181:28)
build-and-test	Run flutter test --coverage	2025-07-30T14:31:19.6517600Z #2      ConsumerStatefulElement.watch (package:flutter_riverpod/src/consumer.dart:568:8)
build-and-test	Run flutter test --coverage	2025-07-30T14:31:19.6518196Z #3      BusinessDashboardScreen.build (package:appoint/features/business/screens/business_dashboard_screen.dart:17:33)
build-and-test	Run flutter test --coverage	2025-07-30T14:31:19.6518531Z #4      _ConsumerState.build (package:flutter_riverpod/src/consumer.dart:476:19)
build-and-test	Run flutter test --coverage	2025-07-30T14:31:19.6518865Z #5      StatefulElement.build (package:flutter/src/widgets/framework.dart:5743:27)
build-and-test	Run flutter test --coverage	2025-07-30T14:31:19.6519257Z #6      ConsumerStatefulElement.build (package:flutter_riverpod/src/consumer.dart:539:20)
build-and-test	Run flutter test --coverage	2025-07-30T14:31:19.6519682Z #7      ComponentElement.performRebuild (package:flutter/src/widgets/framework.dart:5631:15)
build-and-test	Run flutter test --coverage	2025-07-30T14:31:19.6520081Z #8      StatefulElement.performRebuild (package:flutter/src/widgets/framework.dart:5794:11)
build-and-test	Run flutter test --coverage	2025-07-30T14:31:19.6520372Z #9      Element.rebuild (package:flutter/src/widgets/framework.dart:5347:7)
build-and-test	Run flutter test --coverage	2025-07-30T14:31:19.6520757Z #10     ComponentElement._firstBuild (package:flutter/src/widgets/framework.dart:5613:5)
build-and-test	Run flutter test --coverage	2025-07-30T14:31:19.6521123Z #11     StatefulElement._firstBuild (package:flutter/src/widgets/framework.dart:5785:11)
build-and-test	Run flutter test --coverage	2025-07-30T14:31:19.6521463Z #12     ComponentElement.mount (package:flutter/src/widgets/framework.dart:5607:5)
build-and-test	Run flutter test --coverage	2025-07-30T14:31:19.6521799Z ...     Normal element mounting (228 frames)
build-and-test	Run flutter test --coverage	2025-07-30T14:31:19.6522150Z #240    Element.inflateWidget (package:flutter/src/widgets/framework.dart:4480:16)
build-and-test	Run flutter test --coverage	2025-07-30T14:31:19.6522672Z #241    MultiChildRenderObjectElement.inflateWidget (package:flutter/src/widgets/framework.dart:7049:36)
build-and-test	Run flutter test --coverage	2025-07-30T14:31:19.6523130Z #242    MultiChildRenderObjectElement.mount (package:flutter/src/widgets/framework.dart:7061:32)
build-and-test	Run flutter test --coverage	2025-07-30T14:31:19.6523288Z ...     Normal element mounting (463 frames)
build-and-test	Run flutter test --coverage	2025-07-30T14:31:19.6523766Z #705    REDACTED_TOKEN.mount (package:flutter_riverpod/src/framework.dart:315:11)
build-and-test	Run flutter test --coverage	2025-07-30T14:31:19.6523916Z ...     Normal element mounting (9 frames)
build-and-test	Run flutter test --coverage	2025-07-30T14:31:19.6524266Z #714    Element.inflateWidget (package:flutter/src/widgets/framework.dart:4480:16)
build-and-test	Run flutter test --coverage	2025-07-30T14:31:19.6524594Z #715    Element.updateChild (package:flutter/src/widgets/framework.dart:3957:20)
build-and-test	Run flutter test --coverage	2025-07-30T14:31:19.6525013Z #716    ComponentElement.performRebuild (package:flutter/src/widgets/framework.dart:5656:16)
build-and-test	Run flutter test --coverage	2025-07-30T14:31:19.6525501Z #717    Element.rebuild (package:flutter/src/widgets/framework.dart:5347:7)
build-and-test	Run flutter test --coverage	2025-07-30T14:31:19.6525825Z #718    ProxyElement.update (package:flutter/src/widgets/framework.dart:5960:5)
build-and-test	Run flutter test --coverage	2025-07-30T14:31:19.6526299Z #719    _InheritedNotifierElement.update (package:flutter/src/widgets/inherited_notifier.dart:112:11)
build-and-test	Run flutter test --coverage	2025-07-30T14:31:19.6526633Z #720    Element.updateChild (package:flutter/src/widgets/framework.dart:3941:15)
build-and-test	Run flutter test --coverage	2025-07-30T14:31:19.6527051Z #721    ComponentElement.performRebuild (package:flutter/src/widgets/framework.dart:5656:16)
build-and-test	Run flutter test --coverage	2025-07-30T14:31:19.6527460Z #722    StatefulElement.performRebuild (package:flutter/src/widgets/framework.dart:5794:11)
build-and-test	Run flutter test --coverage	2025-07-30T14:31:19.6527760Z #723    Element.rebuild (package:flutter/src/widgets/framework.dart:5347:7)
build-and-test	Run flutter test --coverage	2025-07-30T14:31:19.6528108Z #724    StatefulElement.update (package:flutter/src/widgets/framework.dart:5817:5)
build-and-test	Run flutter test --coverage	2025-07-30T14:31:19.6528432Z #725    Element.updateChild (package:flutter/src/widgets/framework.dart:3941:15)
build-and-test	Run flutter test --coverage	2025-07-30T14:31:19.6528851Z #726    ComponentElement.performRebuild (package:flutter/src/widgets/framework.dart:5656:16)
build-and-test	Run flutter test --coverage	2025-07-30T14:31:19.6529151Z #727    Element.rebuild (package:flutter/src/widgets/framework.dart:5347:7)
build-and-test	Run flutter test --coverage	2025-07-30T14:31:19.6529655Z #728    ProxyElement.update (package:flutter/src/widgets/framework.dart:5960:5)
build-and-test	Run flutter test --coverage	2025-07-30T14:31:19.6530128Z #729    _InheritedNotifierElement.update (package:flutter/src/widgets/inherited_notifier.dart:112:11)
build-and-test	Run flutter test --coverage	2025-07-30T14:31:19.6530459Z #730    Element.updateChild (package:flutter/src/widgets/framework.dart:3941:15)
build-and-test	Run flutter test --coverage	2025-07-30T14:31:19.6530876Z #731    ComponentElement.performRebuild (package:flutter/src/widgets/framework.dart:5656:16)
build-and-test	Run flutter test --coverage	2025-07-30T14:31:19.6531283Z #732    StatefulElement.performRebuild (package:flutter/src/widgets/framework.dart:5794:11)
build-and-test	Run flutter test --coverage	2025-07-30T14:31:19.6531753Z #733    Element.rebuild (package:flutter/src/widgets/framework.dart:5347:7)
build-and-test	Run flutter test --coverage	2025-07-30T14:31:19.6532103Z #734    StatefulElement.update (package:flutter/src/widgets/framework.dart:5817:5)
build-and-test	Run flutter test --coverage	2025-07-30T14:31:19.6532437Z #735    Element.updateChild (package:flutter/src/widgets/framework.dart:3941:15)
build-and-test	Run flutter test --coverage	2025-07-30T14:31:19.6532858Z #736    ComponentElement.performRebuild (package:flutter/src/widgets/framework.dart:5656:16)
build-and-test	Run flutter test --coverage	2025-07-30T14:31:19.6533272Z #737    StatefulElement.performRebuild (package:flutter/src/widgets/framework.dart:5794:11)
build-and-test	Run flutter test --coverage	2025-07-30T14:31:19.6533565Z #738    Element.rebuild (package:flutter/src/widgets/framework.dart:5347:7)
build-and-test	Run flutter test --coverage	2025-07-30T14:31:19.6533916Z #739    StatefulElement.update (package:flutter/src/widgets/framework.dart:5817:5)
build-and-test	Run flutter test --coverage	2025-07-30T14:31:19.6534237Z #740    Element.updateChild (package:flutter/src/widgets/framework.dart:3941:15)
build-and-test	Run flutter test --coverage	2025-07-30T14:31:19.6534653Z #741    ComponentElement.performRebuild (package:flutter/src/widgets/framework.dart:5656:16)
build-and-test	Run flutter test --coverage	2025-07-30T14:31:19.6534945Z #742    Element.rebuild (package:flutter/src/widgets/framework.dart:5347:7)
build-and-test	Run flutter test --coverage	2025-07-30T14:31:19.6535278Z #743    ProxyElement.update (package:flutter/src/widgets/framework.dart:5960:5)
build-and-test	Run flutter test --coverage	2025-07-30T14:31:19.6535607Z #744    Element.updateChild (package:flutter/src/widgets/framework.dart:3941:15)
build-and-test	Run flutter test --coverage	2025-07-30T14:31:19.6536021Z #745    ComponentElement.performRebuild (package:flutter/src/widgets/framework.dart:5656:16)
build-and-test	Run flutter test --coverage	2025-07-30T14:31:19.6536441Z #746    StatefulElement.performRebuild (package:flutter/src/widgets/framework.dart:5794:11)
build-and-test	Run flutter test --coverage	2025-07-30T14:31:19.6536733Z #747    Element.rebuild (package:flutter/src/widgets/framework.dart:5347:7)
build-and-test	Run flutter test --coverage	2025-07-30T14:31:19.6537078Z #748    StatefulElement.update (package:flutter/src/widgets/framework.dart:5817:5)
build-and-test	Run flutter test --coverage	2025-07-30T14:31:19.6537407Z #749    Element.updateChild (package:flutter/src/widgets/framework.dart:3941:15)
build-and-test	Run flutter test --coverage	2025-07-30T14:31:19.6537821Z #750    ComponentElement.performRebuild (package:flutter/src/widgets/framework.dart:5656:16)
build-and-test	Run flutter test --coverage	2025-07-30T14:31:19.6538114Z #751    Element.rebuild (package:flutter/src/widgets/framework.dart:5347:7)
build-and-test	Run flutter test --coverage	2025-07-30T14:31:19.6538445Z #752    ProxyElement.update (package:flutter/src/widgets/framework.dart:5960:5)
build-and-test	Run flutter test --coverage	2025-07-30T14:31:19.6538932Z #753    Element.updateChild (package:flutter/src/widgets/framework.dart:3941:15)
build-and-test	Run flutter test --coverage	2025-07-30T14:31:19.6539352Z #754    ComponentElement.performRebuild (package:flutter/src/widgets/framework.dart:5656:16)
build-and-test	Run flutter test --coverage	2025-07-30T14:31:19.6539652Z #755    Element.rebuild (package:flutter/src/widgets/framework.dart:5347:7)
build-and-test	Run flutter test --coverage	2025-07-30T14:31:19.6539973Z #756    ProxyElement.update (package:flutter/src/widgets/framework.dart:5960:5)
build-and-test	Run flutter test --coverage	2025-07-30T14:31:19.6540297Z #757    Element.updateChild (package:flutter/src/widgets/framework.dart:3941:15)
build-and-test	Run flutter test --coverage	2025-07-30T14:31:19.6540643Z #758    _RawViewElement._updateChild (package:flutter/src/widgets/view.dart:465:16)
build-and-test	Run flutter test --coverage	2025-07-30T14:31:19.6540957Z #759    _RawViewElement.update (package:flutter/src/widgets/view.dart:552:5)
build-and-test	Run flutter test --coverage	2025-07-30T14:31:19.6541279Z #760    Element.updateChild (package:flutter/src/widgets/framework.dart:3941:15)
build-and-test	Run flutter test --coverage	2025-07-30T14:31:19.6541851Z #761    ComponentElement.performRebuild (package:flutter/src/widgets/framework.dart:5656:16)
build-and-test	Run flutter test --coverage	2025-07-30T14:31:19.6542162Z #762    Element.rebuild (package:flutter/src/widgets/framework.dart:5347:7)
build-and-test	Run flutter test --coverage	2025-07-30T14:31:19.6542511Z #763    StatelessElement.update (package:flutter/src/widgets/framework.dart:5707:5)
build-and-test	Run flutter test --coverage	2025-07-30T14:31:19.6542833Z #764    Element.updateChild (package:flutter/src/widgets/framework.dart:3941:15)
build-and-test	Run flutter test --coverage	2025-07-30T14:31:19.6543428Z #765    ComponentElement.performRebuild (package:flutter/src/widgets/framework.dart:5656:16)
build-and-test	Run flutter test --coverage	2025-07-30T14:31:19.6543837Z #766    StatefulElement.performRebuild (package:flutter/src/widgets/framework.dart:5794:11)
build-and-test	Run flutter test --coverage	2025-07-30T14:31:19.6544131Z #767    Element.rebuild (package:flutter/src/widgets/framework.dart:5347:7)
build-and-test	Run flutter test --coverage	2025-07-30T14:31:19.6544480Z #768    StatefulElement.update (package:flutter/src/widgets/framework.dart:5817:5)
build-and-test	Run flutter test --coverage	2025-07-30T14:31:19.6544778Z #769    Element.updateChild (package:flutter/src/widgets/framework.dart:3941:15)
build-and-test	Run flutter test --coverage	2025-07-30T14:31:19.6545093Z #770    RootElement._rebuild (package:flutter/src/widgets/binding.dart:1636:16)
build-and-test	Run flutter test --coverage	2025-07-30T14:31:19.6545407Z #771    RootElement.update (package:flutter/src/widgets/binding.dart:1614:5)
build-and-test	Run flutter test --coverage	2025-07-30T14:31:19.6545780Z #772    RootElement.performRebuild (package:flutter/src/widgets/binding.dart:1628:7)
build-and-test	Run flutter test --coverage	2025-07-30T14:31:19.6546074Z #773    Element.rebuild (package:flutter/src/widgets/framework.dart:5347:7)
build-and-test	Run flutter test --coverage	2025-07-30T14:31:19.6546416Z #774    BuildScope._tryRebuild (package:flutter/src/widgets/framework.dart:2694:15)
build-and-test	Run flutter test --coverage	2025-07-30T14:31:19.6546818Z #775    BuildScope._flushDirtyElements (package:flutter/src/widgets/framework.dart:2753:11)
build-and-test	Run flutter test --coverage	2025-07-30T14:31:19.6547156Z #776    BuildOwner.buildScope (package:flutter/src/widgets/framework.dart:3048:18)
build-and-test	Run flutter test --coverage	2025-07-30T14:31:19.6547656Z #777    REDACTED_TOKEN.drawFrame (package:flutter_test/src/binding.dart:1428:19)
build-and-test	Run flutter test --coverage	2025-07-30T14:31:19.6548182Z #778    RendererBinding._handlePersistentFrameCallback (package:flutter/src/rendering/binding.dart:475:5)
build-and-test	Run flutter test --coverage	2025-07-30T14:31:19.6548625Z #779    SchedulerBinding._invokeFrameCallback (package:flutter/src/scheduler/binding.dart:1397:15)
build-and-test	Run flutter test --coverage	2025-07-30T14:31:19.6549051Z #780    SchedulerBinding.handleDrawFrame (package:flutter/src/scheduler/binding.dart:1318:9)
build-and-test	Run flutter test --coverage	2025-07-30T14:31:19.6549638Z #781    REDACTED_TOKEN.pump.<anonymous closure> (package:flutter_test/src/binding.dart:1283:9)
build-and-test	Run flutter test --coverage	2025-07-30T14:31:19.6549990Z #784    TestAsyncUtils.guard (package:flutter_test/src/test_async_utils.dart:74:41)
build-and-test	Run flutter test --coverage	2025-07-30T14:31:19.6550452Z #785    REDACTED_TOKEN.pump (package:flutter_test/src/binding.dart:1270:27)
build-and-test	Run flutter test --coverage	2025-07-30T14:31:19.6550931Z #786    WidgetTester.pumpWidget.<anonymous closure> (package:flutter_test/src/widget_tester.dart:608:22)
build-and-test	Run flutter test --coverage	2025-07-30T14:31:19.6551273Z #789    TestAsyncUtils.guard (package:flutter_test/src/test_async_utils.dart:74:41)
build-and-test	Run flutter test --coverage	2025-07-30T14:31:19.6551782Z #790    WidgetTester.pumpWidget (package:flutter_test/src/widget_tester.dart:605:27)
build-and-test	Run flutter test --coverage	2025-07-30T14:31:19.6552786Z #791    main.<anonymous closure>.<anonymous closure>.<anonymous closure> (file:///home/runner/work/appoint/appoint/test/features/business/REDACTED_TOKEN.dart:216:22)
build-and-test	Run flutter test --coverage	2025-07-30T14:31:19.6553458Z #792    testWidgets.<anonymous closure>.<anonymous closure> (package:flutter_test/src/widget_tester.dart:189:29)
build-and-test	Run flutter test --coverage	2025-07-30T14:31:19.6553891Z #793    TestWidgetsFlutterBinding._runTestBody (package:flutter_test/src/binding.dart:1027:5)
build-and-test	Run flutter test --coverage	2025-07-30T14:31:19.6554542Z #795    MethodChannelFirebase.app (package:REDACTED_TOKEN/src/method_channel/method_channel_firebase.dart:192:5)
build-and-test	Run flutter test --coverage	2025-07-30T14:31:19.6554805Z #796    Firebase.app (package:firebase_core/src/firebase.dart:79:41)
build-and-test	Run flutter test --coverage	2025-07-30T14:31:19.6555145Z #797    FirebaseAuth.instance (package:firebase_auth/src/firebase_auth.dart:38:47)
build-and-test	Run flutter test --coverage	2025-07-30T14:31:19.6555750Z #798    new BusinessProfileService (package:appoint/features/studio_business/services/business_profile_service.dart:8:37)
build-and-test	Run flutter test --coverage	2025-07-30T14:31:19.6556377Z #799    new BusinessProfileNotifier (package:appoint/features/studio_business/providers/business_profile_provider.dart:15:20)
build-and-test	Run flutter test --coverage	2025-07-30T14:31:19.6557104Z #800    businessProfileProvider.<anonymous closure> (package:appoint/features/studio_business/providers/business_profile_provider.dart:7:12)
build-and-test	Run flutter test --coverage	2025-07-30T14:31:19.6557496Z #801    ProviderContainer.listen (package:riverpod/src/framework/container.dart:280:21)
build-and-test	Run flutter test --coverage	2025-07-30T14:31:19.6558166Z #802    ConsumerStatefulElement.watch.<anonymous closure> (package:flutter_riverpod/src/consumer.dart:564:25)
build-and-test	Run flutter test --coverage	2025-07-30T14:31:19.6558443Z #803    _LinkedHashMapMixin.putIfAbsent (dart:_compact_hash:636:23)
build-and-test	Run flutter test --coverage	2025-07-30T14:31:19.6558844Z #804    ConsumerStatefulElement.watch (package:flutter_riverpod/src/consumer.dart:557:26)
build-and-test	Run flutter test --coverage	2025-07-30T14:31:19.6559453Z #805    BusinessDashboardScreen.build (package:appoint/features/business/screens/business_dashboard_screen.dart:17:33)
build-and-test	Run flutter test --coverage	2025-07-30T14:31:19.6559788Z #806    _ConsumerState.build (package:flutter_riverpod/src/consumer.dart:476:19)
build-and-test	Run flutter test --coverage	2025-07-30T14:31:19.6560127Z #807    StatefulElement.build (package:flutter/src/widgets/framework.dart:5743:27)
build-and-test	Run flutter test --coverage	2025-07-30T14:31:19.6560532Z #808    ConsumerStatefulElement.build (package:flutter_riverpod/src/consumer.dart:539:20)
build-and-test	Run flutter test --coverage	2025-07-30T14:31:19.6560952Z #809    ComponentElement.performRebuild (package:flutter/src/widgets/framework.dart:5631:15)
build-and-test	Run flutter test --coverage	2025-07-30T14:31:19.6561366Z #810    StatefulElement.performRebuild (package:flutter/src/widgets/framework.dart:5794:11)
build-and-test	Run flutter test --coverage	2025-07-30T14:31:19.6561812Z #811    Element.rebuild (package:flutter/src/widgets/framework.dart:5347:7)
build-and-test	Run flutter test --coverage	2025-07-30T14:31:19.6562195Z #812    ComponentElement._firstBuild (package:flutter/src/widgets/framework.dart:5613:5)
build-and-test	Run flutter test --coverage	2025-07-30T14:31:19.6562565Z #813    StatefulElement._firstBuild (package:flutter/src/widgets/framework.dart:5785:11)
build-and-test	Run flutter test --coverage	2025-07-30T14:31:19.6562917Z #814    ComponentElement.mount (package:flutter/src/widgets/framework.dart:5607:5)
build-and-test	Run flutter test --coverage	2025-07-30T14:31:19.6563070Z ...     Normal element mounting (228 frames)
build-and-test	Run flutter test --coverage	2025-07-30T14:31:19.6563414Z #1042   Element.inflateWidget (package:flutter/src/widgets/framework.dart:4480:16)
build-and-test	Run flutter test --coverage	2025-07-30T14:31:19.6563957Z #1043   MultiChildRenderObjectElement.inflateWidget (package:flutter/src/widgets/framework.dart:7049:36)
build-and-test	Run flutter test --coverage	2025-07-30T14:31:19.6564414Z #1044   MultiChildRenderObjectElement.mount (package:flutter/src/widgets/framework.dart:7061:32)
build-and-test	Run flutter test --coverage	2025-07-30T14:31:19.6564568Z ...     Normal element mounting (463 frames)
build-and-test	Run flutter test --coverage	2025-07-30T14:31:19.6565053Z #1507   REDACTED_TOKEN.mount (package:flutter_riverpod/src/framework.dart:315:11)
build-and-test	Run flutter test --coverage	2025-07-30T14:31:19.6565209Z ...     Normal element mounting (9 frames)
build-and-test	Run flutter test --coverage	2025-07-30T14:31:19.6565550Z #1516   Element.inflateWidget (package:flutter/src/widgets/framework.dart:4480:16)
build-and-test	Run flutter test --coverage	2025-07-30T14:31:19.6565881Z #1517   Element.updateChild (package:flutter/src/widgets/framework.dart:3957:20)
build-and-test	Run flutter test --coverage	2025-07-30T14:31:19.6566311Z #1518   ComponentElement.performRebuild (package:flutter/src/widgets/framework.dart:5656:16)
build-and-test	Run flutter test --coverage	2025-07-30T14:31:19.6566613Z #1519   Element.rebuild (package:flutter/src/widgets/framework.dart:5347:7)
build-and-test	Run flutter test --coverage	2025-07-30T14:31:19.6566942Z #1520   ProxyElement.update (package:flutter/src/widgets/framework.dart:5960:5)
build-and-test	Run flutter test --coverage	2025-07-30T14:31:19.6567590Z #1521   _InheritedNotifierElement.update (package:flutter/src/widgets/inherited_notifier.dart:112:11)
build-and-test	Run flutter test --coverage	2025-07-30T14:31:19.6567920Z #1522   Element.updateChild (package:flutter/src/widgets/framework.dart:3941:15)
build-and-test	Run flutter test --coverage	2025-07-30T14:31:19.6568341Z #1523   ComponentElement.performRebuild (package:flutter/src/widgets/framework.dart:5656:16)
build-and-test	Run flutter test --coverage	2025-07-30T14:31:19.6568762Z #1524   StatefulElement.performRebuild (package:flutter/src/widgets/framework.dart:5794:11)
build-and-test	Run flutter test --coverage	2025-07-30T14:31:19.6569063Z #1525   Element.rebuild (package:flutter/src/widgets/framework.dart:5347:7)
build-and-test	Run flutter test --coverage	2025-07-30T14:31:19.6569414Z #1526   StatefulElement.update (package:flutter/src/widgets/framework.dart:5817:5)
build-and-test	Run flutter test --coverage	2025-07-30T14:31:19.6569751Z #1527   Element.updateChild (package:flutter/src/widgets/framework.dart:3941:15)
build-and-test	Run flutter test --coverage	2025-07-30T14:31:19.6570175Z #1528   ComponentElement.performRebuild (package:flutter/src/widgets/framework.dart:5656:16)
build-and-test	Run flutter test --coverage	2025-07-30T14:31:19.6570481Z #1529   Element.rebuild (package:flutter/src/widgets/framework.dart:5347:7)
build-and-test	Run flutter test --coverage	2025-07-30T14:31:19.6570812Z #1530   ProxyElement.update (package:flutter/src/widgets/framework.dart:5960:5)
build-and-test	Run flutter test --coverage	2025-07-30T14:31:19.6571292Z #1531   _InheritedNotifierElement.update (package:flutter/src/widgets/inherited_notifier.dart:112:11)
build-and-test	Run flutter test --coverage	2025-07-30T14:31:19.6571957Z #1532   Element.updateChild (package:flutter/src/widgets/framework.dart:3941:15)
build-and-test	Run flutter test --coverage	2025-07-30T14:31:19.6572389Z #1533   ComponentElement.performRebuild (package:flutter/src/widgets/framework.dart:5656:16)
build-and-test	Run flutter test --coverage	2025-07-30T14:31:19.6572820Z #1534   StatefulElement.performRebuild (package:flutter/src/widgets/framework.dart:5794:11)
build-and-test	Run flutter test --coverage	2025-07-30T14:31:19.6573121Z #1535   Element.rebuild (package:flutter/src/widgets/framework.dart:5347:7)
build-and-test	Run flutter test --coverage	2025-07-30T14:31:19.6573472Z #1536   StatefulElement.update (package:flutter/src/widgets/framework.dart:5817:5)
build-and-test	Run flutter test --coverage	2025-07-30T14:31:19.6573808Z #1537   Element.updateChild (package:flutter/src/widgets/framework.dart:3941:15)
build-and-test	Run flutter test --coverage	2025-07-30T14:31:19.6574234Z #1538   ComponentElement.performRebuild (package:flutter/src/widgets/framework.dart:5656:16)
build-and-test	Run flutter test --coverage	2025-07-30T14:31:19.6574647Z #1539   StatefulElement.performRebuild (package:flutter/src/widgets/framework.dart:5794:11)
build-and-test	Run flutter test --coverage	2025-07-30T14:31:19.6574951Z #1540   Element.rebuild (package:flutter/src/widgets/framework.dart:5347:7)
build-and-test	Run flutter test --coverage	2025-07-30T14:31:19.6575305Z #1541   StatefulElement.update (package:flutter/src/widgets/framework.dart:5817:5)
build-and-test	Run flutter test --coverage	2025-07-30T14:31:19.6575634Z #1542   Element.updateChild (package:flutter/src/widgets/framework.dart:3941:15)
build-and-test	Run flutter test --coverage	2025-07-30T14:31:19.6576059Z #1543   ComponentElement.performRebuild (package:flutter/src/widgets/framework.dart:5656:16)
build-and-test	Run flutter test --coverage	2025-07-30T14:31:19.6576357Z #1544   Element.rebuild (package:flutter/src/widgets/framework.dart:5347:7)
build-and-test	Run flutter test --coverage	2025-07-30T14:31:19.6576687Z #1545   ProxyElement.update (package:flutter/src/widgets/framework.dart:5960:5)
build-and-test	Run flutter test --coverage	2025-07-30T14:31:19.6576999Z #1546   Element.updateChild (package:flutter/src/widgets/framework.dart:3941:15)
build-and-test	Run flutter test --coverage	2025-07-30T14:31:19.6577429Z #1547   ComponentElement.performRebuild (package:flutter/src/widgets/framework.dart:5656:16)
build-and-test	Run flutter test --coverage	2025-07-30T14:31:19.6577843Z #1548   StatefulElement.performRebuild (package:flutter/src/widgets/framework.dart:5794:11)
build-and-test	Run flutter test --coverage	2025-07-30T14:31:19.6578139Z #1549   Element.rebuild (package:flutter/src/widgets/framework.dart:5347:7)
build-and-test	Run flutter test --coverage	2025-07-30T14:31:19.6578500Z #1550   StatefulElement.update (package:flutter/src/widgets/framework.dart:5817:5)
build-and-test	Run flutter test --coverage	2025-07-30T14:31:19.6578824Z #1551   Element.updateChild (package:flutter/src/widgets/framework.dart:3941:15)
build-and-test	Run flutter test --coverage	2025-07-30T14:31:19.6579243Z #1552   ComponentElement.performRebuild (package:flutter/src/widgets/framework.dart:5656:16)
build-and-test	Run flutter test --coverage	2025-07-30T14:31:19.6579546Z #1553   Element.rebuild (package:flutter/src/widgets/framework.dart:5347:7)
build-and-test	Run flutter test --coverage	2025-07-30T14:31:19.6579877Z #1554   ProxyElement.update (package:flutter/src/widgets/framework.dart:5960:5)
build-and-test	Run flutter test --coverage	2025-07-30T14:31:19.6580207Z #1555   Element.updateChild (package:flutter/src/widgets/framework.dart:3941:15)
build-and-test	Run flutter test --coverage	2025-07-30T14:31:19.6580631Z #1556   ComponentElement.performRebuild (package:flutter/src/widgets/framework.dart:5656:16)
build-and-test	Run flutter test --coverage	2025-07-30T14:31:19.6581118Z #1557   Element.rebuild (package:flutter/src/widgets/framework.dart:5347:7)
build-and-test	Run flutter test --coverage	2025-07-30T14:31:19.6581475Z #1558   ProxyElement.update (package:flutter/src/widgets/framework.dart:5960:5)
build-and-test	Run flutter test --coverage	2025-07-30T14:31:19.6581955Z #1559   Element.updateChild (package:flutter/src/widgets/framework.dart:3941:15)
build-and-test	Run flutter test --coverage	2025-07-30T14:31:19.6582346Z #1560   _RawViewElement._updateChild (package:flutter/src/widgets/view.dart:465:16)
build-and-test	Run flutter test --coverage	2025-07-30T14:31:19.6582662Z #1561   _RawViewElement.update (package:flutter/src/widgets/view.dart:552:5)
build-and-test	Run flutter test --coverage	2025-07-30T14:31:19.6582992Z #1562   Element.updateChild (package:flutter/src/widgets/framework.dart:3941:15)
build-and-test	Run flutter test --coverage	2025-07-30T14:31:19.6583421Z #1563   ComponentElement.performRebuild (package:flutter/src/widgets/framework.dart:5656:16)
build-and-test	Run flutter test --coverage	2025-07-30T14:31:19.6583717Z #1564   Element.rebuild (package:flutter/src/widgets/framework.dart:5347:7)
build-and-test	Run flutter test --coverage	2025-07-30T14:31:19.6584073Z #1565   StatelessElement.update (package:flutter/src/widgets/framework.dart:5707:5)
build-and-test	Run flutter test --coverage	2025-07-30T14:31:19.6584414Z #1566   Element.updateChild (package:flutter/src/widgets/framework.dart:3941:15)
build-and-test	Run flutter test --coverage	2025-07-30T14:31:19.6584836Z #1567   ComponentElement.performRebuild (package:flutter/src/widgets/framework.dart:5656:16)
build-and-test	Run flutter test --coverage	2025-07-30T14:31:19.6585422Z #1568   StatefulElement.performRebuild (package:flutter/src/widgets/framework.dart:5794:11)
build-and-test	Run flutter test --coverage	2025-07-30T14:31:19.6585736Z #1569   Element.rebuild (package:flutter/src/widgets/framework.dart:5347:7)
build-and-test	Run flutter test --coverage	2025-07-30T14:31:19.6586088Z #1570   StatefulElement.update (package:flutter/src/widgets/framework.dart:5817:5)
build-and-test	Run flutter test --coverage	2025-07-30T14:31:19.6586426Z #1571   Element.updateChild (package:flutter/src/widgets/framework.dart:3941:15)
build-and-test	Run flutter test --coverage	2025-07-30T14:31:19.6586753Z #1572   RootElement._rebuild (package:flutter/src/widgets/binding.dart:1636:16)
build-and-test	Run flutter test --coverage	2025-07-30T14:31:19.6587070Z #1573   RootElement.update (package:flutter/src/widgets/binding.dart:1614:5)
build-and-test	Run flutter test --coverage	2025-07-30T14:31:19.6587445Z #1574   RootElement.performRebuild (package:flutter/src/widgets/binding.dart:1628:7)
build-and-test	Run flutter test --coverage	2025-07-30T14:31:19.6587752Z #1575   Element.rebuild (package:flutter/src/widgets/framework.dart:5347:7)
build-and-test	Run flutter test --coverage	2025-07-30T14:31:19.6588104Z #1576   BuildScope._tryRebuild (package:flutter/src/widgets/framework.dart:2694:15)
build-and-test	Run flutter test --coverage	2025-07-30T14:31:19.6588509Z #1577   BuildScope._flushDirtyElements (package:flutter/src/widgets/framework.dart:2753:11)
build-and-test	Run flutter test --coverage	2025-07-30T14:31:19.6588858Z #1578   BuildOwner.buildScope (package:flutter/src/widgets/framework.dart:3048:18)
build-and-test	Run flutter test --coverage	2025-07-30T14:31:19.6589376Z #1579   REDACTED_TOKEN.drawFrame (package:flutter_test/src/binding.dart:1428:19)
build-and-test	Run flutter test --coverage	2025-07-30T14:31:19.6589901Z #1580   RendererBinding._handlePersistentFrameCallback (package:flutter/src/rendering/binding.dart:475:5)
build-and-test	Run flutter test --coverage	2025-07-30T14:31:19.6590356Z #1581   SchedulerBinding._invokeFrameCallback (package:flutter/src/scheduler/binding.dart:1397:15)
build-and-test	Run flutter test --coverage	2025-07-30T14:31:19.6590796Z #1582   SchedulerBinding.handleDrawFrame (package:flutter/src/scheduler/binding.dart:1318:9)
build-and-test	Run flutter test --coverage	2025-07-30T14:31:19.6591389Z #1583   REDACTED_TOKEN.pump.<anonymous closure> (package:flutter_test/src/binding.dart:1283:9)
build-and-test	Run flutter test --coverage	2025-07-30T14:31:19.6591887Z #1586   TestAsyncUtils.guard (package:flutter_test/src/test_async_utils.dart:74:41)
build-and-test	Run flutter test --coverage	2025-07-30T14:31:19.6592368Z #1587   REDACTED_TOKEN.pump (package:flutter_test/src/binding.dart:1270:27)
build-and-test	Run flutter test --coverage	2025-07-30T14:31:19.6592849Z #1588   WidgetTester.pumpWidget.<anonymous closure> (package:flutter_test/src/widget_tester.dart:608:22)
build-and-test	Run flutter test --coverage	2025-07-30T14:31:19.6593195Z #1591   TestAsyncUtils.guard (package:flutter_test/src/test_async_utils.dart:74:41)
build-and-test	Run flutter test --coverage	2025-07-30T14:31:19.6593563Z #1592   WidgetTester.pumpWidget (package:flutter_test/src/widget_tester.dart:605:27)
build-and-test	Run flutter test --coverage	2025-07-30T14:31:19.6594572Z #1593   main.<anonymous closure>.<anonymous closure>.<anonymous closure> (file:///home/runner/work/appoint/appoint/test/features/business/REDACTED_TOKEN.dart:216:22)
build-and-test	Run flutter test --coverage	2025-07-30T14:31:19.6595080Z #1594   testWidgets.<anonymous closure>.<anonymous closure> (package:flutter_test/src/widget_tester.dart:189:29)
build-and-test	Run flutter test --coverage	2025-07-30T14:31:19.6595749Z #1596   testWidgets.<anonymous closure>.<anonymous closure> (package:flutter_test/src/widget_tester.dart:186:25)
build-and-test	Run flutter test --coverage	2025-07-30T14:31:19.6596192Z #1597   TestWidgetsFlutterBinding._runTestBody (package:flutter_test/src/binding.dart:1027:19)
build-and-test	Run flutter test --coverage	2025-07-30T14:31:19.6596629Z #1599   TestWidgetsFlutterBinding._runTestBody (package:flutter_test/src/binding.dart:1016:5)
build-and-test	Run flutter test --coverage	2025-07-30T14:31:19.6597046Z #1602   TestWidgetsFlutterBinding._runTest (package:flutter_test/src/binding.dart:1005:14)
build-and-test	Run flutter test --coverage	2025-07-30T14:31:19.6597660Z #1603   REDACTED_TOKEN.runTest.<anonymous closure> (package:flutter_test/src/binding.dart:1485:24)
build-and-test	Run flutter test --coverage	2025-07-30T14:31:19.6598118Z #1604   FakeAsync.run.<anonymous closure>.<anonymous closure> (package:fake_async/fake_async.dart:182:54)
build-and-test	Run flutter test --coverage	2025-07-30T14:31:19.6598331Z #1609   withClock (package:clock/src/default.dart:52:10)
build-and-test	Run flutter test --coverage	2025-07-30T14:31:19.6598680Z #1610   FakeAsync.run.<anonymous closure> (package:fake_async/fake_async.dart:182:22)
build-and-test	Run flutter test --coverage	2025-07-30T14:31:19.6598930Z #1615   FakeAsync.run (package:fake_async/fake_async.dart:182:7)
build-and-test	Run flutter test --coverage	2025-07-30T14:31:19.6599422Z #1616   REDACTED_TOKEN.runTest (package:flutter_test/src/binding.dart:1482:15)
build-and-test	Run flutter test --coverage	2025-07-30T14:31:19.6599817Z #1617   testWidgets.<anonymous closure> (package:flutter_test/src/widget_tester.dart:181:24)
build-and-test	Run flutter test --coverage	2025-07-30T14:31:19.6600465Z #1618   Declarer.test.<anonymous closure>.<anonymous closure> (package:test_api/src/backend/declarer.dart:215:19)
build-and-test	Run flutter test --coverage	2025-07-30T14:31:19.6600964Z #1620   Declarer.test.<anonymous closure>.<anonymous closure> (package:test_api/src/backend/declarer.dart:214:9)
build-and-test	Run flutter test --coverage	2025-07-30T14:31:19.6601361Z #1625   Declarer.test.<anonymous closure> (package:test_api/src/backend/declarer.dart:213:13)
build-and-test	Run flutter test --coverage	2025-07-30T14:31:19.6602060Z #1626   Invoker._waitForOutstandingCallbacks.<anonymous closure> (package:test_api/src/backend/invoker.dart:258:17)
build-and-test	Run flutter test --coverage	2025-07-30T14:31:19.6602499Z #1631   Invoker._waitForOutstandingCallbacks (package:test_api/src/backend/invoker.dart:254:5)
build-and-test	Run flutter test --coverage	2025-07-30T14:31:19.6603125Z #1632   Invoker._onRun.<anonymous closure>.<anonymous closure>.<anonymous closure> (package:test_api/src/backend/invoker.dart:394:17)
build-and-test	Run flutter test --coverage	2025-07-30T14:31:19.6603736Z #1634   Invoker._onRun.<anonymous closure>.<anonymous closure>.<anonymous closure> (package:test_api/src/backend/invoker.dart:392:11)
build-and-test	Run flutter test --coverage	2025-07-30T14:31:19.6604235Z #1639   Invoker._onRun.<anonymous closure>.<anonymous closure> (package:test_api/src/backend/invoker.dart:383:9)
build-and-test	Run flutter test --coverage	2025-07-30T14:31:19.6604590Z #1640   Invoker._guardIfGuarded (package:test_api/src/backend/invoker.dart:426:15)
build-and-test	Run flutter test --coverage	2025-07-30T14:31:19.6604976Z #1641   Invoker._onRun.<anonymous closure> (package:test_api/src/backend/invoker.dart:382:7)
build-and-test	Run flutter test --coverage	2025-07-30T14:31:19.6605260Z #1648   Invoker._onRun (package:test_api/src/backend/invoker.dart:381:11)
build-and-test	Run flutter test --coverage	2025-07-30T14:31:19.6605685Z #1649   LiveTestController.run (package:test_api/src/backend/live_test_controller.dart:153:11)
build-and-test	Run flutter test --coverage	2025-07-30T14:31:19.6606215Z #1650   RemoteListener._runLiveTest.<anonymous closure> (package:test_api/src/backend/remote_listener.dart:273:16)
build-and-test	Run flutter test --coverage	2025-07-30T14:31:19.6606627Z #1655   RemoteListener._runLiveTest (package:test_api/src/backend/remote_listener.dart:272:5)
build-and-test	Run flutter test --coverage	2025-07-30T14:31:19.6607168Z #1656   RemoteListener._serializeTest.<anonymous closure> (package:test_api/src/backend/remote_listener.dart:220:7)
build-and-test	Run flutter test --coverage	2025-07-30T14:31:19.6607525Z #1674   _GuaranteeSink.add (package:stream_channel/src/guarantee_channel.dart:125:12)
build-and-test	Run flutter test --coverage	2025-07-30T14:31:19.6607951Z #1675   new _MultiChannel.<anonymous closure> (package:stream_channel/src/multi_channel.dart:159:31)
build-and-test	Run flutter test --coverage	2025-07-30T14:31:19.6608292Z #1677   CastStreamSubscription._onData (dart:_internal/async_cast.dart:85:11)
build-and-test	Run flutter test --coverage	2025-07-30T14:31:19.6608725Z #1703   new _WebSocketImpl._fromSocket.<anonymous closure> (dart:_http/websocket_impl.dart:1145:21)
build-and-test	Run flutter test --coverage	2025-07-30T14:31:19.6609164Z #1709   _WebSocketProtocolTransformer._messageFrameEnd (dart:_http/websocket_impl.dart:332:23)
build-and-test	Run flutter test --coverage	2025-07-30T14:31:19.6609530Z #1710   _WebSocketProtocolTransformer.add (dart:_http/websocket_impl.dart:226:46)
build-and-test	Run flutter test --coverage	2025-07-30T14:31:19.6609936Z #1718   _Socket._onData (dart:io-patch/socket_patch.dart:2455:41)
build-and-test	Run flutter test --coverage	2025-07-30T14:31:19.6610274Z #1725   new _RawSocket.<anonymous closure> (dart:io-patch/socket_patch.dart:1942:33)
build-and-test	Run flutter test --coverage	2025-07-30T14:31:19.6610644Z #1726   _NativeSocket.issueReadEvent.issue (dart:io-patch/socket_patch.dart:1385:14)
build-and-test	Run flutter test --coverage	2025-07-30T14:31:19.6610888Z (elided 108 frames from dart:async and package:stack_trace)
build-and-test	Run flutter test --coverage	2025-07-30T14:31:19.6610895Z 
build-and-test	Run flutter test --coverage	2025-07-30T14:31:19.6611451Z ════════════════════════════════════════════════════════════════════════════════════════════════════
build-and-test	Run flutter test --coverage	2025-07-30T14:31:19.6612216Z ══╡ EXCEPTION CAUGHT BY FLUTTER TEST FRAMEWORK ╞════════════════════════════════════════════════════
build-and-test	Run flutter test --coverage	2025-07-30T14:31:19.6612422Z The following assertion was thrown running a test:
build-and-test	Run flutter test --coverage	2025-07-30T14:31:19.6612822Z The finder "Found 0 widgets with text "Calendar": []" (used in a call to "tap()") could not find any
build-and-test	Run flutter test --coverage	2025-07-30T14:31:19.6612942Z matching widgets.
build-and-test	Run flutter test --coverage	2025-07-30T14:31:19.6612966Z 
build-and-test	Run flutter test --coverage	2025-07-30T14:31:19.6613156Z When the exception was thrown, this was the stack:
build-and-test	Run flutter test --coverage	2025-07-30T14:31:19.6613564Z #0      WidgetController._getElementPoint (package:flutter_test/src/controller.dart:1895:7)
build-and-test	Run flutter test --coverage	2025-07-30T14:31:19.6613930Z #1      WidgetController.getCenter (package:flutter_test/src/controller.dart:1795:12)
build-and-test	Run flutter test --coverage	2025-07-30T14:31:19.6614499Z #2      WidgetController.tap (package:flutter_test/src/controller.dart:1043:18)
build-and-test	Run flutter test --coverage	2025-07-30T14:31:19.6615497Z #3      main.<anonymous closure>.<anonymous closure>.<anonymous closure> (file:///home/runner/work/appoint/appoint/test/features/business/REDACTED_TOKEN.dart:240:22)
build-and-test	Run flutter test --coverage	2025-07-30T14:31:19.6615633Z <asynchronous suspension>
build-and-test	Run flutter test --coverage	2025-07-30T14:31:19.6616129Z #4      testWidgets.<anonymous closure>.<anonymous closure> (package:flutter_test/src/widget_tester.dart:189:15)
build-and-test	Run flutter test --coverage	2025-07-30T14:31:19.6616261Z <asynchronous suspension>
build-and-test	Run flutter test --coverage	2025-07-30T14:31:19.6616683Z #5      TestWidgetsFlutterBinding._runTestBody (package:flutter_test/src/binding.dart:1027:5)
build-and-test	Run flutter test --coverage	2025-07-30T14:31:19.6616820Z <asynchronous suspension>
build-and-test	Run flutter test --coverage	2025-07-30T14:31:19.6616944Z <asynchronous suspension>
build-and-test	Run flutter test --coverage	2025-07-30T14:31:19.6617106Z (elided one frame from package:stack_trace)
build-and-test	Run flutter test --coverage	2025-07-30T14:31:19.6617113Z 
build-and-test	Run flutter test --coverage	2025-07-30T14:31:19.6617238Z The test description was:
build-and-test	Run flutter test --coverage	2025-07-30T14:31:19.6617427Z   studio user can access studio-specific routes
build-and-test	Run flutter test --coverage	2025-07-30T14:31:19.6617904Z ════════════════════════════════════════════════════════════════════════════════════════════════════
build-and-test	Run flutter test --coverage	2025-07-30T14:31:19.6618486Z ══╡ EXCEPTION CAUGHT BY FLUTTER TEST FRAMEWORK ╞════════════════════════════════════════════════════
build-and-test	Run flutter test --coverage	2025-07-30T14:31:19.6618631Z The following message was thrown:
build-and-test	Run flutter test --coverage	2025-07-30T14:31:19.6619067Z Multiple exceptions (2) were detected during the running of the current test, and at least one was
build-and-test	Run flutter test --coverage	2025-07-30T14:31:19.6619179Z unexpected.
build-and-test	Run flutter test --coverage	2025-07-30T14:31:19.6619652Z ════════════════════════════════════════════════════════════════════════════════════════════════════
build-and-test	Run flutter test --coverage	2025-07-30T14:31:19.6619805Z Test failed. See exception logs above.
build-and-test	Run flutter test --coverage	2025-07-30T14:31:19.6620128Z The test description was: studio user can access studio-specific routes
build-and-test	Run flutter test --coverage	2025-07-30T14:31:19.6620136Z 
build-and-test	Run flutter test --coverage	2025-07-30T14:31:19.6620522Z ##[endgroup]
build-and-test	Run flutter test --coverage	2025-07-30T14:31:20.9874832Z test/providers/auth_notifier_test.dart:52:9: Error: Setter not found: 'authService'.
build-and-test	Run flutter test --coverage	2025-07-30T14:31:20.9876351Z         authService = container.read(authServiceProvider);
build-and-test	Run flutter test --coverage	2025-07-30T14:31:20.9877245Z         ^^^^^^^^^^^
build-and-test	Run flutter test --coverage	2025-07-30T14:31:20.9878701Z test/providers/auth_notifier_test.dart:55:16: Error: Undefined name 'authService'.
build-and-test	Run flutter test --coverage	2025-07-30T14:31:20.9879956Z         expect(authService, isA<AuthService>());
build-and-test	Run flutter test --coverage	2025-07-30T14:31:20.9880620Z                ^^^^^^^^^^^
build-and-test	Run flutter test --coverage	2025-07-30T14:31:20.9889083Z test/providers/auth_notifier_test.dart:62:9: Error: Setter not found: 'streamController'.
build-and-test	Run flutter test --coverage	2025-07-30T14:31:20.9891481Z         streamController = StreamController<AppUser?>();
build-and-test	Run flutter test --coverage	2025-07-30T14:31:20.9895215Z         ^^^^^^^^^^^^^^^^
build-and-test	Run flutter test --coverage	2025-07-30T14:31:20.9899187Z test/providers/auth_notifier_test.dart:64:32: Error: Undefined name 'streamController'.
build-and-test	Run flutter test --coverage	2025-07-30T14:31:20.9917408Z             .thenAnswer((_) => streamController.stream.asBroadcastStream());
build-and-test	Run flutter test --coverage	2025-07-30T14:31:20.9918663Z                                ^^^^^^^^^^^^^^^^
build-and-test	Run flutter test --coverage	2025-07-30T14:31:20.9919638Z test/providers/auth_notifier_test.dart:67:9: Error: Setter not found: 'authState'.
build-and-test	Run flutter test --coverage	2025-07-30T14:31:20.9921194Z         authState = container.read(authStateProvider);
build-and-test	Run flutter test --coverage	2025-07-30T14:31:20.9927831Z         ^^^^^^^^^
build-and-test	Run flutter test --coverage	2025-07-30T14:31:20.9928386Z test/providers/auth_notifier_test.dart:70:16: Error: Undefined name 'authState'.
build-and-test	Run flutter test --coverage	2025-07-30T14:31:20.9929065Z         expect(authState, isA<AsyncValue<AppUser?>>());
build-and-test	Run flutter test --coverage	2025-07-30T14:31:20.9929495Z                ^^^^^^^^^
build-and-test	Run flutter test --coverage	2025-07-30T14:31:20.9930072Z test/providers/auth_notifier_test.dart:75:9: Error: Setter not found: 'streamController'.
build-and-test	Run flutter test --coverage	2025-07-30T14:31:20.9930773Z         streamController = StreamController<AppUser?>();
build-and-test	Run flutter test --coverage	2025-07-30T14:31:20.9931197Z         ^^^^^^^^^^^^^^^^
build-and-test	Run flutter test --coverage	2025-07-30T14:31:20.9931938Z test/providers/auth_notifier_test.dart:77:32: Error: Undefined name 'streamController'.
build-and-test	Run flutter test --coverage	2025-07-30T14:31:20.9932723Z             .thenAnswer((_) => streamController.stream.asBroadcastStream());
build-and-test	Run flutter test --coverage	2025-07-30T14:31:20.9933269Z                                ^^^^^^^^^^^^^^^^
build-and-test	Run flutter test --coverage	2025-07-30T14:31:20.9933870Z test/providers/auth_notifier_test.dart:86:9: Error: Undefined name 'streamController'.
build-and-test	Run flutter test --coverage	2025-07-30T14:31:20.9934522Z         streamController.add(appUser);
build-and-test	Run flutter test --coverage	2025-07-30T14:31:20.9934897Z         ^^^^^^^^^^^^^^^^
build-and-test	Run flutter test --coverage	2025-07-30T14:31:20.9935412Z test/providers/auth_notifier_test.dart:90:9: Error: Setter not found: 'authState'.
build-and-test	Run flutter test --coverage	2025-07-30T14:31:20.9936098Z         authState = container.read(authStateProvider);
build-and-test	Run flutter test --coverage	2025-07-30T14:31:20.9936531Z         ^^^^^^^^^
build-and-test	Run flutter test --coverage	2025-07-30T14:31:20.9937039Z test/providers/auth_notifier_test.dart:91:16: Error: Undefined name 'authState'.
build-and-test	Run flutter test --coverage	2025-07-30T14:31:20.9937732Z         expect(authState, isA<AsyncValue<AppUser?>>());
build-and-test	Run flutter test --coverage	2025-07-30T14:31:20.9938178Z                ^^^^^^^^^
build-and-test	Run flutter test --coverage	2025-07-30T14:31:20.9938777Z test/providers/auth_notifier_test.dart:98:9: Error: Setter not found: 'streamController'.
build-and-test	Run flutter test --coverage	2025-07-30T14:31:20.9939543Z         streamController = StreamController<AppUser?>();
build-and-test	Run flutter test --coverage	2025-07-30T14:31:20.9940022Z         ^^^^^^^^^^^^^^^^
build-and-test	Run flutter test --coverage	2025-07-30T14:31:20.9940651Z test/providers/auth_notifier_test.dart:100:32: Error: Undefined name 'streamController'.
build-and-test	Run flutter test --coverage	2025-07-30T14:31:20.9941754Z             .thenAnswer((_) => streamController.stream.asBroadcastStream());
build-and-test	Run flutter test --coverage	2025-07-30T14:31:20.9942394Z                                ^^^^^^^^^^^^^^^^
build-and-test	Run flutter test --coverage	2025-07-30T14:31:20.9943097Z test/providers/auth_notifier_test.dart:111:9: Error: Undefined name 'streamController'.
build-and-test	Run flutter test --coverage	2025-07-30T14:31:20.9943868Z         streamController.add(businessUser);
build-and-test	Run flutter test --coverage	2025-07-30T14:31:20.9944315Z         ^^^^^^^^^^^^^^^^
build-and-test	Run flutter test --coverage	2025-07-30T14:31:20.9944923Z test/providers/auth_notifier_test.dart:115:9: Error: Setter not found: 'authState'.
build-and-test	Run flutter test --coverage	2025-07-30T14:31:20.9945706Z         authState = container.read(authStateProvider);
build-and-test	Run flutter test --coverage	2025-07-30T14:31:20.9946189Z         ^^^^^^^^^
build-and-test	Run flutter test --coverage	2025-07-30T14:31:20.9946770Z test/providers/auth_notifier_test.dart:116:16: Error: Undefined name 'authState'.
build-and-test	Run flutter test --coverage	2025-07-30T14:31:20.9947525Z         expect(authState, isA<AsyncValue<AppUser?>>());
build-and-test	Run flutter test --coverage	2025-07-30T14:31:20.9948000Z                ^^^^^^^^^
build-and-test	Run flutter test --coverage	2025-07-30T14:31:20.9948614Z test/providers/auth_notifier_test.dart:121:9: Error: Setter not found: 'streamController'.
build-and-test	Run flutter test --coverage	2025-07-30T14:31:20.9949421Z         streamController = StreamController<AppUser?>();
build-and-test	Run flutter test --coverage	2025-07-30T14:31:20.9949919Z         ^^^^^^^^^^^^^^^^
build-and-test	Run flutter test --coverage	2025-07-30T14:31:20.9950546Z test/providers/auth_notifier_test.dart:123:32: Error: Undefined name 'streamController'.
build-and-test	Run flutter test --coverage	2025-07-30T14:31:20.9951455Z             .thenAnswer((_) => streamController.stream.asBroadcastStream());
build-and-test	Run flutter test --coverage	2025-07-30T14:31:20.9952267Z                                ^^^^^^^^^^^^^^^^
build-and-test	Run flutter test --coverage	2025-07-30T14:31:20.9952997Z test/providers/auth_notifier_test.dart:126:9: Error: Undefined name 'streamController'.
build-and-test	Run flutter test --coverage	2025-07-30T14:31:20.9953732Z         streamController.add(null);
build-and-test	Run flutter test --coverage	2025-07-30T14:31:20.9954157Z         ^^^^^^^^^^^^^^^^
build-and-test	Run flutter test --coverage	2025-07-30T14:31:20.9955036Z test/providers/auth_notifier_test.dart:130:9: Error: Setter not found: 'authState'.
build-and-test	Run flutter test --coverage	2025-07-30T14:31:20.9955743Z         authState = container.read(authStateProvider);
build-and-test	Run flutter test --coverage	2025-07-30T14:31:20.9956179Z         ^^^^^^^^^
build-and-test	Run flutter test --coverage	2025-07-30T14:31:20.9956677Z test/providers/auth_notifier_test.dart:131:16: Error: Undefined name 'authState'.
build-and-test	Run flutter test --coverage	2025-07-30T14:31:20.9957527Z         expect(authState, isA<AsyncValue<AppUser?>>());
build-and-test	Run flutter test --coverage	2025-07-30T14:31:20.9957943Z                ^^^^^^^^^
build-and-test	Run flutter test --coverage	2025-07-30T14:31:20.9958476Z test/providers/auth_notifier_test.dart:138:9: Error: Setter not found: 'firebaseAuth'.
build-and-test	Run flutter test --coverage	2025-07-30T14:31:20.9959123Z         firebaseAuth = container.read(authProvider);
build-and-test	Run flutter test --coverage	2025-07-30T14:31:20.9959515Z         ^^^^^^^^^^^^
build-and-test	Run flutter test --coverage	2025-07-30T14:31:20.9960022Z test/providers/auth_notifier_test.dart:141:16: Error: Undefined name 'firebaseAuth'.
build-and-test	Run flutter test --coverage	2025-07-30T14:31:20.9960712Z         expect(firebaseAuth, equals(mockFirebaseAuth));
build-and-test	Run flutter test --coverage	2025-07-30T14:31:20.9961148Z                ^^^^^^^^^^^^
build-and-test	Run flutter test --coverage	2025-07-30T14:31:22.7834305Z ##[group]❌ loading /home/runner/work/appoint/appoint/test/providers/auth_notifier_test.dart (failed)
build-and-test	Run flutter test --coverage	2025-07-30T14:31:22.7836222Z Failed to load "/home/runner/work/appoint/appoint/test/providers/auth_notifier_test.dart": Compilation failed for testPath=/home/runner/work/appoint/appoint/test/providers/auth_notifier_test.dart
build-and-test	Run flutter test --coverage	2025-07-30T14:31:22.7837410Z 
build-and-test	Run flutter test --coverage	2025-07-30T14:31:22.7837767Z ##[endgroup]
build-and-test	Run flutter test --coverage	2025-07-30T14:31:22.8267746Z ##[group]❌ loading /home/runner/work/appoint/appoint/test/widgets/login_screen_test.dart (failed after test completion)
build-and-test	Run flutter test --coverage	2025-07-30T14:31:22.8268898Z Error: the Dart compiler exited unexpectedly.
build-and-test	Run flutter test --coverage	2025-07-30T14:31:22.8270281Z package:flutter_tools/src/base/common.dart 10:3  throwToolExit
build-and-test	Run flutter test --coverage	2025-07-30T14:31:22.8271041Z package:flutter_tools/src/compile.dart 893:9     DefaultResidentCompiler._compile.<fn>
build-and-test	Run flutter test --coverage	2025-07-30T14:31:22.8271927Z dart:async/zone.dart 1422:47                     _rootRunUnary
build-and-test	Run flutter test --coverage	2025-07-30T14:31:22.8272681Z dart:async/future_impl.dart 902:45               Future._propagateToListeners.handleValueCallback
build-and-test	Run flutter test --coverage	2025-07-30T14:31:22.8273530Z dart:async/future_impl.dart 931:13               Future._propagateToListeners
build-and-test	Run flutter test --coverage	2025-07-30T14:31:22.8274330Z dart:async/future_impl.dart 827:9                Future._propagateToListeners
build-and-test	Run flutter test --coverage	2025-07-30T14:31:22.8275084Z dart:async/future_impl.dart 707:5                Future._completeWithValue
build-and-test	Run flutter test --coverage	2025-07-30T14:31:22.8275835Z dart:async/future_impl.dart 777:7                Future._asyncCompleteWithValue.<fn>
build-and-test	Run flutter test --coverage	2025-07-30T14:31:22.8276625Z dart:async/zone.dart 1414:13                     _rootRun
build-and-test	Run flutter test --coverage	2025-07-30T14:31:22.8277331Z dart:async/zone.dart 1317:19                     _CustomZone.run
build-and-test	Run flutter test --coverage	2025-07-30T14:31:22.8278110Z dart:async/zone.dart 1225:7                      _CustomZone.runGuarded
build-and-test	Run flutter test --coverage	2025-07-30T14:31:22.8278983Z dart:async/zone.dart 1265:23                     _CustomZone.bindCallbackGuarded.<fn>
build-and-test	Run flutter test --coverage	2025-07-30T14:31:22.8279846Z dart:async/schedule_microtask.dart 40:21         _microtaskLoop
build-and-test	Run flutter test --coverage	2025-07-30T14:31:22.8280678Z dart:async/schedule_microtask.dart 49:5          _startMicrotaskLoop
build-and-test	Run flutter test --coverage	2025-07-30T14:31:22.8281823Z dart:isolate-patch/isolate_patch.dart 118:13     _runPendingImmediateCallback
build-and-test	Run flutter test --coverage	2025-07-30T14:31:22.8282682Z dart:isolate-patch/isolate_patch.dart 185:5      _RawReceivePort._handleMessage
build-and-test	Run flutter test --coverage	2025-07-30T14:31:22.8283549Z ##[endgroup]
build-and-test	Run flutter test --coverage	2025-07-30T14:31:25.8174502Z ##[group]❌ /home/runner/work/appoint/appoint/test/providers/fcm_token_provider_test.dart: FCMTokenProvider initial state should be initial (failed)
build-and-test	Run flutter test --coverage	2025-07-30T14:31:25.8177442Z Expected: null
build-and-test	Run flutter test --coverage	2025-07-30T14:31:25.8178237Z   Actual: 'Failed to initialize FCM: [core/no-app] No Firebase App \'[DEFAULT]\' has been created - call Firebase.initializeApp()'
build-and-test	Run flutter test --coverage	2025-07-30T14:31:25.8178977Z 
build-and-test	Run flutter test --coverage	2025-07-30T14:31:25.8179200Z package:matcher                                     expect
build-and-test	Run flutter test --coverage	2025-07-30T14:31:25.8179792Z package:flutter_test/src/widget_tester.dart 480:18  expect
build-and-test	Run flutter test --coverage	2025-07-30T14:31:25.8180466Z test/providers/fcm_token_provider_test.dart 30:7    main.<fn>.<fn>
build-and-test	Run flutter test --coverage	2025-07-30T14:31:25.8181255Z ##[endgroup]
build-and-test	Run flutter test --coverage	2025-07-30T14:31:25.8221192Z ✅ /home/runner/work/appoint/appoint/test/providers/fcm_token_provider_test.dart: FCMTokenProvider hasToken should return false when token is null
build-and-test	Run flutter test --coverage	2025-07-30T14:31:25.8255856Z ✅ /home/runner/work/appoint/appoint/test/providers/fcm_token_provider_test.dart: FCMTokenProvider hasToken should return true when token is available
build-and-test	Run flutter test --coverage	2025-07-30T14:31:25.8282356Z ✅ /home/runner/work/appoint/appoint/test/providers/fcm_token_provider_test.dart: FCMTokenProvider isLoading should return true when loading
build-and-test	Run flutter test --coverage	2025-07-30T14:31:25.8337849Z ✅ /home/runner/work/appoint/appoint/test/providers/fcm_token_provider_test.dart: FCMTokenProvider hasError should return true when error exists
build-and-test	Run flutter test --coverage	2025-07-30T14:31:25.8350141Z ✅ /home/runner/work/appoint/appoint/test/providers/fcm_token_provider_test.dart: FCMTokenProvider currentToken should return token when available
build-and-test	Run flutter test --coverage	2025-07-30T14:31:25.8370091Z ✅ /home/runner/work/appoint/appoint/test/providers/fcm_token_provider_test.dart: FCMTokenProvider FCMTokenState.initial should create initial state
build-and-test	Run flutter test --coverage	2025-07-30T14:31:25.8389115Z ✅ /home/runner/work/appoint/appoint/test/providers/fcm_token_provider_test.dart: FCMTokenProvider FCMTokenState.loading should create loading state
build-and-test	Run flutter test --coverage	2025-07-30T14:31:25.8408718Z ✅ /home/runner/work/appoint/appoint/test/providers/fcm_token_provider_test.dart: FCMTokenProvider FCMTokenState.success should create success state
build-and-test	Run flutter test --coverage	2025-07-30T14:31:25.8428358Z ✅ /home/runner/work/appoint/appoint/test/providers/fcm_token_provider_test.dart: FCMTokenProvider FCMTokenState.error should create error state
build-and-test	Run flutter test --coverage	2025-07-30T14:31:25.8448003Z ✅ /home/runner/work/appoint/appoint/test/providers/fcm_token_provider_test.dart: FCMTokenProvider Integration should handle token refresh correctly
build-and-test	Run flutter test --coverage	2025-07-30T14:31:25.8475513Z ✅ /home/runner/work/appoint/appoint/test/providers/fcm_token_provider_test.dart: FCMTokenProvider Integration should handle authentication state changes
build-and-test	Run flutter test --coverage	2025-07-30T14:31:28.0218603Z ##[group]❌ /home/runner/work/appoint/appoint/test/golden/booking_calendar_golden_test.dart: BookingCalendar matches golden (failed)
build-and-test	Run flutter test --coverage	2025-07-30T14:31:28.0221275Z ══╡ EXCEPTION CAUGHT BY FLUTTER TEST FRAMEWORK ╞════════════════════════════════════════════════════
build-and-test	Run flutter test --coverage	2025-07-30T14:31:28.0222336Z The following assertion was thrown while running async test code:
build-and-test	Run flutter test --coverage	2025-07-30T14:31:28.0223151Z Golden "goldens/booking_calendar.png": Pixel test failed, 0.17%, 7215px diff detected.
build-and-test	Run flutter test --coverage	2025-07-30T14:31:28.0224077Z Failure feedback can be found at /home/runner/work/appoint/appoint/test/golden/failures
build-and-test	Run flutter test --coverage	2025-07-30T14:31:28.0224602Z 
build-and-test	Run flutter test --coverage	2025-07-30T14:31:28.0224809Z When the exception was thrown, this was the stack:
build-and-test	Run flutter test --coverage	2025-07-30T14:31:28.0225537Z #0      LocalFileComparator.compare (package:flutter_test/src/_goldens_io.dart:108:5)
build-and-test	Run flutter test --coverage	2025-07-30T14:31:28.0226194Z <asynchronous suspension>
build-and-test	Run flutter test --coverage	2025-07-30T14:31:28.0226920Z #1      MatchesGoldenFile.matchAsync.<anonymous closure> (package:flutter_test/src/_matchers_io.dart:121:32)
build-and-test	Run flutter test --coverage	2025-07-30T14:31:28.0227759Z <asynchronous suspension>
build-and-test	Run flutter test --coverage	2025-07-30T14:31:28.0228150Z <asynchronous suspension>
build-and-test	Run flutter test --coverage	2025-07-30T14:31:28.0228732Z #3      _expect.<anonymous closure> (package:matcher/src/expect/expect.dart:123:26)
build-and-test	Run flutter test --coverage	2025-07-30T14:31:28.0229397Z <asynchronous suspension>
build-and-test	Run flutter test --coverage	2025-07-30T14:31:28.0229754Z <asynchronous suspension>
build-and-test	Run flutter test --coverage	2025-07-30T14:31:28.0230369Z #5      expectLater.<anonymous closure> (package:flutter_test/src/widget_tester.dart:518:24)
build-and-test	Run flutter test --coverage	2025-07-30T14:31:28.0231085Z <asynchronous suspension>
build-and-test	Run flutter test --coverage	2025-07-30T14:31:28.0232213Z #6      main.<anonymous closure> (file:///home/runner/work/appoint/appoint/test/golden/booking_calendar_golden_test.dart:93:5)
build-and-test	Run flutter test --coverage	2025-07-30T14:31:28.0233182Z <asynchronous suspension>
build-and-test	Run flutter test --coverage	2025-07-30T14:31:28.0233926Z #7      testWidgets.<anonymous closure>.<anonymous closure> (package:flutter_test/src/widget_tester.dart:189:15)
build-and-test	Run flutter test --coverage	2025-07-30T14:31:28.0234750Z <asynchronous suspension>
build-and-test	Run flutter test --coverage	2025-07-30T14:31:28.0235451Z #8      TestWidgetsFlutterBinding._runTestBody (package:flutter_test/src/binding.dart:1027:5)
build-and-test	Run flutter test --coverage	2025-07-30T14:31:28.0236223Z <asynchronous suspension>
build-and-test	Run flutter test --coverage	2025-07-30T14:31:28.0236606Z <asynchronous suspension>
build-and-test	Run flutter test --coverage	2025-07-30T14:31:28.0237555Z (elided 3 frames from dart:async and package:stack_trace)
build-and-test	Run flutter test --coverage	2025-07-30T14:31:28.0237955Z 
build-and-test	Run flutter test --coverage	2025-07-30T14:31:28.0238141Z The exception was caught asynchronously.
build-and-test	Run flutter test --coverage	2025-07-30T14:31:28.0239011Z ════════════════════════════════════════════════════════════════════════════════════════════════════
build-and-test	Run flutter test --coverage	2025-07-30T14:31:28.0239877Z Test failed. See exception logs above.
build-and-test	Run flutter test --coverage	2025-07-30T14:31:28.0240434Z The test description was: BookingCalendar matches golden
build-and-test	Run flutter test --coverage	2025-07-30T14:31:28.0240841Z 
build-and-test	Run flutter test --coverage	2025-07-30T14:31:28.0241228Z ##[endgroup]
build-and-test	Run flutter test --coverage	2025-07-30T14:31:28.5703677Z test/utils/date_extensions_test.dart:11:9: Error: Setter not found: 'd'.
build-and-test	Run flutter test --coverage	2025-07-30T14:31:28.5705994Z         d = tz(2025, 3, 9); // 9 Mar 2025
build-and-test	Run flutter test --coverage	2025-07-30T14:31:28.5706404Z         ^
build-and-test	Run flutter test --coverage	2025-07-30T14:31:28.5706869Z test/utils/date_extensions_test.dart:12:16: Error: Undefined name 'd'.
build-and-test	Run flutter test --coverage	2025-07-30T14:31:28.5710387Z         expect(d.toBookingKey(), '20250309');
build-and-test	Run flutter test --coverage	2025-07-30T14:31:28.5711000Z                ^
build-and-test	Run flutter test --coverage	2025-07-30T14:31:28.5711900Z test/utils/date_extensions_test.dart:16:9: Error: Setter not found: 'd'.
build-and-test	Run flutter test --coverage	2025-07-30T14:31:28.5712893Z         d = tz(2025, 1, 5); // 5 Jan 2025
build-and-test	Run flutter test --coverage	2025-07-30T14:31:28.5715307Z         ^
build-and-test	Run flutter test --coverage	2025-07-30T14:31:28.5716118Z test/utils/date_extensions_test.dart:17:16: Error: Undefined name 'd'.
build-and-test	Run flutter test --coverage	2025-07-30T14:31:28.5717431Z         expect(d.toBookingKey(), '20250105');
build-and-test	Run flutter test --coverage	2025-07-30T14:31:28.5718191Z                ^
build-and-test	Run flutter test --coverage	2025-07-30T14:31:28.5720288Z test/utils/date_extensions_test.dart:21:9: Error: Setter not found: 'd'.
build-and-test	Run flutter test --coverage	2025-07-30T14:31:28.5721285Z         d = tz(2024, 2, 29); // 29 Feb 2024 (leap year)
build-and-test	Run flutter test --coverage	2025-07-30T14:31:28.5723229Z         ^
build-and-test	Run flutter test --coverage	2025-07-30T14:31:28.5723877Z test/utils/date_extensions_test.dart:22:16: Error: Undefined name 'd'.
build-and-test	Run flutter test --coverage	2025-07-30T14:31:28.5726764Z         expect(d.toBookingKey(), '20240229');
build-and-test	Run flutter test --coverage	2025-07-30T14:31:28.5727200Z                ^
build-and-test	Run flutter test --coverage	2025-07-30T14:31:28.5727707Z test/utils/date_extensions_test.dart:28:9: Error: Setter not found: 'wed'.
build-and-test	Run flutter test --coverage	2025-07-30T14:31:28.5728360Z         wed = tz(2025, 11, 12); // Wednesday
build-and-test	Run flutter test --coverage	2025-07-30T14:31:28.5728772Z         ^^^
build-and-test	Run flutter test --coverage	2025-07-30T14:31:28.5729260Z test/utils/date_extensions_test.dart:29:17: Error: Undefined name 'wed'.
build-and-test	Run flutter test --coverage	2025-07-30T14:31:28.5729985Z         start = wed.startOfWeek(); // should be Monday 10 Nov 2025
build-and-test	Run flutter test --coverage	2025-07-30T14:31:28.5730489Z                 ^^^
build-and-test	Run flutter test --coverage	2025-07-30T14:31:28.5731021Z test/utils/date_extensions_test.dart:29:9: Error: Setter not found: 'start'.
build-and-test	Run flutter test --coverage	2025-07-30T14:31:28.5731979Z         start = wed.startOfWeek(); // should be Monday 10 Nov 2025
build-and-test	Run flutter test --coverage	2025-07-30T14:31:28.5732485Z         ^^^^^
build-and-test	Run flutter test --coverage	2025-07-30T14:31:28.5732982Z test/utils/date_extensions_test.dart:30:16: Error: Undefined name 'start'.
build-and-test	Run flutter test --coverage	2025-07-30T14:31:28.5733662Z         expect(start.weekday, DateTime.monday);
build-and-test	Run flutter test --coverage	2025-07-30T14:31:28.5734094Z                ^^^^^
build-and-test	Run flutter test --coverage	2025-07-30T14:31:28.5734613Z test/utils/date_extensions_test.dart:31:16: Error: Undefined name 'start'.
build-and-test	Run flutter test --coverage	2025-07-30T14:31:28.5735245Z         expect(start.day, 10);
build-and-test	Run flutter test --coverage	2025-07-30T14:31:28.5735610Z                ^^^^^
build-and-test	Run flutter test --coverage	2025-07-30T14:31:28.5736117Z test/utils/date_extensions_test.dart:32:16: Error: Undefined name 'start'.
build-and-test	Run flutter test --coverage	2025-07-30T14:31:28.5737063Z         expect(start.month, 11);
build-and-test	Run flutter test --coverage	2025-07-30T14:31:28.5737437Z                ^^^^^
build-and-test	Run flutter test --coverage	2025-07-30T14:31:28.5737936Z test/utils/date_extensions_test.dart:33:16: Error: Undefined name 'start'.
build-and-test	Run flutter test --coverage	2025-07-30T14:31:28.5738577Z         expect(start.year, 2025);
build-and-test	Run flutter test --coverage	2025-07-30T14:31:28.5738954Z                ^^^^^
build-and-test	Run flutter test --coverage	2025-07-30T14:31:28.5739462Z test/utils/date_extensions_test.dart:37:9: Error: Setter not found: 'mon'.
build-and-test	Run flutter test --coverage	2025-07-30T14:31:28.5740093Z         mon = tz(2025, 11, 10); // Monday
build-and-test	Run flutter test --coverage	2025-07-30T14:31:28.5740487Z         ^^^
build-and-test	Run flutter test --coverage	2025-07-30T14:31:28.5740956Z test/utils/date_extensions_test.dart:38:17: Error: Undefined name 'mon'.
build-and-test	Run flutter test --coverage	2025-07-30T14:31:28.5741761Z         start = mon.startOfWeek();
build-and-test	Run flutter test --coverage	2025-07-30T14:31:28.5742151Z                 ^^^
build-and-test	Run flutter test --coverage	2025-07-30T14:31:28.5742660Z test/utils/date_extensions_test.dart:38:9: Error: Setter not found: 'start'.
build-and-test	Run flutter test --coverage	2025-07-30T14:31:28.5743304Z         start = mon.startOfWeek();
build-and-test	Run flutter test --coverage	2025-07-30T14:31:28.5743677Z         ^^^^^
build-and-test	Run flutter test --coverage	2025-07-30T14:31:28.5744171Z test/utils/date_extensions_test.dart:39:30: Error: Undefined name 'mon'.
build-and-test	Run flutter test --coverage	2025-07-30T14:31:28.5744783Z         expect(start, equals(mon));
build-and-test	Run flutter test --coverage	2025-07-30T14:31:28.5745174Z                              ^^^
build-and-test	Run flutter test --coverage	2025-07-30T14:31:28.5751762Z test/utils/date_extensions_test.dart:39:16: Error: Undefined name 'start'.
build-and-test	Run flutter test --coverage	2025-07-30T14:31:28.5800991Z         expect(start, equals(mon));
build-and-test	Run flutter test --coverage	2025-07-30T14:31:28.5801401Z                ^^^^^
build-and-test	Run flutter test --coverage	2025-07-30T14:31:28.5802093Z test/utils/date_extensions_test.dart:43:9: Error: Setter not found: 'sun'.
build-and-test	Run flutter test --coverage	2025-07-30T14:31:28.5802726Z         sun = tz(2025, 11, 16); // Sunday
build-and-test	Run flutter test --coverage	2025-07-30T14:31:28.5803111Z         ^^^
build-and-test	Run flutter test --coverage	2025-07-30T14:31:28.5803595Z test/utils/date_extensions_test.dart:44:17: Error: Undefined name 'sun'.
build-and-test	Run flutter test --coverage	2025-07-30T14:31:28.5804303Z         start = sun.startOfWeek(); // should be Monday 10 Nov 2025
build-and-test	Run flutter test --coverage	2025-07-30T14:31:28.5804812Z                 ^^^
build-and-test	Run flutter test --coverage	2025-07-30T14:31:28.5805340Z test/utils/date_extensions_test.dart:44:9: Error: Setter not found: 'start'.
build-and-test	Run flutter test --coverage	2025-07-30T14:31:28.5806088Z         start = sun.startOfWeek(); // should be Monday 10 Nov 2025
build-and-test	Run flutter test --coverage	2025-07-30T14:31:28.5806590Z         ^^^^^
build-and-test	Run flutter test --coverage	2025-07-30T14:31:28.5807085Z test/utils/date_extensions_test.dart:45:16: Error: Undefined name 'start'.
build-and-test	Run flutter test --coverage	2025-07-30T14:31:28.5807755Z         expect(start.weekday, DateTime.monday);
build-and-test	Run flutter test --coverage	2025-07-30T14:31:28.5808208Z                ^^^^^
build-and-test	Run flutter test --coverage	2025-07-30T14:31:28.5808749Z test/utils/date_extensions_test.dart:46:16: Error: Undefined name 'start'.
build-and-test	Run flutter test --coverage	2025-07-30T14:31:28.5809388Z         expect(start.day, 10);
build-and-test	Run flutter test --coverage	2025-07-30T14:31:28.5809761Z                ^^^^^
build-and-test	Run flutter test --coverage	2025-07-30T14:31:28.5810288Z test/utils/date_extensions_test.dart:52:9: Error: Setter not found: 'wed'.
build-and-test	Run flutter test --coverage	2025-07-30T14:31:28.5810936Z         wed = tz(2025, 11, 12); // Wednesday
build-and-test	Run flutter test --coverage	2025-07-30T14:31:28.5811345Z         ^^^
build-and-test	Run flutter test --coverage	2025-07-30T14:31:28.5812019Z test/utils/date_extensions_test.dart:53:15: Error: Undefined name 'wed'.
build-and-test	Run flutter test --coverage	2025-07-30T14:31:28.5812719Z         end = wed.endOfWeek(); // should be Sunday 16 Nov 2025
build-and-test	Run flutter test --coverage	2025-07-30T14:31:28.5813183Z               ^^^
build-and-test	Run flutter test --coverage	2025-07-30T14:31:28.5813689Z test/utils/date_extensions_test.dart:53:9: Error: Setter not found: 'end'.
build-and-test	Run flutter test --coverage	2025-07-30T14:31:28.5814374Z         end = wed.endOfWeek(); // should be Sunday 16 Nov 2025
build-and-test	Run flutter test --coverage	2025-07-30T14:31:28.5814842Z         ^^^
build-and-test	Run flutter test --coverage	2025-07-30T14:31:28.5815300Z test/utils/date_extensions_test.dart:54:16: Error: Undefined name 'end'.
build-and-test	Run flutter test --coverage	2025-07-30T14:31:28.5815961Z         expect(end.weekday, DateTime.sunday);
build-and-test	Run flutter test --coverage	2025-07-30T14:31:28.5833369Z                ^^^
build-and-test	Run flutter test --coverage	2025-07-30T14:31:28.5833872Z test/utils/date_extensions_test.dart:55:16: Error: Undefined name 'end'.
build-and-test	Run flutter test --coverage	2025-07-30T14:31:28.5834443Z         expect(end.day, 16);
build-and-test	Run flutter test --coverage	2025-07-30T14:31:28.5834777Z                ^^^
build-and-test	Run flutter test --coverage	2025-07-30T14:31:28.5835228Z test/utils/date_extensions_test.dart:56:16: Error: Undefined name 'end'.
build-and-test	Run flutter test --coverage	2025-07-30T14:31:28.5835793Z         expect(end.month, 11);
build-and-test	Run flutter test --coverage	2025-07-30T14:31:28.5836105Z                ^^^
build-and-test	Run flutter test --coverage	2025-07-30T14:31:28.5836544Z test/utils/date_extensions_test.dart:57:16: Error: Undefined name 'end'.
build-and-test	Run flutter test --coverage	2025-07-30T14:31:28.5837404Z         expect(end.year, 2025);
build-and-test	Run flutter test --coverage	2025-07-30T14:31:28.5837756Z                ^^^
build-and-test	Run flutter test --coverage	2025-07-30T14:31:28.5838235Z test/utils/date_extensions_test.dart:61:9: Error: Setter not found: 'sun'.
build-and-test	Run flutter test --coverage	2025-07-30T14:31:28.5838833Z         sun = tz(2025, 11, 16); // Sunday
build-and-test	Run flutter test --coverage	2025-07-30T14:31:28.5839199Z         ^^^
build-and-test	Run flutter test --coverage	2025-07-30T14:31:28.5839636Z test/utils/date_extensions_test.dart:62:15: Error: Undefined name 'sun'.
build-and-test	Run flutter test --coverage	2025-07-30T14:31:28.5840204Z         end = sun.endOfWeek();
build-and-test	Run flutter test --coverage	2025-07-30T14:31:28.5840528Z               ^^^
build-and-test	Run flutter test --coverage	2025-07-30T14:31:28.5840959Z test/utils/date_extensions_test.dart:62:9: Error: Setter not found: 'end'.
build-and-test	Run flutter test --coverage	2025-07-30T14:31:28.5841478Z         end = sun.endOfWeek();
build-and-test	Run flutter test --coverage	2025-07-30T14:31:28.5841976Z         ^^^
build-and-test	Run flutter test --coverage	2025-07-30T14:31:28.5842394Z test/utils/date_extensions_test.dart:63:28: Error: Undefined name 'sun'.
build-and-test	Run flutter test --coverage	2025-07-30T14:31:28.5842957Z         expect(end, equals(sun));
build-and-test	Run flutter test --coverage	2025-07-30T14:31:28.5843313Z                            ^^^
build-and-test	Run flutter test --coverage	2025-07-30T14:31:28.5843801Z test/utils/date_extensions_test.dart:63:16: Error: Undefined name 'end'.
build-and-test	Run flutter test --coverage	2025-07-30T14:31:28.5844340Z         expect(end, equals(sun));
build-and-test	Run flutter test --coverage	2025-07-30T14:31:28.5844666Z                ^^^
build-and-test	Run flutter test --coverage	2025-07-30T14:31:28.5845125Z test/utils/date_extensions_test.dart:69:9: Error: Setter not found: 'd1'.
build-and-test	Run flutter test --coverage	2025-07-30T14:31:28.5845759Z         d1 = DateTime.parse('2025-07-05T23:30:00Z');
build-and-test	Run flutter test --coverage	2025-07-30T14:31:28.5846393Z         ^^
build-and-test	Run flutter test --coverage	2025-07-30T14:31:28.5846830Z test/utils/date_extensions_test.dart:70:9: Error: Setter not found: 'd2'.
build-and-test	Run flutter test --coverage	2025-07-30T14:31:28.5847428Z         d2 = DateTime.parse('2025-07-05T00:05:00Z');
build-and-test	Run flutter test --coverage	2025-07-30T14:31:28.5847827Z         ^^
build-and-test	Run flutter test --coverage	2025-07-30T14:31:28.5848269Z test/utils/date_extensions_test.dart:71:29: Error: Undefined name 'd2'.
build-and-test	Run flutter test --coverage	2025-07-30T14:31:28.5848856Z         expect(d1.isSameDay(d2), isTrue);
build-and-test	Run flutter test --coverage	2025-07-30T14:31:28.5849235Z                             ^^
build-and-test	Run flutter test --coverage	2025-07-30T14:31:28.5849741Z test/utils/date_extensions_test.dart:71:16: Error: Undefined name 'd1'.
build-and-test	Run flutter test --coverage	2025-07-30T14:31:28.5850340Z         expect(d1.isSameDay(d2), isTrue);
build-and-test	Run flutter test --coverage	2025-07-30T14:31:28.5850712Z                ^^
build-and-test	Run flutter test --coverage	2025-07-30T14:31:28.5851189Z test/utils/date_extensions_test.dart:75:9: Error: Setter not found: 'd1'.
build-and-test	Run flutter test --coverage	2025-07-30T14:31:28.5851962Z         d1 = DateTime.parse('2025-07-05T23:30:00Z');
build-and-test	Run flutter test --coverage	2025-07-30T14:31:28.5852355Z         ^^
build-and-test	Run flutter test --coverage	2025-07-30T14:31:28.5852801Z test/utils/date_extensions_test.dart:76:9: Error: Setter not found: 'd2'.
build-and-test	Run flutter test --coverage	2025-07-30T14:31:28.5853422Z         d2 = DateTime.parse('2025-07-06T00:05:00Z');
build-and-test	Run flutter test --coverage	2025-07-30T14:31:28.5853819Z         ^^
build-and-test	Run flutter test --coverage	2025-07-30T14:31:28.5854263Z test/utils/date_extensions_test.dart:77:29: Error: Undefined name 'd2'.
build-and-test	Run flutter test --coverage	2025-07-30T14:31:28.5854846Z         expect(d1.isSameDay(d2), isFalse);
build-and-test	Run flutter test --coverage	2025-07-30T14:31:28.5855248Z                             ^^
build-and-test	Run flutter test --coverage	2025-07-30T14:31:28.5855761Z test/utils/date_extensions_test.dart:77:16: Error: Undefined name 'd1'.
build-and-test	Run flutter test --coverage	2025-07-30T14:31:28.5856357Z         expect(d1.isSameDay(d2), isFalse);
build-and-test	Run flutter test --coverage	2025-07-30T14:31:28.5856748Z                ^^
build-and-test	Run flutter test --coverage	2025-07-30T14:31:28.5857312Z test/utils/date_extensions_test.dart:81:9: Error: Setter not found: 'd1'.
build-and-test	Run flutter test --coverage	2025-07-30T14:31:28.5857940Z         d1 = DateTime.parse('2025-07-05T12:00:00Z');
build-and-test	Run flutter test --coverage	2025-07-30T14:31:28.5858338Z         ^^
build-and-test	Run flutter test --coverage	2025-07-30T14:31:28.5858791Z test/utils/date_extensions_test.dart:82:9: Error: Setter not found: 'd2'.
build-and-test	Run flutter test --coverage	2025-07-30T14:31:28.5859397Z         d2 = DateTime.parse('2025-08-05T12:00:00Z');
build-and-test	Run flutter test --coverage	2025-07-30T14:31:28.5859796Z         ^^
build-and-test	Run flutter test --coverage	2025-07-30T14:31:28.5860249Z test/utils/date_extensions_test.dart:83:29: Error: Undefined name 'd2'.
build-and-test	Run flutter test --coverage	2025-07-30T14:31:28.5860831Z         expect(d1.isSameDay(d2), isFalse);
build-and-test	Run flutter test --coverage	2025-07-30T14:31:28.5861225Z                             ^^
build-and-test	Run flutter test --coverage	2025-07-30T14:31:28.5861884Z test/utils/date_extensions_test.dart:83:16: Error: Undefined name 'd1'.
build-and-test	Run flutter test --coverage	2025-07-30T14:31:28.5862475Z         expect(d1.isSameDay(d2), isFalse);
build-and-test	Run flutter test --coverage	2025-07-30T14:31:28.5862855Z                ^^
build-and-test	Run flutter test --coverage	2025-07-30T14:31:28.5863319Z test/utils/date_extensions_test.dart:87:9: Error: Setter not found: 'd1'.
build-and-test	Run flutter test --coverage	2025-07-30T14:31:28.5863887Z         d1 = DateTime.parse('2025-07-05T12:00:00Z');
build-and-test	Run flutter test --coverage	2025-07-30T14:31:28.5864295Z         ^^
build-and-test	Run flutter test --coverage	2025-07-30T14:31:28.5864931Z test/utils/date_extensions_test.dart:88:9: Error: Setter not found: 'd2'.
build-and-test	Run flutter test --coverage	2025-07-30T14:31:28.5865533Z         d2 = DateTime.parse('2024-07-05T12:00:00Z');
build-and-test	Run flutter test --coverage	2025-07-30T14:31:28.5865905Z         ^^
build-and-test	Run flutter test --coverage	2025-07-30T14:31:28.5866304Z test/utils/date_extensions_test.dart:89:29: Error: Undefined name 'd2'.
build-and-test	Run flutter test --coverage	2025-07-30T14:31:28.5866858Z         expect(d1.isSameDay(d2), isFalse);
build-and-test	Run flutter test --coverage	2025-07-30T14:31:28.5867208Z                             ^^
build-and-test	Run flutter test --coverage	2025-07-30T14:31:28.5867696Z test/utils/date_extensions_test.dart:89:16: Error: Undefined name 'd1'.
build-and-test	Run flutter test --coverage	2025-07-30T14:31:28.5868222Z         expect(d1.isSameDay(d2), isFalse);
build-and-test	Run flutter test --coverage	2025-07-30T14:31:28.5868571Z                ^^
build-and-test	Run flutter test --coverage	2025-07-30T14:31:28.5869016Z test/utils/date_extensions_test.dart:95:9: Error: Setter not found: 'now'.
build-and-test	Run flutter test --coverage	2025-07-30T14:31:28.5869574Z         now = DateTime.now();
build-and-test	Run flutter test --coverage	2025-07-30T14:31:28.5869908Z         ^^^
build-and-test	Run flutter test --coverage	2025-07-30T14:31:28.5870364Z test/utils/date_extensions_test.dart:96:16: Error: Undefined name 'now'.
build-and-test	Run flutter test --coverage	2025-07-30T14:31:28.5870963Z         expect(now.isToday, isTrue);
build-and-test	Run flutter test --coverage	2025-07-30T14:31:28.5871337Z                ^^^
build-and-test	Run flutter test --coverage	2025-07-30T14:31:28.5871998Z test/utils/date_extensions_test.dart:100:9: Error: Setter not found: 'tomorrow'.
build-and-test	Run flutter test --coverage	2025-07-30T14:31:28.5872684Z         tomorrow = DateTime.now().add(const Duration(days: 1));
build-and-test	Run flutter test --coverage	2025-07-30T14:31:28.5873153Z         ^^^^^^^^
build-and-test	Run flutter test --coverage	2025-07-30T14:31:28.5873829Z test/utils/date_extensions_test.dart:101:16: Error: Undefined name 'tomorrow'.
build-and-test	Run flutter test --coverage	2025-07-30T14:31:28.5874445Z         expect(tomorrow.isTomorrow, isTrue);
build-and-test	Run flutter test --coverage	2025-07-30T14:31:28.5874832Z                ^^^^^^^^
build-and-test	Run flutter test --coverage	2025-07-30T14:31:28.5875335Z test/utils/date_extensions_test.dart:105:9: Error: Setter not found: 'yesterday'.
build-and-test	Run flutter test --coverage	2025-07-30T14:31:28.5876090Z         yesterday = DateTime.now().subtract(const Duration(days: 1));
build-and-test	Run flutter test --coverage	2025-07-30T14:31:28.5876600Z         ^^^^^^^^^
build-and-test	Run flutter test --coverage	2025-07-30T14:31:28.5877143Z test/utils/date_extensions_test.dart:106:16: Error: Undefined name 'yesterday'.
build-and-test	Run flutter test --coverage	2025-07-30T14:31:28.5877848Z         expect(yesterday.isYesterday, isTrue);
build-and-test	Run flutter test --coverage	2025-07-30T14:31:28.5878292Z                ^^^^^^^^^
build-and-test	Run flutter test --coverage	2025-07-30T14:31:28.5878840Z test/utils/date_extensions_test.dart:112:9: Error: Setter not found: 'date'.
build-and-test	Run flutter test --coverage	2025-07-30T14:31:28.5879466Z         date = tz(2025, 3, 9, 14, 30, 45, 123);
build-and-test	Run flutter test --coverage	2025-07-30T14:31:28.5879832Z         ^^^^
build-and-test	Run flutter test --coverage	2025-07-30T14:31:28.5880290Z test/utils/date_extensions_test.dart:113:23: Error: Undefined name 'date'.
build-and-test	Run flutter test --coverage	2025-07-30T14:31:28.5880893Z         final start = date.startOfDay;
build-and-test	Run flutter test --coverage	2025-07-30T14:31:28.5881252Z                       ^^^^
build-and-test	Run flutter test --coverage	2025-07-30T14:31:28.5881944Z test/utils/date_extensions_test.dart:124:9: Error: Setter not found: 'date'.
build-and-test	Run flutter test --coverage	2025-07-30T14:31:28.5882539Z         date = tz(2025, 3, 9, 14, 30, 45, 123);
build-and-test	Run flutter test --coverage	2025-07-30T14:31:28.5882911Z         ^^^^
build-and-test	Run flutter test --coverage	2025-07-30T14:31:28.5891759Z test/utils/date_extensions_test.dart:125:21: Error: Undefined name 'date'.
build-and-test	Run flutter test --coverage	2025-07-30T14:31:28.5892515Z         final end = date.endOfDay;
build-and-test	Run flutter test --coverage	2025-07-30T14:31:28.5892915Z                     ^^^^
build-and-test	Run flutter test --coverage	2025-07-30T14:31:28.5893433Z test/utils/date_extensions_test.dart:138:9: Error: Setter not found: 'date'.
build-and-test	Run flutter test --coverage	2025-07-30T14:31:28.5894113Z         date = tz(2025, 3, 15);
build-and-test	Run flutter test --coverage	2025-07-30T14:31:28.5894429Z         ^^^^
build-and-test	Run flutter test --coverage	2025-07-30T14:31:28.5894887Z test/utils/date_extensions_test.dart:139:23: Error: Undefined name 'date'.
build-and-test	Run flutter test --coverage	2025-07-30T14:31:28.5895564Z         final start = date.startOfMonth;
build-and-test	Run flutter test --coverage	2025-07-30T14:31:28.5895966Z                       ^^^^
build-and-test	Run flutter test --coverage	2025-07-30T14:31:28.5896493Z test/utils/date_extensions_test.dart:146:9: Error: Setter not found: 'date'.
build-and-test	Run flutter test --coverage	2025-07-30T14:31:28.5897117Z         date = tz(2025, 3, 15);
build-and-test	Run flutter test --coverage	2025-07-30T14:31:28.5897429Z         ^^^^
build-and-test	Run flutter test --coverage	2025-07-30T14:31:28.5897920Z test/utils/date_extensions_test.dart:147:21: Error: Undefined name 'date'.
build-and-test	Run flutter test --coverage	2025-07-30T14:31:28.5898540Z         final end = date.endOfMonth;
build-and-test	Run flutter test --coverage	2025-07-30T14:31:28.5898895Z                     ^^^^
build-and-test	Run flutter test --coverage	2025-07-30T14:31:28.5899465Z test/utils/date_extensions_test.dart:154:9: Error: Setter not found: 'date'.
build-and-test	Run flutter test --coverage	2025-07-30T14:31:28.5900064Z         date = tz(2024, 2, 15); // Leap year
build-and-test	Run flutter test --coverage	2025-07-30T14:31:28.5900491Z         ^^^^
build-and-test	Run flutter test --coverage	2025-07-30T14:31:28.5900942Z test/utils/date_extensions_test.dart:155:21: Error: Undefined name 'date'.
build-and-test	Run flutter test --coverage	2025-07-30T14:31:28.5902009Z         final end = date.endOfMonth;
build-and-test	Run flutter test --coverage	2025-07-30T14:31:28.5902405Z                     ^^^^
build-and-test	Run flutter test --coverage	2025-07-30T14:31:28.5902937Z test/utils/date_extensions_test.dart:163:9: Error: Setter not found: 'date'.
build-and-test	Run flutter test --coverage	2025-07-30T14:31:28.5903567Z         date = tz(2025, 6, 15);
build-and-test	Run flutter test --coverage	2025-07-30T14:31:28.5903912Z         ^^^^
build-and-test	Run flutter test --coverage	2025-07-30T14:31:28.5904366Z test/utils/date_extensions_test.dart:164:23: Error: Undefined name 'date'.
build-and-test	Run flutter test --coverage	2025-07-30T14:31:28.5905017Z         final start = date.startOfYear;
build-and-test	Run flutter test --coverage	2025-07-30T14:31:28.5905417Z                       ^^^^
build-and-test	Run flutter test --coverage	2025-07-30T14:31:28.5905984Z test/utils/date_extensions_test.dart:171:9: Error: Setter not found: 'date'.
build-and-test	Run flutter test --coverage	2025-07-30T14:31:28.5906577Z         date = tz(2025, 6, 15);
build-and-test	Run flutter test --coverage	2025-07-30T14:31:28.5906948Z         ^^^^
build-and-test	Run flutter test --coverage	2025-07-30T14:31:28.5907392Z test/utils/date_extensions_test.dart:172:21: Error: Undefined name 'date'.
build-and-test	Run flutter test --coverage	2025-07-30T14:31:28.5908038Z         final end = date.endOfYear;
build-and-test	Run flutter test --coverage	2025-07-30T14:31:28.5908398Z                     ^^^^
build-and-test	Run flutter test --coverage	2025-07-30T14:31:28.5908932Z test/utils/date_extensions_test.dart:181:9: Error: Setter not found: 'date'.
build-and-test	Run flutter test --coverage	2025-07-30T14:31:28.5909540Z         date = tz(2025, 3, 9);
build-and-test	Run flutter test --coverage	2025-07-30T14:31:28.5909883Z         ^^^^
build-and-test	Run flutter test --coverage	2025-07-30T14:31:28.5910379Z test/utils/date_extensions_test.dart:182:21: Error: Undefined name 'date'.
build-and-test	Run flutter test --coverage	2025-07-30T14:31:28.5911182Z         formatted = date.toDisplayDate();
build-and-test	Run flutter test --coverage	2025-07-30T14:31:28.5911741Z                     ^^^^
build-and-test	Run flutter test --coverage	2025-07-30T14:31:28.5912292Z test/utils/date_extensions_test.dart:182:9: Error: Setter not found: 'formatted'.
build-and-test	Run flutter test --coverage	2025-07-30T14:31:28.5912977Z         formatted = date.toDisplayDate();
build-and-test	Run flutter test --coverage	2025-07-30T14:31:28.5913363Z         ^^^^^^^^^
build-and-test	Run flutter test --coverage	2025-07-30T14:31:28.5913911Z test/utils/date_extensions_test.dart:183:16: Error: Undefined name 'formatted'.
build-and-test	Run flutter test --coverage	2025-07-30T14:31:28.5914548Z         expect(formatted, contains('March'));
build-and-test	Run flutter test --coverage	2025-07-30T14:31:28.5914992Z                ^^^^^^^^^
build-and-test	Run flutter test --coverage	2025-07-30T14:31:28.5915517Z test/utils/date_extensions_test.dart:184:16: Error: Undefined name 'formatted'.
build-and-test	Run flutter test --coverage	2025-07-30T14:31:28.5916206Z         expect(formatted, contains('9'));
build-and-test	Run flutter test --coverage	2025-07-30T14:31:28.5916588Z                ^^^^^^^^^
build-and-test	Run flutter test --coverage	2025-07-30T14:31:28.5917122Z test/utils/date_extensions_test.dart:185:16: Error: Undefined name 'formatted'.
build-and-test	Run flutter test --coverage	2025-07-30T14:31:28.5917783Z         expect(formatted, contains('2025'));
build-and-test	Run flutter test --coverage	2025-07-30T14:31:28.5918179Z                ^^^^^^^^^
build-and-test	Run flutter test --coverage	2025-07-30T14:31:28.5918725Z test/utils/date_extensions_test.dart:191:9: Error: Setter not found: 'date'.
build-and-test	Run flutter test --coverage	2025-07-30T14:31:28.5919324Z         date = tz(2025, 3, 9, 14, 30);
build-and-test	Run flutter test --coverage	2025-07-30T14:31:28.5919719Z         ^^^^
build-and-test	Run flutter test --coverage	2025-07-30T14:31:28.5920180Z test/utils/date_extensions_test.dart:192:21: Error: Undefined name 'date'.
build-and-test	Run flutter test --coverage	2025-07-30T14:31:28.5920824Z         formatted = date.toDisplayTime();
build-and-test	Run flutter test --coverage	2025-07-30T14:31:28.5921213Z                     ^^^^
build-and-test	Run flutter test --coverage	2025-07-30T14:31:28.5921884Z test/utils/date_extensions_test.dart:192:9: Error: Setter not found: 'formatted'.
build-and-test	Run flutter test --coverage	2025-07-30T14:31:28.5922559Z         formatted = date.toDisplayTime();
build-and-test	Run flutter test --coverage	2025-07-30T14:31:28.5922947Z         ^^^^^^^^^
build-and-test	Run flutter test --coverage	2025-07-30T14:31:28.5923488Z test/utils/date_extensions_test.dart:193:16: Error: Undefined name 'formatted'.
build-and-test	Run flutter test --coverage	2025-07-30T14:31:28.5924089Z         expect(formatted, '14:30');
build-and-test	Run flutter test --coverage	2025-07-30T14:31:28.5924501Z                ^^^^^^^^^
build-and-test	Run flutter test --coverage	2025-07-30T14:31:28.5925002Z test/utils/date_extensions_test.dart:197:9: Error: Setter not found: 'date'.
build-and-test	Run flutter test --coverage	2025-07-30T14:31:28.5925652Z         date = tz(2025, 3, 9);
build-and-test	Run flutter test --coverage	2025-07-30T14:31:28.5925963Z         ^^^^
build-and-test	Run flutter test --coverage	2025-07-30T14:31:28.5926415Z test/utils/date_extensions_test.dart:198:21: Error: Undefined name 'date'.
build-and-test	Run flutter test --coverage	2025-07-30T14:31:28.5927066Z         formatted = date.toDisplayTime();
build-and-test	Run flutter test --coverage	2025-07-30T14:31:28.5927439Z                     ^^^^
build-and-test	Run flutter test --coverage	2025-07-30T14:31:28.5928010Z test/utils/date_extensions_test.dart:198:9: Error: Setter not found: 'formatted'.
build-and-test	Run flutter test --coverage	2025-07-30T14:31:28.5928652Z         formatted = date.toDisplayTime();
build-and-test	Run flutter test --coverage	2025-07-30T14:31:28.5929062Z         ^^^^^^^^^
build-and-test	Run flutter test --coverage	2025-07-30T14:31:28.5929566Z test/utils/date_extensions_test.dart:199:16: Error: Undefined name 'formatted'.
build-and-test	Run flutter test --coverage	2025-07-30T14:31:28.5930419Z         expect(formatted, '00:00');
build-and-test	Run flutter test --coverage	2025-07-30T14:31:28.5930760Z                ^^^^^^^^^
build-and-test	Run flutter test --coverage	2025-07-30T14:31:28.5931286Z test/utils/date_extensions_test.dart:205:9: Error: Setter not found: 'date'.
build-and-test	Run flutter test --coverage	2025-07-30T14:31:28.5932075Z         date = tz(2025, 3, 9, 14, 30);
build-and-test	Run flutter test --coverage	2025-07-30T14:31:28.5932427Z         ^^^^
build-and-test	Run flutter test --coverage	2025-07-30T14:31:28.5932948Z test/utils/date_extensions_test.dart:206:21: Error: Undefined name 'date'.
build-and-test	Run flutter test --coverage	2025-07-30T14:31:28.5933568Z         formatted = date.toDisplayDateTime();
build-and-test	Run flutter test --coverage	2025-07-30T14:31:28.5933967Z                     ^^^^
build-and-test	Run flutter test --coverage	2025-07-30T14:31:28.5934539Z test/utils/date_extensions_test.dart:206:9: Error: Setter not found: 'formatted'.
build-and-test	Run flutter test --coverage	2025-07-30T14:31:28.5935194Z         formatted = date.toDisplayDateTime();
build-and-test	Run flutter test --coverage	2025-07-30T14:31:28.5935582Z         ^^^^^^^^^
build-and-test	Run flutter test --coverage	2025-07-30T14:31:28.5936094Z test/utils/date_extensions_test.dart:207:16: Error: Undefined name 'formatted'.
build-and-test	Run flutter test --coverage	2025-07-30T14:31:28.5936740Z         expect(formatted, contains('March'));
build-and-test	Run flutter test --coverage	2025-07-30T14:31:28.5937187Z                ^^^^^^^^^
build-and-test	Run flutter test --coverage	2025-07-30T14:31:28.5937726Z test/utils/date_extensions_test.dart:208:16: Error: Undefined name 'formatted'.
build-and-test	Run flutter test --coverage	2025-07-30T14:31:28.5938362Z         expect(formatted, contains('9'));
build-and-test	Run flutter test --coverage	2025-07-30T14:31:28.5938799Z                ^^^^^^^^^
build-and-test	Run flutter test --coverage	2025-07-30T14:31:28.5939302Z test/utils/date_extensions_test.dart:209:16: Error: Undefined name 'formatted'.
build-and-test	Run flutter test --coverage	2025-07-30T14:31:28.5940153Z         expect(formatted, contains('2025'));
build-and-test	Run flutter test --coverage	2025-07-30T14:31:28.5940531Z                ^^^^^^^^^
build-and-test	Run flutter test --coverage	2025-07-30T14:31:28.5941113Z test/utils/date_extensions_test.dart:210:16: Error: Undefined name 'formatted'.
build-and-test	Run flutter test --coverage	2025-07-30T14:31:28.5941958Z         expect(formatted, contains('2:30')); // 12-hour format
build-and-test	Run flutter test --coverage	2025-07-30T14:31:28.5942474Z                ^^^^^^^^^
build-and-test	Run flutter test --coverage	2025-07-30T14:31:28.5942960Z test/utils/date_extensions_test.dart:216:9: Error: Setter not found: 'd1'.
build-and-test	Run flutter test --coverage	2025-07-30T14:31:28.5943564Z         d1 = tz(2025, 3, 9, 10);
build-and-test	Run flutter test --coverage	2025-07-30T14:31:28.5943908Z         ^^
build-and-test	Run flutter test --coverage	2025-07-30T14:31:28.5944351Z test/utils/date_extensions_test.dart:217:9: Error: Setter not found: 'd2'.
build-and-test	Run flutter test --coverage	2025-07-30T14:31:28.5944984Z         d2 = tz(2025, 3, 9, 20);
build-and-test	Run flutter test --coverage	2025-07-30T14:31:28.5945298Z         ^^
build-and-test	Run flutter test --coverage	2025-07-30T14:31:28.5945755Z test/utils/date_extensions_test.dart:218:34: Error: Undefined name 'd2'.
build-and-test	Run flutter test --coverage	2025-07-30T14:31:28.5946386Z         expect(d1.daysDifference(d2), 0);
build-and-test	Run flutter test --coverage	2025-07-30T14:31:28.5946781Z                                  ^^
build-and-test	Run flutter test --coverage	2025-07-30T14:31:28.5947323Z test/utils/date_extensions_test.dart:218:16: Error: Undefined name 'd1'.
build-and-test	Run flutter test --coverage	2025-07-30T14:31:28.5947942Z         expect(d1.daysDifference(d2), 0);
build-and-test	Run flutter test --coverage	2025-07-30T14:31:28.5948317Z                ^^
build-and-test	Run flutter test --coverage	2025-07-30T14:31:28.5948839Z test/utils/date_extensions_test.dart:222:9: Error: Setter not found: 'd1'.
build-and-test	Run flutter test --coverage	2025-07-30T14:31:28.5949392Z         d1 = tz(2025, 3, 9);
build-and-test	Run flutter test --coverage	2025-07-30T14:31:28.5949709Z         ^^
build-and-test	Run flutter test --coverage	2025-07-30T14:31:28.5950198Z test/utils/date_extensions_test.dart:223:9: Error: Setter not found: 'd2'.
build-and-test	Run flutter test --coverage	2025-07-30T14:31:28.5950757Z         d2 = tz(2025, 3, 10);
build-and-test	Run flutter test --coverage	2025-07-30T14:31:28.5951068Z         ^^
build-and-test	Run flutter test --coverage	2025-07-30T14:31:28.5951691Z test/utils/date_extensions_test.dart:224:34: Error: Undefined name 'd2'.
build-and-test	Run flutter test --coverage	2025-07-30T14:31:28.5952282Z         expect(d1.daysDifference(d2), 1);
build-and-test	Run flutter test --coverage	2025-07-30T14:31:28.5952661Z                                  ^^
build-and-test	Run flutter test --coverage	2025-07-30T14:31:28.5953233Z test/utils/date_extensions_test.dart:224:16: Error: Undefined name 'd1'.
build-and-test	Run flutter test --coverage	2025-07-30T14:31:28.5953823Z         expect(d1.daysDifference(d2), 1);
build-and-test	Run flutter test --coverage	2025-07-30T14:31:28.5954193Z                ^^
build-and-test	Run flutter test --coverage	2025-07-30T14:31:28.5954702Z test/utils/date_extensions_test.dart:228:9: Error: Setter not found: 'd1'.
build-and-test	Run flutter test --coverage	2025-07-30T14:31:28.5955275Z         d1 = tz(2025, 3, 9);
build-and-test	Run flutter test --coverage	2025-07-30T14:31:28.5955574Z         ^^
build-and-test	Run flutter test --coverage	2025-07-30T14:31:28.5956040Z test/utils/date_extensions_test.dart:229:9: Error: Setter not found: 'd2'.
build-and-test	Run flutter test --coverage	2025-07-30T14:31:28.5956634Z         d2 = tz(2025, 3, 11);
build-and-test	Run flutter test --coverage	2025-07-30T14:31:28.5956936Z         ^^
build-and-test	Run flutter test --coverage	2025-07-30T14:31:28.5957367Z test/utils/date_extensions_test.dart:230:34: Error: Undefined name 'd2'.
build-and-test	Run flutter test --coverage	2025-07-30T14:31:28.5958003Z         expect(d1.daysDifference(d2), 2);
build-and-test	Run flutter test --coverage	2025-07-30T14:31:28.5958532Z                                  ^^
build-and-test	Run flutter test --coverage	2025-07-30T14:31:28.5959119Z test/utils/date_extensions_test.dart:230:16: Error: Undefined name 'd1'.
build-and-test	Run flutter test --coverage	2025-07-30T14:31:28.5959698Z         expect(d1.daysDifference(d2), 2);
build-and-test	Run flutter test --coverage	2025-07-30T14:31:28.5960053Z                ^^
build-and-test	Run flutter test --coverage	2025-07-30T14:31:28.5960574Z test/utils/date_extensions_test.dart:231:34: Error: Undefined name 'd1'.
build-and-test	Run flutter test --coverage	2025-07-30T14:31:28.5961156Z         expect(d2.daysDifference(d1), 2);
build-and-test	Run flutter test --coverage	2025-07-30T14:31:28.5961655Z                                  ^^
build-and-test	Run flutter test --coverage	2025-07-30T14:31:28.5962239Z test/utils/date_extensions_test.dart:231:16: Error: Undefined name 'd2'.
build-and-test	Run flutter test --coverage	2025-07-30T14:31:28.5962806Z         expect(d2.daysDifference(d1), 2);
build-and-test	Run flutter test --coverage	2025-07-30T14:31:28.5963196Z                ^^
build-and-test	Run flutter test --coverage	2025-07-30T14:31:28.5963715Z test/utils/date_extensions_test.dart:237:9: Error: Setter not found: 'past'.
build-and-test	Run flutter test --coverage	2025-07-30T14:31:28.5964403Z         past = DateTime.now().subtract(const Duration(days: 1));
build-and-test	Run flutter test --coverage	2025-07-30T14:31:28.5964937Z         ^^^^
build-and-test	Run flutter test --coverage	2025-07-30T14:31:28.5965390Z test/utils/date_extensions_test.dart:238:16: Error: Undefined name 'past'.
build-and-test	Run flutter test --coverage	2025-07-30T14:31:28.5966021Z         expect(past.isPast, isTrue);
build-and-test	Run flutter test --coverage	2025-07-30T14:31:28.5966425Z                ^^^^
build-and-test	Run flutter test --coverage	2025-07-30T14:31:28.5966919Z test/utils/date_extensions_test.dart:242:9: Error: Setter not found: 'future'.
build-and-test	Run flutter test --coverage	2025-07-30T14:31:28.5967834Z         future = DateTime.now().add(const Duration(days: 1));
build-and-test	Run flutter test --coverage	2025-07-30T14:31:28.5968283Z         ^^^^^^
build-and-test	Run flutter test --coverage	2025-07-30T14:31:28.5968784Z test/utils/date_extensions_test.dart:243:16: Error: Undefined name 'future'.
build-and-test	Run flutter test --coverage	2025-07-30T14:31:28.5969430Z         expect(future.isFuture, isTrue);
build-and-test	Run flutter test --coverage	2025-07-30T14:31:28.5969805Z                ^^^^^^
build-and-test	Run flutter test --coverage	2025-07-30T14:31:28.5970348Z test/utils/date_extensions_test.dart:249:9: Error: Setter not found: 'now'.
build-and-test	Run flutter test --coverage	2025-07-30T14:31:28.5970954Z         now = DateTime.now();
build-and-test	Run flutter test --coverage	2025-07-30T14:31:28.5971265Z         ^^^
build-and-test	Run flutter test --coverage	2025-07-30T14:31:28.5971903Z test/utils/date_extensions_test.dart:250:30: Error: Undefined name 'now'.
build-and-test	Run flutter test --coverage	2025-07-30T14:31:28.5972585Z         birthDate = DateTime(now.year - 25, now.month, now.day);
build-and-test	Run flutter test --coverage	2025-07-30T14:31:28.5973081Z                              ^^^
build-and-test	Run flutter test --coverage	2025-07-30T14:31:28.5973633Z test/utils/date_extensions_test.dart:250:45: Error: Undefined name 'now'.
build-and-test	Run flutter test --coverage	2025-07-30T14:31:28.5974286Z         birthDate = DateTime(now.year - 25, now.month, now.day);
build-and-test	Run flutter test --coverage	2025-07-30T14:31:28.5974837Z                                             ^^^
build-and-test	Run flutter test --coverage	2025-07-30T14:31:28.5975386Z test/utils/date_extensions_test.dart:250:56: Error: Undefined name 'now'.
build-and-test	Run flutter test --coverage	2025-07-30T14:31:28.5976099Z         birthDate = DateTime(now.year - 25, now.month, now.day);
build-and-test	Run flutter test --coverage	2025-07-30T14:31:28.5976592Z                                                        ^^^
build-and-test	Run flutter test --coverage	2025-07-30T14:31:28.5977208Z test/utils/date_extensions_test.dart:250:9: Error: Setter not found: 'birthDate'.
build-and-test	Run flutter test --coverage	2025-07-30T14:31:28.5977968Z         birthDate = DateTime(now.year - 25, now.month, now.day);
build-and-test	Run flutter test --coverage	2025-07-30T14:31:28.5978429Z         ^^^^^^^^^
build-and-test	Run flutter test --coverage	2025-07-30T14:31:28.5978998Z test/utils/date_extensions_test.dart:251:16: Error: Undefined name 'birthDate'.
build-and-test	Run flutter test --coverage	2025-07-30T14:31:28.5979616Z         expect(birthDate.age, 25);
build-and-test	Run flutter test --coverage	2025-07-30T14:31:28.5979991Z                ^^^^^^^^^
build-and-test	Run flutter test --coverage	2025-07-30T14:31:28.5980542Z test/utils/date_extensions_test.dart:255:9: Error: Setter not found: 'now'.
build-and-test	Run flutter test --coverage	2025-07-30T14:31:28.5981127Z         now = DateTime.now();
build-and-test	Run flutter test --coverage	2025-07-30T14:31:28.5981462Z         ^^^
build-and-test	Run flutter test --coverage	2025-07-30T14:31:28.5982102Z test/utils/date_extensions_test.dart:256:30: Error: Undefined name 'now'.
build-and-test	Run flutter test --coverage	2025-07-30T14:31:28.5982784Z         birthDate = DateTime(now.year - 25, now.month + 1, now.day);
build-and-test	Run flutter test --coverage	2025-07-30T14:31:28.5983349Z                              ^^^
build-and-test	Run flutter test --coverage	2025-07-30T14:31:28.5983864Z test/utils/date_extensions_test.dart:256:45: Error: Undefined name 'now'.
build-and-test	Run flutter test --coverage	2025-07-30T14:31:28.5984594Z         birthDate = DateTime(now.year - 25, now.month + 1, now.day);
build-and-test	Run flutter test --coverage	2025-07-30T14:31:28.5985100Z                                             ^^^
build-and-test	Run flutter test --coverage	2025-07-30T14:31:28.5985650Z test/utils/date_extensions_test.dart:256:60: Error: Undefined name 'now'.
build-and-test	Run flutter test --coverage	2025-07-30T14:31:28.5986401Z         birthDate = DateTime(now.year - 25, now.month + 1, now.day);
build-and-test	Run flutter test --coverage	2025-07-30T14:31:28.5987052Z                                                            ^^^
build-and-test	Run flutter test --coverage	2025-07-30T14:31:28.5987742Z test/utils/date_extensions_test.dart:256:9: Error: Setter not found: 'birthDate'.
build-and-test	Run flutter test --coverage	2025-07-30T14:31:28.5988456Z         birthDate = DateTime(now.year - 25, now.month + 1, now.day);
build-and-test	Run flutter test --coverage	2025-07-30T14:31:28.5989001Z         ^^^^^^^^^
build-and-test	Run flutter test --coverage	2025-07-30T14:31:28.5989489Z test/utils/date_extensions_test.dart:257:16: Error: Undefined name 'birthDate'.
build-and-test	Run flutter test --coverage	2025-07-30T14:31:28.5990132Z         expect(birthDate.age, 24);
build-and-test	Run flutter test --coverage	2025-07-30T14:31:28.5990523Z                ^^^^^^^^^
build-and-test	Run flutter test --coverage	2025-07-30T14:31:28.5991016Z test/utils/date_extensions_test.dart:263:9: Error: Setter not found: 'now'.
build-and-test	Run flutter test --coverage	2025-07-30T14:31:28.5991789Z         now = tz(2025, 3, 9, 12);
build-and-test	Run flutter test --coverage	2025-07-30T14:31:28.5992125Z         ^^^
build-and-test	Run flutter test --coverage	2025-07-30T14:31:28.5992588Z test/utils/date_extensions_test.dart:264:9: Error: Setter not found: 'recent'.
build-and-test	Run flutter test --coverage	2025-07-30T14:31:28.5993256Z         recent = tz(2025, 3, 9, 11, 59, 30);
build-and-test	Run flutter test --coverage	2025-07-30T14:31:28.5993608Z         ^^^^^^
build-and-test	Run flutter test --coverage	2025-07-30T14:31:28.5994064Z test/utils/date_extensions_test.dart:266:38: Error: Undefined name 'now'.
build-and-test	Run flutter test --coverage	2025-07-30T14:31:28.5994734Z         timeDiff = recent.difference(now);
build-and-test	Run flutter test --coverage	2025-07-30T14:31:28.5995124Z                                      ^^^
build-and-test	Run flutter test --coverage	2025-07-30T14:31:28.5995671Z test/utils/date_extensions_test.dart:266:20: Error: Undefined name 'recent'.
build-and-test	Run flutter test --coverage	2025-07-30T14:31:28.5996490Z         timeDiff = recent.difference(now);
build-and-test	Run flutter test --coverage	2025-07-30T14:31:28.5996861Z                    ^^^^^^
build-and-test	Run flutter test --coverage	2025-07-30T14:31:28.5997447Z test/utils/date_extensions_test.dart:266:9: Error: Setter not found: 'timeDiff'.
build-and-test	Run flutter test --coverage	2025-07-30T14:31:28.5998081Z         timeDiff = recent.difference(now);
build-and-test	Run flutter test --coverage	2025-07-30T14:31:28.5998453Z         ^^^^^^^^
build-and-test	Run flutter test --coverage	2025-07-30T14:31:28.5998988Z test/utils/date_extensions_test.dart:267:13: Error: Undefined name 'timeDiff'.
build-and-test	Run flutter test --coverage	2025-07-30T14:31:28.5999593Z         if (timeDiff.inMinutes < 1) {
build-and-test	Run flutter test --coverage	2025-07-30T14:31:28.5999977Z             ^^^^^^^^
build-and-test	Run flutter test --coverage	2025-07-30T14:31:28.6000513Z test/utils/date_extensions_test.dart:269:20: Error: Undefined name 'timeDiff'.
build-and-test	Run flutter test --coverage	2025-07-30T14:31:28.6001137Z         } else if (timeDiff.inMinutes < 60) {
build-and-test	Run flutter test --coverage	2025-07-30T14:31:28.6001754Z                    ^^^^^^^^
build-and-test	Run flutter test --coverage	2025-07-30T14:31:28.6002304Z test/utils/date_extensions_test.dart:270:21: Error: Undefined name 'timeDiff'.
build-and-test	Run flutter test --coverage	2025-07-30T14:31:28.6002948Z           minutes = timeDiff.inMinutes.abs();
build-and-test	Run flutter test --coverage	2025-07-30T14:31:28.6003388Z                     ^^^^^^^^
build-and-test	Run flutter test --coverage	2025-07-30T14:31:28.6003925Z test/utils/date_extensions_test.dart:270:11: Error: Setter not found: 'minutes'.
build-and-test	Run flutter test --coverage	2025-07-30T14:31:28.6004613Z           minutes = timeDiff.inMinutes.abs();
build-and-test	Run flutter test --coverage	2025-07-30T14:31:28.6005009Z           ^^^^^^^
build-and-test	Run flutter test --coverage	2025-07-30T14:31:28.6005478Z test/utils/date_extensions_test.dart:272:13: Error: Undefined name 'minutes'.
build-and-test	Run flutter test --coverage	2025-07-30T14:31:28.6006214Z             minutes == 1 ? '1 minute ago' : '$minutes minutes ago',
build-and-test	Run flutter test --coverage	2025-07-30T14:31:28.6006649Z             ^^^^^^^
build-and-test	Run flutter test --coverage	2025-07-30T14:31:28.6007146Z test/utils/date_extensions_test.dart:272:47: Error: Undefined name 'minutes'.
build-and-test	Run flutter test --coverage	2025-07-30T14:31:28.6007854Z             minutes == 1 ? '1 minute ago' : '$minutes minutes ago',
build-and-test	Run flutter test --coverage	2025-07-30T14:31:28.6008308Z                                               ^^^^^^^
build-and-test	Run flutter test --coverage	2025-07-30T14:31:28.6008951Z test/utils/date_extensions_test.dart:279:9: Error: Setter not found: 'now'.
build-and-test	Run flutter test --coverage	2025-07-30T14:31:28.6009520Z         now = tz(2025, 3, 9, 12);
build-and-test	Run flutter test --coverage	2025-07-30T14:31:28.6009860Z         ^^^
build-and-test	Run flutter test --coverage	2025-07-30T14:31:28.6010390Z test/utils/date_extensions_test.dart:280:9: Error: Setter not found: 'recent'.
build-and-test	Run flutter test --coverage	2025-07-30T14:31:28.6010982Z         recent = tz(2025, 3, 9, 11, 30);
build-and-test	Run flutter test --coverage	2025-07-30T14:31:28.6011351Z         ^^^^^^
build-and-test	Run flutter test --coverage	2025-07-30T14:31:28.6012000Z test/utils/date_extensions_test.dart:281:38: Error: Undefined name 'now'.
build-and-test	Run flutter test --coverage	2025-07-30T14:31:28.6012596Z         timeDiff = recent.difference(now);
build-and-test	Run flutter test --coverage	2025-07-30T14:31:28.6013024Z                                      ^^^
build-and-test	Run flutter test --coverage	2025-07-30T14:31:28.6013600Z test/utils/date_extensions_test.dart:281:20: Error: Undefined name 'recent'.
build-and-test	Run flutter test --coverage	2025-07-30T14:31:28.6014213Z         timeDiff = recent.difference(now);
build-and-test	Run flutter test --coverage	2025-07-30T14:31:28.6014652Z                    ^^^^^^
build-and-test	Run flutter test --coverage	2025-07-30T14:31:28.6015337Z test/utils/date_extensions_test.dart:281:9: Error: Setter not found: 'timeDiff'.
build-and-test	Run flutter test --coverage	2025-07-30T14:31:28.6016030Z         timeDiff = recent.difference(now);
build-and-test	Run flutter test --coverage	2025-07-30T14:31:28.6016413Z         ^^^^^^^^
build-and-test	Run flutter test --coverage	2025-07-30T14:31:28.6016894Z test/utils/date_extensions_test.dart:282:19: Error: Undefined name 'timeDiff'.
build-and-test	Run flutter test --coverage	2025-07-30T14:31:28.6017598Z         minutes = timeDiff.inMinutes.abs();
build-and-test	Run flutter test --coverage	2025-07-30T14:31:28.6017980Z                   ^^^^^^^^
build-and-test	Run flutter test --coverage	2025-07-30T14:31:28.6018544Z test/utils/date_extensions_test.dart:282:9: Error: Setter not found: 'minutes'.
build-and-test	Run flutter test --coverage	2025-07-30T14:31:28.6019203Z         minutes = timeDiff.inMinutes.abs();
build-and-test	Run flutter test --coverage	2025-07-30T14:31:28.6019579Z         ^^^^^^^
build-and-test	Run flutter test --coverage	2025-07-30T14:31:28.6020108Z test/utils/date_extensions_test.dart:284:11: Error: Undefined name 'minutes'.
build-and-test	Run flutter test --coverage	2025-07-30T14:31:28.6020817Z           minutes == 1 ? '1 minute ago' : '$minutes minutes ago',
build-and-test	Run flutter test --coverage	2025-07-30T14:31:28.6021327Z           ^^^^^^^
build-and-test	Run flutter test --coverage	2025-07-30T14:31:28.6022014Z test/utils/date_extensions_test.dart:284:45: Error: Undefined name 'minutes'.
build-and-test	Run flutter test --coverage	2025-07-30T14:31:28.6022718Z           minutes == 1 ? '1 minute ago' : '$minutes minutes ago',
build-and-test	Run flutter test --coverage	2025-07-30T14:31:28.6023202Z                                             ^^^^^^^
build-and-test	Run flutter test --coverage	2025-07-30T14:31:28.6023767Z test/utils/date_extensions_test.dart:290:9: Error: Setter not found: 'now'.
build-and-test	Run flutter test --coverage	2025-07-30T14:31:28.6024565Z         now = tz(2025, 3, 9, 12);
build-and-test	Run flutter test --coverage	2025-07-30T14:31:28.6024892Z         ^^^
build-and-test	Run flutter test --coverage	2025-07-30T14:31:28.6025345Z test/utils/date_extensions_test.dart:291:9: Error: Setter not found: 'recent'.
build-and-test	Run flutter test --coverage	2025-07-30T14:31:28.6026009Z         recent = tz(2025, 3, 9, 11, 59);
build-and-test	Run flutter test --coverage	2025-07-30T14:31:28.6026357Z         ^^^^^^
build-and-test	Run flutter test --coverage	2025-07-30T14:31:28.6026827Z test/utils/date_extensions_test.dart:292:38: Error: Undefined name 'now'.
build-and-test	Run flutter test --coverage	2025-07-30T14:31:28.6027466Z         timeDiff = recent.difference(now);
build-and-test	Run flutter test --coverage	2025-07-30T14:31:28.6027853Z                                      ^^^
build-and-test	Run flutter test --coverage	2025-07-30T14:31:28.6028463Z test/utils/date_extensions_test.dart:292:20: Error: Undefined name 'recent'.
build-and-test	Run flutter test --coverage	2025-07-30T14:31:28.6029103Z         timeDiff = recent.difference(now);
build-and-test	Run flutter test --coverage	2025-07-30T14:31:28.6029475Z                    ^^^^^^
build-and-test	Run flutter test --coverage	2025-07-30T14:31:28.6030061Z test/utils/date_extensions_test.dart:292:9: Error: Setter not found: 'timeDiff'.
build-and-test	Run flutter test --coverage	2025-07-30T14:31:28.6030686Z         timeDiff = recent.difference(now);
build-and-test	Run flutter test --coverage	2025-07-30T14:31:28.6031093Z         ^^^^^^^^
build-and-test	Run flutter test --coverage	2025-07-30T14:31:28.6031771Z test/utils/date_extensions_test.dart:293:19: Error: Undefined name 'timeDiff'.
build-and-test	Run flutter test --coverage	2025-07-30T14:31:28.6032387Z         minutes = timeDiff.inMinutes.abs();
build-and-test	Run flutter test --coverage	2025-07-30T14:31:28.6032832Z                   ^^^^^^^^
build-and-test	Run flutter test --coverage	2025-07-30T14:31:28.6033354Z test/utils/date_extensions_test.dart:293:9: Error: Setter not found: 'minutes'.
build-and-test	Run flutter test --coverage	2025-07-30T14:31:28.6033987Z         minutes = timeDiff.inMinutes.abs();
build-and-test	Run flutter test --coverage	2025-07-30T14:31:28.6034422Z         ^^^^^^^
build-and-test	Run flutter test --coverage	2025-07-30T14:31:28.6034891Z test/utils/date_extensions_test.dart:295:11: Error: Undefined name 'minutes'.
build-and-test	Run flutter test --coverage	2025-07-30T14:31:28.6035591Z           minutes == 1 ? '1 minute ago' : '$minutes minutes ago',
build-and-test	Run flutter test --coverage	2025-07-30T14:31:28.6036048Z           ^^^^^^^
build-and-test	Run flutter test --coverage	2025-07-30T14:31:28.6036523Z test/utils/date_extensions_test.dart:295:45: Error: Undefined name 'minutes'.
build-and-test	Run flutter test --coverage	2025-07-30T14:31:28.6037250Z           minutes == 1 ? '1 minute ago' : '$minutes minutes ago',
build-and-test	Run flutter test --coverage	2025-07-30T14:31:28.6037704Z                                             ^^^^^^^
build-and-test	Run flutter test --coverage	2025-07-30T14:31:28.6038307Z test/utils/date_extensions_test.dart:301:9: Error: Setter not found: 'now'.
build-and-test	Run flutter test --coverage	2025-07-30T14:31:28.6038916Z         now = tz(2025, 3, 9, 12);
build-and-test	Run flutter test --coverage	2025-07-30T14:31:28.6039236Z         ^^^
build-and-test	Run flutter test --coverage	2025-07-30T14:31:28.6039718Z test/utils/date_extensions_test.dart:302:9: Error: Setter not found: 'recent'.
build-and-test	Run flutter test --coverage	2025-07-30T14:31:28.6040342Z         recent = tz(2025, 3, 9, 10);
build-and-test	Run flutter test --coverage	2025-07-30T14:31:28.6040676Z         ^^^^^^
build-and-test	Run flutter test --coverage	2025-07-30T14:31:28.6041180Z test/utils/date_extensions_test.dart:303:38: Error: Undefined name 'now'.
build-and-test	Run flutter test --coverage	2025-07-30T14:31:28.6041921Z         timeDiff = recent.difference(now);
build-and-test	Run flutter test --coverage	2025-07-30T14:31:28.6042301Z                                      ^^^
build-and-test	Run flutter test --coverage	2025-07-30T14:31:28.6042925Z test/utils/date_extensions_test.dart:303:20: Error: Undefined name 'recent'.
build-and-test	Run flutter test --coverage	2025-07-30T14:31:28.6043697Z         timeDiff = recent.difference(now);
build-and-test	Run flutter test --coverage	2025-07-30T14:31:28.6044130Z                    ^^^^^^
build-and-test	Run flutter test --coverage	2025-07-30T14:31:28.6044663Z test/utils/date_extensions_test.dart:303:9: Error: Setter not found: 'timeDiff'.
build-and-test	Run flutter test --coverage	2025-07-30T14:31:28.6045303Z         timeDiff = recent.difference(now);
build-and-test	Run flutter test --coverage	2025-07-30T14:31:28.6045721Z         ^^^^^^^^
build-and-test	Run flutter test --coverage	2025-07-30T14:31:28.6046204Z test/utils/date_extensions_test.dart:304:17: Error: Undefined name 'timeDiff'.
build-and-test	Run flutter test --coverage	2025-07-30T14:31:28.6046858Z         hours = timeDiff.inHours.abs();
build-and-test	Run flutter test --coverage	2025-07-30T14:31:28.6047253Z                 ^^^^^^^^
build-and-test	Run flutter test --coverage	2025-07-30T14:31:28.6047751Z test/utils/date_extensions_test.dart:304:9: Error: Setter not found: 'hours'.
build-and-test	Run flutter test --coverage	2025-07-30T14:31:28.6048433Z         hours = timeDiff.inHours.abs();
build-and-test	Run flutter test --coverage	2025-07-30T14:31:28.6048804Z         ^^^^^
build-and-test	Run flutter test --coverage	2025-07-30T14:31:28.6049253Z test/utils/date_extensions_test.dart:305:16: Error: Undefined name 'hours'.
build-and-test	Run flutter test --coverage	2025-07-30T14:31:28.6050020Z         expect(hours == 1 ? '1 hour ago' : '$hours hours ago', '2 hours ago');
build-and-test	Run flutter test --coverage	2025-07-30T14:31:28.6050508Z                ^^^^^
build-and-test	Run flutter test --coverage	2025-07-30T14:31:28.6051004Z test/utils/date_extensions_test.dart:305:46: Error: Undefined name 'hours'.
build-and-test	Run flutter test --coverage	2025-07-30T14:31:28.6051889Z         expect(hours == 1 ? '1 hour ago' : '$hours hours ago', '2 hours ago');
build-and-test	Run flutter test --coverage	2025-07-30T14:31:28.6052563Z                                              ^^^^^
build-and-test	Run flutter test --coverage	2025-07-30T14:31:28.6053199Z test/utils/date_extensions_test.dart:309:9: Error: Setter not found: 'now'.
build-and-test	Run flutter test --coverage	2025-07-30T14:31:28.6053771Z         now = tz(2025, 3, 9, 12);
build-and-test	Run flutter test --coverage	2025-07-30T14:31:28.6054097Z         ^^^
build-and-test	Run flutter test --coverage	2025-07-30T14:31:28.6054623Z test/utils/date_extensions_test.dart:310:9: Error: Setter not found: 'recent'.
build-and-test	Run flutter test --coverage	2025-07-30T14:31:28.6055209Z         recent = tz(2025, 3, 9, 11);
build-and-test	Run flutter test --coverage	2025-07-30T14:31:28.6055548Z         ^^^^^^
build-and-test	Run flutter test --coverage	2025-07-30T14:31:28.6056059Z test/utils/date_extensions_test.dart:311:38: Error: Undefined name 'now'.
build-and-test	Run flutter test --coverage	2025-07-30T14:31:28.6056648Z         timeDiff = recent.difference(now);
build-and-test	Run flutter test --coverage	2025-07-30T14:31:28.6057080Z                                      ^^^
build-and-test	Run flutter test --coverage	2025-07-30T14:31:28.6057672Z test/utils/date_extensions_test.dart:311:20: Error: Undefined name 'recent'.
build-and-test	Run flutter test --coverage	2025-07-30T14:31:28.6058275Z         timeDiff = recent.difference(now);
build-and-test	Run flutter test --coverage	2025-07-30T14:31:28.6058715Z                    ^^^^^^
build-and-test	Run flutter test --coverage	2025-07-30T14:31:28.6059259Z test/utils/date_extensions_test.dart:311:9: Error: Setter not found: 'timeDiff'.
build-and-test	Run flutter test --coverage	2025-07-30T14:31:28.6059905Z         timeDiff = recent.difference(now);
build-and-test	Run flutter test --coverage	2025-07-30T14:31:28.6060308Z         ^^^^^^^^
build-and-test	Run flutter test --coverage	2025-07-30T14:31:28.6060803Z test/utils/date_extensions_test.dart:312:17: Error: Undefined name 'timeDiff'.
build-and-test	Run flutter test --coverage	2025-07-30T14:31:28.6061470Z         hours = timeDiff.inHours.abs();
build-and-test	Run flutter test --coverage	2025-07-30T14:31:28.6061994Z                 ^^^^^^^^
build-and-test	Run flutter test --coverage	2025-07-30T14:31:28.6062501Z test/utils/date_extensions_test.dart:312:9: Error: Setter not found: 'hours'.
build-and-test	Run flutter test --coverage	2025-07-30T14:31:28.6063178Z         hours = timeDiff.inHours.abs();
build-and-test	Run flutter test --coverage	2025-07-30T14:31:28.6063543Z         ^^^^^
build-and-test	Run flutter test --coverage	2025-07-30T14:31:28.6063992Z test/utils/date_extensions_test.dart:313:16: Error: Undefined name 'hours'.
build-and-test	Run flutter test --coverage	2025-07-30T14:31:28.6064765Z         expect(hours == 1 ? '1 hour ago' : '$hours hours ago', '1 hour ago');
build-and-test	Run flutter test --coverage	2025-07-30T14:31:28.6065248Z                ^^^^^
build-and-test	Run flutter test --coverage	2025-07-30T14:31:28.6065778Z test/utils/date_extensions_test.dart:313:46: Error: Undefined name 'hours'.
build-and-test	Run flutter test --coverage	2025-07-30T14:31:28.6066496Z         expect(hours == 1 ? '1 hour ago' : '$hours hours ago', '1 hour ago');
build-and-test	Run flutter test --coverage	2025-07-30T14:31:28.6067029Z                                              ^^^^^
build-and-test	Run flutter test --coverage	2025-07-30T14:31:28.6067636Z test/utils/date_extensions_test.dart:317:9: Error: Setter not found: 'now'.
build-and-test	Run flutter test --coverage	2025-07-30T14:31:28.6068203Z         now = tz(2025, 3, 9, 12);
build-and-test	Run flutter test --coverage	2025-07-30T14:31:28.6068582Z         ^^^
build-and-test	Run flutter test --coverage	2025-07-30T14:31:28.6069063Z test/utils/date_extensions_test.dart:318:9: Error: Setter not found: 'recent'.
build-and-test	Run flutter test --coverage	2025-07-30T14:31:28.6069648Z         recent = tz(2025, 3, 6, 12);
build-and-test	Run flutter test --coverage	2025-07-30T14:31:28.6070042Z         ^^^^^^
build-and-test	Run flutter test --coverage	2025-07-30T14:31:28.6070504Z test/utils/date_extensions_test.dart:319:38: Error: Undefined name 'now'.
build-and-test	Run flutter test --coverage	2025-07-30T14:31:28.6071298Z         timeDiff = recent.difference(now);
build-and-test	Run flutter test --coverage	2025-07-30T14:31:28.6071863Z                                      ^^^
build-and-test	Run flutter test --coverage	2025-07-30T14:31:28.6072420Z test/utils/date_extensions_test.dart:319:20: Error: Undefined name 'recent'.
build-and-test	Run flutter test --coverage	2025-07-30T14:31:28.6073100Z         timeDiff = recent.difference(now);
build-and-test	Run flutter test --coverage	2025-07-30T14:31:28.6073487Z                    ^^^^^^
build-and-test	Run flutter test --coverage	2025-07-30T14:31:28.6074005Z test/utils/date_extensions_test.dart:319:9: Error: Setter not found: 'timeDiff'.
build-and-test	Run flutter test --coverage	2025-07-30T14:31:28.6074695Z         timeDiff = recent.difference(now);
build-and-test	Run flutter test --coverage	2025-07-30T14:31:28.6075062Z         ^^^^^^^^
build-and-test	Run flutter test --coverage	2025-07-30T14:31:28.6075568Z test/utils/date_extensions_test.dart:320:16: Error: Undefined name 'timeDiff'.
build-and-test	Run flutter test --coverage	2025-07-30T14:31:28.6076218Z         days = timeDiff.inDays.abs();
build-and-test	Run flutter test --coverage	2025-07-30T14:31:28.6076575Z                ^^^^^^^^
build-and-test	Run flutter test --coverage	2025-07-30T14:31:28.6077123Z test/utils/date_extensions_test.dart:320:9: Error: Setter not found: 'days'.
build-and-test	Run flutter test --coverage	2025-07-30T14:31:28.6077734Z         days = timeDiff.inDays.abs();
build-and-test	Run flutter test --coverage	2025-07-30T14:31:28.6078095Z         ^^^^
build-and-test	Run flutter test --coverage	2025-07-30T14:31:28.6078594Z test/utils/date_extensions_test.dart:321:16: Error: Undefined name 'days'.
build-and-test	Run flutter test --coverage	2025-07-30T14:31:28.6079284Z         expect(days == 1 ? '1 day ago' : '$days days ago', '3 days ago');
build-and-test	Run flutter test --coverage	2025-07-30T14:31:28.6079768Z                ^^^^
build-and-test	Run flutter test --coverage	2025-07-30T14:31:28.6080424Z test/utils/date_extensions_test.dart:321:44: Error: Undefined name 'days'.
build-and-test	Run flutter test --coverage	2025-07-30T14:31:28.6081106Z         expect(days == 1 ? '1 day ago' : '$days days ago', '3 days ago');
build-and-test	Run flutter test --coverage	2025-07-30T14:31:28.6081770Z                                            ^^^^
build-and-test	Run flutter test --coverage	2025-07-30T14:31:28.6082339Z test/utils/date_extensions_test.dart:325:9: Error: Setter not found: 'now'.
build-and-test	Run flutter test --coverage	2025-07-30T14:31:28.6082973Z         now = tz(2025, 3, 9, 12);
build-and-test	Run flutter test --coverage	2025-07-30T14:31:28.6083307Z         ^^^
build-and-test	Run flutter test --coverage	2025-07-30T14:31:28.6083766Z test/utils/date_extensions_test.dart:326:9: Error: Setter not found: 'recent'.
build-and-test	Run flutter test --coverage	2025-07-30T14:31:28.6084428Z         recent = tz(2025, 3, 8, 12);
build-and-test	Run flutter test --coverage	2025-07-30T14:31:28.6084772Z         ^^^^^^
build-and-test	Run flutter test --coverage	2025-07-30T14:31:28.6085215Z test/utils/date_extensions_test.dart:327:38: Error: Undefined name 'now'.
build-and-test	Run flutter test --coverage	2025-07-30T14:31:28.6085889Z         timeDiff = recent.difference(now);
build-and-test	Run flutter test --coverage	2025-07-30T14:31:28.6086266Z                                      ^^^
build-and-test	Run flutter test --coverage	2025-07-30T14:31:28.6086839Z test/utils/date_extensions_test.dart:327:20: Error: Undefined name 'recent'.
build-and-test	Run flutter test --coverage	2025-07-30T14:31:28.6087498Z         timeDiff = recent.difference(now);
build-and-test	Run flutter test --coverage	2025-07-30T14:31:28.6087878Z                    ^^^^^^
build-and-test	Run flutter test --coverage	2025-07-30T14:31:28.6088432Z test/utils/date_extensions_test.dart:327:9: Error: Setter not found: 'timeDiff'.
build-and-test	Run flutter test --coverage	2025-07-30T14:31:28.6089087Z         timeDiff = recent.difference(now);
build-and-test	Run flutter test --coverage	2025-07-30T14:31:28.6089453Z         ^^^^^^^^
build-and-test	Run flutter test --coverage	2025-07-30T14:31:28.6089997Z test/utils/date_extensions_test.dart:328:16: Error: Undefined name 'timeDiff'.
build-and-test	Run flutter test --coverage	2025-07-30T14:31:28.6090606Z         days = timeDiff.inDays.abs();
build-and-test	Run flutter test --coverage	2025-07-30T14:31:28.6090965Z                ^^^^^^^^
build-and-test	Run flutter test --coverage	2025-07-30T14:31:28.6091657Z test/utils/date_extensions_test.dart:328:9: Error: Setter not found: 'days'.
build-and-test	Run flutter test --coverage	2025-07-30T14:31:28.6092261Z         days = timeDiff.inDays.abs();
build-and-test	Run flutter test --coverage	2025-07-30T14:31:28.6092631Z         ^^^^
build-and-test	Run flutter test --coverage	2025-07-30T14:31:28.6093133Z test/utils/date_extensions_test.dart:329:16: Error: Undefined name 'days'.
build-and-test	Run flutter test --coverage	2025-07-30T14:31:28.6093802Z         expect(days == 1 ? '1 day ago' : '$days days ago', '1 day ago');
build-and-test	Run flutter test --coverage	2025-07-30T14:31:28.6094344Z                ^^^^
build-and-test	Run flutter test --coverage	2025-07-30T14:31:28.6094805Z test/utils/date_extensions_test.dart:329:44: Error: Undefined name 'days'.
build-and-test	Run flutter test --coverage	2025-07-30T14:31:28.6095501Z         expect(days == 1 ? '1 day ago' : '$days days ago', '1 day ago');
build-and-test	Run flutter test --coverage	2025-07-30T14:31:28.6096011Z                                            ^^^^
build-and-test	Run flutter test --coverage	2025-07-30T14:31:28.6096573Z test/utils/date_extensions_test.dart:333:9: Error: Setter not found: 'now'.
build-and-test	Run flutter test --coverage	2025-07-30T14:31:28.6097217Z         now = tz(2025, 3, 9, 12);
build-and-test	Run flutter test --coverage	2025-07-30T14:31:28.6097543Z         ^^^
build-and-test	Run flutter test --coverage	2025-07-30T14:31:28.6097982Z test/utils/date_extensions_test.dart:334:9: Error: Setter not found: 'old'.
build-and-test	Run flutter test --coverage	2025-07-30T14:31:28.6098629Z         old = tz(2025, 2, 27, 12);
build-and-test	Run flutter test --coverage	2025-07-30T14:31:28.6099114Z         ^^^
build-and-test	Run flutter test --coverage	2025-07-30T14:31:28.6099558Z test/utils/date_extensions_test.dart:335:35: Error: Undefined name 'now'.
build-and-test	Run flutter test --coverage	2025-07-30T14:31:28.6100203Z         timeDiff = old.difference(now);
build-and-test	Run flutter test --coverage	2025-07-30T14:31:28.6100571Z                                   ^^^
build-and-test	Run flutter test --coverage	2025-07-30T14:31:28.6101151Z test/utils/date_extensions_test.dart:335:20: Error: Undefined name 'old'.
build-and-test	Run flutter test --coverage	2025-07-30T14:31:28.6101913Z         timeDiff = old.difference(now);
build-and-test	Run flutter test --coverage	2025-07-30T14:31:28.6102283Z                    ^^^
build-and-test	Run flutter test --coverage	2025-07-30T14:31:28.6102854Z test/utils/date_extensions_test.dart:335:9: Error: Setter not found: 'timeDiff'.
build-and-test	Run flutter test --coverage	2025-07-30T14:31:28.6103484Z         timeDiff = old.difference(now);
build-and-test	Run flutter test --coverage	2025-07-30T14:31:28.6103859Z         ^^^^^^^^
build-and-test	Run flutter test --coverage	2025-07-30T14:31:28.6104397Z test/utils/date_extensions_test.dart:336:13: Error: Undefined name 'timeDiff'.
build-and-test	Run flutter test --coverage	2025-07-30T14:31:28.6105004Z         if (timeDiff.inDays >= 7) {
build-and-test	Run flutter test --coverage	2025-07-30T14:31:28.6105385Z             ^^^^^^^^
build-and-test	Run flutter test --coverage	2025-07-30T14:31:28.6105897Z test/utils/date_extensions_test.dart:337:50: Error: Undefined name 'old'.
build-and-test	Run flutter test --coverage	2025-07-30T14:31:28.6106526Z           formatted = DateFormat.yMMMMd().format(old);
build-and-test	Run flutter test --coverage	2025-07-30T14:31:28.6107025Z                                                  ^^^
build-and-test	Run flutter test --coverage	2025-07-30T14:31:28.6107638Z test/utils/date_extensions_test.dart:337:11: Error: Setter not found: 'formatted'.
build-and-test	Run flutter test --coverage	2025-07-30T14:31:28.6108585Z           formatted = DateFormat.yMMMMd().format(old);
build-and-test	Run flutter test --coverage	2025-07-30T14:31:28.6109002Z           ^^^^^^^^^
build-and-test	Run flutter test --coverage	2025-07-30T14:31:28.6109509Z test/utils/date_extensions_test.dart:338:18: Error: Undefined name 'formatted'.
build-and-test	Run flutter test --coverage	2025-07-30T14:31:28.6110193Z           expect(formatted, contains('February'));
build-and-test	Run flutter test --coverage	2025-07-30T14:31:28.6110585Z                  ^^^^^^^^^
build-and-test	Run flutter test --coverage	2025-07-30T14:31:28.6111166Z test/utils/date_extensions_test.dart:339:18: Error: Undefined name 'formatted'.
build-and-test	Run flutter test --coverage	2025-07-30T14:31:28.6111942Z           expect(formatted, contains('27'));
build-and-test	Run flutter test --coverage	2025-07-30T14:31:28.6112322Z                  ^^^^^^^^^
build-and-test	Run flutter test --coverage	2025-07-30T14:31:28.6112910Z test/utils/date_extensions_test.dart:340:18: Error: Undefined name 'formatted'.
build-and-test	Run flutter test --coverage	2025-07-30T14:31:28.6113527Z           expect(formatted, contains('2025'));
build-and-test	Run flutter test --coverage	2025-07-30T14:31:28.6113955Z                  ^^^^^^^^^
build-and-test	Run flutter test --coverage	2025-07-30T14:31:28.6459550Z ##[group]❌ loading /home/runner/work/appoint/appoint/test/utils/date_extensions_test.dart (failed)
build-and-test	Run flutter test --coverage	2025-07-30T14:31:28.6461723Z Failed to load "/home/runner/work/appoint/appoint/test/utils/date_extensions_test.dart": Compilation failed for testPath=/home/runner/work/appoint/appoint/test/utils/date_extensions_test.dart
build-and-test	Run flutter test --coverage	2025-07-30T14:31:28.6463153Z 
build-and-test	Run flutter test --coverage	2025-07-30T14:31:28.6463686Z ##[endgroup]
build-and-test	Run flutter test --coverage	2025-07-30T14:31:28.6747321Z ##[group]❌ loading /home/runner/work/appoint/appoint/test/widgets/login_screen_test.dart (failed after test completion)
build-and-test	Run flutter test --coverage	2025-07-30T14:31:28.6748127Z Error: the Dart compiler exited unexpectedly.
build-and-test	Run flutter test --coverage	2025-07-30T14:31:28.6750115Z package:flutter_tools/src/base/common.dart 10:3  throwToolExit
build-and-test	Run flutter test --coverage	2025-07-30T14:31:28.6751379Z package:flutter_tools/src/compile.dart 893:9     DefaultResidentCompiler._compile.<fn>
build-and-test	Run flutter test --coverage	2025-07-30T14:31:28.6755498Z dart:async/zone.dart 1422:47                     _rootRunUnary
build-and-test	Run flutter test --coverage	2025-07-30T14:31:28.6756054Z dart:async/future_impl.dart 902:45               Future._propagateToListeners.handleValueCallback
build-and-test	Run flutter test --coverage	2025-07-30T14:31:28.6756569Z dart:async/future_impl.dart 931:13               Future._propagateToListeners
build-and-test	Run flutter test --coverage	2025-07-30T14:31:28.6757017Z dart:async/future_impl.dart 827:9                Future._propagateToListeners
build-and-test	Run flutter test --coverage	2025-07-30T14:31:28.6757444Z dart:async/future_impl.dart 707:5                Future._completeWithValue
build-and-test	Run flutter test --coverage	2025-07-30T14:31:28.6757873Z dart:async/future_impl.dart 777:7                Future._asyncCompleteWithValue.<fn>
build-and-test	Run flutter test --coverage	2025-07-30T14:31:28.6758262Z dart:async/zone.dart 1414:13                     _rootRun
build-and-test	Run flutter test --coverage	2025-07-30T14:31:28.6758590Z dart:async/zone.dart 1317:19                     _CustomZone.run
build-and-test	Run flutter test --coverage	2025-07-30T14:31:28.6758964Z dart:async/zone.dart 1225:7                      _CustomZone.runGuarded
build-and-test	Run flutter test --coverage	2025-07-30T14:31:28.6759369Z dart:async/zone.dart 1265:23                     _CustomZone.bindCallbackGuarded.<fn>
build-and-test	Run flutter test --coverage	2025-07-30T14:31:28.6760050Z dart:async/schedule_microtask.dart 40:21         _microtaskLoop
build-and-test	Run flutter test --coverage	2025-07-30T14:31:28.6760455Z dart:async/schedule_microtask.dart 49:5          _startMicrotaskLoop
build-and-test	Run flutter test --coverage	2025-07-30T14:31:28.6760909Z dart:isolate-patch/isolate_patch.dart 118:13     _runPendingImmediateCallback
build-and-test	Run flutter test --coverage	2025-07-30T14:31:28.6761394Z dart:isolate-patch/isolate_patch.dart 185:5      _RawReceivePort._handleMessage
build-and-test	Run flutter test --coverage	2025-07-30T14:31:28.6762201Z ##[endgroup]
build-and-test	Run flutter test --coverage	2025-07-30T14:31:29.3459478Z ##[group]❌ /home/runner/work/appoint/appoint/test/golden/chat_bubble_golden_test.dart: ChatBubble matches golden (failed)
build-and-test	Run flutter test --coverage	2025-07-30T14:31:29.3461743Z ══╡ EXCEPTION CAUGHT BY FLUTTER TEST FRAMEWORK ╞════════════════════════════════════════════════════
build-and-test	Run flutter test --coverage	2025-07-30T14:31:29.3463464Z The following assertion was thrown while running async test code:
build-and-test	Run flutter test --coverage	2025-07-30T14:31:29.3464251Z Golden "goldens/chat_bubble.png": Pixel test failed, 0.64%, 27489px diff detected.
build-and-test	Run flutter test --coverage	2025-07-30T14:31:29.3465119Z Failure feedback can be found at /home/runner/work/appoint/appoint/test/golden/failures
build-and-test	Run flutter test --coverage	2025-07-30T14:31:29.3465700Z 
build-and-test	Run flutter test --coverage	2025-07-30T14:31:29.3465906Z When the exception was thrown, this was the stack:
build-and-test	Run flutter test --coverage	2025-07-30T14:31:29.3466632Z #0      LocalFileComparator.compare (package:flutter_test/src/_goldens_io.dart:108:5)
build-and-test	Run flutter test --coverage	2025-07-30T14:31:29.3467300Z <asynchronous suspension>
build-and-test	Run flutter test --coverage	2025-07-30T14:31:29.3468459Z #1      MatchesGoldenFile.matchAsync.<anonymous closure> (package:flutter_test/src/_matchers_io.dart:121:32)
build-and-test	Run flutter test --coverage	2025-07-30T14:31:29.3469252Z <asynchronous suspension>
build-and-test	Run flutter test --coverage	2025-07-30T14:31:29.3469666Z <asynchronous suspension>
build-and-test	Run flutter test --coverage	2025-07-30T14:31:29.3470198Z #3      _expect.<anonymous closure> (package:matcher/src/expect/expect.dart:123:26)
build-and-test	Run flutter test --coverage	2025-07-30T14:31:29.3470853Z <asynchronous suspension>
build-and-test	Run flutter test --coverage	2025-07-30T14:31:29.3471218Z <asynchronous suspension>
build-and-test	Run flutter test --coverage	2025-07-30T14:31:29.3472212Z #5      expectLater.<anonymous closure> (package:flutter_test/src/widget_tester.dart:518:24)
build-and-test	Run flutter test --coverage	2025-07-30T14:31:29.3472926Z <asynchronous suspension>
build-and-test	Run flutter test --coverage	2025-07-30T14:31:29.3473745Z #6      main.<anonymous closure> (file:///home/runner/work/appoint/appoint/test/golden/chat_bubble_golden_test.dart:116:5)
build-and-test	Run flutter test --coverage	2025-07-30T14:31:29.3474652Z <asynchronous suspension>
build-and-test	Run flutter test --coverage	2025-07-30T14:31:29.3475434Z #7      testWidgets.<anonymous closure>.<anonymous closure> (package:flutter_test/src/widget_tester.dart:189:15)
build-and-test	Run flutter test --coverage	2025-07-30T14:31:29.3476277Z <asynchronous suspension>
build-and-test	Run flutter test --coverage	2025-07-30T14:31:29.3476987Z #8      TestWidgetsFlutterBinding._runTestBody (package:flutter_test/src/binding.dart:1027:5)
build-and-test	Run flutter test --coverage	2025-07-30T14:31:29.3477745Z <asynchronous suspension>
build-and-test	Run flutter test --coverage	2025-07-30T14:31:29.3478105Z <asynchronous suspension>
build-and-test	Run flutter test --coverage	2025-07-30T14:31:29.3478553Z (elided 3 frames from dart:async and package:stack_trace)
build-and-test	Run flutter test --coverage	2025-07-30T14:31:29.3478942Z 
build-and-test	Run flutter test --coverage	2025-07-30T14:31:29.3479121Z The exception was caught asynchronously.
build-and-test	Run flutter test --coverage	2025-07-30T14:31:29.3479983Z ════════════════════════════════════════════════════════════════════════════════════════════════════
build-and-test	Run flutter test --coverage	2025-07-30T14:31:29.3480576Z Test failed. See exception logs above.
build-and-test	Run flutter test --coverage	2025-07-30T14:31:29.3481093Z The test description was: ChatBubble matches golden
build-and-test	Run flutter test --coverage	2025-07-30T14:31:29.3481475Z 
build-and-test	Run flutter test --coverage	2025-07-30T14:31:29.3482080Z ##[endgroup]
build-and-test	Run flutter test --coverage	2025-07-30T14:31:31.1597178Z test/utils/booking_helper_test.dart:54:7: Error: Setter not found: 'res'.
build-and-test	Run flutter test --coverage	2025-07-30T14:31:31.1597970Z       res = await helper.cancelBooking(bookingId: 'B123');
build-and-test	Run flutter test --coverage	2025-07-30T14:31:31.1601709Z       ^^^
build-and-test	Run flutter test --coverage	2025-07-30T14:31:31.1605358Z test/utils/booking_helper_test.dart:55:14: Error: Undefined name 'res'.
build-and-test	Run flutter test --coverage	2025-07-30T14:31:31.1607621Z       expect(res.isSuccess, true);
build-and-test	Run flutter test --coverage	2025-07-30T14:31:31.1610215Z              ^^^
build-and-test	Run flutter test --coverage	2025-07-30T14:31:31.3480394Z ✅ /home/runner/work/appoint/appoint/test/utils/l10n_helpers_test.dart: plural helper zero returns plural-zero form
build-and-test	Run flutter test --coverage	2025-07-30T14:31:31.3502460Z ✅ /home/runner/work/appoint/appoint/test/utils/l10n_helpers_test.dart: plural helper one returns singular
build-and-test	Run flutter test --coverage	2025-07-30T14:31:31.3524769Z ✅ /home/runner/work/appoint/appoint/test/utils/l10n_helpers_test.dart: plural helper two or more returns many
build-and-test	Run flutter test --coverage	2025-07-30T14:31:31.3545113Z ✅ /home/runner/work/appoint/appoint/test/utils/l10n_helpers_test.dart: gender helper male returns male string
build-and-test	Run flutter test --coverage	2025-07-30T14:31:31.3569917Z ✅ /home/runner/work/appoint/appoint/test/utils/l10n_helpers_test.dart: gender helper female returns female string
build-and-test	Run flutter test --coverage	2025-07-30T14:31:31.5768924Z ##[group]❌ loading /home/runner/work/appoint/appoint/test/utils/booking_helper_test.dart (failed)
build-and-test	Run flutter test --coverage	2025-07-30T14:31:31.5770942Z Failed to load "/home/runner/work/appoint/appoint/test/utils/booking_helper_test.dart": Compilation failed for testPath=/home/runner/work/appoint/appoint/test/utils/booking_helper_test.dart
build-and-test	Run flutter test --coverage	2025-07-30T14:31:31.5772313Z 
build-and-test	Run flutter test --coverage	2025-07-30T14:31:31.5772537Z ##[endgroup]
build-and-test	Run flutter test --coverage	2025-07-30T14:31:31.6179875Z ##[group]❌ loading /home/runner/work/appoint/appoint/test/widgets/login_screen_test.dart (failed after test completion)
build-and-test	Run flutter test --coverage	2025-07-30T14:31:31.6180895Z Error: the Dart compiler exited unexpectedly.
build-and-test	Run flutter test --coverage	2025-07-30T14:31:31.6182351Z package:flutter_tools/src/base/common.dart 10:3  throwToolExit
build-and-test	Run flutter test --coverage	2025-07-30T14:31:31.6183076Z package:flutter_tools/src/compile.dart 893:9     DefaultResidentCompiler._compile.<fn>
build-and-test	Run flutter test --coverage	2025-07-30T14:31:31.6183827Z dart:async/zone.dart 1422:47                     _rootRunUnary
build-and-test	Run flutter test --coverage	2025-07-30T14:31:31.6184536Z dart:async/future_impl.dart 902:45               Future._propagateToListeners.handleValueCallback
build-and-test	Run flutter test --coverage	2025-07-30T14:31:31.6185326Z dart:async/future_impl.dart 931:13               Future._propagateToListeners
build-and-test	Run flutter test --coverage	2025-07-30T14:31:31.6186073Z dart:async/future_impl.dart 827:9                Future._propagateToListeners
build-and-test	Run flutter test --coverage	2025-07-30T14:31:31.6186806Z dart:async/future_impl.dart 707:5                Future._completeWithValue
build-and-test	Run flutter test --coverage	2025-07-30T14:31:31.6187511Z dart:async/future_impl.dart 777:7                Future._asyncCompleteWithValue.<fn>
build-and-test	Run flutter test --coverage	2025-07-30T14:31:31.6188198Z dart:async/zone.dart 1414:13                     _rootRun
build-and-test	Run flutter test --coverage	2025-07-30T14:31:31.6188791Z dart:async/zone.dart 1317:19                     _CustomZone.run
build-and-test	Run flutter test --coverage	2025-07-30T14:31:31.6189438Z dart:async/zone.dart 1225:7                      _CustomZone.runGuarded
build-and-test	Run flutter test --coverage	2025-07-30T14:31:31.6190160Z dart:async/zone.dart 1265:23                     _CustomZone.bindCallbackGuarded.<fn>
build-and-test	Run flutter test --coverage	2025-07-30T14:31:31.6190883Z dart:async/schedule_microtask.dart 40:21         _microtaskLoop
build-and-test	Run flutter test --coverage	2025-07-30T14:31:31.6191808Z dart:async/schedule_microtask.dart 49:5          _startMicrotaskLoop
build-and-test	Run flutter test --coverage	2025-07-30T14:31:31.6192623Z dart:isolate-patch/isolate_patch.dart 118:13     _runPendingImmediateCallback
build-and-test	Run flutter test --coverage	2025-07-30T14:31:31.6193433Z dart:isolate-patch/isolate_patch.dart 185:5      _RawReceivePort._handleMessage
build-and-test	Run flutter test --coverage	2025-07-30T14:31:31.6194312Z ##[endgroup]
build-and-test	Run flutter test --coverage	2025-07-30T14:31:33.3036355Z test/firebase_test_helper.dart:11:48: Error: Type 'FirebaseAuth' not found.
build-and-test	Run flutter test --coverage	2025-07-30T14:31:33.3037420Z class MockFirebaseAuth extends Mock implements FirebaseAuth {}
build-and-test	Run flutter test --coverage	2025-07-30T14:31:33.3038117Z                                                ^^^^^^^^^^^^
build-and-test	Run flutter test --coverage	2025-07-30T14:31:33.3038845Z test/firebase_test_helper.dart:13:40: Error: Type 'User' not found.
build-and-test	Run flutter test --coverage	2025-07-30T14:31:33.3039605Z class MockUser extends Mock implements User {}
build-and-test	Run flutter test --coverage	2025-07-30T14:31:33.3040163Z                                        ^^^^
build-and-test	Run flutter test --coverage	2025-07-30T14:31:33.3040915Z test/firebase_test_helper.dart:15:50: Error: Type 'UserCredential' not found.
build-and-test	Run flutter test --coverage	2025-07-30T14:31:33.3041753Z class MockUserCredential extends Mock implements UserCredential {}
build-and-test	Run flutter test --coverage	2025-07-30T14:31:33.3042235Z                                                  ^^^^^^^^^^^^^^
build-and-test	Run flutter test --coverage	2025-07-30T14:31:33.8296120Z test/firebase_test_helper.dart:78:25: Error: The getter 'uid' isn't defined for the class 'MockUser'.
build-and-test	Run flutter test --coverage	2025-07-30T14:31:33.8297689Z  - 'MockUser' is from 'test/firebase_test_helper.dart'.
build-and-test	Run flutter test --coverage	2025-07-30T14:31:33.8299073Z Try correcting the name to the name of an existing getter, or defining a getter or field named 'uid'.
build-and-test	Run flutter test --coverage	2025-07-30T14:31:33.8300355Z     when(() => mockUser.uid).thenReturn('test-user-id');
build-and-test	Run flutter test --coverage	2025-07-30T14:31:33.8303539Z                         ^^^
build-and-test	Run flutter test --coverage	2025-07-30T14:31:33.8304517Z test/firebase_test_helper.dart:79:25: Error: The getter 'email' isn't defined for the class 'MockUser'.
build-and-test	Run flutter test --coverage	2025-07-30T14:31:33.8305618Z  - 'MockUser' is from 'test/firebase_test_helper.dart'.
build-and-test	Run flutter test --coverage	2025-07-30T14:31:33.8306825Z Try correcting the name to the name of an existing getter, or defining a getter or field named 'email'.
build-and-test	Run flutter test --coverage	2025-07-30T14:31:33.8308638Z     when(() => mockUser.email).thenReturn('test@example.com');
build-and-test	Run flutter test --coverage	2025-07-30T14:31:33.8310589Z                         ^^^^^
build-and-test	Run flutter test --coverage	2025-07-30T14:31:33.8311785Z test/firebase_test_helper.dart:80:25: Error: The getter 'displayName' isn't defined for the class 'MockUser'.
build-and-test	Run flutter test --coverage	2025-07-30T14:31:33.8313307Z  - 'MockUser' is from 'test/firebase_test_helper.dart'.
build-and-test	Run flutter test --coverage	2025-07-30T14:31:33.8314483Z Try correcting the name to the name of an existing getter, or defining a getter or field named 'displayName'.
build-and-test	Run flutter test --coverage	2025-07-30T14:31:33.8315795Z     when(() => mockUser.displayName).thenReturn('Test User');
build-and-test	Run flutter test --coverage	2025-07-30T14:31:33.8316260Z                         ^^^^^^^^^^^
build-and-test	Run flutter test --coverage	2025-07-30T14:31:33.8316967Z test/firebase_test_helper.dart:81:25: Error: The getter 'photoURL' isn't defined for the class 'MockUser'.
build-and-test	Run flutter test --coverage	2025-07-30T14:31:33.8317781Z  - 'MockUser' is from 'test/firebase_test_helper.dart'.
build-and-test	Run flutter test --coverage	2025-07-30T14:31:33.8318549Z Try correcting the name to the name of an existing getter, or defining a getter or field named 'photoURL'.
build-and-test	Run flutter test --coverage	2025-07-30T14:31:33.8319447Z     when(() => mockUser.photoURL).thenReturn('https://example.com/photo.jpg');
build-and-test	Run flutter test --coverage	2025-07-30T14:31:33.8319991Z                         ^^^^^^^^
build-and-test	Run flutter test --coverage	2025-07-30T14:31:33.8320649Z test/firebase_test_helper.dart:82:25: Error: The getter 'isAnonymous' isn't defined for the class 'MockUser'.
build-and-test	Run flutter test --coverage	2025-07-30T14:31:33.8321429Z  - 'MockUser' is from 'test/firebase_test_helper.dart'.
build-and-test	Run flutter test --coverage	2025-07-30T14:31:33.8322472Z Try correcting the name to the name of an existing getter, or defining a getter or field named 'isAnonymous'.
build-and-test	Run flutter test --coverage	2025-07-30T14:31:33.8323318Z     when(() => mockUser.isAnonymous).thenReturn(false);
build-and-test	Run flutter test --coverage	2025-07-30T14:31:33.8323798Z                         ^^^^^^^^^^^
build-and-test	Run flutter test --coverage	2025-07-30T14:31:33.8324560Z test/firebase_test_helper.dart:83:25: Error: The getter 'emailVerified' isn't defined for the class 'MockUser'.
build-and-test	Run flutter test --coverage	2025-07-30T14:31:33.8325443Z  - 'MockUser' is from 'test/firebase_test_helper.dart'.
build-and-test	Run flutter test --coverage	2025-07-30T14:31:33.8326316Z Try correcting the name to the name of an existing getter, or defining a getter or field named 'emailVerified'.
build-and-test	Run flutter test --coverage	2025-07-30T14:31:33.8327182Z     when(() => mockUser.emailVerified).thenReturn(true);
build-and-test	Run flutter test --coverage	2025-07-30T14:31:33.8327676Z                         ^^^^^^^^^^^^^
build-and-test	Run flutter test --coverage	2025-07-30T14:31:33.8328440Z test/firebase_test_helper.dart:86:35: Error: The getter 'user' isn't defined for the class 'MockUserCredential'.
build-and-test	Run flutter test --coverage	2025-07-30T14:31:33.8329391Z  - 'MockUserCredential' is from 'test/firebase_test_helper.dart'.
build-and-test	Run flutter test --coverage	2025-07-30T14:31:33.8330265Z Try correcting the name to the name of an existing getter, or defining a getter or field named 'user'.
build-and-test	Run flutter test --coverage	2025-07-30T14:31:33.8331107Z     when(() => mockUserCredential.user).thenReturn(mockUser);
build-and-test	Run flutter test --coverage	2025-07-30T14:31:33.8331744Z                                   ^^^^
build-and-test	Run flutter test --coverage	2025-07-30T14:31:33.8332554Z test/firebase_test_helper.dart:89:25: Error: The getter 'currentUser' isn't defined for the class 'MockFirebaseAuth'.
build-and-test	Run flutter test --coverage	2025-07-30T14:31:33.8333624Z  - 'MockFirebaseAuth' is from 'test/firebase_test_helper.dart'.
build-and-test	Run flutter test --coverage	2025-07-30T14:31:33.8334556Z Try correcting the name to the name of an existing getter, or defining a getter or field named 'currentUser'.
build-and-test	Run flutter test --coverage	2025-07-30T14:31:33.8335414Z     when(() => mockAuth.currentUser).thenReturn(mockUser);
build-and-test	Run flutter test --coverage	2025-07-30T14:31:33.8335894Z                         ^^^^^^^^^^^
build-and-test	Run flutter test --coverage	2025-07-30T14:31:33.8336746Z test/firebase_test_helper.dart:90:25: Error: The method 'authStateChanges' isn't defined for the class 'MockFirebaseAuth'.
build-and-test	Run flutter test --coverage	2025-07-30T14:31:33.8337776Z  - 'MockFirebaseAuth' is from 'test/firebase_test_helper.dart'.
build-and-test	Run flutter test --coverage	2025-07-30T14:31:33.8338660Z Try correcting the name to the name of an existing method, or defining a method named 'authStateChanges'.
build-and-test	Run flutter test --coverage	2025-07-30T14:31:33.8339406Z     when(() => mockAuth.authStateChanges())
build-and-test	Run flutter test --coverage	2025-07-30T14:31:33.8339807Z                         ^^^^^^^^^^^^^^^^
build-and-test	Run flutter test --coverage	2025-07-30T14:31:33.8340608Z test/firebase_test_helper.dart:92:25: Error: The method 'userChanges' isn't defined for the class 'MockFirebaseAuth'.
build-and-test	Run flutter test --coverage	2025-07-30T14:31:33.8341726Z  - 'MockFirebaseAuth' is from 'test/firebase_test_helper.dart'.
build-and-test	Run flutter test --coverage	2025-07-30T14:31:33.8342897Z Try correcting the name to the name of an existing method, or defining a method named 'userChanges'.
build-and-test	Run flutter test --coverage	2025-07-30T14:31:33.8343648Z     when(() => mockAuth.userChanges())
build-and-test	Run flutter test --coverage	2025-07-30T14:31:33.8344059Z                         ^^^^^^^^^^^
build-and-test	Run flutter test --coverage	2025-07-30T14:31:33.8345250Z test/firebase_test_helper.dart:94:25: Error: The method 'signInWithEmailAndPassword' isn't defined for the class 'MockFirebaseAuth'.
build-and-test	Run flutter test --coverage	2025-07-30T14:31:33.8346330Z  - 'MockFirebaseAuth' is from 'test/firebase_test_helper.dart'.
build-and-test	Run flutter test --coverage	2025-07-30T14:31:33.8347275Z Try correcting the name to the name of an existing method, or defining a method named 'signInWithEmailAndPassword'.
build-and-test	Run flutter test --coverage	2025-07-30T14:31:33.8348206Z     when(() => mockAuth.signInWithEmailAndPassword(any(), any()))
build-and-test	Run flutter test --coverage	2025-07-30T14:31:33.8348742Z                         ^^^^^^^^^^^^^^^^^^^^^^^^^^
build-and-test	Run flutter test --coverage	2025-07-30T14:31:33.8349677Z test/firebase_test_helper.dart:96:25: Error: The method 'createUserWithEmailAndPassword' isn't defined for the class 'MockFirebaseAuth'.
build-and-test	Run flutter test --coverage	2025-07-30T14:31:33.8350768Z  - 'MockFirebaseAuth' is from 'test/firebase_test_helper.dart'.
build-and-test	Run flutter test --coverage	2025-07-30T14:31:33.8351868Z Try correcting the name to the name of an existing method, or defining a method named 'createUserWithEmailAndPassword'.
build-and-test	Run flutter test --coverage	2025-07-30T14:31:33.8352817Z     when(() => mockAuth.createUserWithEmailAndPassword(any(), any()))
build-and-test	Run flutter test --coverage	2025-07-30T14:31:33.8353350Z                         ^^^^^^^^^^^^^^^^^^^^^^^^^^^^^^
build-and-test	Run flutter test --coverage	2025-07-30T14:31:33.8354061Z test/firebase_test_helper.dart:98:25: Error: The method 'signOut' isn't defined for the class 'MockFirebaseAuth'.
build-and-test	Run flutter test --coverage	2025-07-30T14:31:33.8354897Z  - 'MockFirebaseAuth' is from 'test/firebase_test_helper.dart'.
build-and-test	Run flutter test --coverage	2025-07-30T14:31:33.8355705Z Try correcting the name to the name of an existing method, or defining a method named 'signOut'.
build-and-test	Run flutter test --coverage	2025-07-30T14:31:33.8356462Z     when(() => mockAuth.signOut()).thenAnswer((_) async {});
build-and-test	Run flutter test --coverage	2025-07-30T14:31:33.8356930Z                         ^^^^^^^
build-and-test	Run flutter test --coverage	2025-07-30T14:31:33.8358023Z test/firebase_test_helper.dart:108:60: Error: The argument type 'MockCollectionReference' can't be assigned to the parameter type 'CollectionReference<Map<String, dynamic>>'.
build-and-test	Run flutter test --coverage	2025-07-30T14:31:33.8359277Z  - 'MockCollectionReference' is from 'test/firebase_test_helper.dart'.
build-and-test	Run flutter test --coverage	2025-07-30T14:31:33.8360582Z  - 'CollectionReference' is from 'package:cloud_firestore/cloud_firestore.dart' ('../../../.pub-cache/hosted/pub.dev/cloud_firestore-5.6.11/lib/cloud_firestore.dart').
build-and-test	Run flutter test --coverage	2025-07-30T14:31:33.8361891Z  - 'Map' is from 'dart:core'.
build-and-test	Run flutter test --coverage	2025-07-30T14:31:33.8362440Z     when(() => mockFirestore.collection(any())).thenReturn(mockCollection);
build-and-test	Run flutter test --coverage	2025-07-30T14:31:33.8363059Z                                                            ^
build-and-test	Run flutter test --coverage	2025-07-30T14:31:33.8364147Z test/firebase_test_helper.dart:132:52: Error: A value of type 'MockDocumentSnapshot' can't be assigned to a variable of type 'QueryDocumentSnapshot<Object?>'.
build-and-test	Run flutter test --coverage	2025-07-30T14:31:33.8365371Z  - 'MockDocumentSnapshot' is from 'test/firebase_test_helper.dart'.
build-and-test	Run flutter test --coverage	2025-07-30T14:31:33.8366501Z  - 'QueryDocumentSnapshot' is from 'package:cloud_firestore/cloud_firestore.dart' ('../../../.pub-cache/hosted/pub.dev/cloud_firestore-5.6.11/lib/cloud_firestore.dart').
build-and-test	Run flutter test --coverage	2025-07-30T14:31:33.8367549Z  - 'Object' is from 'dart:core'.
build-and-test	Run flutter test --coverage	2025-07-30T14:31:33.8368067Z     when(() => mockQuerySnapshot.docs).thenReturn([mockDocumentSnapshot]);
build-and-test	Run flutter test --coverage	2025-07-30T14:31:33.8368605Z                                                    ^
build-and-test	Run flutter test --coverage	2025-07-30T14:31:35.7640001Z ##[group]❌ loading /home/runner/work/appoint/appoint/test/whatsapp_share_test.dart (failed)
build-and-test	Run flutter test --coverage	2025-07-30T14:31:35.7641783Z Failed to load "/home/runner/work/appoint/appoint/test/whatsapp_share_test.dart": Compilation failed for testPath=/home/runner/work/appoint/appoint/test/whatsapp_share_test.dart
build-and-test	Run flutter test --coverage	2025-07-30T14:31:35.7642858Z 
build-and-test	Run flutter test --coverage	2025-07-30T14:31:35.7643186Z ##[endgroup]
build-and-test	Run flutter test --coverage	2025-07-30T14:31:35.8036428Z ##[group]❌ loading /home/runner/work/appoint/appoint/test/widgets/login_screen_test.dart (failed after test completion)
build-and-test	Run flutter test --coverage	2025-07-30T14:31:35.8037025Z Error: the Dart compiler exited unexpectedly.
build-and-test	Run flutter test --coverage	2025-07-30T14:31:35.8039207Z package:flutter_tools/src/base/common.dart 10:3  throwToolExit
build-and-test	Run flutter test --coverage	2025-07-30T14:31:35.8040026Z package:flutter_tools/src/compile.dart 893:9     DefaultResidentCompiler._compile.<fn>
build-and-test	Run flutter test --coverage	2025-07-30T14:31:35.8040523Z dart:async/zone.dart 1422:47                     _rootRunUnary
build-and-test	Run flutter test --coverage	2025-07-30T14:31:35.8041162Z dart:async/future_impl.dart 902:45               Future._propagateToListeners.handleValueCallback
build-and-test	Run flutter test --coverage	2025-07-30T14:31:35.8041894Z dart:async/future_impl.dart 931:13               Future._propagateToListeners
build-and-test	Run flutter test --coverage	2025-07-30T14:31:35.8042341Z dart:async/future_impl.dart 827:9                Future._propagateToListeners
build-and-test	Run flutter test --coverage	2025-07-30T14:31:35.8042767Z dart:async/future_impl.dart 707:5                Future._completeWithValue
build-and-test	Run flutter test --coverage	2025-07-30T14:31:35.8043199Z dart:async/future_impl.dart 777:7                Future._asyncCompleteWithValue.<fn>
build-and-test	Run flutter test --coverage	2025-07-30T14:31:35.8043599Z dart:async/zone.dart 1414:13                     _rootRun
build-and-test	Run flutter test --coverage	2025-07-30T14:31:35.8043940Z dart:async/zone.dart 1317:19                     _CustomZone.run
build-and-test	Run flutter test --coverage	2025-07-30T14:31:35.8044322Z dart:async/zone.dart 1225:7                      _CustomZone.runGuarded
build-and-test	Run flutter test --coverage	2025-07-30T14:31:35.8044732Z dart:async/zone.dart 1265:23                     _CustomZone.bindCallbackGuarded.<fn>
build-and-test	Run flutter test --coverage	2025-07-30T14:31:35.8045151Z dart:async/schedule_microtask.dart 40:21         _microtaskLoop
build-and-test	Run flutter test --coverage	2025-07-30T14:31:35.8045556Z dart:async/schedule_microtask.dart 49:5          _startMicrotaskLoop
build-and-test	Run flutter test --coverage	2025-07-30T14:31:35.8046002Z dart:isolate-patch/isolate_patch.dart 118:13     _runPendingImmediateCallback
build-and-test	Run flutter test --coverage	2025-07-30T14:31:35.8046485Z dart:isolate-patch/isolate_patch.dart 185:5      _RawReceivePort._handleMessage
build-and-test	Run flutter test --coverage	2025-07-30T14:31:35.8046977Z ##[endgroup]
build-and-test	Run flutter test --coverage	2025-07-30T14:31:37.1095345Z test/firebase_test_helper.dart:11:48: Error: Type 'FirebaseAuth' not found.
build-and-test	Run flutter test --coverage	2025-07-30T14:31:37.1096233Z class MockFirebaseAuth extends Mock implements FirebaseAuth {}
build-and-test	Run flutter test --coverage	2025-07-30T14:31:37.1096731Z                                                ^^^^^^^^^^^^
build-and-test	Run flutter test --coverage	2025-07-30T14:31:37.1097080Z test/firebase_test_helper.dart:13:40: Error: Type 'User' not found.
build-and-test	Run flutter test --coverage	2025-07-30T14:31:37.1097466Z class MockUser extends Mock implements User {}
build-and-test	Run flutter test --coverage	2025-07-30T14:31:37.1097722Z                                        ^^^^
build-and-test	Run flutter test --coverage	2025-07-30T14:31:37.1098063Z test/firebase_test_helper.dart:15:50: Error: Type 'UserCredential' not found.
build-and-test	Run flutter test --coverage	2025-07-30T14:31:37.1098535Z class MockUserCredential extends Mock implements UserCredential {}
build-and-test	Run flutter test --coverage	2025-07-30T14:31:37.1098868Z                                                  ^^^^^^^^^^^^^^
build-and-test	Run flutter test --coverage	2025-07-30T14:31:37.3194814Z test/firebase_test_helper.dart:78:25: Error: The getter 'uid' isn't defined for the class 'MockUser'.
build-and-test	Run flutter test --coverage	2025-07-30T14:31:37.3195796Z  - 'MockUser' is from 'test/firebase_test_helper.dart'.
build-and-test	Run flutter test --coverage	2025-07-30T14:31:37.3196623Z Try correcting the name to the name of an existing getter, or defining a getter or field named 'uid'.
build-and-test	Run flutter test --coverage	2025-07-30T14:31:37.3197485Z     when(() => mockUser.uid).thenReturn('test-user-id');
build-and-test	Run flutter test --coverage	2025-07-30T14:31:37.3198000Z                         ^^^
build-and-test	Run flutter test --coverage	2025-07-30T14:31:37.3198746Z test/firebase_test_helper.dart:79:25: Error: The getter 'email' isn't defined for the class 'MockUser'.
build-and-test	Run flutter test --coverage	2025-07-30T14:31:37.3199677Z  - 'MockUser' is from 'test/firebase_test_helper.dart'.
build-and-test	Run flutter test --coverage	2025-07-30T14:31:37.3200561Z Try correcting the name to the name of an existing getter, or defining a getter or field named 'email'.
build-and-test	Run flutter test --coverage	2025-07-30T14:31:37.3201491Z     when(() => mockUser.email).thenReturn('test@example.com');
build-and-test	Run flutter test --coverage	2025-07-30T14:31:37.3202206Z                         ^^^^^
build-and-test	Run flutter test --coverage	2025-07-30T14:31:37.3202999Z test/firebase_test_helper.dart:80:25: Error: The getter 'displayName' isn't defined for the class 'MockUser'.
build-and-test	Run flutter test --coverage	2025-07-30T14:31:37.3203953Z  - 'MockUser' is from 'test/firebase_test_helper.dart'.
build-and-test	Run flutter test --coverage	2025-07-30T14:31:37.3204882Z Try correcting the name to the name of an existing getter, or defining a getter or field named 'displayName'.
build-and-test	Run flutter test --coverage	2025-07-30T14:31:37.3205773Z     when(() => mockUser.displayName).thenReturn('Test User');
build-and-test	Run flutter test --coverage	2025-07-30T14:31:37.3206280Z                         ^^^^^^^^^^^
build-and-test	Run flutter test --coverage	2025-07-30T14:31:37.3207014Z test/firebase_test_helper.dart:81:25: Error: The getter 'photoURL' isn't defined for the class 'MockUser'.
build-and-test	Run flutter test --coverage	2025-07-30T14:31:37.3208354Z  - 'MockUser' is from 'test/firebase_test_helper.dart'.
build-and-test	Run flutter test --coverage	2025-07-30T14:31:37.3209204Z Try correcting the name to the name of an existing getter, or defining a getter or field named 'photoURL'.
build-and-test	Run flutter test --coverage	2025-07-30T14:31:37.3210423Z     when(() => mockUser.photoURL).thenReturn('https://example.com/photo.jpg');
build-and-test	Run flutter test --coverage	2025-07-30T14:31:37.3211146Z                         ^^^^^^^^
build-and-test	Run flutter test --coverage	2025-07-30T14:31:37.3212060Z test/firebase_test_helper.dart:82:25: Error: The getter 'isAnonymous' isn't defined for the class 'MockUser'.
build-and-test	Run flutter test --coverage	2025-07-30T14:31:37.3212940Z  - 'MockUser' is from 'test/firebase_test_helper.dart'.
build-and-test	Run flutter test --coverage	2025-07-30T14:31:37.3213781Z Try correcting the name to the name of an existing getter, or defining a getter or field named 'isAnonymous'.
build-and-test	Run flutter test --coverage	2025-07-30T14:31:37.3214618Z     when(() => mockUser.isAnonymous).thenReturn(false);
build-and-test	Run flutter test --coverage	2025-07-30T14:31:37.3215090Z                         ^^^^^^^^^^^
build-and-test	Run flutter test --coverage	2025-07-30T14:31:37.3215849Z test/firebase_test_helper.dart:83:25: Error: The getter 'emailVerified' isn't defined for the class 'MockUser'.
build-and-test	Run flutter test --coverage	2025-07-30T14:31:37.3216723Z  - 'MockUser' is from 'test/firebase_test_helper.dart'.
build-and-test	Run flutter test --coverage	2025-07-30T14:31:37.3217569Z Try correcting the name to the name of an existing getter, or defining a getter or field named 'emailVerified'.
build-and-test	Run flutter test --coverage	2025-07-30T14:31:37.3218327Z     when(() => mockUser.emailVerified).thenReturn(true);
build-and-test	Run flutter test --coverage	2025-07-30T14:31:37.3218787Z                         ^^^^^^^^^^^^^
build-and-test	Run flutter test --coverage	2025-07-30T14:31:37.3219495Z test/firebase_test_helper.dart:86:35: Error: The getter 'user' isn't defined for the class 'MockUserCredential'.
build-and-test	Run flutter test --coverage	2025-07-30T14:31:37.3220386Z  - 'MockUserCredential' is from 'test/firebase_test_helper.dart'.
build-and-test	Run flutter test --coverage	2025-07-30T14:31:37.3221244Z Try correcting the name to the name of an existing getter, or defining a getter or field named 'user'.
build-and-test	Run flutter test --coverage	2025-07-30T14:31:37.3222175Z     when(() => mockUserCredential.user).thenReturn(mockUser);
build-and-test	Run flutter test --coverage	2025-07-30T14:31:37.3222611Z                                   ^^^^
build-and-test	Run flutter test --coverage	2025-07-30T14:31:37.3223404Z test/firebase_test_helper.dart:89:25: Error: The getter 'currentUser' isn't defined for the class 'MockFirebaseAuth'.
build-and-test	Run flutter test --coverage	2025-07-30T14:31:37.3224385Z  - 'MockFirebaseAuth' is from 'test/firebase_test_helper.dart'.
build-and-test	Run flutter test --coverage	2025-07-30T14:31:37.3225280Z Try correcting the name to the name of an existing getter, or defining a getter or field named 'currentUser'.
build-and-test	Run flutter test --coverage	2025-07-30T14:31:37.3226188Z     when(() => mockAuth.currentUser).thenReturn(mockUser);
build-and-test	Run flutter test --coverage	2025-07-30T14:31:37.3226707Z                         ^^^^^^^^^^^
build-and-test	Run flutter test --coverage	2025-07-30T14:31:37.3227569Z test/firebase_test_helper.dart:90:25: Error: The method 'authStateChanges' isn't defined for the class 'MockFirebaseAuth'.
build-and-test	Run flutter test --coverage	2025-07-30T14:31:37.3228594Z  - 'MockFirebaseAuth' is from 'test/firebase_test_helper.dart'.
build-and-test	Run flutter test --coverage	2025-07-30T14:31:37.3236369Z Try correcting the name to the name of an existing method, or defining a method named 'authStateChanges'.
build-and-test	Run flutter test --coverage	2025-07-30T14:31:37.3236851Z     when(() => mockAuth.authStateChanges())
build-and-test	Run flutter test --coverage	2025-07-30T14:31:37.3237106Z                         ^^^^^^^^^^^^^^^^
build-and-test	Run flutter test --coverage	2025-07-30T14:31:37.3237573Z test/firebase_test_helper.dart:92:25: Error: The method 'userChanges' isn't defined for the class 'MockFirebaseAuth'.
build-and-test	Run flutter test --coverage	2025-07-30T14:31:37.3238133Z  - 'MockFirebaseAuth' is from 'test/firebase_test_helper.dart'.
build-and-test	Run flutter test --coverage	2025-07-30T14:31:37.3238620Z Try correcting the name to the name of an existing method, or defining a method named 'userChanges'.
build-and-test	Run flutter test --coverage	2025-07-30T14:31:37.3239042Z     when(() => mockAuth.userChanges())
build-and-test	Run flutter test --coverage	2025-07-30T14:31:37.3239282Z                         ^^^^^^^^^^^
build-and-test	Run flutter test --coverage	2025-07-30T14:31:37.3239771Z test/firebase_test_helper.dart:94:25: Error: The method 'signInWithEmailAndPassword' isn't defined for the class 'MockFirebaseAuth'.
build-and-test	Run flutter test --coverage	2025-07-30T14:31:37.3240357Z  - 'MockFirebaseAuth' is from 'test/firebase_test_helper.dart'.
build-and-test	Run flutter test --coverage	2025-07-30T14:31:37.3240869Z Try correcting the name to the name of an existing method, or defining a method named 'signInWithEmailAndPassword'.
build-and-test	Run flutter test --coverage	2025-07-30T14:31:37.3241385Z     when(() => mockAuth.signInWithEmailAndPassword(any(), any()))
build-and-test	Run flutter test --coverage	2025-07-30T14:31:37.3242135Z                         ^^^^^^^^^^^^^^^^^^^^^^^^^^
build-and-test	Run flutter test --coverage	2025-07-30T14:31:37.3242685Z test/firebase_test_helper.dart:96:25: Error: The method 'createUserWithEmailAndPassword' isn't defined for the class 'MockFirebaseAuth'.
build-and-test	Run flutter test --coverage	2025-07-30T14:31:37.3243304Z  - 'MockFirebaseAuth' is from 'test/firebase_test_helper.dart'.
build-and-test	Run flutter test --coverage	2025-07-30T14:31:37.3243953Z Try correcting the name to the name of an existing method, or defining a method named 'createUserWithEmailAndPassword'.
build-and-test	Run flutter test --coverage	2025-07-30T14:31:37.3244510Z     when(() => mockAuth.createUserWithEmailAndPassword(any(), any()))
build-and-test	Run flutter test --coverage	2025-07-30T14:31:37.3244825Z                         ^^^^^^^^^^^^^^^^^^^^^^^^^^^^^^
build-and-test	Run flutter test --coverage	2025-07-30T14:31:37.3245272Z test/firebase_test_helper.dart:98:25: Error: The method 'signOut' isn't defined for the class 'MockFirebaseAuth'.
build-and-test	Run flutter test --coverage	2025-07-30T14:31:37.3245810Z  - 'MockFirebaseAuth' is from 'test/firebase_test_helper.dart'.
build-and-test	Run flutter test --coverage	2025-07-30T14:31:37.3246270Z Try correcting the name to the name of an existing method, or defining a method named 'signOut'.
build-and-test	Run flutter test --coverage	2025-07-30T14:31:37.3246715Z     when(() => mockAuth.signOut()).thenAnswer((_) async {});
build-and-test	Run flutter test --coverage	2025-07-30T14:31:37.3246986Z                         ^^^^^^^
build-and-test	Run flutter test --coverage	2025-07-30T14:31:37.3247592Z test/firebase_test_helper.dart:108:60: Error: The argument type 'MockCollectionReference' can't be assigned to the parameter type 'CollectionReference<Map<String, dynamic>>'.
build-and-test	Run flutter test --coverage	2025-07-30T14:31:37.3248337Z  - 'MockCollectionReference' is from 'test/firebase_test_helper.dart'.
build-and-test	Run flutter test --coverage	2025-07-30T14:31:37.3249061Z  - 'CollectionReference' is from 'package:cloud_firestore/cloud_firestore.dart' ('../../../.pub-cache/hosted/pub.dev/cloud_firestore-5.6.11/lib/cloud_firestore.dart').
build-and-test	Run flutter test --coverage	2025-07-30T14:31:37.3249676Z  - 'Map' is from 'dart:core'.
build-and-test	Run flutter test --coverage	2025-07-30T14:31:37.3249995Z     when(() => mockFirestore.collection(any())).thenReturn(mockCollection);
build-and-test	Run flutter test --coverage	2025-07-30T14:31:37.3250334Z                                                            ^
build-and-test	Run flutter test --coverage	2025-07-30T14:31:37.3250913Z test/firebase_test_helper.dart:132:52: Error: A value of type 'MockDocumentSnapshot' can't be assigned to a variable of type 'QueryDocumentSnapshot<Object?>'.
build-and-test	Run flutter test --coverage	2025-07-30T14:31:37.3251788Z  - 'MockDocumentSnapshot' is from 'test/firebase_test_helper.dart'.
build-and-test	Run flutter test --coverage	2025-07-30T14:31:37.3252511Z  - 'QueryDocumentSnapshot' is from 'package:cloud_firestore/cloud_firestore.dart' ('../../../.pub-cache/hosted/pub.dev/cloud_firestore-5.6.11/lib/cloud_firestore.dart').
build-and-test	Run flutter test --coverage	2025-07-30T14:31:37.3253126Z  - 'Object' is from 'dart:core'.
build-and-test	Run flutter test --coverage	2025-07-30T14:31:37.3253447Z     when(() => mockQuerySnapshot.docs).thenReturn([mockDocumentSnapshot]);
build-and-test	Run flutter test --coverage	2025-07-30T14:31:37.3253776Z                                                    ^
build-and-test	Run flutter test --coverage	2025-07-30T14:31:38.0270060Z ##[group]❌ loading /home/runner/work/appoint/appoint/test/playtime/playtime_provider_test.dart (failed)
build-and-test	Run flutter test --coverage	2025-07-30T14:31:38.0280119Z Failed to load "/home/runner/work/appoint/appoint/test/playtime/playtime_provider_test.dart": Compilation failed for testPath=/home/runner/work/appoint/appoint/test/playtime/playtime_provider_test.dart
build-and-test	Run flutter test --coverage	2025-07-30T14:31:38.0281397Z 
build-and-test	Run flutter test --coverage	2025-07-30T14:31:38.0282017Z ##[endgroup]
build-and-test	Run flutter test --coverage	2025-07-30T14:31:38.0556385Z ##[group]❌ loading /home/runner/work/appoint/appoint/test/widgets/login_screen_test.dart (failed after test completion)
build-and-test	Run flutter test --coverage	2025-07-30T14:31:38.0557525Z Error: the Dart compiler exited unexpectedly.
build-and-test	Run flutter test --coverage	2025-07-30T14:31:38.0559320Z package:flutter_tools/src/base/common.dart 10:3  throwToolExit
build-and-test	Run flutter test --coverage	2025-07-30T14:31:38.0560140Z package:flutter_tools/src/compile.dart 893:9     DefaultResidentCompiler._compile.<fn>
build-and-test	Run flutter test --coverage	2025-07-30T14:31:38.0560924Z dart:async/zone.dart 1422:47                     _rootRunUnary
build-and-test	Run flutter test --coverage	2025-07-30T14:31:38.0561868Z dart:async/future_impl.dart 902:45               Future._propagateToListeners.handleValueCallback
build-and-test	Run flutter test --coverage	2025-07-30T14:31:38.0562736Z dart:async/future_impl.dart 931:13               Future._propagateToListeners
build-and-test	Run flutter test --coverage	2025-07-30T14:31:38.0563553Z dart:async/future_impl.dart 827:9                Future._propagateToListeners
build-and-test	Run flutter test --coverage	2025-07-30T14:31:38.0564270Z dart:async/future_impl.dart 707:5                Future._completeWithValue
build-and-test	Run flutter test --coverage	2025-07-30T14:31:38.0565409Z dart:async/future_impl.dart 777:7                Future._asyncCompleteWithValue.<fn>
build-and-test	Run flutter test --coverage	2025-07-30T14:31:38.0566312Z dart:async/zone.dart 1414:13                     _rootRun
build-and-test	Run flutter test --coverage	2025-07-30T14:31:38.0567075Z dart:async/zone.dart 1317:19                     _CustomZone.run
build-and-test	Run flutter test --coverage	2025-07-30T14:31:38.0568118Z dart:async/zone.dart 1225:7                      _CustomZone.runGuarded
build-and-test	Run flutter test --coverage	2025-07-30T14:31:38.0568932Z dart:async/zone.dart 1265:23                     _CustomZone.bindCallbackGuarded.<fn>
build-and-test	Run flutter test --coverage	2025-07-30T14:31:38.0569655Z dart:async/schedule_microtask.dart 40:21         _microtaskLoop
build-and-test	Run flutter test --coverage	2025-07-30T14:31:38.0570346Z dart:async/schedule_microtask.dart 49:5          _startMicrotaskLoop
build-and-test	Run flutter test --coverage	2025-07-30T14:31:38.0571114Z dart:isolate-patch/isolate_patch.dart 118:13     _runPendingImmediateCallback
build-and-test	Run flutter test --coverage	2025-07-30T14:31:38.0572157Z dart:isolate-patch/isolate_patch.dart 185:5      _RawReceivePort._handleMessage
build-and-test	Run flutter test --coverage	2025-07-30T14:31:38.0573030Z ##[endgroup]
build-and-test	Run flutter test --coverage	2025-07-30T14:31:39.3650119Z test/firebase_test_helper.dart:11:48: Error: Type 'FirebaseAuth' not found.
build-and-test	Run flutter test --coverage	2025-07-30T14:31:39.3651293Z class MockFirebaseAuth extends Mock implements FirebaseAuth {}
build-and-test	Run flutter test --coverage	2025-07-30T14:31:39.3652238Z                                                ^^^^^^^^^^^^
build-and-test	Run flutter test --coverage	2025-07-30T14:31:39.3652726Z test/firebase_test_helper.dart:13:40: Error: Type 'User' not found.
build-and-test	Run flutter test --coverage	2025-07-30T14:31:39.3653192Z class MockUser extends Mock implements User {}
build-and-test	Run flutter test --coverage	2025-07-30T14:31:39.3653482Z                                        ^^^^
build-and-test	Run flutter test --coverage	2025-07-30T14:31:39.3653858Z test/firebase_test_helper.dart:15:50: Error: Type 'UserCredential' not found.
build-and-test	Run flutter test --coverage	2025-07-30T14:31:39.3654343Z class MockUserCredential extends Mock implements UserCredential {}
build-and-test	Run flutter test --coverage	2025-07-30T14:31:39.3654697Z                                                  ^^^^^^^^^^^^^^
build-and-test	Run flutter test --coverage	2025-07-30T14:31:39.5166663Z test/firebase_test_helper.dart:78:25: Error: The getter 'uid' isn't defined for the class 'MockUser'.
build-and-test	Run flutter test --coverage	2025-07-30T14:31:39.5167772Z  - 'MockUser' is from 'test/firebase_test_helper.dart'.
build-and-test	Run flutter test --coverage	2025-07-30T14:31:39.5168758Z Try correcting the name to the name of an existing getter, or defining a getter or field named 'uid'.
build-and-test	Run flutter test --coverage	2025-07-30T14:31:39.5169785Z     when(() => mockUser.uid).thenReturn('test-user-id');
build-and-test	Run flutter test --coverage	2025-07-30T14:31:39.5170439Z                         ^^^
build-and-test	Run flutter test --coverage	2025-07-30T14:31:39.5171287Z test/firebase_test_helper.dart:79:25: Error: The getter 'email' isn't defined for the class 'MockUser'.
build-and-test	Run flutter test --coverage	2025-07-30T14:31:39.5172769Z  - 'MockUser' is from 'test/firebase_test_helper.dart'.
build-and-test	Run flutter test --coverage	2025-07-30T14:31:39.5173789Z Try correcting the name to the name of an existing getter, or defining a getter or field named 'email'.
build-and-test	Run flutter test --coverage	2025-07-30T14:31:39.5174829Z     when(() => mockUser.email).thenReturn('test@example.com');
build-and-test	Run flutter test --coverage	2025-07-30T14:31:39.5175481Z                         ^^^^^
build-and-test	Run flutter test --coverage	2025-07-30T14:31:39.5176262Z test/firebase_test_helper.dart:80:25: Error: The getter 'displayName' isn't defined for the class 'MockUser'.
build-and-test	Run flutter test --coverage	2025-07-30T14:31:39.5177154Z  - 'MockUser' is from 'test/firebase_test_helper.dart'.
build-and-test	Run flutter test --coverage	2025-07-30T14:31:39.5178022Z Try correcting the name to the name of an existing getter, or defining a getter or field named 'displayName'.
build-and-test	Run flutter test --coverage	2025-07-30T14:31:39.5178937Z     when(() => mockUser.displayName).thenReturn('Test User');
build-and-test	Run flutter test --coverage	2025-07-30T14:31:39.5179465Z                         ^^^^^^^^^^^
build-and-test	Run flutter test --coverage	2025-07-30T14:31:39.5180216Z test/firebase_test_helper.dart:81:25: Error: The getter 'photoURL' isn't defined for the class 'MockUser'.
build-and-test	Run flutter test --coverage	2025-07-30T14:31:39.5181096Z  - 'MockUser' is from 'test/firebase_test_helper.dart'.
build-and-test	Run flutter test --coverage	2025-07-30T14:31:39.5182107Z Try correcting the name to the name of an existing getter, or defining a getter or field named 'photoURL'.
build-and-test	Run flutter test --coverage	2025-07-30T14:31:39.5183099Z     when(() => mockUser.photoURL).thenReturn('https://example.com/photo.jpg');
build-and-test	Run flutter test --coverage	2025-07-30T14:31:39.5183737Z                         ^^^^^^^^
build-and-test	Run flutter test --coverage	2025-07-30T14:31:39.5184484Z test/firebase_test_helper.dart:82:25: Error: The getter 'isAnonymous' isn't defined for the class 'MockUser'.
build-and-test	Run flutter test --coverage	2025-07-30T14:31:39.5185367Z  - 'MockUser' is from 'test/firebase_test_helper.dart'.
build-and-test	Run flutter test --coverage	2025-07-30T14:31:39.5186214Z Try correcting the name to the name of an existing getter, or defining a getter or field named 'isAnonymous'.
build-and-test	Run flutter test --coverage	2025-07-30T14:31:39.5187430Z     when(() => mockUser.isAnonymous).thenReturn(false);
build-and-test	Run flutter test --coverage	2025-07-30T14:31:39.5187902Z                         ^^^^^^^^^^^
build-and-test	Run flutter test --coverage	2025-07-30T14:31:39.5188512Z test/firebase_test_helper.dart:83:25: Error: The getter 'emailVerified' isn't defined for the class 'MockUser'.
build-and-test	Run flutter test --coverage	2025-07-30T14:31:39.5189500Z  - 'MockUser' is from 'test/firebase_test_helper.dart'.
build-and-test	Run flutter test --coverage	2025-07-30T14:31:39.5190354Z Try correcting the name to the name of an existing getter, or defining a getter or field named 'emailVerified'.
build-and-test	Run flutter test --coverage	2025-07-30T14:31:39.5191234Z     when(() => mockUser.emailVerified).thenReturn(true);
build-and-test	Run flutter test --coverage	2025-07-30T14:31:39.5191937Z                         ^^^^^^^^^^^^^
build-and-test	Run flutter test --coverage	2025-07-30T14:31:39.5192412Z test/firebase_test_helper.dart:86:35: Error: The getter 'user' isn't defined for the class 'MockUserCredential'.
build-and-test	Run flutter test --coverage	2025-07-30T14:31:39.5192944Z  - 'MockUserCredential' is from 'test/firebase_test_helper.dart'.
build-and-test	Run flutter test --coverage	2025-07-30T14:31:39.5193432Z Try correcting the name to the name of an existing getter, or defining a getter or field named 'user'.
build-and-test	Run flutter test --coverage	2025-07-30T14:31:39.5193903Z     when(() => mockUserCredential.user).thenReturn(mockUser);
build-and-test	Run flutter test --coverage	2025-07-30T14:31:39.5194183Z                                   ^^^^
build-and-test	Run flutter test --coverage	2025-07-30T14:31:39.5194633Z test/firebase_test_helper.dart:89:25: Error: The getter 'currentUser' isn't defined for the class 'MockFirebaseAuth'.
build-and-test	Run flutter test --coverage	2025-07-30T14:31:39.5195174Z  - 'MockFirebaseAuth' is from 'test/firebase_test_helper.dart'.
build-and-test	Run flutter test --coverage	2025-07-30T14:31:39.5195678Z Try correcting the name to the name of an existing getter, or defining a getter or field named 'currentUser'.
build-and-test	Run flutter test --coverage	2025-07-30T14:31:39.5196146Z     when(() => mockAuth.currentUser).thenReturn(mockUser);
build-and-test	Run flutter test --coverage	2025-07-30T14:31:39.5196413Z                         ^^^^^^^^^^^
build-and-test	Run flutter test --coverage	2025-07-30T14:31:39.5196870Z test/firebase_test_helper.dart:90:25: Error: The method 'authStateChanges' isn't defined for the class 'MockFirebaseAuth'.
build-and-test	Run flutter test --coverage	2025-07-30T14:31:39.5197438Z  - 'MockFirebaseAuth' is from 'test/firebase_test_helper.dart'.
build-and-test	Run flutter test --coverage	2025-07-30T14:31:39.5197937Z Try correcting the name to the name of an existing method, or defining a method named 'authStateChanges'.
build-and-test	Run flutter test --coverage	2025-07-30T14:31:39.5198376Z     when(() => mockAuth.authStateChanges())
build-and-test	Run flutter test --coverage	2025-07-30T14:31:39.5198615Z                         ^^^^^^^^^^^^^^^^
build-and-test	Run flutter test --coverage	2025-07-30T14:31:39.5199065Z test/firebase_test_helper.dart:92:25: Error: The method 'userChanges' isn't defined for the class 'MockFirebaseAuth'.
build-and-test	Run flutter test --coverage	2025-07-30T14:31:39.5199590Z  - 'MockFirebaseAuth' is from 'test/firebase_test_helper.dart'.
build-and-test	Run flutter test --coverage	2025-07-30T14:31:39.5200057Z Try correcting the name to the name of an existing method, or defining a method named 'userChanges'.
build-and-test	Run flutter test --coverage	2025-07-30T14:31:39.5200463Z     when(() => mockAuth.userChanges())
build-and-test	Run flutter test --coverage	2025-07-30T14:31:39.5200694Z                         ^^^^^^^^^^^
build-and-test	Run flutter test --coverage	2025-07-30T14:31:39.5201184Z test/firebase_test_helper.dart:94:25: Error: The method 'signInWithEmailAndPassword' isn't defined for the class 'MockFirebaseAuth'.
build-and-test	Run flutter test --coverage	2025-07-30T14:31:39.5201990Z  - 'MockFirebaseAuth' is from 'test/firebase_test_helper.dart'.
build-and-test	Run flutter test --coverage	2025-07-30T14:31:39.5202511Z Try correcting the name to the name of an existing method, or defining a method named 'signInWithEmailAndPassword'.
build-and-test	Run flutter test --coverage	2025-07-30T14:31:39.5203018Z     when(() => mockAuth.signInWithEmailAndPassword(any(), any()))
build-and-test	Run flutter test --coverage	2025-07-30T14:31:39.5203324Z                         ^^^^^^^^^^^^^^^^^^^^^^^^^^
build-and-test	Run flutter test --coverage	2025-07-30T14:31:39.5203851Z test/firebase_test_helper.dart:96:25: Error: The method 'createUserWithEmailAndPassword' isn't defined for the class 'MockFirebaseAuth'.
build-and-test	Run flutter test --coverage	2025-07-30T14:31:39.5204451Z  - 'MockFirebaseAuth' is from 'test/firebase_test_helper.dart'.
build-and-test	Run flutter test --coverage	2025-07-30T14:31:39.5204979Z Try correcting the name to the name of an existing method, or defining a method named 'createUserWithEmailAndPassword'.
build-and-test	Run flutter test --coverage	2025-07-30T14:31:39.5205530Z     when(() => mockAuth.createUserWithEmailAndPassword(any(), any()))
build-and-test	Run flutter test --coverage	2025-07-30T14:31:39.5205851Z                         ^^^^^^^^^^^^^^^^^^^^^^^^^^^^^^
build-and-test	Run flutter test --coverage	2025-07-30T14:31:39.5206284Z test/firebase_test_helper.dart:98:25: Error: The method 'signOut' isn't defined for the class 'MockFirebaseAuth'.
build-and-test	Run flutter test --coverage	2025-07-30T14:31:39.5206965Z  - 'MockFirebaseAuth' is from 'test/firebase_test_helper.dart'.
build-and-test	Run flutter test --coverage	2025-07-30T14:31:39.5207415Z Try correcting the name to the name of an existing method, or defining a method named 'signOut'.
build-and-test	Run flutter test --coverage	2025-07-30T14:31:39.5207842Z     when(() => mockAuth.signOut()).thenAnswer((_) async {});
build-and-test	Run flutter test --coverage	2025-07-30T14:31:39.5208218Z                         ^^^^^^^
build-and-test	Run flutter test --coverage	2025-07-30T14:31:39.5208818Z test/firebase_test_helper.dart:108:60: Error: The argument type 'MockCollectionReference' can't be assigned to the parameter type 'CollectionReference<Map<String, dynamic>>'.
build-and-test	Run flutter test --coverage	2025-07-30T14:31:39.5209550Z  - 'MockCollectionReference' is from 'test/firebase_test_helper.dart'.
build-and-test	Run flutter test --coverage	2025-07-30T14:31:39.5210260Z  - 'CollectionReference' is from 'package:cloud_firestore/cloud_firestore.dart' ('../../../.pub-cache/hosted/pub.dev/cloud_firestore-5.6.11/lib/cloud_firestore.dart').
build-and-test	Run flutter test --coverage	2025-07-30T14:31:39.5210868Z  - 'Map' is from 'dart:core'.
build-and-test	Run flutter test --coverage	2025-07-30T14:31:39.5211191Z     when(() => mockFirestore.collection(any())).thenReturn(mockCollection);
build-and-test	Run flutter test --coverage	2025-07-30T14:31:39.5211627Z                                                            ^
build-and-test	Run flutter test --coverage	2025-07-30T14:31:39.5212219Z test/firebase_test_helper.dart:132:52: Error: A value of type 'MockDocumentSnapshot' can't be assigned to a variable of type 'QueryDocumentSnapshot<Object?>'.
build-and-test	Run flutter test --coverage	2025-07-30T14:31:39.5212890Z  - 'MockDocumentSnapshot' is from 'test/firebase_test_helper.dart'.
build-and-test	Run flutter test --coverage	2025-07-30T14:31:39.5213597Z  - 'QueryDocumentSnapshot' is from 'package:cloud_firestore/cloud_firestore.dart' ('../../../.pub-cache/hosted/pub.dev/cloud_firestore-5.6.11/lib/cloud_firestore.dart').
build-and-test	Run flutter test --coverage	2025-07-30T14:31:39.5214217Z  - 'Object' is from 'dart:core'.
build-and-test	Run flutter test --coverage	2025-07-30T14:31:39.5214533Z     when(() => mockQuerySnapshot.docs).thenReturn([mockDocumentSnapshot]);
build-and-test	Run flutter test --coverage	2025-07-30T14:31:39.5214873Z                                                    ^
build-and-test	Run flutter test --coverage	2025-07-30T14:31:40.1361135Z ##[group]❌ loading /home/runner/work/appoint/appoint/test/theme/typography_test.dart (failed)
build-and-test	Run flutter test --coverage	2025-07-30T14:31:40.1363432Z Failed to load "/home/runner/work/appoint/appoint/test/theme/typography_test.dart": Compilation failed for testPath=/home/runner/work/appoint/appoint/test/theme/typography_test.dart
build-and-test	Run flutter test --coverage	2025-07-30T14:31:40.1365706Z 
build-and-test	Run flutter test --coverage	2025-07-30T14:31:40.1366115Z ##[endgroup]
build-and-test	Run flutter test --coverage	2025-07-30T14:31:40.1626196Z ##[group]❌ loading /home/runner/work/appoint/appoint/test/widgets/login_screen_test.dart (failed after test completion)
build-and-test	Run flutter test --coverage	2025-07-30T14:31:40.1626834Z Error: the Dart compiler exited unexpectedly.
build-and-test	Run flutter test --coverage	2025-07-30T14:31:40.1628860Z package:flutter_tools/src/base/common.dart 10:3  throwToolExit
build-and-test	Run flutter test --coverage	2025-07-30T14:31:40.1629685Z package:flutter_tools/src/compile.dart 893:9     DefaultResidentCompiler._compile.<fn>
build-and-test	Run flutter test --coverage	2025-07-30T14:31:40.1630382Z dart:async/zone.dart 1422:47                     _rootRunUnary
build-and-test	Run flutter test --coverage	2025-07-30T14:31:40.1631079Z dart:async/future_impl.dart 902:45               Future._propagateToListeners.handleValueCallback
build-and-test	Run flutter test --coverage	2025-07-30T14:31:40.1631851Z dart:async/future_impl.dart 931:13               Future._propagateToListeners
build-and-test	Run flutter test --coverage	2025-07-30T14:31:40.1632312Z dart:async/future_impl.dart 827:9                Future._propagateToListeners
build-and-test	Run flutter test --coverage	2025-07-30T14:31:40.1632740Z dart:async/future_impl.dart 707:5                Future._completeWithValue
build-and-test	Run flutter test --coverage	2025-07-30T14:31:40.1633181Z dart:async/future_impl.dart 777:7                Future._asyncCompleteWithValue.<fn>
build-and-test	Run flutter test --coverage	2025-07-30T14:31:40.1633578Z dart:async/zone.dart 1414:13                     _rootRun
build-and-test	Run flutter test --coverage	2025-07-30T14:31:40.1633911Z dart:async/zone.dart 1317:19                     _CustomZone.run
build-and-test	Run flutter test --coverage	2025-07-30T14:31:40.1634277Z dart:async/zone.dart 1225:7                      _CustomZone.runGuarded
build-and-test	Run flutter test --coverage	2025-07-30T14:31:40.1634684Z dart:async/zone.dart 1265:23                     _CustomZone.bindCallbackGuarded.<fn>
build-and-test	Run flutter test --coverage	2025-07-30T14:31:40.1635091Z dart:async/schedule_microtask.dart 40:21         _microtaskLoop
build-and-test	Run flutter test --coverage	2025-07-30T14:31:40.1635475Z dart:async/schedule_microtask.dart 49:5          _startMicrotaskLoop
build-and-test	Run flutter test --coverage	2025-07-30T14:31:40.1635920Z dart:isolate-patch/isolate_patch.dart 118:13     _runPendingImmediateCallback
build-and-test	Run flutter test --coverage	2025-07-30T14:31:40.1636663Z dart:isolate-patch/isolate_patch.dart 185:5      _RawReceivePort._handleMessage
build-and-test	Run flutter test --coverage	2025-07-30T14:31:40.1637167Z ##[endgroup]
build-and-test	Run flutter test --coverage	2025-07-30T14:31:41.4475934Z test/firebase_test_helper.dart:11:48: Error: Type 'FirebaseAuth' not found.
build-and-test	Run flutter test --coverage	2025-07-30T14:31:41.4477281Z class MockFirebaseAuth extends Mock implements FirebaseAuth {}
build-and-test	Run flutter test --coverage	2025-07-30T14:31:41.4478346Z                                                ^^^^^^^^^^^^
build-and-test	Run flutter test --coverage	2025-07-30T14:31:41.4478972Z test/firebase_test_helper.dart:13:40: Error: Type 'User' not found.
build-and-test	Run flutter test --coverage	2025-07-30T14:31:41.4479578Z class MockUser extends Mock implements User {}
build-and-test	Run flutter test --coverage	2025-07-30T14:31:41.4479861Z                                        ^^^^
build-and-test	Run flutter test --coverage	2025-07-30T14:31:41.4480220Z test/firebase_test_helper.dart:15:50: Error: Type 'UserCredential' not found.
build-and-test	Run flutter test --coverage	2025-07-30T14:31:41.4480693Z class MockUserCredential extends Mock implements UserCredential {}
build-and-test	Run flutter test --coverage	2025-07-30T14:31:41.4481039Z                                                  ^^^^^^^^^^^^^^
build-and-test	Run flutter test --coverage	2025-07-30T14:31:41.5998424Z test/firebase_test_helper.dart:78:25: Error: The getter 'uid' isn't defined for the class 'MockUser'.
build-and-test	Run flutter test --coverage	2025-07-30T14:31:41.5999778Z  - 'MockUser' is from 'test/firebase_test_helper.dart'.
build-and-test	Run flutter test --coverage	2025-07-30T14:31:41.6000849Z Try correcting the name to the name of an existing getter, or defining a getter or field named 'uid'.
build-and-test	Run flutter test --coverage	2025-07-30T14:31:41.6002284Z     when(() => mockUser.uid).thenReturn('test-user-id');
build-and-test	Run flutter test --coverage	2025-07-30T14:31:41.6002980Z                         ^^^
build-and-test	Run flutter test --coverage	2025-07-30T14:31:41.6004002Z test/firebase_test_helper.dart:79:25: Error: The getter 'email' isn't defined for the class 'MockUser'.
build-and-test	Run flutter test --coverage	2025-07-30T14:31:41.6005188Z  - 'MockUser' is from 'test/firebase_test_helper.dart'.
build-and-test	Run flutter test --coverage	2025-07-30T14:31:41.6006136Z Try correcting the name to the name of an existing getter, or defining a getter or field named 'email'.
build-and-test	Run flutter test --coverage	2025-07-30T14:31:41.6007142Z     when(() => mockUser.email).thenReturn('test@example.com');
build-and-test	Run flutter test --coverage	2025-07-30T14:31:41.6007752Z                         ^^^^^
build-and-test	Run flutter test --coverage	2025-07-30T14:31:41.6008621Z test/firebase_test_helper.dart:80:25: Error: The getter 'displayName' isn't defined for the class 'MockUser'.
build-and-test	Run flutter test --coverage	2025-07-30T14:31:41.6009589Z  - 'MockUser' is from 'test/firebase_test_helper.dart'.
build-and-test	Run flutter test --coverage	2025-07-30T14:31:41.6010578Z Try correcting the name to the name of an existing getter, or defining a getter or field named 'displayName'.
build-and-test	Run flutter test --coverage	2025-07-30T14:31:41.6011782Z     when(() => mockUser.displayName).thenReturn('Test User');
build-and-test	Run flutter test --coverage	2025-07-30T14:31:41.6012357Z                         ^^^^^^^^^^^
build-and-test	Run flutter test --coverage	2025-07-30T14:31:41.6013223Z test/firebase_test_helper.dart:81:25: Error: The getter 'photoURL' isn't defined for the class 'MockUser'.
build-and-test	Run flutter test --coverage	2025-07-30T14:31:41.6014208Z  - 'MockUser' is from 'test/firebase_test_helper.dart'.
build-and-test	Run flutter test --coverage	2025-07-30T14:31:41.6015189Z Try correcting the name to the name of an existing getter, or defining a getter or field named 'photoURL'.
build-and-test	Run flutter test --coverage	2025-07-30T14:31:41.6016198Z     when(() => mockUser.photoURL).thenReturn('https://example.com/photo.jpg');
build-and-test	Run flutter test --coverage	2025-07-30T14:31:41.6016811Z                         ^^^^^^^^
build-and-test	Run flutter test --coverage	2025-07-30T14:31:41.6017619Z test/firebase_test_helper.dart:82:25: Error: The getter 'isAnonymous' isn't defined for the class 'MockUser'.
build-and-test	Run flutter test --coverage	2025-07-30T14:31:41.6018493Z  - 'MockUser' is from 'test/firebase_test_helper.dart'.
build-and-test	Run flutter test --coverage	2025-07-30T14:31:41.6019123Z Try correcting the name to the name of an existing getter, or defining a getter or field named 'isAnonymous'.
build-and-test	Run flutter test --coverage	2025-07-30T14:31:41.6019586Z     when(() => mockUser.isAnonymous).thenReturn(false);
build-and-test	Run flutter test --coverage	2025-07-30T14:31:41.6019843Z                         ^^^^^^^^^^^
build-and-test	Run flutter test --coverage	2025-07-30T14:31:41.6020272Z test/firebase_test_helper.dart:83:25: Error: The getter 'emailVerified' isn't defined for the class 'MockUser'.
build-and-test	Run flutter test --coverage	2025-07-30T14:31:41.6020745Z  - 'MockUser' is from 'test/firebase_test_helper.dart'.
build-and-test	Run flutter test --coverage	2025-07-30T14:31:41.6021323Z Try correcting the name to the name of an existing getter, or defining a getter or field named 'emailVerified'.
build-and-test	Run flutter test --coverage	2025-07-30T14:31:41.6022080Z     when(() => mockUser.emailVerified).thenReturn(true);
build-and-test	Run flutter test --coverage	2025-07-30T14:31:41.6022372Z                         ^^^^^^^^^^^^^
build-and-test	Run flutter test --coverage	2025-07-30T14:31:41.6023102Z test/firebase_test_helper.dart:86:35: Error: The getter 'user' isn't defined for the class 'MockUserCredential'.
build-and-test	Run flutter test --coverage	2025-07-30T14:31:41.6024548Z  - 'MockUserCredential' is from 'test/firebase_test_helper.dart'.
build-and-test	Run flutter test --coverage	2025-07-30T14:31:41.6025443Z Try correcting the name to the name of an existing getter, or defining a getter or field named 'user'.
build-and-test	Run flutter test --coverage	2025-07-30T14:31:41.6026115Z     when(() => mockUserCredential.user).thenReturn(mockUser);
build-and-test	Run flutter test --coverage	2025-07-30T14:31:41.6026405Z                                   ^^^^
build-and-test	Run flutter test --coverage	2025-07-30T14:31:41.6026853Z test/firebase_test_helper.dart:89:25: Error: The getter 'currentUser' isn't defined for the class 'MockFirebaseAuth'.
build-and-test	Run flutter test --coverage	2025-07-30T14:31:41.6027380Z  - 'MockFirebaseAuth' is from 'test/firebase_test_helper.dart'.
build-and-test	Run flutter test --coverage	2025-07-30T14:31:41.6027889Z Try correcting the name to the name of an existing getter, or defining a getter or field named 'currentUser'.
build-and-test	Run flutter test --coverage	2025-07-30T14:31:41.6028354Z     when(() => mockAuth.currentUser).thenReturn(mockUser);
build-and-test	Run flutter test --coverage	2025-07-30T14:31:41.6028629Z                         ^^^^^^^^^^^
build-and-test	Run flutter test --coverage	2025-07-30T14:31:41.6029090Z test/firebase_test_helper.dart:90:25: Error: The method 'authStateChanges' isn't defined for the class 'MockFirebaseAuth'.
build-and-test	Run flutter test --coverage	2025-07-30T14:31:41.6029637Z  - 'MockFirebaseAuth' is from 'test/firebase_test_helper.dart'.
build-and-test	Run flutter test --coverage	2025-07-30T14:31:41.6030446Z Try correcting the name to the name of an existing method, or defining a method named 'authStateChanges'.
build-and-test	Run flutter test --coverage	2025-07-30T14:31:41.6031239Z     when(() => mockAuth.authStateChanges())
build-and-test	Run flutter test --coverage	2025-07-30T14:31:41.6031850Z                         ^^^^^^^^^^^^^^^^
build-and-test	Run flutter test --coverage	2025-07-30T14:31:41.6032671Z test/firebase_test_helper.dart:92:25: Error: The method 'userChanges' isn't defined for the class 'MockFirebaseAuth'.
build-and-test	Run flutter test --coverage	2025-07-30T14:31:41.6033240Z  - 'MockFirebaseAuth' is from 'test/firebase_test_helper.dart'.
build-and-test	Run flutter test --coverage	2025-07-30T14:31:41.6033708Z Try correcting the name to the name of an existing method, or defining a method named 'userChanges'.
build-and-test	Run flutter test --coverage	2025-07-30T14:31:41.6034132Z     when(() => mockAuth.userChanges())
build-and-test	Run flutter test --coverage	2025-07-30T14:31:41.6034362Z                         ^^^^^^^^^^^
build-and-test	Run flutter test --coverage	2025-07-30T14:31:41.6034856Z test/firebase_test_helper.dart:94:25: Error: The method 'signInWithEmailAndPassword' isn't defined for the class 'MockFirebaseAuth'.
build-and-test	Run flutter test --coverage	2025-07-30T14:31:41.6035437Z  - 'MockFirebaseAuth' is from 'test/firebase_test_helper.dart'.
build-and-test	Run flutter test --coverage	2025-07-30T14:31:41.6035941Z Try correcting the name to the name of an existing method, or defining a method named 'signInWithEmailAndPassword'.
build-and-test	Run flutter test --coverage	2025-07-30T14:31:41.6036458Z     when(() => mockAuth.signInWithEmailAndPassword(any(), any()))
build-and-test	Run flutter test --coverage	2025-07-30T14:31:41.6036761Z                         ^^^^^^^^^^^^^^^^^^^^^^^^^^
build-and-test	Run flutter test --coverage	2025-07-30T14:31:41.6037285Z test/firebase_test_helper.dart:96:25: Error: The method 'createUserWithEmailAndPassword' isn't defined for the class 'MockFirebaseAuth'.
build-and-test	Run flutter test --coverage	2025-07-30T14:31:41.6037879Z  - 'MockFirebaseAuth' is from 'test/firebase_test_helper.dart'.
build-and-test	Run flutter test --coverage	2025-07-30T14:31:41.6038400Z Try correcting the name to the name of an existing method, or defining a method named 'createUserWithEmailAndPassword'.
build-and-test	Run flutter test --coverage	2025-07-30T14:31:41.6038946Z     when(() => mockAuth.createUserWithEmailAndPassword(any(), any()))
build-and-test	Run flutter test --coverage	2025-07-30T14:31:41.6039274Z                         ^^^^^^^^^^^^^^^^^^^^^^^^^^^^^^
build-and-test	Run flutter test --coverage	2025-07-30T14:31:41.6039709Z test/firebase_test_helper.dart:98:25: Error: The method 'signOut' isn't defined for the class 'MockFirebaseAuth'.
build-and-test	Run flutter test --coverage	2025-07-30T14:31:41.6040222Z  - 'MockFirebaseAuth' is from 'test/firebase_test_helper.dart'.
build-and-test	Run flutter test --coverage	2025-07-30T14:31:41.6040669Z Try correcting the name to the name of an existing method, or defining a method named 'signOut'.
build-and-test	Run flutter test --coverage	2025-07-30T14:31:41.6041099Z     when(() => mockAuth.signOut()).thenAnswer((_) async {});
build-and-test	Run flutter test --coverage	2025-07-30T14:31:41.6041364Z                         ^^^^^^^
build-and-test	Run flutter test --coverage	2025-07-30T14:31:41.6042191Z test/firebase_test_helper.dart:108:60: Error: The argument type 'MockCollectionReference' can't be assigned to the parameter type 'CollectionReference<Map<String, dynamic>>'.
build-and-test	Run flutter test --coverage	2025-07-30T14:31:41.6042934Z  - 'MockCollectionReference' is from 'test/firebase_test_helper.dart'.
build-and-test	Run flutter test --coverage	2025-07-30T14:31:41.6043639Z  - 'CollectionReference' is from 'package:cloud_firestore/cloud_firestore.dart' ('../../../.pub-cache/hosted/pub.dev/cloud_firestore-5.6.11/lib/cloud_firestore.dart').
build-and-test	Run flutter test --coverage	2025-07-30T14:31:41.6044428Z  - 'Map' is from 'dart:core'.
build-and-test	Run flutter test --coverage	2025-07-30T14:31:41.6044738Z     when(() => mockFirestore.collection(any())).thenReturn(mockCollection);
build-and-test	Run flutter test --coverage	2025-07-30T14:31:41.6045191Z                                                            ^
build-and-test	Run flutter test --coverage	2025-07-30T14:31:41.6045765Z test/firebase_test_helper.dart:132:52: Error: A value of type 'MockDocumentSnapshot' can't be assigned to a variable of type 'QueryDocumentSnapshot<Object?>'.
build-and-test	Run flutter test --coverage	2025-07-30T14:31:41.6046414Z  - 'MockDocumentSnapshot' is from 'test/firebase_test_helper.dart'.
build-and-test	Run flutter test --coverage	2025-07-30T14:31:41.6047133Z  - 'QueryDocumentSnapshot' is from 'package:cloud_firestore/cloud_firestore.dart' ('../../../.pub-cache/hosted/pub.dev/cloud_firestore-5.6.11/lib/cloud_firestore.dart').
build-and-test	Run flutter test --coverage	2025-07-30T14:31:41.6047740Z  - 'Object' is from 'dart:core'.
build-and-test	Run flutter test --coverage	2025-07-30T14:31:41.6048060Z     when(() => mockQuerySnapshot.docs).thenReturn([mockDocumentSnapshot]);
build-and-test	Run flutter test --coverage	2025-07-30T14:31:41.6048397Z                                                    ^
build-and-test	Run flutter test --coverage	2025-07-30T14:31:42.2010519Z ##[group]❌ loading /home/runner/work/appoint/appoint/test/constants/languages_test.dart (failed)
build-and-test	Run flutter test --coverage	2025-07-30T14:31:42.2012449Z Failed to load "/home/runner/work/appoint/appoint/test/constants/languages_test.dart": Compilation failed for testPath=/home/runner/work/appoint/appoint/test/constants/languages_test.dart
build-and-test	Run flutter test --coverage	2025-07-30T14:31:42.2013267Z 
build-and-test	Run flutter test --coverage	2025-07-30T14:31:42.2013601Z ##[endgroup]
build-and-test	Run flutter test --coverage	2025-07-30T14:31:42.2278802Z ##[group]❌ loading /home/runner/work/appoint/appoint/test/widgets/login_screen_test.dart (failed after test completion)
build-and-test	Run flutter test --coverage	2025-07-30T14:31:42.2279458Z Error: the Dart compiler exited unexpectedly.
build-and-test	Run flutter test --coverage	2025-07-30T14:31:42.2281288Z package:flutter_tools/src/base/common.dart 10:3  throwToolExit
build-and-test	Run flutter test --coverage	2025-07-30T14:31:42.2282184Z package:flutter_tools/src/compile.dart 893:9     DefaultResidentCompiler._compile.<fn>
build-and-test	Run flutter test --coverage	2025-07-30T14:31:42.2282728Z dart:async/zone.dart 1422:47                     _rootRunUnary
build-and-test	Run flutter test --coverage	2025-07-30T14:31:42.2283400Z dart:async/future_impl.dart 902:45               Future._propagateToListeners.handleValueCallback
build-and-test	Run flutter test --coverage	2025-07-30T14:31:42.2283955Z dart:async/future_impl.dart 931:13               Future._propagateToListeners
build-and-test	Run flutter test --coverage	2025-07-30T14:31:42.2284449Z dart:async/future_impl.dart 827:9                Future._propagateToListeners
build-and-test	Run flutter test --coverage	2025-07-30T14:31:42.2284939Z dart:async/future_impl.dart 707:5                Future._completeWithValue
build-and-test	Run flutter test --coverage	2025-07-30T14:31:42.2285442Z dart:async/future_impl.dart 777:7                Future._asyncCompleteWithValue.<fn>
build-and-test	Run flutter test --coverage	2025-07-30T14:31:42.2285881Z dart:async/zone.dart 1414:13                     _rootRun
build-and-test	Run flutter test --coverage	2025-07-30T14:31:42.2286259Z dart:async/zone.dart 1317:19                     _CustomZone.run
build-and-test	Run flutter test --coverage	2025-07-30T14:31:42.2286680Z dart:async/zone.dart 1225:7                      _CustomZone.runGuarded
build-and-test	Run flutter test --coverage	2025-07-30T14:31:42.2287146Z dart:async/zone.dart 1265:23                     _CustomZone.bindCallbackGuarded.<fn>
build-and-test	Run flutter test --coverage	2025-07-30T14:31:42.2287608Z dart:async/schedule_microtask.dart 40:21         _microtaskLoop
build-and-test	Run flutter test --coverage	2025-07-30T14:31:42.2288030Z dart:async/schedule_microtask.dart 49:5          _startMicrotaskLoop
build-and-test	Run flutter test --coverage	2025-07-30T14:31:42.2288506Z dart:isolate-patch/isolate_patch.dart 118:13     _runPendingImmediateCallback
build-and-test	Run flutter test --coverage	2025-07-30T14:31:42.2289022Z dart:isolate-patch/isolate_patch.dart 185:5      _RawReceivePort._handleMessage
build-and-test	Run flutter test --coverage	2025-07-30T14:31:42.2289542Z ##[endgroup]
build-and-test	Run flutter test --coverage	2025-07-30T14:31:43.5210582Z test/firebase_test_helper.dart:11:48: Error: Type 'FirebaseAuth' not found.
build-and-test	Run flutter test --coverage	2025-07-30T14:31:43.5211439Z class MockFirebaseAuth extends Mock implements FirebaseAuth {}
build-and-test	Run flutter test --coverage	2025-07-30T14:31:43.5212176Z                                                ^^^^^^^^^^^^
build-and-test	Run flutter test --coverage	2025-07-30T14:31:43.5212734Z test/firebase_test_helper.dart:13:40: Error: Type 'User' not found.
build-and-test	Run flutter test --coverage	2025-07-30T14:31:43.5213292Z class MockUser extends Mock implements User {}
build-and-test	Run flutter test --coverage	2025-07-30T14:31:43.5213719Z                                        ^^^^
build-and-test	Run flutter test --coverage	2025-07-30T14:31:43.5214299Z test/firebase_test_helper.dart:15:50: Error: Type 'UserCredential' not found.
build-and-test	Run flutter test --coverage	2025-07-30T14:31:43.5215464Z class MockUserCredential extends Mock implements UserCredential {}
build-and-test	Run flutter test --coverage	2025-07-30T14:31:43.5216013Z                                                  ^^^^^^^^^^^^^^
build-and-test	Run flutter test --coverage	2025-07-30T14:31:43.6608084Z test/firebase_test_helper.dart:78:25: Error: The getter 'uid' isn't defined for the class 'MockUser'.
build-and-test	Run flutter test --coverage	2025-07-30T14:31:43.6609547Z  - 'MockUser' is from 'test/firebase_test_helper.dart'.
build-and-test	Run flutter test --coverage	2025-07-30T14:31:43.6610368Z Try correcting the name to the name of an existing getter, or defining a getter or field named 'uid'.
build-and-test	Run flutter test --coverage	2025-07-30T14:31:43.6611213Z     when(() => mockUser.uid).thenReturn('test-user-id');
build-and-test	Run flutter test --coverage	2025-07-30T14:31:43.6614078Z                         ^^^
build-and-test	Run flutter test --coverage	2025-07-30T14:31:43.6614828Z test/firebase_test_helper.dart:79:25: Error: The getter 'email' isn't defined for the class 'MockUser'.
build-and-test	Run flutter test --coverage	2025-07-30T14:31:43.6615693Z  - 'MockUser' is from 'test/firebase_test_helper.dart'.
build-and-test	Run flutter test --coverage	2025-07-30T14:31:43.6616535Z Try correcting the name to the name of an existing getter, or defining a getter or field named 'email'.
build-and-test	Run flutter test --coverage	2025-07-30T14:31:43.6617422Z     when(() => mockUser.email).thenReturn('test@example.com');
build-and-test	Run flutter test --coverage	2025-07-30T14:31:43.6617947Z                         ^^^^^
build-and-test	Run flutter test --coverage	2025-07-30T14:31:43.6618701Z test/firebase_test_helper.dart:80:25: Error: The getter 'displayName' isn't defined for the class 'MockUser'.
build-and-test	Run flutter test --coverage	2025-07-30T14:31:43.6619615Z  - 'MockUser' is from 'test/firebase_test_helper.dart'.
build-and-test	Run flutter test --coverage	2025-07-30T14:31:43.6620468Z Try correcting the name to the name of an existing getter, or defining a getter or field named 'displayName'.
build-and-test	Run flutter test --coverage	2025-07-30T14:31:43.6621383Z     when(() => mockUser.displayName).thenReturn('Test User');
build-and-test	Run flutter test --coverage	2025-07-30T14:31:43.6622098Z                         ^^^^^^^^^^^
build-and-test	Run flutter test --coverage	2025-07-30T14:31:43.6622883Z test/firebase_test_helper.dart:81:25: Error: The getter 'photoURL' isn't defined for the class 'MockUser'.
build-and-test	Run flutter test --coverage	2025-07-30T14:31:43.6623800Z  - 'MockUser' is from 'test/firebase_test_helper.dart'.
build-and-test	Run flutter test --coverage	2025-07-30T14:31:43.6624664Z Try correcting the name to the name of an existing getter, or defining a getter or field named 'photoURL'.
build-and-test	Run flutter test --coverage	2025-07-30T14:31:43.6625694Z     when(() => mockUser.photoURL).thenReturn('https://example.com/photo.jpg');
build-and-test	Run flutter test --coverage	2025-07-30T14:31:43.6626297Z                         ^^^^^^^^
build-and-test	Run flutter test --coverage	2025-07-30T14:31:43.6627036Z test/firebase_test_helper.dart:82:25: Error: The getter 'isAnonymous' isn't defined for the class 'MockUser'.
build-and-test	Run flutter test --coverage	2025-07-30T14:31:43.6627933Z  - 'MockUser' is from 'test/firebase_test_helper.dart'.
build-and-test	Run flutter test --coverage	2025-07-30T14:31:43.6628798Z Try correcting the name to the name of an existing getter, or defining a getter or field named 'isAnonymous'.
build-and-test	Run flutter test --coverage	2025-07-30T14:31:43.6629675Z     when(() => mockUser.isAnonymous).thenReturn(false);
build-and-test	Run flutter test --coverage	2025-07-30T14:31:43.6630145Z                         ^^^^^^^^^^^
build-and-test	Run flutter test --coverage	2025-07-30T14:31:43.6630918Z test/firebase_test_helper.dart:83:25: Error: The getter 'emailVerified' isn't defined for the class 'MockUser'.
build-and-test	Run flutter test --coverage	2025-07-30T14:31:43.6631904Z  - 'MockUser' is from 'test/firebase_test_helper.dart'.
build-and-test	Run flutter test --coverage	2025-07-30T14:31:43.6632742Z Try correcting the name to the name of an existing getter, or defining a getter or field named 'emailVerified'.
build-and-test	Run flutter test --coverage	2025-07-30T14:31:43.6633626Z     when(() => mockUser.emailVerified).thenReturn(true);
build-and-test	Run flutter test --coverage	2025-07-30T14:31:43.6634117Z                         ^^^^^^^^^^^^^
build-and-test	Run flutter test --coverage	2025-07-30T14:31:43.6634891Z test/firebase_test_helper.dart:86:35: Error: The getter 'user' isn't defined for the class 'MockUserCredential'.
build-and-test	Run flutter test --coverage	2025-07-30T14:31:43.6635851Z  - 'MockUserCredential' is from 'test/firebase_test_helper.dart'.
build-and-test	Run flutter test --coverage	2025-07-30T14:31:43.6636694Z Try correcting the name to the name of an existing getter, or defining a getter or field named 'user'.
build-and-test	Run flutter test --coverage	2025-07-30T14:31:43.6637507Z     when(() => mockUserCredential.user).thenReturn(mockUser);
build-and-test	Run flutter test --coverage	2025-07-30T14:31:43.6638026Z                                   ^^^^
build-and-test	Run flutter test --coverage	2025-07-30T14:31:43.6638841Z test/firebase_test_helper.dart:89:25: Error: The getter 'currentUser' isn't defined for the class 'MockFirebaseAuth'.
build-and-test	Run flutter test --coverage	2025-07-30T14:31:43.6639857Z  - 'MockFirebaseAuth' is from 'test/firebase_test_helper.dart'.
build-and-test	Run flutter test --coverage	2025-07-30T14:31:43.6640799Z Try correcting the name to the name of an existing getter, or defining a getter or field named 'currentUser'.
build-and-test	Run flutter test --coverage	2025-07-30T14:31:43.6642221Z     when(() => mockAuth.currentUser).thenReturn(mockUser);
build-and-test	Run flutter test --coverage	2025-07-30T14:31:43.6642755Z                         ^^^^^^^^^^^
build-and-test	Run flutter test --coverage	2025-07-30T14:31:43.6643611Z test/firebase_test_helper.dart:90:25: Error: The method 'authStateChanges' isn't defined for the class 'MockFirebaseAuth'.
build-and-test	Run flutter test --coverage	2025-07-30T14:31:43.6644888Z  - 'MockFirebaseAuth' is from 'test/firebase_test_helper.dart'.
build-and-test	Run flutter test --coverage	2025-07-30T14:31:43.6645799Z Try correcting the name to the name of an existing method, or defining a method named 'authStateChanges'.
build-and-test	Run flutter test --coverage	2025-07-30T14:31:43.6646611Z     when(() => mockAuth.authStateChanges())
build-and-test	Run flutter test --coverage	2025-07-30T14:31:43.6647072Z                         ^^^^^^^^^^^^^^^^
build-and-test	Run flutter test --coverage	2025-07-30T14:31:43.6647900Z test/firebase_test_helper.dart:92:25: Error: The method 'userChanges' isn't defined for the class 'MockFirebaseAuth'.
build-and-test	Run flutter test --coverage	2025-07-30T14:31:43.6648924Z  - 'MockFirebaseAuth' is from 'test/firebase_test_helper.dart'.
build-and-test	Run flutter test --coverage	2025-07-30T14:31:43.6649815Z Try correcting the name to the name of an existing method, or defining a method named 'userChanges'.
build-and-test	Run flutter test --coverage	2025-07-30T14:31:43.6650613Z     when(() => mockAuth.userChanges())
build-and-test	Run flutter test --coverage	2025-07-30T14:31:43.6651036Z                         ^^^^^^^^^^^
build-and-test	Run flutter test --coverage	2025-07-30T14:31:43.6652108Z test/firebase_test_helper.dart:94:25: Error: The method 'signInWithEmailAndPassword' isn't defined for the class 'MockFirebaseAuth'.
build-and-test	Run flutter test --coverage	2025-07-30T14:31:43.6653230Z  - 'MockFirebaseAuth' is from 'test/firebase_test_helper.dart'.
build-and-test	Run flutter test --coverage	2025-07-30T14:31:43.6654192Z Try correcting the name to the name of an existing method, or defining a method named 'signInWithEmailAndPassword'.
build-and-test	Run flutter test --coverage	2025-07-30T14:31:43.6655172Z     when(() => mockAuth.signInWithEmailAndPassword(any(), any()))
build-and-test	Run flutter test --coverage	2025-07-30T14:31:43.6655706Z                         ^^^^^^^^^^^^^^^^^^^^^^^^^^
build-and-test	Run flutter test --coverage	2025-07-30T14:31:43.6656654Z test/firebase_test_helper.dart:96:25: Error: The method 'createUserWithEmailAndPassword' isn't defined for the class 'MockFirebaseAuth'.
build-and-test	Run flutter test --coverage	2025-07-30T14:31:43.6657768Z  - 'MockFirebaseAuth' is from 'test/firebase_test_helper.dart'.
build-and-test	Run flutter test --coverage	2025-07-30T14:31:43.6658778Z Try correcting the name to the name of an existing method, or defining a method named 'createUserWithEmailAndPassword'.
build-and-test	Run flutter test --coverage	2025-07-30T14:31:43.6659829Z     when(() => mockAuth.createUserWithEmailAndPassword(any(), any()))
build-and-test	Run flutter test --coverage	2025-07-30T14:31:43.6660446Z                         ^^^^^^^^^^^^^^^^^^^^^^^^^^^^^^
build-and-test	Run flutter test --coverage	2025-07-30T14:31:43.6661278Z test/firebase_test_helper.dart:98:25: Error: The method 'signOut' isn't defined for the class 'MockFirebaseAuth'.
build-and-test	Run flutter test --coverage	2025-07-30T14:31:43.6662446Z  - 'MockFirebaseAuth' is from 'test/firebase_test_helper.dart'.
build-and-test	Run flutter test --coverage	2025-07-30T14:31:43.6663294Z Try correcting the name to the name of an existing method, or defining a method named 'signOut'.
build-and-test	Run flutter test --coverage	2025-07-30T14:31:43.6664114Z     when(() => mockAuth.signOut()).thenAnswer((_) async {});
build-and-test	Run flutter test --coverage	2025-07-30T14:31:43.6664617Z                         ^^^^^^^
build-and-test	Run flutter test --coverage	2025-07-30T14:31:43.6665790Z test/firebase_test_helper.dart:108:60: Error: The argument type 'MockCollectionReference' can't be assigned to the parameter type 'CollectionReference<Map<String, dynamic>>'.
build-and-test	Run flutter test --coverage	2025-07-30T14:31:43.6667236Z  - 'MockCollectionReference' is from 'test/firebase_test_helper.dart'.
build-and-test	Run flutter test --coverage	2025-07-30T14:31:43.6668627Z  - 'CollectionReference' is from 'package:cloud_firestore/cloud_firestore.dart' ('../../../.pub-cache/hosted/pub.dev/cloud_firestore-5.6.11/lib/cloud_firestore.dart').
build-and-test	Run flutter test --coverage	2025-07-30T14:31:43.6669835Z  - 'Map' is from 'dart:core'.
build-and-test	Run flutter test --coverage	2025-07-30T14:31:43.6670425Z     when(() => mockFirestore.collection(any())).thenReturn(mockCollection);
build-and-test	Run flutter test --coverage	2025-07-30T14:31:43.6671073Z                                                            ^
build-and-test	Run flutter test --coverage	2025-07-30T14:31:43.6672390Z test/firebase_test_helper.dart:132:52: Error: A value of type 'MockDocumentSnapshot' can't be assigned to a variable of type 'QueryDocumentSnapshot<Object?>'.
build-and-test	Run flutter test --coverage	2025-07-30T14:31:43.6673691Z  - 'MockDocumentSnapshot' is from 'test/firebase_test_helper.dart'.
build-and-test	Run flutter test --coverage	2025-07-30T14:31:43.6675032Z  - 'QueryDocumentSnapshot' is from 'package:cloud_firestore/cloud_firestore.dart' ('../../../.pub-cache/hosted/pub.dev/cloud_firestore-5.6.11/lib/cloud_firestore.dart').
build-and-test	Run flutter test --coverage	2025-07-30T14:31:43.6676563Z  - 'Object' is from 'dart:core'.
build-and-test	Run flutter test --coverage	2025-07-30T14:31:43.6677130Z     when(() => mockQuerySnapshot.docs).thenReturn([mockDocumentSnapshot]);
build-and-test	Run flutter test --coverage	2025-07-30T14:31:43.6677736Z                                                    ^
build-and-test	Run flutter test --coverage	2025-07-30T14:31:44.2583727Z ##[group]❌ loading /home/runner/work/appoint/appoint/test/constants/countries_test.dart (failed)
build-and-test	Run flutter test --coverage	2025-07-30T14:31:44.2586001Z Failed to load "/home/runner/work/appoint/appoint/test/constants/countries_test.dart": Compilation failed for testPath=/home/runner/work/appoint/appoint/test/constants/countries_test.dart
build-and-test	Run flutter test --coverage	2025-07-30T14:31:44.2588185Z 
build-and-test	Run flutter test --coverage	2025-07-30T14:31:44.2588628Z ##[endgroup]
build-and-test	Run flutter test --coverage	2025-07-30T14:31:44.2875040Z ##[group]❌ loading /home/runner/work/appoint/appoint/test/widgets/login_screen_test.dart (failed after test completion)
build-and-test	Run flutter test --coverage	2025-07-30T14:31:44.2876066Z Error: the Dart compiler exited unexpectedly.
build-and-test	Run flutter test --coverage	2025-07-30T14:31:44.2877836Z package:flutter_tools/src/base/common.dart 10:3  throwToolExit
build-and-test	Run flutter test --coverage	2025-07-30T14:31:44.2878624Z package:flutter_tools/src/compile.dart 893:9     DefaultResidentCompiler._compile.<fn>
build-and-test	Run flutter test --coverage	2025-07-30T14:31:44.2879354Z dart:async/zone.dart 1422:47                     _rootRunUnary
build-and-test	Run flutter test --coverage	2025-07-30T14:31:44.2880088Z dart:async/future_impl.dart 902:45               Future._propagateToListeners.handleValueCallback
build-and-test	Run flutter test --coverage	2025-07-30T14:31:44.2880920Z dart:async/future_impl.dart 931:13               Future._propagateToListeners
build-and-test	Run flutter test --coverage	2025-07-30T14:31:44.2882015Z dart:async/future_impl.dart 827:9                Future._propagateToListeners
build-and-test	Run flutter test --coverage	2025-07-30T14:31:44.2882743Z dart:async/future_impl.dart 707:5                Future._completeWithValue
build-and-test	Run flutter test --coverage	2025-07-30T14:31:44.2883497Z dart:async/future_impl.dart 777:7                Future._asyncCompleteWithValue.<fn>
build-and-test	Run flutter test --coverage	2025-07-30T14:31:44.2884192Z dart:async/zone.dart 1414:13                     _rootRun
build-and-test	Run flutter test --coverage	2025-07-30T14:31:44.2884779Z dart:async/zone.dart 1317:19                     _CustomZone.run
build-and-test	Run flutter test --coverage	2025-07-30T14:31:44.2885437Z dart:async/zone.dart 1225:7                      _CustomZone.runGuarded
build-and-test	Run flutter test --coverage	2025-07-30T14:31:44.2886172Z dart:async/zone.dart 1265:23                     _CustomZone.bindCallbackGuarded.<fn>
build-and-test	Run flutter test --coverage	2025-07-30T14:31:44.2886890Z dart:async/schedule_microtask.dart 40:21         _microtaskLoop
build-and-test	Run flutter test --coverage	2025-07-30T14:31:44.2887586Z dart:async/schedule_microtask.dart 49:5          _startMicrotaskLoop
build-and-test	Run flutter test --coverage	2025-07-30T14:31:44.2888347Z dart:isolate-patch/isolate_patch.dart 118:13     _runPendingImmediateCallback
build-and-test	Run flutter test --coverage	2025-07-30T14:31:44.2889268Z dart:isolate-patch/isolate_patch.dart 185:5      _RawReceivePort._handleMessage
build-and-test	Run flutter test --coverage	2025-07-30T14:31:44.2890137Z ##[endgroup]
build-and-test	Run flutter test --coverage	2025-07-30T14:31:45.5680898Z test/firebase_test_helper.dart:11:48: Error: Type 'FirebaseAuth' not found.
build-and-test	Run flutter test --coverage	2025-07-30T14:31:45.5683153Z class MockFirebaseAuth extends Mock implements FirebaseAuth {}
build-and-test	Run flutter test --coverage	2025-07-30T14:31:45.5683739Z                                                ^^^^^^^^^^^^
build-and-test	Run flutter test --coverage	2025-07-30T14:31:45.5684308Z test/firebase_test_helper.dart:13:40: Error: Type 'User' not found.
build-and-test	Run flutter test --coverage	2025-07-30T14:31:45.5684828Z class MockUser extends Mock implements User {}
build-and-test	Run flutter test --coverage	2025-07-30T14:31:45.5685125Z                                        ^^^^
build-and-test	Run flutter test --coverage	2025-07-30T14:31:45.5685476Z test/firebase_test_helper.dart:15:50: Error: Type 'UserCredential' not found.
build-and-test	Run flutter test --coverage	2025-07-30T14:31:45.5685943Z class MockUserCredential extends Mock implements UserCredential {}
build-and-test	Run flutter test --coverage	2025-07-30T14:31:45.5686285Z                                                  ^^^^^^^^^^^^^^
build-and-test	Run flutter test --coverage	2025-07-30T14:31:45.7173860Z test/firebase_test_helper.dart:78:25: Error: The getter 'uid' isn't defined for the class 'MockUser'.
build-and-test	Run flutter test --coverage	2025-07-30T14:31:45.7174827Z  - 'MockUser' is from 'test/firebase_test_helper.dart'.
build-and-test	Run flutter test --coverage	2025-07-30T14:31:45.7175661Z Try correcting the name to the name of an existing getter, or defining a getter or field named 'uid'.
build-and-test	Run flutter test --coverage	2025-07-30T14:31:45.7176478Z     when(() => mockUser.uid).thenReturn('test-user-id');
build-and-test	Run flutter test --coverage	2025-07-30T14:31:45.7177564Z                         ^^^
build-and-test	Run flutter test --coverage	2025-07-30T14:31:45.7178294Z test/firebase_test_helper.dart:79:25: Error: The getter 'email' isn't defined for the class 'MockUser'.
build-and-test	Run flutter test --coverage	2025-07-30T14:31:45.7179651Z  - 'MockUser' is from 'test/firebase_test_helper.dart'.
build-and-test	Run flutter test --coverage	2025-07-30T14:31:45.7180477Z Try correcting the name to the name of an existing getter, or defining a getter or field named 'email'.
build-and-test	Run flutter test --coverage	2025-07-30T14:31:45.7181356Z     when(() => mockUser.email).thenReturn('test@example.com');
build-and-test	Run flutter test --coverage	2025-07-30T14:31:45.7182382Z                         ^^^^^
build-and-test	Run flutter test --coverage	2025-07-30T14:31:45.7183156Z test/firebase_test_helper.dart:80:25: Error: The getter 'displayName' isn't defined for the class 'MockUser'.
build-and-test	Run flutter test --coverage	2025-07-30T14:31:45.7184050Z  - 'MockUser' is from 'test/firebase_test_helper.dart'.
build-and-test	Run flutter test --coverage	2025-07-30T14:31:45.7184936Z Try correcting the name to the name of an existing getter, or defining a getter or field named 'displayName'.
build-and-test	Run flutter test --coverage	2025-07-30T14:31:45.7185848Z     when(() => mockUser.displayName).thenReturn('Test User');
build-and-test	Run flutter test --coverage	2025-07-30T14:31:45.7186376Z                         ^^^^^^^^^^^
build-and-test	Run flutter test --coverage	2025-07-30T14:31:45.7187131Z test/firebase_test_helper.dart:81:25: Error: The getter 'photoURL' isn't defined for the class 'MockUser'.
build-and-test	Run flutter test --coverage	2025-07-30T14:31:45.7188015Z  - 'MockUser' is from 'test/firebase_test_helper.dart'.
build-and-test	Run flutter test --coverage	2025-07-30T14:31:45.7188911Z Try correcting the name to the name of an existing getter, or defining a getter or field named 'photoURL'.
build-and-test	Run flutter test --coverage	2025-07-30T14:31:45.7189923Z     when(() => mockUser.photoURL).thenReturn('https://example.com/photo.jpg');
build-and-test	Run flutter test --coverage	2025-07-30T14:31:45.7190580Z                         ^^^^^^^^
build-and-test	Run flutter test --coverage	2025-07-30T14:31:45.7191359Z test/firebase_test_helper.dart:82:25: Error: The getter 'isAnonymous' isn't defined for the class 'MockUser'.
build-and-test	Run flutter test --coverage	2025-07-30T14:31:45.7192467Z  - 'MockUser' is from 'test/firebase_test_helper.dart'.
build-and-test	Run flutter test --coverage	2025-07-30T14:31:45.7193336Z Try correcting the name to the name of an existing getter, or defining a getter or field named 'isAnonymous'.
build-and-test	Run flutter test --coverage	2025-07-30T14:31:45.7194177Z     when(() => mockUser.isAnonymous).thenReturn(false);
build-and-test	Run flutter test --coverage	2025-07-30T14:31:45.7194651Z                         ^^^^^^^^^^^
build-and-test	Run flutter test --coverage	2025-07-30T14:31:45.7195423Z test/firebase_test_helper.dart:83:25: Error: The getter 'emailVerified' isn't defined for the class 'MockUser'.
build-and-test	Run flutter test --coverage	2025-07-30T14:31:45.7196344Z  - 'MockUser' is from 'test/firebase_test_helper.dart'.
build-and-test	Run flutter test --coverage	2025-07-30T14:31:45.7197258Z Try correcting the name to the name of an existing getter, or defining a getter or field named 'emailVerified'.
build-and-test	Run flutter test --coverage	2025-07-30T14:31:45.7198144Z     when(() => mockUser.emailVerified).thenReturn(true);
build-and-test	Run flutter test --coverage	2025-07-30T14:31:45.7198602Z                         ^^^^^^^^^^^^^
build-and-test	Run flutter test --coverage	2025-07-30T14:31:45.7199364Z test/firebase_test_helper.dart:86:35: Error: The getter 'user' isn't defined for the class 'MockUserCredential'.
build-and-test	Run flutter test --coverage	2025-07-30T14:31:45.7200254Z  - 'MockUserCredential' is from 'test/firebase_test_helper.dart'.
build-and-test	Run flutter test --coverage	2025-07-30T14:31:45.7201112Z Try correcting the name to the name of an existing getter, or defining a getter or field named 'user'.
build-and-test	Run flutter test --coverage	2025-07-30T14:31:45.7202125Z     when(() => mockUserCredential.user).thenReturn(mockUser);
build-and-test	Run flutter test --coverage	2025-07-30T14:31:45.7202622Z                                   ^^^^
build-and-test	Run flutter test --coverage	2025-07-30T14:31:45.7203353Z test/firebase_test_helper.dart:89:25: Error: The getter 'currentUser' isn't defined for the class 'MockFirebaseAuth'.
build-and-test	Run flutter test --coverage	2025-07-30T14:31:45.7204305Z  - 'MockFirebaseAuth' is from 'test/firebase_test_helper.dart'.
build-and-test	Run flutter test --coverage	2025-07-30T14:31:45.7205237Z Try correcting the name to the name of an existing getter, or defining a getter or field named 'currentUser'.
build-and-test	Run flutter test --coverage	2025-07-30T14:31:45.7206108Z     when(() => mockAuth.currentUser).thenReturn(mockUser);
build-and-test	Run flutter test --coverage	2025-07-30T14:31:45.7206607Z                         ^^^^^^^^^^^
build-and-test	Run flutter test --coverage	2025-07-30T14:31:45.7207454Z test/firebase_test_helper.dart:90:25: Error: The method 'authStateChanges' isn't defined for the class 'MockFirebaseAuth'.
build-and-test	Run flutter test --coverage	2025-07-30T14:31:45.7208429Z  - 'MockFirebaseAuth' is from 'test/firebase_test_helper.dart'.
build-and-test	Run flutter test --coverage	2025-07-30T14:31:45.7209311Z Try correcting the name to the name of an existing method, or defining a method named 'authStateChanges'.
build-and-test	Run flutter test --coverage	2025-07-30T14:31:45.7210115Z     when(() => mockAuth.authStateChanges())
build-and-test	Run flutter test --coverage	2025-07-30T14:31:45.7210573Z                         ^^^^^^^^^^^^^^^^
build-and-test	Run flutter test --coverage	2025-07-30T14:31:45.7211408Z test/firebase_test_helper.dart:92:25: Error: The method 'userChanges' isn't defined for the class 'MockFirebaseAuth'.
build-and-test	Run flutter test --coverage	2025-07-30T14:31:45.7213031Z  - 'MockFirebaseAuth' is from 'test/firebase_test_helper.dart'.
build-and-test	Run flutter test --coverage	2025-07-30T14:31:45.7213923Z Try correcting the name to the name of an existing method, or defining a method named 'userChanges'.
build-and-test	Run flutter test --coverage	2025-07-30T14:31:45.7214962Z     when(() => mockAuth.userChanges())
build-and-test	Run flutter test --coverage	2025-07-30T14:31:45.7215405Z                         ^^^^^^^^^^^
build-and-test	Run flutter test --coverage	2025-07-30T14:31:45.7216325Z test/firebase_test_helper.dart:94:25: Error: The method 'signInWithEmailAndPassword' isn't defined for the class 'MockFirebaseAuth'.
build-and-test	Run flutter test --coverage	2025-07-30T14:31:45.7217438Z  - 'MockFirebaseAuth' is from 'test/firebase_test_helper.dart'.
build-and-test	Run flutter test --coverage	2025-07-30T14:31:45.7218411Z Try correcting the name to the name of an existing method, or defining a method named 'signInWithEmailAndPassword'.
build-and-test	Run flutter test --coverage	2025-07-30T14:31:45.7219394Z     when(() => mockAuth.signInWithEmailAndPassword(any(), any()))
build-and-test	Run flutter test --coverage	2025-07-30T14:31:45.7219969Z                         ^^^^^^^^^^^^^^^^^^^^^^^^^^
build-and-test	Run flutter test --coverage	2025-07-30T14:31:45.7221025Z test/firebase_test_helper.dart:96:25: Error: The method 'createUserWithEmailAndPassword' isn't defined for the class 'MockFirebaseAuth'.
build-and-test	Run flutter test --coverage	2025-07-30T14:31:45.7222433Z  - 'MockFirebaseAuth' is from 'test/firebase_test_helper.dart'.
build-and-test	Run flutter test --coverage	2025-07-30T14:31:45.7223416Z Try correcting the name to the name of an existing method, or defining a method named 'createUserWithEmailAndPassword'.
build-and-test	Run flutter test --coverage	2025-07-30T14:31:45.7224435Z     when(() => mockAuth.createUserWithEmailAndPassword(any(), any()))
build-and-test	Run flutter test --coverage	2025-07-30T14:31:45.7225046Z                         ^^^^^^^^^^^^^^^^^^^^^^^^^^^^^^
build-and-test	Run flutter test --coverage	2025-07-30T14:31:45.7225861Z test/firebase_test_helper.dart:98:25: Error: The method 'signOut' isn't defined for the class 'MockFirebaseAuth'.
build-and-test	Run flutter test --coverage	2025-07-30T14:31:45.7226755Z  - 'MockFirebaseAuth' is from 'test/firebase_test_helper.dart'.
build-and-test	Run flutter test --coverage	2025-07-30T14:31:45.7227485Z Try correcting the name to the name of an existing method, or defining a method named 'signOut'.
build-and-test	Run flutter test --coverage	2025-07-30T14:31:45.7228140Z     when(() => mockAuth.signOut()).thenAnswer((_) async {});
build-and-test	Run flutter test --coverage	2025-07-30T14:31:45.7228556Z                         ^^^^^^^
build-and-test	Run flutter test --coverage	2025-07-30T14:31:45.7229542Z test/firebase_test_helper.dart:108:60: Error: The argument type 'MockCollectionReference' can't be assigned to the parameter type 'CollectionReference<Map<String, dynamic>>'.
build-and-test	Run flutter test --coverage	2025-07-30T14:31:45.7230685Z  - 'MockCollectionReference' is from 'test/firebase_test_helper.dart'.
build-and-test	Run flutter test --coverage	2025-07-30T14:31:45.7231977Z  - 'CollectionReference' is from 'package:cloud_firestore/cloud_firestore.dart' ('../../../.pub-cache/hosted/pub.dev/cloud_firestore-5.6.11/lib/cloud_firestore.dart').
build-and-test	Run flutter test --coverage	2025-07-30T14:31:45.7232930Z  - 'Map' is from 'dart:core'.
build-and-test	Run flutter test --coverage	2025-07-30T14:31:45.7233395Z     when(() => mockFirestore.collection(any())).thenReturn(mockCollection);
build-and-test	Run flutter test --coverage	2025-07-30T14:31:45.7233908Z                                                            ^
build-and-test	Run flutter test --coverage	2025-07-30T14:31:45.7234818Z test/firebase_test_helper.dart:132:52: Error: A value of type 'MockDocumentSnapshot' can't be assigned to a variable of type 'QueryDocumentSnapshot<Object?>'.
build-and-test	Run flutter test --coverage	2025-07-30T14:31:45.7235873Z  - 'MockDocumentSnapshot' is from 'test/firebase_test_helper.dart'.
build-and-test	Run flutter test --coverage	2025-07-30T14:31:45.7236975Z  - 'QueryDocumentSnapshot' is from 'package:cloud_firestore/cloud_firestore.dart' ('../../../.pub-cache/hosted/pub.dev/cloud_firestore-5.6.11/lib/cloud_firestore.dart').
build-and-test	Run flutter test --coverage	2025-07-30T14:31:45.7237910Z  - 'Object' is from 'dart:core'.
build-and-test	Run flutter test --coverage	2025-07-30T14:31:45.7238368Z     when(() => mockQuerySnapshot.docs).thenReturn([mockDocumentSnapshot]);
build-and-test	Run flutter test --coverage	2025-07-30T14:31:45.7238858Z                                                    ^
build-and-test	Run flutter test --coverage	2025-07-30T14:31:46.3215720Z ##[group]❌ loading /home/runner/work/appoint/appoint/test/components/common/app_scaffold_test.dart (failed)
build-and-test	Run flutter test --coverage	2025-07-30T14:31:46.3218075Z Failed to load "/home/runner/work/appoint/appoint/test/components/common/app_scaffold_test.dart": Compilation failed for testPath=/home/runner/work/appoint/appoint/test/components/common/app_scaffold_test.dart
build-and-test	Run flutter test --coverage	2025-07-30T14:31:46.3219722Z 
build-and-test	Run flutter test --coverage	2025-07-30T14:31:46.3220223Z ##[endgroup]
build-and-test	Run flutter test --coverage	2025-07-30T14:31:46.3480002Z ##[group]❌ loading /home/runner/work/appoint/appoint/test/widgets/login_screen_test.dart (failed after test completion)
build-and-test	Run flutter test --coverage	2025-07-30T14:31:46.3480907Z Error: the Dart compiler exited unexpectedly.
build-and-test	Run flutter test --coverage	2025-07-30T14:31:46.3482251Z package:flutter_tools/src/base/common.dart 10:3  throwToolExit
build-and-test	Run flutter test --coverage	2025-07-30T14:31:46.3483156Z package:flutter_tools/src/compile.dart 893:9     DefaultResidentCompiler._compile.<fn>
build-and-test	Run flutter test --coverage	2025-07-30T14:31:46.3483621Z dart:async/zone.dart 1422:47                     _rootRunUnary
build-and-test	Run flutter test --coverage	2025-07-30T14:31:46.3484059Z dart:async/future_impl.dart 902:45               Future._propagateToListeners.handleValueCallback
build-and-test	Run flutter test --coverage	2025-07-30T14:31:46.3484551Z dart:async/future_impl.dart 931:13               Future._propagateToListeners
build-and-test	Run flutter test --coverage	2025-07-30T14:31:46.3484984Z dart:async/future_impl.dart 827:9                Future._propagateToListeners
build-and-test	Run flutter test --coverage	2025-07-30T14:31:46.3485409Z dart:async/future_impl.dart 707:5                Future._completeWithValue
build-and-test	Run flutter test --coverage	2025-07-30T14:31:46.3485850Z dart:async/future_impl.dart 777:7                Future._asyncCompleteWithValue.<fn>
build-and-test	Run flutter test --coverage	2025-07-30T14:31:46.3486245Z dart:async/zone.dart 1414:13                     _rootRun
build-and-test	Run flutter test --coverage	2025-07-30T14:31:46.3486580Z dart:async/zone.dart 1317:19                     _CustomZone.run
build-and-test	Run flutter test --coverage	2025-07-30T14:31:46.3486948Z dart:async/zone.dart 1225:7                      _CustomZone.runGuarded
build-and-test	Run flutter test --coverage	2025-07-30T14:31:46.3487361Z dart:async/zone.dart 1265:23                     _CustomZone.bindCallbackGuarded.<fn>
build-and-test	Run flutter test --coverage	2025-07-30T14:31:46.3487765Z dart:async/schedule_microtask.dart 40:21         _microtaskLoop
build-and-test	Run flutter test --coverage	2025-07-30T14:31:46.3488156Z dart:async/schedule_microtask.dart 49:5          _startMicrotaskLoop
build-and-test	Run flutter test --coverage	2025-07-30T14:31:46.3488601Z dart:isolate-patch/isolate_patch.dart 118:13     _runPendingImmediateCallback
build-and-test	Run flutter test --coverage	2025-07-30T14:31:46.3489079Z dart:isolate-patch/isolate_patch.dart 185:5      _RawReceivePort._handleMessage
build-and-test	Run flutter test --coverage	2025-07-30T14:31:46.3489573Z ##[endgroup]
build-and-test	Run flutter test --coverage	2025-07-30T14:31:47.6394968Z test/firebase_test_helper.dart:11:48: Error: Type 'FirebaseAuth' not found.
build-and-test	Run flutter test --coverage	2025-07-30T14:31:47.6396250Z class MockFirebaseAuth extends Mock implements FirebaseAuth {}
build-and-test	Run flutter test --coverage	2025-07-30T14:31:47.6397876Z                                                ^^^^^^^^^^^^
build-and-test	Run flutter test --coverage	2025-07-30T14:31:47.6398476Z test/firebase_test_helper.dart:13:40: Error: Type 'User' not found.
build-and-test	Run flutter test --coverage	2025-07-30T14:31:47.6399114Z class MockUser extends Mock implements User {}
build-and-test	Run flutter test --coverage	2025-07-30T14:31:47.6399582Z                                        ^^^^
build-and-test	Run flutter test --coverage	2025-07-30T14:31:47.6400183Z test/firebase_test_helper.dart:15:50: Error: Type 'UserCredential' not found.
build-and-test	Run flutter test --coverage	2025-07-30T14:31:47.6400956Z class MockUserCredential extends Mock implements UserCredential {}
build-and-test	Run flutter test --coverage	2025-07-30T14:31:47.6401784Z                                                  ^^^^^^^^^^^^^^
build-and-test	Run flutter test --coverage	2025-07-30T14:31:47.7828697Z test/firebase_test_helper.dart:78:25: Error: The getter 'uid' isn't defined for the class 'MockUser'.
build-and-test	Run flutter test --coverage	2025-07-30T14:31:47.7831846Z  - 'MockUser' is from 'test/firebase_test_helper.dart'.
build-and-test	Run flutter test --coverage	2025-07-30T14:31:47.7832728Z Try correcting the name to the name of an existing getter, or defining a getter or field named 'uid'.
build-and-test	Run flutter test --coverage	2025-07-30T14:31:47.7833642Z     when(() => mockUser.uid).thenReturn('test-user-id');
build-and-test	Run flutter test --coverage	2025-07-30T14:31:47.7834149Z                         ^^^
build-and-test	Run flutter test --coverage	2025-07-30T14:31:47.7834879Z test/firebase_test_helper.dart:79:25: Error: The getter 'email' isn't defined for the class 'MockUser'.
build-and-test	Run flutter test --coverage	2025-07-30T14:31:47.7835778Z  - 'MockUser' is from 'test/firebase_test_helper.dart'.
build-and-test	Run flutter test --coverage	2025-07-30T14:31:47.7836658Z Try correcting the name to the name of an existing getter, or defining a getter or field named 'email'.
build-and-test	Run flutter test --coverage	2025-07-30T14:31:47.7837561Z     when(() => mockUser.email).thenReturn('test@example.com');
build-and-test	Run flutter test --coverage	2025-07-30T14:31:47.7838114Z                         ^^^^^
build-and-test	Run flutter test --coverage	2025-07-30T14:31:47.7838898Z test/firebase_test_helper.dart:80:25: Error: The getter 'displayName' isn't defined for the class 'MockUser'.
build-and-test	Run flutter test --coverage	2025-07-30T14:31:47.7839817Z  - 'MockUser' is from 'test/firebase_test_helper.dart'.
build-and-test	Run flutter test --coverage	2025-07-30T14:31:47.7840776Z Try correcting the name to the name of an existing getter, or defining a getter or field named 'displayName'.
build-and-test	Run flutter test --coverage	2025-07-30T14:31:47.7842359Z     when(() => mockUser.displayName).thenReturn('Test User');
build-and-test	Run flutter test --coverage	2025-07-30T14:31:47.7842935Z                         ^^^^^^^^^^^
build-and-test	Run flutter test --coverage	2025-07-30T14:31:47.7843737Z test/firebase_test_helper.dart:81:25: Error: The getter 'photoURL' isn't defined for the class 'MockUser'.
build-and-test	Run flutter test --coverage	2025-07-30T14:31:47.7844913Z  - 'MockUser' is from 'test/firebase_test_helper.dart'.
build-and-test	Run flutter test --coverage	2025-07-30T14:31:47.7845822Z Try correcting the name to the name of an existing getter, or defining a getter or field named 'photoURL'.
build-and-test	Run flutter test --coverage	2025-07-30T14:31:47.7846969Z     when(() => mockUser.photoURL).thenReturn('https://example.com/photo.jpg');
build-and-test	Run flutter test --coverage	2025-07-30T14:31:47.7847643Z                         ^^^^^^^^
build-and-test	Run flutter test --coverage	2025-07-30T14:31:47.7848423Z test/firebase_test_helper.dart:82:25: Error: The getter 'isAnonymous' isn't defined for the class 'MockUser'.
build-and-test	Run flutter test --coverage	2025-07-30T14:31:47.7849302Z  - 'MockUser' is from 'test/firebase_test_helper.dart'.
build-and-test	Run flutter test --coverage	2025-07-30T14:31:47.7850157Z Try correcting the name to the name of an existing getter, or defining a getter or field named 'isAnonymous'.
build-and-test	Run flutter test --coverage	2025-07-30T14:31:47.7851010Z     when(() => mockUser.isAnonymous).thenReturn(false);
build-and-test	Run flutter test --coverage	2025-07-30T14:31:47.7851483Z                         ^^^^^^^^^^^
build-and-test	Run flutter test --coverage	2025-07-30T14:31:47.7852430Z test/firebase_test_helper.dart:83:25: Error: The getter 'emailVerified' isn't defined for the class 'MockUser'.
build-and-test	Run flutter test --coverage	2025-07-30T14:31:47.7853340Z  - 'MockUser' is from 'test/firebase_test_helper.dart'.
build-and-test	Run flutter test --coverage	2025-07-30T14:31:47.7854137Z Try correcting the name to the name of an existing getter, or defining a getter or field named 'emailVerified'.
build-and-test	Run flutter test --coverage	2025-07-30T14:31:47.7854937Z     when(() => mockUser.emailVerified).thenReturn(true);
build-and-test	Run flutter test --coverage	2025-07-30T14:31:47.7855393Z                         ^^^^^^^^^^^^^
build-and-test	Run flutter test --coverage	2025-07-30T14:31:47.7856101Z test/firebase_test_helper.dart:86:35: Error: The getter 'user' isn't defined for the class 'MockUserCredential'.
build-and-test	Run flutter test --coverage	2025-07-30T14:31:47.7856966Z  - 'MockUserCredential' is from 'test/firebase_test_helper.dart'.
build-and-test	Run flutter test --coverage	2025-07-30T14:31:47.7857712Z Try correcting the name to the name of an existing getter, or defining a getter or field named 'user'.
build-and-test	Run flutter test --coverage	2025-07-30T14:31:47.7858443Z     when(() => mockUserCredential.user).thenReturn(mockUser);
build-and-test	Run flutter test --coverage	2025-07-30T14:31:47.7858894Z                                   ^^^^
build-and-test	Run flutter test --coverage	2025-07-30T14:31:47.7859577Z test/firebase_test_helper.dart:89:25: Error: The getter 'currentUser' isn't defined for the class 'MockFirebaseAuth'.
build-and-test	Run flutter test --coverage	2025-07-30T14:31:47.7860572Z  - 'MockFirebaseAuth' is from 'test/firebase_test_helper.dart'.
build-and-test	Run flutter test --coverage	2025-07-30T14:31:47.7861322Z Try correcting the name to the name of an existing getter, or defining a getter or field named 'currentUser'.
build-and-test	Run flutter test --coverage	2025-07-30T14:31:47.7862096Z     when(() => mockAuth.currentUser).thenReturn(mockUser);
build-and-test	Run flutter test --coverage	2025-07-30T14:31:47.7862369Z                         ^^^^^^^^^^^
build-and-test	Run flutter test --coverage	2025-07-30T14:31:47.7862832Z test/firebase_test_helper.dart:90:25: Error: The method 'authStateChanges' isn't defined for the class 'MockFirebaseAuth'.
build-and-test	Run flutter test --coverage	2025-07-30T14:31:47.7863391Z  - 'MockFirebaseAuth' is from 'test/firebase_test_helper.dart'.
build-and-test	Run flutter test --coverage	2025-07-30T14:31:47.7863874Z Try correcting the name to the name of an existing method, or defining a method named 'authStateChanges'.
build-and-test	Run flutter test --coverage	2025-07-30T14:31:47.7864318Z     when(() => mockAuth.authStateChanges())
build-and-test	Run flutter test --coverage	2025-07-30T14:31:47.7864566Z                         ^^^^^^^^^^^^^^^^
build-and-test	Run flutter test --coverage	2025-07-30T14:31:47.7865004Z test/firebase_test_helper.dart:92:25: Error: The method 'userChanges' isn't defined for the class 'MockFirebaseAuth'.
build-and-test	Run flutter test --coverage	2025-07-30T14:31:47.7865547Z  - 'MockFirebaseAuth' is from 'test/firebase_test_helper.dart'.
build-and-test	Run flutter test --coverage	2025-07-30T14:31:47.7866003Z Try correcting the name to the name of an existing method, or defining a method named 'userChanges'.
build-and-test	Run flutter test --coverage	2025-07-30T14:31:47.7866406Z     when(() => mockAuth.userChanges())
build-and-test	Run flutter test --coverage	2025-07-30T14:31:47.7866639Z                         ^^^^^^^^^^^
build-and-test	Run flutter test --coverage	2025-07-30T14:31:47.7867114Z test/firebase_test_helper.dart:94:25: Error: The method 'signInWithEmailAndPassword' isn't defined for the class 'MockFirebaseAuth'.
build-and-test	Run flutter test --coverage	2025-07-30T14:31:47.7867689Z  - 'MockFirebaseAuth' is from 'test/firebase_test_helper.dart'.
build-and-test	Run flutter test --coverage	2025-07-30T14:31:47.7868227Z Try correcting the name to the name of an existing method, or defining a method named 'signInWithEmailAndPassword'.
build-and-test	Run flutter test --coverage	2025-07-30T14:31:47.7868910Z     when(() => mockAuth.signInWithEmailAndPassword(any(), any()))
build-and-test	Run flutter test --coverage	2025-07-30T14:31:47.7869216Z                         ^^^^^^^^^^^^^^^^^^^^^^^^^^
build-and-test	Run flutter test --coverage	2025-07-30T14:31:47.7869738Z test/firebase_test_helper.dart:96:25: Error: The method 'createUserWithEmailAndPassword' isn't defined for the class 'MockFirebaseAuth'.
build-and-test	Run flutter test --coverage	2025-07-30T14:31:47.7870439Z  - 'MockFirebaseAuth' is from 'test/firebase_test_helper.dart'.
build-and-test	Run flutter test --coverage	2025-07-30T14:31:47.7870951Z Try correcting the name to the name of an existing method, or defining a method named 'createUserWithEmailAndPassword'.
build-and-test	Run flutter test --coverage	2025-07-30T14:31:47.7871489Z     when(() => mockAuth.createUserWithEmailAndPassword(any(), any()))
build-and-test	Run flutter test --coverage	2025-07-30T14:31:47.7872019Z                         ^^^^^^^^^^^^^^^^^^^^^^^^^^^^^^
build-and-test	Run flutter test --coverage	2025-07-30T14:31:47.7872477Z test/firebase_test_helper.dart:98:25: Error: The method 'signOut' isn't defined for the class 'MockFirebaseAuth'.
build-and-test	Run flutter test --coverage	2025-07-30T14:31:47.7873013Z  - 'MockFirebaseAuth' is from 'test/firebase_test_helper.dart'.
build-and-test	Run flutter test --coverage	2025-07-30T14:31:47.7873469Z Try correcting the name to the name of an existing method, or defining a method named 'signOut'.
build-and-test	Run flutter test --coverage	2025-07-30T14:31:47.7873900Z     when(() => mockAuth.signOut()).thenAnswer((_) async {});
build-and-test	Run flutter test --coverage	2025-07-30T14:31:47.7874177Z                         ^^^^^^^
build-and-test	Run flutter test --coverage	2025-07-30T14:31:47.7874774Z test/firebase_test_helper.dart:108:60: Error: The argument type 'MockCollectionReference' can't be assigned to the parameter type 'CollectionReference<Map<String, dynamic>>'.
build-and-test	Run flutter test --coverage	2025-07-30T14:31:47.7875495Z  - 'MockCollectionReference' is from 'test/firebase_test_helper.dart'.
build-and-test	Run flutter test --coverage	2025-07-30T14:31:47.7876198Z  - 'CollectionReference' is from 'package:cloud_firestore/cloud_firestore.dart' ('../../../.pub-cache/hosted/pub.dev/cloud_firestore-5.6.11/lib/cloud_firestore.dart').
build-and-test	Run flutter test --coverage	2025-07-30T14:31:47.7876808Z  - 'Map' is from 'dart:core'.
build-and-test	Run flutter test --coverage	2025-07-30T14:31:47.7877121Z     when(() => mockFirestore.collection(any())).thenReturn(mockCollection);
build-and-test	Run flutter test --coverage	2025-07-30T14:31:47.7877452Z                                                            ^
build-and-test	Run flutter test --coverage	2025-07-30T14:31:47.7878035Z test/firebase_test_helper.dart:132:52: Error: A value of type 'MockDocumentSnapshot' can't be assigned to a variable of type 'QueryDocumentSnapshot<Object?>'.
build-and-test	Run flutter test --coverage	2025-07-30T14:31:47.7878692Z  - 'MockDocumentSnapshot' is from 'test/firebase_test_helper.dart'.
build-and-test	Run flutter test --coverage	2025-07-30T14:31:47.7879400Z  - 'QueryDocumentSnapshot' is from 'package:cloud_firestore/cloud_firestore.dart' ('../../../.pub-cache/hosted/pub.dev/cloud_firestore-5.6.11/lib/cloud_firestore.dart').
build-and-test	Run flutter test --coverage	2025-07-30T14:31:47.7880012Z  - 'Object' is from 'dart:core'.
build-and-test	Run flutter test --coverage	2025-07-30T14:31:47.7880323Z     when(() => mockQuerySnapshot.docs).thenReturn([mockDocumentSnapshot]);
build-and-test	Run flutter test --coverage	2025-07-30T14:31:47.7880656Z                                                    ^
build-and-test	Run flutter test --coverage	2025-07-30T14:31:48.3848093Z ##[group]❌ loading /home/runner/work/appoint/appoint/test/components/common/retry_button_test.dart (failed)
build-and-test	Run flutter test --coverage	2025-07-30T14:31:48.3850544Z Failed to load "/home/runner/work/appoint/appoint/test/components/common/retry_button_test.dart": Compilation failed for testPath=/home/runner/work/appoint/appoint/test/components/common/retry_button_test.dart
build-and-test	Run flutter test --coverage	2025-07-30T14:31:48.3852341Z 
build-and-test	Run flutter test --coverage	2025-07-30T14:31:48.3852716Z ##[endgroup]
build-and-test	Run flutter test --coverage	2025-07-30T14:31:48.4093191Z ##[group]❌ loading /home/runner/work/appoint/appoint/test/widgets/login_screen_test.dart (failed after test completion)
build-and-test	Run flutter test --coverage	2025-07-30T14:31:48.4093873Z Error: the Dart compiler exited unexpectedly.
build-and-test	Run flutter test --coverage	2025-07-30T14:31:48.4095366Z package:flutter_tools/src/base/common.dart 10:3  throwToolExit
build-and-test	Run flutter test --coverage	2025-07-30T14:31:48.4096163Z package:flutter_tools/src/compile.dart 893:9     DefaultResidentCompiler._compile.<fn>
build-and-test	Run flutter test --coverage	2025-07-30T14:31:48.4096685Z dart:async/zone.dart 1422:47                     _rootRunUnary
build-and-test	Run flutter test --coverage	2025-07-30T14:31:48.4097323Z dart:async/future_impl.dart 902:45               Future._propagateToListeners.handleValueCallback
build-and-test	Run flutter test --coverage	2025-07-30T14:31:48.4097879Z dart:async/future_impl.dart 931:13               Future._propagateToListeners
build-and-test	Run flutter test --coverage	2025-07-30T14:31:48.4098367Z dart:async/future_impl.dart 827:9                Future._propagateToListeners
build-and-test	Run flutter test --coverage	2025-07-30T14:31:48.4099109Z dart:async/future_impl.dart 707:5                Future._completeWithValue
build-and-test	Run flutter test --coverage	2025-07-30T14:31:48.4099603Z dart:async/future_impl.dart 777:7                Future._asyncCompleteWithValue.<fn>
build-and-test	Run flutter test --coverage	2025-07-30T14:31:48.4100196Z dart:async/zone.dart 1414:13                     _rootRun
build-and-test	Run flutter test --coverage	2025-07-30T14:31:48.4100572Z dart:async/zone.dart 1317:19                     _CustomZone.run
build-and-test	Run flutter test --coverage	2025-07-30T14:31:48.4100985Z dart:async/zone.dart 1225:7                      _CustomZone.runGuarded
build-and-test	Run flutter test --coverage	2025-07-30T14:31:48.4101445Z dart:async/zone.dart 1265:23                     _CustomZone.bindCallbackGuarded.<fn>
build-and-test	Run flutter test --coverage	2025-07-30T14:31:48.4102210Z dart:async/schedule_microtask.dart 40:21         _microtaskLoop
build-and-test	Run flutter test --coverage	2025-07-30T14:31:48.4102652Z dart:async/schedule_microtask.dart 49:5          _startMicrotaskLoop
build-and-test	Run flutter test --coverage	2025-07-30T14:31:48.4103153Z dart:isolate-patch/isolate_patch.dart 118:13     _runPendingImmediateCallback
build-and-test	Run flutter test --coverage	2025-07-30T14:31:48.4103707Z dart:isolate-patch/isolate_patch.dart 185:5      _RawReceivePort._handleMessage
build-and-test	Run flutter test --coverage	2025-07-30T14:31:48.4104230Z ##[endgroup]
build-and-test	Run flutter test --coverage	2025-07-30T14:31:49.7071242Z test/firebase_test_helper.dart:11:48: Error: Type 'FirebaseAuth' not found.
build-and-test	Run flutter test --coverage	2025-07-30T14:31:49.7072259Z class MockFirebaseAuth extends Mock implements FirebaseAuth {}
build-and-test	Run flutter test --coverage	2025-07-30T14:31:49.7072838Z                                                ^^^^^^^^^^^^
build-and-test	Run flutter test --coverage	2025-07-30T14:31:49.7073405Z test/firebase_test_helper.dart:13:40: Error: Type 'User' not found.
build-and-test	Run flutter test --coverage	2025-07-30T14:31:49.7074005Z class MockUser extends Mock implements User {}
build-and-test	Run flutter test --coverage	2025-07-30T14:31:49.7074446Z                                        ^^^^
build-and-test	Run flutter test --coverage	2025-07-30T14:31:49.7075019Z test/firebase_test_helper.dart:15:50: Error: Type 'UserCredential' not found.
build-and-test	Run flutter test --coverage	2025-07-30T14:31:49.7075790Z class MockUserCredential extends Mock implements UserCredential {}
build-and-test	Run flutter test --coverage	2025-07-30T14:31:49.7076237Z                                                  ^^^^^^^^^^^^^^
build-and-test	Run flutter test --coverage	2025-07-30T14:31:49.8502215Z test/firebase_test_helper.dart:78:25: Error: The getter 'uid' isn't defined for the class 'MockUser'.
build-and-test	Run flutter test --coverage	2025-07-30T14:31:49.8503412Z  - 'MockUser' is from 'test/firebase_test_helper.dart'.
build-and-test	Run flutter test --coverage	2025-07-30T14:31:49.8504436Z Try correcting the name to the name of an existing getter, or defining a getter or field named 'uid'.
build-and-test	Run flutter test --coverage	2025-07-30T14:31:49.8505474Z     when(() => mockUser.uid).thenReturn('test-user-id');
build-and-test	Run flutter test --coverage	2025-07-30T14:31:49.8506100Z                         ^^^
build-and-test	Run flutter test --coverage	2025-07-30T14:31:49.8506981Z test/firebase_test_helper.dart:79:25: Error: The getter 'email' isn't defined for the class 'MockUser'.
build-and-test	Run flutter test --coverage	2025-07-30T14:31:49.8508077Z  - 'MockUser' is from 'test/firebase_test_helper.dart'.
build-and-test	Run flutter test --coverage	2025-07-30T14:31:49.8509090Z Try correcting the name to the name of an existing getter, or defining a getter or field named 'email'.
build-and-test	Run flutter test --coverage	2025-07-30T14:31:49.8510152Z     when(() => mockUser.email).thenReturn('test@example.com');
build-and-test	Run flutter test --coverage	2025-07-30T14:31:49.8510737Z                         ^^^^^
build-and-test	Run flutter test --coverage	2025-07-30T14:31:49.8511457Z test/firebase_test_helper.dart:80:25: Error: The getter 'displayName' isn't defined for the class 'MockUser'.
build-and-test	Run flutter test --coverage	2025-07-30T14:31:49.8512529Z  - 'MockUser' is from 'test/firebase_test_helper.dart'.
build-and-test	Run flutter test --coverage	2025-07-30T14:31:49.8513361Z Try correcting the name to the name of an existing getter, or defining a getter or field named 'displayName'.
build-and-test	Run flutter test --coverage	2025-07-30T14:31:49.8514240Z     when(() => mockUser.displayName).thenReturn('Test User');
build-and-test	Run flutter test --coverage	2025-07-30T14:31:49.8514742Z                         ^^^^^^^^^^^
build-and-test	Run flutter test --coverage	2025-07-30T14:31:49.8515463Z test/firebase_test_helper.dart:81:25: Error: The getter 'photoURL' isn't defined for the class 'MockUser'.
build-and-test	Run flutter test --coverage	2025-07-30T14:31:49.8516310Z  - 'MockUser' is from 'test/firebase_test_helper.dart'.
build-and-test	Run flutter test --coverage	2025-07-30T14:31:49.8517120Z Try correcting the name to the name of an existing getter, or defining a getter or field named 'photoURL'.
build-and-test	Run flutter test --coverage	2025-07-30T14:31:49.8518093Z     when(() => mockUser.photoURL).thenReturn('https://example.com/photo.jpg');
build-and-test	Run flutter test --coverage	2025-07-30T14:31:49.8518692Z                         ^^^^^^^^
build-and-test	Run flutter test --coverage	2025-07-30T14:31:49.8519433Z test/firebase_test_helper.dart:82:25: Error: The getter 'isAnonymous' isn't defined for the class 'MockUser'.
build-and-test	Run flutter test --coverage	2025-07-30T14:31:49.8520791Z  - 'MockUser' is from 'test/firebase_test_helper.dart'.
build-and-test	Run flutter test --coverage	2025-07-30T14:31:49.8521819Z Try correcting the name to the name of an existing getter, or defining a getter or field named 'isAnonymous'.
build-and-test	Run flutter test --coverage	2025-07-30T14:31:49.8522552Z     when(() => mockUser.isAnonymous).thenReturn(false);
build-and-test	Run flutter test --coverage	2025-07-30T14:31:49.8523305Z                         ^^^^^^^^^^^
build-and-test	Run flutter test --coverage	2025-07-30T14:31:49.8524077Z test/firebase_test_helper.dart:83:25: Error: The getter 'emailVerified' isn't defined for the class 'MockUser'.
build-and-test	Run flutter test --coverage	2025-07-30T14:31:49.8524967Z  - 'MockUser' is from 'test/firebase_test_helper.dart'.
build-and-test	Run flutter test --coverage	2025-07-30T14:31:49.8525557Z Try correcting the name to the name of an existing getter, or defining a getter or field named 'emailVerified'.
build-and-test	Run flutter test --coverage	2025-07-30T14:31:49.8526040Z     when(() => mockUser.emailVerified).thenReturn(true);
build-and-test	Run flutter test --coverage	2025-07-30T14:31:49.8526304Z                         ^^^^^^^^^^^^^
build-and-test	Run flutter test --coverage	2025-07-30T14:31:49.8526729Z test/firebase_test_helper.dart:86:35: Error: The getter 'user' isn't defined for the class 'MockUserCredential'.
build-and-test	Run flutter test --coverage	2025-07-30T14:31:49.8527251Z  - 'MockUserCredential' is from 'test/firebase_test_helper.dart'.
build-and-test	Run flutter test --coverage	2025-07-30T14:31:49.8527744Z Try correcting the name to the name of an existing getter, or defining a getter or field named 'user'.
build-and-test	Run flutter test --coverage	2025-07-30T14:31:49.8528214Z     when(() => mockUserCredential.user).thenReturn(mockUser);
build-and-test	Run flutter test --coverage	2025-07-30T14:31:49.8528500Z                                   ^^^^
build-and-test	Run flutter test --coverage	2025-07-30T14:31:49.8528960Z test/firebase_test_helper.dart:89:25: Error: The getter 'currentUser' isn't defined for the class 'MockFirebaseAuth'.
build-and-test	Run flutter test --coverage	2025-07-30T14:31:49.8529489Z  - 'MockFirebaseAuth' is from 'test/firebase_test_helper.dart'.
build-and-test	Run flutter test --coverage	2025-07-30T14:31:49.8529982Z Try correcting the name to the name of an existing getter, or defining a getter or field named 'currentUser'.
build-and-test	Run flutter test --coverage	2025-07-30T14:31:49.8530451Z     when(() => mockAuth.currentUser).thenReturn(mockUser);
build-and-test	Run flutter test --coverage	2025-07-30T14:31:49.8530720Z                         ^^^^^^^^^^^
build-and-test	Run flutter test --coverage	2025-07-30T14:31:49.8531170Z test/firebase_test_helper.dart:90:25: Error: The method 'authStateChanges' isn't defined for the class 'MockFirebaseAuth'.
build-and-test	Run flutter test --coverage	2025-07-30T14:31:49.8531883Z  - 'MockFirebaseAuth' is from 'test/firebase_test_helper.dart'.
build-and-test	Run flutter test --coverage	2025-07-30T14:31:49.8532360Z Try correcting the name to the name of an existing method, or defining a method named 'authStateChanges'.
build-and-test	Run flutter test --coverage	2025-07-30T14:31:49.8532791Z     when(() => mockAuth.authStateChanges())
build-and-test	Run flutter test --coverage	2025-07-30T14:31:49.8533035Z                         ^^^^^^^^^^^^^^^^
build-and-test	Run flutter test --coverage	2025-07-30T14:31:49.8533468Z test/firebase_test_helper.dart:92:25: Error: The method 'userChanges' isn't defined for the class 'MockFirebaseAuth'.
build-and-test	Run flutter test --coverage	2025-07-30T14:31:49.8533986Z  - 'MockFirebaseAuth' is from 'test/firebase_test_helper.dart'.
build-and-test	Run flutter test --coverage	2025-07-30T14:31:49.8534441Z Try correcting the name to the name of an existing method, or defining a method named 'userChanges'.
build-and-test	Run flutter test --coverage	2025-07-30T14:31:49.8534844Z     when(() => mockAuth.userChanges())
build-and-test	Run flutter test --coverage	2025-07-30T14:31:49.8535077Z                         ^^^^^^^^^^^
build-and-test	Run flutter test --coverage	2025-07-30T14:31:49.8535559Z test/firebase_test_helper.dart:94:25: Error: The method 'signInWithEmailAndPassword' isn't defined for the class 'MockFirebaseAuth'.
build-and-test	Run flutter test --coverage	2025-07-30T14:31:49.8536143Z  - 'MockFirebaseAuth' is from 'test/firebase_test_helper.dart'.
build-and-test	Run flutter test --coverage	2025-07-30T14:31:49.8536650Z Try correcting the name to the name of an existing method, or defining a method named 'signInWithEmailAndPassword'.
build-and-test	Run flutter test --coverage	2025-07-30T14:31:49.8537157Z     when(() => mockAuth.signInWithEmailAndPassword(any(), any()))
build-and-test	Run flutter test --coverage	2025-07-30T14:31:49.8537460Z                         ^^^^^^^^^^^^^^^^^^^^^^^^^^
build-and-test	Run flutter test --coverage	2025-07-30T14:31:49.8537987Z test/firebase_test_helper.dart:96:25: Error: The method 'createUserWithEmailAndPassword' isn't defined for the class 'MockFirebaseAuth'.
build-and-test	Run flutter test --coverage	2025-07-30T14:31:49.8538579Z  - 'MockFirebaseAuth' is from 'test/firebase_test_helper.dart'.
build-and-test	Run flutter test --coverage	2025-07-30T14:31:49.8539092Z Try correcting the name to the name of an existing method, or defining a method named 'createUserWithEmailAndPassword'.
build-and-test	Run flutter test --coverage	2025-07-30T14:31:49.8539628Z     when(() => mockAuth.createUserWithEmailAndPassword(any(), any()))
build-and-test	Run flutter test --coverage	2025-07-30T14:31:49.8540110Z                         ^^^^^^^^^^^^^^^^^^^^^^^^^^^^^^
build-and-test	Run flutter test --coverage	2025-07-30T14:31:49.8540543Z test/firebase_test_helper.dart:98:25: Error: The method 'signOut' isn't defined for the class 'MockFirebaseAuth'.
build-and-test	Run flutter test --coverage	2025-07-30T14:31:49.8541043Z  - 'MockFirebaseAuth' is from 'test/firebase_test_helper.dart'.
build-and-test	Run flutter test --coverage	2025-07-30T14:31:49.8541695Z Try correcting the name to the name of an existing method, or defining a method named 'signOut'.
build-and-test	Run flutter test --coverage	2025-07-30T14:31:49.8542125Z     when(() => mockAuth.signOut()).thenAnswer((_) async {});
build-and-test	Run flutter test --coverage	2025-07-30T14:31:49.8542394Z                         ^^^^^^^
build-and-test	Run flutter test --coverage	2025-07-30T14:31:49.8542982Z test/firebase_test_helper.dart:108:60: Error: The argument type 'MockCollectionReference' can't be assigned to the parameter type 'CollectionReference<Map<String, dynamic>>'.
build-and-test	Run flutter test --coverage	2025-07-30T14:31:49.8543700Z  - 'MockCollectionReference' is from 'test/firebase_test_helper.dart'.
build-and-test	Run flutter test --coverage	2025-07-30T14:31:49.8544402Z  - 'CollectionReference' is from 'package:cloud_firestore/cloud_firestore.dart' ('../../../.pub-cache/hosted/pub.dev/cloud_firestore-5.6.11/lib/cloud_firestore.dart').
build-and-test	Run flutter test --coverage	2025-07-30T14:31:49.8545031Z  - 'Map' is from 'dart:core'.
build-and-test	Run flutter test --coverage	2025-07-30T14:31:49.8545341Z     when(() => mockFirestore.collection(any())).thenReturn(mockCollection);
build-and-test	Run flutter test --coverage	2025-07-30T14:31:49.8545673Z                                                            ^
build-and-test	Run flutter test --coverage	2025-07-30T14:31:49.8546278Z test/firebase_test_helper.dart:132:52: Error: A value of type 'MockDocumentSnapshot' can't be assigned to a variable of type 'QueryDocumentSnapshot<Object?>'.
build-and-test	Run flutter test --coverage	2025-07-30T14:31:49.8546940Z  - 'MockDocumentSnapshot' is from 'test/firebase_test_helper.dart'.
build-and-test	Run flutter test --coverage	2025-07-30T14:31:49.8547652Z  - 'QueryDocumentSnapshot' is from 'package:cloud_firestore/cloud_firestore.dart' ('../../../.pub-cache/hosted/pub.dev/cloud_firestore-5.6.11/lib/cloud_firestore.dart').
build-and-test	Run flutter test --coverage	2025-07-30T14:31:49.8548280Z  - 'Object' is from 'dart:core'.
build-and-test	Run flutter test --coverage	2025-07-30T14:31:49.8548592Z     when(() => mockQuerySnapshot.docs).thenReturn([mockDocumentSnapshot]);
build-and-test	Run flutter test --coverage	2025-07-30T14:31:49.8548927Z                                                    ^
build-and-test	Run flutter test --coverage	2025-07-30T14:31:50.4506200Z ##[group]❌ loading /home/runner/work/appoint/appoint/test/components/common/section_divider_test.dart (failed)
build-and-test	Run flutter test --coverage	2025-07-30T14:31:50.4509229Z Failed to load "/home/runner/work/appoint/appoint/test/components/common/section_divider_test.dart": Compilation failed for testPath=/home/runner/work/appoint/appoint/test/components/common/section_divider_test.dart
build-and-test	Run flutter test --coverage	2025-07-30T14:31:50.4510677Z 
build-and-test	Run flutter test --coverage	2025-07-30T14:31:50.4511019Z ##[endgroup]
build-and-test	Run flutter test --coverage	2025-07-30T14:31:50.4770117Z ##[group]❌ loading /home/runner/work/appoint/appoint/test/widgets/login_screen_test.dart (failed after test completion)
build-and-test	Run flutter test --coverage	2025-07-30T14:31:50.4771107Z Error: the Dart compiler exited unexpectedly.
build-and-test	Run flutter test --coverage	2025-07-30T14:31:50.4772936Z package:flutter_tools/src/base/common.dart 10:3  throwToolExit
build-and-test	Run flutter test --coverage	2025-07-30T14:31:50.4773713Z package:flutter_tools/src/compile.dart 893:9     DefaultResidentCompiler._compile.<fn>
build-and-test	Run flutter test --coverage	2025-07-30T14:31:50.4774485Z dart:async/zone.dart 1422:47                     _rootRunUnary
build-and-test	Run flutter test --coverage	2025-07-30T14:31:50.4775251Z dart:async/future_impl.dart 902:45               Future._propagateToListeners.handleValueCallback
build-and-test	Run flutter test --coverage	2025-07-30T14:31:50.4776104Z dart:async/future_impl.dart 931:13               Future._propagateToListeners
build-and-test	Run flutter test --coverage	2025-07-30T14:31:50.4776860Z dart:async/future_impl.dart 827:9                Future._propagateToListeners
build-and-test	Run flutter test --coverage	2025-07-30T14:31:50.4777603Z dart:async/future_impl.dart 707:5                Future._completeWithValue
build-and-test	Run flutter test --coverage	2025-07-30T14:31:50.4778385Z dart:async/future_impl.dart 777:7                Future._asyncCompleteWithValue.<fn>
build-and-test	Run flutter test --coverage	2025-07-30T14:31:50.4779087Z dart:async/zone.dart 1414:13                     _rootRun
build-and-test	Run flutter test --coverage	2025-07-30T14:31:50.4779678Z dart:async/zone.dart 1317:19                     _CustomZone.run
build-and-test	Run flutter test --coverage	2025-07-30T14:31:50.4780331Z dart:async/zone.dart 1225:7                      _CustomZone.runGuarded
build-and-test	Run flutter test --coverage	2025-07-30T14:31:50.4781044Z dart:async/zone.dart 1265:23                     _CustomZone.bindCallbackGuarded.<fn>
build-and-test	Run flutter test --coverage	2025-07-30T14:31:50.4781960Z dart:async/schedule_microtask.dart 40:21         _microtaskLoop
build-and-test	Run flutter test --coverage	2025-07-30T14:31:50.4782904Z dart:async/schedule_microtask.dart 49:5          _startMicrotaskLoop
build-and-test	Run flutter test --coverage	2025-07-30T14:31:50.4783714Z dart:isolate-patch/isolate_patch.dart 118:13     _runPendingImmediateCallback
build-and-test	Run flutter test --coverage	2025-07-30T14:31:50.4784574Z dart:isolate-patch/isolate_patch.dart 185:5      _RawReceivePort._handleMessage
build-and-test	Run flutter test --coverage	2025-07-30T14:31:50.4785641Z ##[endgroup]
build-and-test	Run flutter test --coverage	2025-07-30T14:31:51.8055503Z test/firebase_test_helper.dart:11:48: Error: Type 'FirebaseAuth' not found.
build-and-test	Run flutter test --coverage	2025-07-30T14:31:51.8056864Z class MockFirebaseAuth extends Mock implements FirebaseAuth {}
build-and-test	Run flutter test --coverage	2025-07-30T14:31:51.8057808Z                                                ^^^^^^^^^^^^
build-and-test	Run flutter test --coverage	2025-07-30T14:31:51.8058619Z test/firebase_test_helper.dart:13:40: Error: Type 'User' not found.
build-and-test	Run flutter test --coverage	2025-07-30T14:31:51.8059220Z class MockUser extends Mock implements User {}
build-and-test	Run flutter test --coverage	2025-07-30T14:31:51.8059625Z                                        ^^^^
build-and-test	Run flutter test --coverage	2025-07-30T14:31:51.8060135Z test/firebase_test_helper.dart:15:50: Error: Type 'UserCredential' not found.
build-and-test	Run flutter test --coverage	2025-07-30T14:31:51.8060872Z class MockUserCredential extends Mock implements UserCredential {}
build-and-test	Run flutter test --coverage	2025-07-30T14:31:51.8061406Z                                                  ^^^^^^^^^^^^^^
build-and-test	Run flutter test --coverage	2025-07-30T14:31:51.9473260Z test/firebase_test_helper.dart:78:25: Error: The getter 'uid' isn't defined for the class 'MockUser'.
build-and-test	Run flutter test --coverage	2025-07-30T14:31:51.9475948Z  - 'MockUser' is from 'test/firebase_test_helper.dart'.
build-and-test	Run flutter test --coverage	2025-07-30T14:31:51.9477004Z Try correcting the name to the name of an existing getter, or defining a getter or field named 'uid'.
build-and-test	Run flutter test --coverage	2025-07-30T14:31:51.9478056Z     when(() => mockUser.uid).thenReturn('test-user-id');
build-and-test	Run flutter test --coverage	2025-07-30T14:31:51.9478665Z                         ^^^
build-and-test	Run flutter test --coverage	2025-07-30T14:31:51.9479549Z test/firebase_test_helper.dart:79:25: Error: The getter 'email' isn't defined for the class 'MockUser'.
build-and-test	Run flutter test --coverage	2025-07-30T14:31:51.9480491Z  - 'MockUser' is from 'test/firebase_test_helper.dart'.
build-and-test	Run flutter test --coverage	2025-07-30T14:31:51.9481317Z Try correcting the name to the name of an existing getter, or defining a getter or field named 'email'.
build-and-test	Run flutter test --coverage	2025-07-30T14:31:51.9482360Z     when(() => mockUser.email).thenReturn('test@example.com');
build-and-test	Run flutter test --coverage	2025-07-30T14:31:51.9482881Z                         ^^^^^
build-and-test	Run flutter test --coverage	2025-07-30T14:31:51.9483651Z test/firebase_test_helper.dart:80:25: Error: The getter 'displayName' isn't defined for the class 'MockUser'.
build-and-test	Run flutter test --coverage	2025-07-30T14:31:51.9484573Z  - 'MockUser' is from 'test/firebase_test_helper.dart'.
build-and-test	Run flutter test --coverage	2025-07-30T14:31:51.9485503Z Try correcting the name to the name of an existing getter, or defining a getter or field named 'displayName'.
build-and-test	Run flutter test --coverage	2025-07-30T14:31:51.9486482Z     when(() => mockUser.displayName).thenReturn('Test User');
build-and-test	Run flutter test --coverage	2025-07-30T14:31:51.9494251Z                         ^^^^^^^^^^^
build-and-test	Run flutter test --coverage	2025-07-30T14:31:51.9495052Z test/firebase_test_helper.dart:81:25: Error: The getter 'photoURL' isn't defined for the class 'MockUser'.
build-and-test	Run flutter test --coverage	2025-07-30T14:31:51.9496023Z  - 'MockUser' is from 'test/firebase_test_helper.dart'.
build-and-test	Run flutter test --coverage	2025-07-30T14:31:51.9496828Z Try correcting the name to the name of an existing getter, or defining a getter or field named 'photoURL'.
build-and-test	Run flutter test --coverage	2025-07-30T14:31:51.9497811Z     when(() => mockUser.photoURL).thenReturn('https://example.com/photo.jpg');
build-and-test	Run flutter test --coverage	2025-07-30T14:31:51.9498442Z                         ^^^^^^^^
build-and-test	Run flutter test --coverage	2025-07-30T14:31:51.9499187Z test/firebase_test_helper.dart:82:25: Error: The getter 'isAnonymous' isn't defined for the class 'MockUser'.
build-and-test	Run flutter test --coverage	2025-07-30T14:31:51.9500056Z  - 'MockUser' is from 'test/firebase_test_helper.dart'.
build-and-test	Run flutter test --coverage	2025-07-30T14:31:51.9500862Z Try correcting the name to the name of an existing getter, or defining a getter or field named 'isAnonymous'.
build-and-test	Run flutter test --coverage	2025-07-30T14:31:51.9501826Z     when(() => mockUser.isAnonymous).thenReturn(false);
build-and-test	Run flutter test --coverage	2025-07-30T14:31:51.9502274Z                         ^^^^^^^^^^^
build-and-test	Run flutter test --coverage	2025-07-30T14:31:51.9502789Z test/firebase_test_helper.dart:83:25: Error: The getter 'emailVerified' isn't defined for the class 'MockUser'.
build-and-test	Run flutter test --coverage	2025-07-30T14:31:51.9503281Z  - 'MockUser' is from 'test/firebase_test_helper.dart'.
build-and-test	Run flutter test --coverage	2025-07-30T14:31:51.9503764Z Try correcting the name to the name of an existing getter, or defining a getter or field named 'emailVerified'.
build-and-test	Run flutter test --coverage	2025-07-30T14:31:51.9504564Z     when(() => mockUser.emailVerified).thenReturn(true);
build-and-test	Run flutter test --coverage	2025-07-30T14:31:51.9504837Z                         ^^^^^^^^^^^^^
build-and-test	Run flutter test --coverage	2025-07-30T14:31:51.9505276Z test/firebase_test_helper.dart:86:35: Error: The getter 'user' isn't defined for the class 'MockUserCredential'.
build-and-test	Run flutter test --coverage	2025-07-30T14:31:51.9505918Z  - 'MockUserCredential' is from 'test/firebase_test_helper.dart'.
build-and-test	Run flutter test --coverage	2025-07-30T14:31:51.9506400Z Try correcting the name to the name of an existing getter, or defining a getter or field named 'user'.
build-and-test	Run flutter test --coverage	2025-07-30T14:31:51.9506851Z     when(() => mockUserCredential.user).thenReturn(mockUser);
build-and-test	Run flutter test --coverage	2025-07-30T14:31:51.9507133Z                                   ^^^^
build-and-test	Run flutter test --coverage	2025-07-30T14:31:51.9507570Z test/firebase_test_helper.dart:89:25: Error: The getter 'currentUser' isn't defined for the class 'MockFirebaseAuth'.
build-and-test	Run flutter test --coverage	2025-07-30T14:31:51.9508099Z  - 'MockFirebaseAuth' is from 'test/firebase_test_helper.dart'.
build-and-test	Run flutter test --coverage	2025-07-30T14:31:51.9508580Z Try correcting the name to the name of an existing getter, or defining a getter or field named 'currentUser'.
build-and-test	Run flutter test --coverage	2025-07-30T14:31:51.9509044Z     when(() => mockAuth.currentUser).thenReturn(mockUser);
build-and-test	Run flutter test --coverage	2025-07-30T14:31:51.9509312Z                         ^^^^^^^^^^^
build-and-test	Run flutter test --coverage	2025-07-30T14:31:51.9509757Z test/firebase_test_helper.dart:90:25: Error: The method 'authStateChanges' isn't defined for the class 'MockFirebaseAuth'.
build-and-test	Run flutter test --coverage	2025-07-30T14:31:51.9510341Z  - 'MockFirebaseAuth' is from 'test/firebase_test_helper.dart'.
build-and-test	Run flutter test --coverage	2025-07-30T14:31:51.9510820Z Try correcting the name to the name of an existing method, or defining a method named 'authStateChanges'.
build-and-test	Run flutter test --coverage	2025-07-30T14:31:51.9511266Z     when(() => mockAuth.authStateChanges())
build-and-test	Run flutter test --coverage	2025-07-30T14:31:51.9511659Z                         ^^^^^^^^^^^^^^^^
build-and-test	Run flutter test --coverage	2025-07-30T14:31:51.9512108Z test/firebase_test_helper.dart:92:25: Error: The method 'userChanges' isn't defined for the class 'MockFirebaseAuth'.
build-and-test	Run flutter test --coverage	2025-07-30T14:31:51.9512632Z  - 'MockFirebaseAuth' is from 'test/firebase_test_helper.dart'.
build-and-test	Run flutter test --coverage	2025-07-30T14:31:51.9513086Z Try correcting the name to the name of an existing method, or defining a method named 'userChanges'.
build-and-test	Run flutter test --coverage	2025-07-30T14:31:51.9513500Z     when(() => mockAuth.userChanges())
build-and-test	Run flutter test --coverage	2025-07-30T14:31:51.9513723Z                         ^^^^^^^^^^^
build-and-test	Run flutter test --coverage	2025-07-30T14:31:51.9514209Z test/firebase_test_helper.dart:94:25: Error: The method 'signInWithEmailAndPassword' isn't defined for the class 'MockFirebaseAuth'.
build-and-test	Run flutter test --coverage	2025-07-30T14:31:51.9514789Z  - 'MockFirebaseAuth' is from 'test/firebase_test_helper.dart'.
build-and-test	Run flutter test --coverage	2025-07-30T14:31:51.9515292Z Try correcting the name to the name of an existing method, or defining a method named 'signInWithEmailAndPassword'.
build-and-test	Run flutter test --coverage	2025-07-30T14:31:51.9515802Z     when(() => mockAuth.signInWithEmailAndPassword(any(), any()))
build-and-test	Run flutter test --coverage	2025-07-30T14:31:51.9516107Z                         ^^^^^^^^^^^^^^^^^^^^^^^^^^
build-and-test	Run flutter test --coverage	2025-07-30T14:31:51.9516643Z test/firebase_test_helper.dart:96:25: Error: The method 'createUserWithEmailAndPassword' isn't defined for the class 'MockFirebaseAuth'.
build-and-test	Run flutter test --coverage	2025-07-30T14:31:51.9517243Z  - 'MockFirebaseAuth' is from 'test/firebase_test_helper.dart'.
build-and-test	Run flutter test --coverage	2025-07-30T14:31:51.9517766Z Try correcting the name to the name of an existing method, or defining a method named 'createUserWithEmailAndPassword'.
build-and-test	Run flutter test --coverage	2025-07-30T14:31:51.9518306Z     when(() => mockAuth.createUserWithEmailAndPassword(any(), any()))
build-and-test	Run flutter test --coverage	2025-07-30T14:31:51.9518624Z                         ^^^^^^^^^^^^^^^^^^^^^^^^^^^^^^
build-and-test	Run flutter test --coverage	2025-07-30T14:31:51.9519066Z test/firebase_test_helper.dart:98:25: Error: The method 'signOut' isn't defined for the class 'MockFirebaseAuth'.
build-and-test	Run flutter test --coverage	2025-07-30T14:31:51.9519568Z  - 'MockFirebaseAuth' is from 'test/firebase_test_helper.dart'.
build-and-test	Run flutter test --coverage	2025-07-30T14:31:51.9520025Z Try correcting the name to the name of an existing method, or defining a method named 'signOut'.
build-and-test	Run flutter test --coverage	2025-07-30T14:31:51.9520456Z     when(() => mockAuth.signOut()).thenAnswer((_) async {});
build-and-test	Run flutter test --coverage	2025-07-30T14:31:51.9520719Z                         ^^^^^^^
build-and-test	Run flutter test --coverage	2025-07-30T14:31:51.9521321Z test/firebase_test_helper.dart:108:60: Error: The argument type 'MockCollectionReference' can't be assigned to the parameter type 'CollectionReference<Map<String, dynamic>>'.
build-and-test	Run flutter test --coverage	2025-07-30T14:31:51.9522284Z  - 'MockCollectionReference' is from 'test/firebase_test_helper.dart'.
build-and-test	Run flutter test --coverage	2025-07-30T14:31:51.9523000Z  - 'CollectionReference' is from 'package:cloud_firestore/cloud_firestore.dart' ('../../../.pub-cache/hosted/pub.dev/cloud_firestore-5.6.11/lib/cloud_firestore.dart').
build-and-test	Run flutter test --coverage	2025-07-30T14:31:51.9523745Z  - 'Map' is from 'dart:core'.
build-and-test	Run flutter test --coverage	2025-07-30T14:31:51.9524061Z     when(() => mockFirestore.collection(any())).thenReturn(mockCollection);
build-and-test	Run flutter test --coverage	2025-07-30T14:31:51.9524403Z                                                            ^
build-and-test	Run flutter test --coverage	2025-07-30T14:31:51.9524989Z test/firebase_test_helper.dart:132:52: Error: A value of type 'MockDocumentSnapshot' can't be assigned to a variable of type 'QueryDocumentSnapshot<Object?>'.
build-and-test	Run flutter test --coverage	2025-07-30T14:31:51.9525658Z  - 'MockDocumentSnapshot' is from 'test/firebase_test_helper.dart'.
build-and-test	Run flutter test --coverage	2025-07-30T14:31:51.9526365Z  - 'QueryDocumentSnapshot' is from 'package:cloud_firestore/cloud_firestore.dart' ('../../../.pub-cache/hosted/pub.dev/cloud_firestore-5.6.11/lib/cloud_firestore.dart').
build-and-test	Run flutter test --coverage	2025-07-30T14:31:51.9526987Z  - 'Object' is from 'dart:core'.
build-and-test	Run flutter test --coverage	2025-07-30T14:31:51.9527306Z     when(() => mockQuerySnapshot.docs).thenReturn([mockDocumentSnapshot]);
build-and-test	Run flutter test --coverage	2025-07-30T14:31:51.9527638Z                                                    ^
build-and-test	Run flutter test --coverage	2025-07-30T14:31:52.5442513Z ##[group]❌ loading /home/runner/work/appoint/appoint/test/components/common/loading_spinner_test.dart (failed)
build-and-test	Run flutter test --coverage	2025-07-30T14:31:52.5444590Z Failed to load "/home/runner/work/appoint/appoint/test/components/common/loading_spinner_test.dart": Compilation failed for testPath=/home/runner/work/appoint/appoint/test/components/common/loading_spinner_test.dart
build-and-test	Run flutter test --coverage	2025-07-30T14:31:52.5447438Z 
build-and-test	Run flutter test --coverage	2025-07-30T14:31:52.5448218Z ##[endgroup]
build-and-test	Run flutter test --coverage	2025-07-30T14:31:52.5713207Z ##[group]❌ loading /home/runner/work/appoint/appoint/test/widgets/login_screen_test.dart (failed after test completion)
build-and-test	Run flutter test --coverage	2025-07-30T14:31:52.5714231Z Error: the Dart compiler exited unexpectedly.
build-and-test	Run flutter test --coverage	2025-07-30T14:31:52.5715321Z package:flutter_tools/src/base/common.dart 10:3  throwToolExit
build-and-test	Run flutter test --coverage	2025-07-30T14:31:52.5716068Z package:flutter_tools/src/compile.dart 893:9     DefaultResidentCompiler._compile.<fn>
build-and-test	Run flutter test --coverage	2025-07-30T14:31:52.5716796Z dart:async/zone.dart 1422:47                     _rootRunUnary
build-and-test	Run flutter test --coverage	2025-07-30T14:31:52.5717572Z dart:async/future_impl.dart 902:45               Future._propagateToListeners.handleValueCallback
build-and-test	Run flutter test --coverage	2025-07-30T14:31:52.5718391Z dart:async/future_impl.dart 931:13               Future._propagateToListeners
build-and-test	Run flutter test --coverage	2025-07-30T14:31:52.5719136Z dart:async/future_impl.dart 827:9                Future._propagateToListeners
build-and-test	Run flutter test --coverage	2025-07-30T14:31:52.5719836Z dart:async/future_impl.dart 707:5                Future._completeWithValue
build-and-test	Run flutter test --coverage	2025-07-30T14:31:52.5720602Z dart:async/future_impl.dart 777:7                Future._asyncCompleteWithValue.<fn>
build-and-test	Run flutter test --coverage	2025-07-30T14:31:52.5721307Z dart:async/zone.dart 1414:13                     _rootRun
build-and-test	Run flutter test --coverage	2025-07-30T14:31:52.5722083Z dart:async/zone.dart 1317:19                     _CustomZone.run
build-and-test	Run flutter test --coverage	2025-07-30T14:31:52.5722764Z dart:async/zone.dart 1225:7                      _CustomZone.runGuarded
build-and-test	Run flutter test --coverage	2025-07-30T14:31:52.5723493Z dart:async/zone.dart 1265:23                     _CustomZone.bindCallbackGuarded.<fn>
build-and-test	Run flutter test --coverage	2025-07-30T14:31:52.5724213Z dart:async/schedule_microtask.dart 40:21         _microtaskLoop
build-and-test	Run flutter test --coverage	2025-07-30T14:31:52.5724885Z dart:async/schedule_microtask.dart 49:5          _startMicrotaskLoop
build-and-test	Run flutter test --coverage	2025-07-30T14:31:52.5725686Z dart:isolate-patch/isolate_patch.dart 118:13     _runPendingImmediateCallback
build-and-test	Run flutter test --coverage	2025-07-30T14:31:52.5726562Z dart:isolate-patch/isolate_patch.dart 185:5      _RawReceivePort._handleMessage
build-and-test	Run flutter test --coverage	2025-07-30T14:31:52.5727428Z ##[endgroup]
build-and-test	Run flutter test --coverage	2025-07-30T14:31:53.8950382Z test/firebase_test_helper.dart:11:48: Error: Type 'FirebaseAuth' not found.
build-and-test	Run flutter test --coverage	2025-07-30T14:31:53.8951446Z class MockFirebaseAuth extends Mock implements FirebaseAuth {}
build-and-test	Run flutter test --coverage	2025-07-30T14:31:53.8952325Z                                                ^^^^^^^^^^^^
build-and-test	Run flutter test --coverage	2025-07-30T14:31:53.8952762Z test/firebase_test_helper.dart:13:40: Error: Type 'User' not found.
build-and-test	Run flutter test --coverage	2025-07-30T14:31:53.8953623Z class MockUser extends Mock implements User {}
build-and-test	Run flutter test --coverage	2025-07-30T14:31:53.8953951Z                                        ^^^^
build-and-test	Run flutter test --coverage	2025-07-30T14:31:53.8954380Z test/firebase_test_helper.dart:15:50: Error: Type 'UserCredential' not found.
build-and-test	Run flutter test --coverage	2025-07-30T14:31:53.8955107Z class MockUserCredential extends Mock implements UserCredential {}
build-and-test	Run flutter test --coverage	2025-07-30T14:31:53.8955521Z                                                  ^^^^^^^^^^^^^^
build-and-test	Run flutter test --coverage	2025-07-30T14:31:54.0484583Z test/firebase_test_helper.dart:78:25: Error: The getter 'uid' isn't defined for the class 'MockUser'.
build-and-test	Run flutter test --coverage	2025-07-30T14:31:54.0485693Z  - 'MockUser' is from 'test/firebase_test_helper.dart'.
build-and-test	Run flutter test --coverage	2025-07-30T14:31:54.0486676Z Try correcting the name to the name of an existing getter, or defining a getter or field named 'uid'.
build-and-test	Run flutter test --coverage	2025-07-30T14:31:54.0487661Z     when(() => mockUser.uid).thenReturn('test-user-id');
build-and-test	Run flutter test --coverage	2025-07-30T14:31:54.0491277Z                         ^^^
build-and-test	Run flutter test --coverage	2025-07-30T14:31:54.0492170Z test/firebase_test_helper.dart:79:25: Error: The getter 'email' isn't defined for the class 'MockUser'.
build-and-test	Run flutter test --coverage	2025-07-30T14:31:54.0493017Z  - 'MockUser' is from 'test/firebase_test_helper.dart'.
build-and-test	Run flutter test --coverage	2025-07-30T14:31:54.0493796Z Try correcting the name to the name of an existing getter, or defining a getter or field named 'email'.
build-and-test	Run flutter test --coverage	2025-07-30T14:31:54.0494631Z     when(() => mockUser.email).thenReturn('test@example.com');
build-and-test	Run flutter test --coverage	2025-07-30T14:31:54.0495149Z                         ^^^^^
build-and-test	Run flutter test --coverage	2025-07-30T14:31:54.0495851Z test/firebase_test_helper.dart:80:25: Error: The getter 'displayName' isn't defined for the class 'MockUser'.
build-and-test	Run flutter test --coverage	2025-07-30T14:31:54.0496714Z  - 'MockUser' is from 'test/firebase_test_helper.dart'.
build-and-test	Run flutter test --coverage	2025-07-30T14:31:54.0497535Z Try correcting the name to the name of an existing getter, or defining a getter or field named 'displayName'.
build-and-test	Run flutter test --coverage	2025-07-30T14:31:54.0498389Z     when(() => mockUser.displayName).thenReturn('Test User');
build-and-test	Run flutter test --coverage	2025-07-30T14:31:54.0498875Z                         ^^^^^^^^^^^
build-and-test	Run flutter test --coverage	2025-07-30T14:31:54.0499598Z test/firebase_test_helper.dart:81:25: Error: The getter 'photoURL' isn't defined for the class 'MockUser'.
build-and-test	Run flutter test --coverage	2025-07-30T14:31:54.0500422Z  - 'MockUser' is from 'test/firebase_test_helper.dart'.
build-and-test	Run flutter test --coverage	2025-07-30T14:31:54.0501201Z Try correcting the name to the name of an existing getter, or defining a getter or field named 'photoURL'.
build-and-test	Run flutter test --coverage	2025-07-30T14:31:54.0502285Z     when(() => mockUser.photoURL).thenReturn('https://example.com/photo.jpg');
build-and-test	Run flutter test --coverage	2025-07-30T14:31:54.0502866Z                         ^^^^^^^^
build-and-test	Run flutter test --coverage	2025-07-30T14:31:54.0503570Z test/firebase_test_helper.dart:82:25: Error: The getter 'isAnonymous' isn't defined for the class 'MockUser'.
build-and-test	Run flutter test --coverage	2025-07-30T14:31:54.0504388Z  - 'MockUser' is from 'test/firebase_test_helper.dart'.
build-and-test	Run flutter test --coverage	2025-07-30T14:31:54.0505185Z Try correcting the name to the name of an existing getter, or defining a getter or field named 'isAnonymous'.
build-and-test	Run flutter test --coverage	2025-07-30T14:31:54.0505999Z     when(() => mockUser.isAnonymous).thenReturn(false);
build-and-test	Run flutter test --coverage	2025-07-30T14:31:54.0506436Z                         ^^^^^^^^^^^
build-and-test	Run flutter test --coverage	2025-07-30T14:31:54.0507159Z test/firebase_test_helper.dart:83:25: Error: The getter 'emailVerified' isn't defined for the class 'MockUser'.
build-and-test	Run flutter test --coverage	2025-07-30T14:31:54.0507998Z  - 'MockUser' is from 'test/firebase_test_helper.dart'.
build-and-test	Run flutter test --coverage	2025-07-30T14:31:54.0508789Z Try correcting the name to the name of an existing getter, or defining a getter or field named 'emailVerified'.
build-and-test	Run flutter test --coverage	2025-07-30T14:31:54.0509617Z     when(() => mockUser.emailVerified).thenReturn(true);
build-and-test	Run flutter test --coverage	2025-07-30T14:31:54.0510069Z                         ^^^^^^^^^^^^^
build-and-test	Run flutter test --coverage	2025-07-30T14:31:54.0510792Z test/firebase_test_helper.dart:86:35: Error: The getter 'user' isn't defined for the class 'MockUserCredential'.
build-and-test	Run flutter test --coverage	2025-07-30T14:31:54.0511812Z  - 'MockUserCredential' is from 'test/firebase_test_helper.dart'.
build-and-test	Run flutter test --coverage	2025-07-30T14:31:54.0512677Z Try correcting the name to the name of an existing getter, or defining a getter or field named 'user'.
build-and-test	Run flutter test --coverage	2025-07-30T14:31:54.0513479Z     when(() => mockUserCredential.user).thenReturn(mockUser);
build-and-test	Run flutter test --coverage	2025-07-30T14:31:54.0513958Z                                   ^^^^
build-and-test	Run flutter test --coverage	2025-07-30T14:31:54.0514734Z test/firebase_test_helper.dart:89:25: Error: The getter 'currentUser' isn't defined for the class 'MockFirebaseAuth'.
build-and-test	Run flutter test --coverage	2025-07-30T14:31:54.0516076Z  - 'MockFirebaseAuth' is from 'test/firebase_test_helper.dart'.
build-and-test	Run flutter test --coverage	2025-07-30T14:31:54.0516951Z Try correcting the name to the name of an existing getter, or defining a getter or field named 'currentUser'.
build-and-test	Run flutter test --coverage	2025-07-30T14:31:54.0517945Z     when(() => mockAuth.currentUser).thenReturn(mockUser);
build-and-test	Run flutter test --coverage	2025-07-30T14:31:54.0518409Z                         ^^^^^^^^^^^
build-and-test	Run flutter test --coverage	2025-07-30T14:31:54.0519206Z test/firebase_test_helper.dart:90:25: Error: The method 'authStateChanges' isn't defined for the class 'MockFirebaseAuth'.
build-and-test	Run flutter test --coverage	2025-07-30T14:31:54.0520163Z  - 'MockFirebaseAuth' is from 'test/firebase_test_helper.dart'.
build-and-test	Run flutter test --coverage	2025-07-30T14:31:54.0520979Z Try correcting the name to the name of an existing method, or defining a method named 'authStateChanges'.
build-and-test	Run flutter test --coverage	2025-07-30T14:31:54.0521440Z     when(() => mockAuth.authStateChanges())
build-and-test	Run flutter test --coverage	2025-07-30T14:31:54.0521852Z                         ^^^^^^^^^^^^^^^^
build-and-test	Run flutter test --coverage	2025-07-30T14:31:54.0522318Z test/firebase_test_helper.dart:92:25: Error: The method 'userChanges' isn't defined for the class 'MockFirebaseAuth'.
build-and-test	Run flutter test --coverage	2025-07-30T14:31:54.0522860Z  - 'MockFirebaseAuth' is from 'test/firebase_test_helper.dart'.
build-and-test	Run flutter test --coverage	2025-07-30T14:31:54.0523343Z Try correcting the name to the name of an existing method, or defining a method named 'userChanges'.
build-and-test	Run flutter test --coverage	2025-07-30T14:31:54.0523765Z     when(() => mockAuth.userChanges())
build-and-test	Run flutter test --coverage	2025-07-30T14:31:54.0524001Z                         ^^^^^^^^^^^
build-and-test	Run flutter test --coverage	2025-07-30T14:31:54.0524494Z test/firebase_test_helper.dart:94:25: Error: The method 'signInWithEmailAndPassword' isn't defined for the class 'MockFirebaseAuth'.
build-and-test	Run flutter test --coverage	2025-07-30T14:31:54.0525104Z  - 'MockFirebaseAuth' is from 'test/firebase_test_helper.dart'.
build-and-test	Run flutter test --coverage	2025-07-30T14:31:54.0525610Z Try correcting the name to the name of an existing method, or defining a method named 'signInWithEmailAndPassword'.
build-and-test	Run flutter test --coverage	2025-07-30T14:31:54.0526153Z     when(() => mockAuth.signInWithEmailAndPassword(any(), any()))
build-and-test	Run flutter test --coverage	2025-07-30T14:31:54.0526456Z                         ^^^^^^^^^^^^^^^^^^^^^^^^^^
build-and-test	Run flutter test --coverage	2025-07-30T14:31:54.0526982Z test/firebase_test_helper.dart:96:25: Error: The method 'createUserWithEmailAndPassword' isn't defined for the class 'MockFirebaseAuth'.
build-and-test	Run flutter test --coverage	2025-07-30T14:31:54.0527570Z  - 'MockFirebaseAuth' is from 'test/firebase_test_helper.dart'.
build-and-test	Run flutter test --coverage	2025-07-30T14:31:54.0528103Z Try correcting the name to the name of an existing method, or defining a method named 'createUserWithEmailAndPassword'.
build-and-test	Run flutter test --coverage	2025-07-30T14:31:54.0528643Z     when(() => mockAuth.createUserWithEmailAndPassword(any(), any()))
build-and-test	Run flutter test --coverage	2025-07-30T14:31:54.0528960Z                         ^^^^^^^^^^^^^^^^^^^^^^^^^^^^^^
build-and-test	Run flutter test --coverage	2025-07-30T14:31:54.0529395Z test/firebase_test_helper.dart:98:25: Error: The method 'signOut' isn't defined for the class 'MockFirebaseAuth'.
build-and-test	Run flutter test --coverage	2025-07-30T14:31:54.0529902Z  - 'MockFirebaseAuth' is from 'test/firebase_test_helper.dart'.
build-and-test	Run flutter test --coverage	2025-07-30T14:31:54.0530350Z Try correcting the name to the name of an existing method, or defining a method named 'signOut'.
build-and-test	Run flutter test --coverage	2025-07-30T14:31:54.0530786Z     when(() => mockAuth.signOut()).thenAnswer((_) async {});
build-and-test	Run flutter test --coverage	2025-07-30T14:31:54.0531053Z                         ^^^^^^^
build-and-test	Run flutter test --coverage	2025-07-30T14:31:54.0531747Z test/firebase_test_helper.dart:108:60: Error: The argument type 'MockCollectionReference' can't be assigned to the parameter type 'CollectionReference<Map<String, dynamic>>'.
build-and-test	Run flutter test --coverage	2025-07-30T14:31:54.0532779Z  - 'MockCollectionReference' is from 'test/firebase_test_helper.dart'.
build-and-test	Run flutter test --coverage	2025-07-30T14:31:54.0533899Z  - 'CollectionReference' is from 'package:cloud_firestore/cloud_firestore.dart' ('../../../.pub-cache/hosted/pub.dev/cloud_firestore-5.6.11/lib/cloud_firestore.dart').
build-and-test	Run flutter test --coverage	2025-07-30T14:31:54.0534850Z  - 'Map' is from 'dart:core'.
build-and-test	Run flutter test --coverage	2025-07-30T14:31:54.0535316Z     when(() => mockFirestore.collection(any())).thenReturn(mockCollection);
build-and-test	Run flutter test --coverage	2025-07-30T14:31:54.0535818Z                                                            ^
build-and-test	Run flutter test --coverage	2025-07-30T14:31:54.0536695Z test/firebase_test_helper.dart:132:52: Error: A value of type 'MockDocumentSnapshot' can't be assigned to a variable of type 'QueryDocumentSnapshot<Object?>'.
build-and-test	Run flutter test --coverage	2025-07-30T14:31:54.0537898Z  - 'MockDocumentSnapshot' is from 'test/firebase_test_helper.dart'.
build-and-test	Run flutter test --coverage	2025-07-30T14:31:54.0538996Z  - 'QueryDocumentSnapshot' is from 'package:cloud_firestore/cloud_firestore.dart' ('../../../.pub-cache/hosted/pub.dev/cloud_firestore-5.6.11/lib/cloud_firestore.dart').
build-and-test	Run flutter test --coverage	2025-07-30T14:31:54.0540120Z  - 'Object' is from 'dart:core'.
build-and-test	Run flutter test --coverage	2025-07-30T14:31:54.0540605Z     when(() => mockQuerySnapshot.docs).thenReturn([mockDocumentSnapshot]);
build-and-test	Run flutter test --coverage	2025-07-30T14:31:54.0541113Z                                                    ^
build-and-test	Run flutter test --coverage	2025-07-30T14:31:54.6558455Z ##[group]❌ loading /home/runner/work/appoint/appoint/test/components/common/empty_state_test.dart (failed)
build-and-test	Run flutter test --coverage	2025-07-30T14:31:54.6561895Z Failed to load "/home/runner/work/appoint/appoint/test/components/common/empty_state_test.dart": Compilation failed for testPath=/home/runner/work/appoint/appoint/test/components/common/empty_state_test.dart
build-and-test	Run flutter test --coverage	2025-07-30T14:31:54.6563404Z 
build-and-test	Run flutter test --coverage	2025-07-30T14:31:54.6563906Z ##[endgroup]
build-and-test	Run flutter test --coverage	2025-07-30T14:31:54.6795485Z ##[group]❌ loading /home/runner/work/appoint/appoint/test/widgets/login_screen_test.dart (failed after test completion)
build-and-test	Run flutter test --coverage	2025-07-30T14:31:54.6796115Z Error: the Dart compiler exited unexpectedly.
build-and-test	Run flutter test --coverage	2025-07-30T14:31:54.6797652Z package:flutter_tools/src/base/common.dart 10:3  throwToolExit
build-and-test	Run flutter test --coverage	2025-07-30T14:31:54.6798481Z package:flutter_tools/src/compile.dart 893:9     DefaultResidentCompiler._compile.<fn>
build-and-test	Run flutter test --coverage	2025-07-30T14:31:54.6798968Z dart:async/zone.dart 1422:47                     _rootRunUnary
build-and-test	Run flutter test --coverage	2025-07-30T14:31:54.6799566Z dart:async/future_impl.dart 902:45               Future._propagateToListeners.handleValueCallback
build-and-test	Run flutter test --coverage	2025-07-30T14:31:54.6800083Z dart:async/future_impl.dart 931:13               Future._propagateToListeners
build-and-test	Run flutter test --coverage	2025-07-30T14:31:54.6800535Z dart:async/future_impl.dart 827:9                Future._propagateToListeners
build-and-test	Run flutter test --coverage	2025-07-30T14:31:54.6800958Z dart:async/future_impl.dart 707:5                Future._completeWithValue
build-and-test	Run flutter test --coverage	2025-07-30T14:31:54.6801399Z dart:async/future_impl.dart 777:7                Future._asyncCompleteWithValue.<fn>
build-and-test	Run flutter test --coverage	2025-07-30T14:31:54.6802276Z dart:async/zone.dart 1414:13                     _rootRun
build-and-test	Run flutter test --coverage	2025-07-30T14:31:54.6802619Z dart:async/zone.dart 1317:19                     _CustomZone.run
build-and-test	Run flutter test --coverage	2025-07-30T14:31:54.6802996Z dart:async/zone.dart 1225:7                      _CustomZone.runGuarded
build-and-test	Run flutter test --coverage	2025-07-30T14:31:54.6803406Z dart:async/zone.dart 1265:23                     _CustomZone.bindCallbackGuarded.<fn>
build-and-test	Run flutter test --coverage	2025-07-30T14:31:54.6803817Z dart:async/schedule_microtask.dart 40:21         _microtaskLoop
build-and-test	Run flutter test --coverage	2025-07-30T14:31:54.6804208Z dart:async/schedule_microtask.dart 49:5          _startMicrotaskLoop
build-and-test	Run flutter test --coverage	2025-07-30T14:31:54.6804653Z dart:isolate-patch/isolate_patch.dart 118:13     _runPendingImmediateCallback
build-and-test	Run flutter test --coverage	2025-07-30T14:31:54.6805140Z dart:isolate-patch/isolate_patch.dart 185:5      _RawReceivePort._handleMessage
build-and-test	Run flutter test --coverage	2025-07-30T14:31:54.6805637Z ##[endgroup]
build-and-test	Run flutter test --coverage	2025-07-30T14:32:01.1994639Z /tmp/flutter_tools.YAUUTX/flutter_test_listener.ZUKNPO/listener.dart:21:21: Error: Undefined name 'main'.
build-and-test	Run flutter test --coverage	2025-07-30T14:32:01.1995888Z   await Future(test.main);
build-and-test	Run flutter test --coverage	2025-07-30T14:32:01.1996388Z                     ^^^^
build-and-test	Run flutter test --coverage	2025-07-30T14:32:01.2894310Z ##[group]❌ loading /home/runner/work/appoint/appoint/test/integration/app_integration_test.dart (failed)
build-and-test	Run flutter test --coverage	2025-07-30T14:32:01.2896789Z Failed to load "/home/runner/work/appoint/appoint/test/integration/app_integration_test.dart": Compilation failed for testPath=/home/runner/work/appoint/appoint/test/integration/app_integration_test.dart
build-and-test	Run flutter test --coverage	2025-07-30T14:32:01.2898540Z 
build-and-test	Run flutter test --coverage	2025-07-30T14:32:01.2899243Z ##[endgroup]
build-and-test	Run flutter test --coverage	2025-07-30T14:32:01.3638828Z ##[group]❌ loading /home/runner/work/appoint/appoint/test/widgets/login_screen_test.dart (failed after test completion)
build-and-test	Run flutter test --coverage	2025-07-30T14:32:01.3643277Z Error: the Dart compiler exited unexpectedly.
build-and-test	Run flutter test --coverage	2025-07-30T14:32:01.3646572Z package:flutter_tools/src/base/common.dart 10:3  throwToolExit
build-and-test	Run flutter test --coverage	2025-07-30T14:32:01.3647447Z package:flutter_tools/src/compile.dart 893:9     DefaultResidentCompiler._compile.<fn>
build-and-test	Run flutter test --coverage	2025-07-30T14:32:01.3648967Z dart:async/zone.dart 1422:47                     _rootRunUnary
build-and-test	Run flutter test --coverage	2025-07-30T14:32:01.3649799Z dart:async/future_impl.dart 902:45               Future._propagateToListeners.handleValueCallback
build-and-test	Run flutter test --coverage	2025-07-30T14:32:01.3650745Z dart:async/future_impl.dart 931:13               Future._propagateToListeners
build-and-test	Run flutter test --coverage	2025-07-30T14:32:01.3652109Z dart:async/future_impl.dart 827:9                Future._propagateToListeners
build-and-test	Run flutter test --coverage	2025-07-30T14:32:01.3653012Z dart:async/future_impl.dart 707:5                Future._completeWithValue
build-and-test	Run flutter test --coverage	2025-07-30T14:32:01.3653845Z dart:async/future_impl.dart 777:7                Future._asyncCompleteWithValue.<fn>
build-and-test	Run flutter test --coverage	2025-07-30T14:32:01.3654575Z dart:async/zone.dart 1414:13                     _rootRun
build-and-test	Run flutter test --coverage	2025-07-30T14:32:01.3655211Z dart:async/zone.dart 1317:19                     _CustomZone.run
build-and-test	Run flutter test --coverage	2025-07-30T14:32:01.3655905Z dart:async/zone.dart 1225:7                      _CustomZone.runGuarded
build-and-test	Run flutter test --coverage	2025-07-30T14:32:01.3656676Z dart:async/zone.dart 1265:23                     _CustomZone.bindCallbackGuarded.<fn>
build-and-test	Run flutter test --coverage	2025-07-30T14:32:01.3657471Z dart:async/schedule_microtask.dart 40:21         _microtaskLoop
build-and-test	Run flutter test --coverage	2025-07-30T14:32:01.3658198Z dart:async/schedule_microtask.dart 49:5          _startMicrotaskLoop
build-and-test	Run flutter test --coverage	2025-07-30T14:32:01.3659044Z dart:isolate-patch/isolate_patch.dart 118:13     _runPendingImmediateCallback
build-and-test	Run flutter test --coverage	2025-07-30T14:32:01.3659973Z dart:isolate-patch/isolate_patch.dart 185:5      _RawReceivePort._handleMessage
build-and-test	Run flutter test --coverage	2025-07-30T14:32:01.3660876Z ##[endgroup]
build-and-test	Run flutter test --coverage	2025-07-30T14:32:01.7440818Z ✅ /home/runner/work/appoint/appoint/test/test_setup_test.dart: setup loads without error
build-and-test	Run flutter test --coverage	2025-07-30T14:32:04.4076131Z test/firebase_test_helper.dart:11:48: Error: Type 'FirebaseAuth' not found.
build-and-test	Run flutter test --coverage	2025-07-30T14:32:04.4078373Z class MockFirebaseAuth extends Mock implements FirebaseAuth {}
build-and-test	Run flutter test --coverage	2025-07-30T14:32:04.4081413Z                                                ^^^^^^^^^^^^
build-and-test	Run flutter test --coverage	2025-07-30T14:32:04.4084352Z test/firebase_test_helper.dart:13:40: Error: Type 'User' not found.
build-and-test	Run flutter test --coverage	2025-07-30T14:32:04.4085053Z class MockUser extends Mock implements User {}
build-and-test	Run flutter test --coverage	2025-07-30T14:32:04.4085586Z                                        ^^^^
build-and-test	Run flutter test --coverage	2025-07-30T14:32:04.4086319Z test/firebase_test_helper.dart:15:50: Error: Type 'UserCredential' not found.
build-and-test	Run flutter test --coverage	2025-07-30T14:32:04.4087238Z class MockUserCredential extends Mock implements UserCredential {}
build-and-test	Run flutter test --coverage	2025-07-30T14:32:04.4088048Z                                                  ^^^^^^^^^^^^^^
build-and-test	Run flutter test --coverage	2025-07-30T14:32:04.6160799Z test/firebase_test_helper.dart:78:25: Error: The getter 'uid' isn't defined for the class 'MockUser'.
build-and-test	Run flutter test --coverage	2025-07-30T14:32:04.6162498Z  - 'MockUser' is from 'test/firebase_test_helper.dart'.
build-and-test	Run flutter test --coverage	2025-07-30T14:32:04.6163607Z Try correcting the name to the name of an existing getter, or defining a getter or field named 'uid'.
build-and-test	Run flutter test --coverage	2025-07-30T14:32:04.6164435Z     when(() => mockUser.uid).thenReturn('test-user-id');
build-and-test	Run flutter test --coverage	2025-07-30T14:32:04.6164893Z                         ^^^
build-and-test	Run flutter test --coverage	2025-07-30T14:32:04.6165576Z test/firebase_test_helper.dart:79:25: Error: The getter 'email' isn't defined for the class 'MockUser'.
build-and-test	Run flutter test --coverage	2025-07-30T14:32:04.6166440Z  - 'MockUser' is from 'test/firebase_test_helper.dart'.
build-and-test	Run flutter test --coverage	2025-07-30T14:32:04.6167262Z Try correcting the name to the name of an existing getter, or defining a getter or field named 'email'.
build-and-test	Run flutter test --coverage	2025-07-30T14:32:04.6168101Z     when(() => mockUser.email).thenReturn('test@example.com');
build-and-test	Run flutter test --coverage	2025-07-30T14:32:04.6168608Z                         ^^^^^
build-and-test	Run flutter test --coverage	2025-07-30T14:32:04.6169333Z test/firebase_test_helper.dart:80:25: Error: The getter 'displayName' isn't defined for the class 'MockUser'.
build-and-test	Run flutter test --coverage	2025-07-30T14:32:04.6170232Z  - 'MockUser' is from 'test/firebase_test_helper.dart'.
build-and-test	Run flutter test --coverage	2025-07-30T14:32:04.6171074Z Try correcting the name to the name of an existing getter, or defining a getter or field named 'displayName'.
build-and-test	Run flutter test --coverage	2025-07-30T14:32:04.6172169Z     when(() => mockUser.displayName).thenReturn('Test User');
build-and-test	Run flutter test --coverage	2025-07-30T14:32:04.6172678Z                         ^^^^^^^^^^^
build-and-test	Run flutter test --coverage	2025-07-30T14:32:04.6173449Z test/firebase_test_helper.dart:81:25: Error: The getter 'photoURL' isn't defined for the class 'MockUser'.
build-and-test	Run flutter test --coverage	2025-07-30T14:32:04.6174777Z  - 'MockUser' is from 'test/firebase_test_helper.dart'.
build-and-test	Run flutter test --coverage	2025-07-30T14:32:04.6175618Z Try correcting the name to the name of an existing getter, or defining a getter or field named 'photoURL'.
build-and-test	Run flutter test --coverage	2025-07-30T14:32:04.6176578Z     when(() => mockUser.photoURL).thenReturn('https://example.com/photo.jpg');
build-and-test	Run flutter test --coverage	2025-07-30T14:32:04.6177451Z                         ^^^^^^^^
build-and-test	Run flutter test --coverage	2025-07-30T14:32:04.6178195Z test/firebase_test_helper.dart:82:25: Error: The getter 'isAnonymous' isn't defined for the class 'MockUser'.
build-and-test	Run flutter test --coverage	2025-07-30T14:32:04.6179070Z  - 'MockUser' is from 'test/firebase_test_helper.dart'.
build-and-test	Run flutter test --coverage	2025-07-30T14:32:04.6179914Z Try correcting the name to the name of an existing getter, or defining a getter or field named 'isAnonymous'.
build-and-test	Run flutter test --coverage	2025-07-30T14:32:04.6180741Z     when(() => mockUser.isAnonymous).thenReturn(false);
build-and-test	Run flutter test --coverage	2025-07-30T14:32:04.6181210Z                         ^^^^^^^^^^^
build-and-test	Run flutter test --coverage	2025-07-30T14:32:04.6182216Z test/firebase_test_helper.dart:83:25: Error: The getter 'emailVerified' isn't defined for the class 'MockUser'.
build-and-test	Run flutter test --coverage	2025-07-30T14:32:04.6183123Z  - 'MockUser' is from 'test/firebase_test_helper.dart'.
build-and-test	Run flutter test --coverage	2025-07-30T14:32:04.6183975Z Try correcting the name to the name of an existing getter, or defining a getter or field named 'emailVerified'.
build-and-test	Run flutter test --coverage	2025-07-30T14:32:04.6184595Z     when(() => mockUser.emailVerified).thenReturn(true);
build-and-test	Run flutter test --coverage	2025-07-30T14:32:04.6184877Z                         ^^^^^^^^^^^^^
build-and-test	Run flutter test --coverage	2025-07-30T14:32:04.6185296Z test/firebase_test_helper.dart:86:35: Error: The getter 'user' isn't defined for the class 'MockUserCredential'.
build-and-test	Run flutter test --coverage	2025-07-30T14:32:04.6185833Z  - 'MockUserCredential' is from 'test/firebase_test_helper.dart'.
build-and-test	Run flutter test --coverage	2025-07-30T14:32:04.6186326Z Try correcting the name to the name of an existing getter, or defining a getter or field named 'user'.
build-and-test	Run flutter test --coverage	2025-07-30T14:32:04.6186780Z     when(() => mockUserCredential.user).thenReturn(mockUser);
build-and-test	Run flutter test --coverage	2025-07-30T14:32:04.6187060Z                                   ^^^^
build-and-test	Run flutter test --coverage	2025-07-30T14:32:04.6187520Z test/firebase_test_helper.dart:89:25: Error: The getter 'currentUser' isn't defined for the class 'MockFirebaseAuth'.
build-and-test	Run flutter test --coverage	2025-07-30T14:32:04.6188058Z  - 'MockFirebaseAuth' is from 'test/firebase_test_helper.dart'.
build-and-test	Run flutter test --coverage	2025-07-30T14:32:04.6188550Z Try correcting the name to the name of an existing getter, or defining a getter or field named 'currentUser'.
build-and-test	Run flutter test --coverage	2025-07-30T14:32:04.6189006Z     when(() => mockAuth.currentUser).thenReturn(mockUser);
build-and-test	Run flutter test --coverage	2025-07-30T14:32:04.6189283Z                         ^^^^^^^^^^^
build-and-test	Run flutter test --coverage	2025-07-30T14:32:04.6189739Z test/firebase_test_helper.dart:90:25: Error: The method 'authStateChanges' isn't defined for the class 'MockFirebaseAuth'.
build-and-test	Run flutter test --coverage	2025-07-30T14:32:04.6190276Z  - 'MockFirebaseAuth' is from 'test/firebase_test_helper.dart'.
build-and-test	Run flutter test --coverage	2025-07-30T14:32:04.6190791Z Try correcting the name to the name of an existing method, or defining a method named 'authStateChanges'.
build-and-test	Run flutter test --coverage	2025-07-30T14:32:04.6191214Z     when(() => mockAuth.authStateChanges())
build-and-test	Run flutter test --coverage	2025-07-30T14:32:04.6191456Z                         ^^^^^^^^^^^^^^^^
build-and-test	Run flutter test --coverage	2025-07-30T14:32:04.6192043Z test/firebase_test_helper.dart:92:25: Error: The method 'userChanges' isn't defined for the class 'MockFirebaseAuth'.
build-and-test	Run flutter test --coverage	2025-07-30T14:32:04.6192562Z  - 'MockFirebaseAuth' is from 'test/firebase_test_helper.dart'.
build-and-test	Run flutter test --coverage	2025-07-30T14:32:04.6193015Z Try correcting the name to the name of an existing method, or defining a method named 'userChanges'.
build-and-test	Run flutter test --coverage	2025-07-30T14:32:04.6193428Z     when(() => mockAuth.userChanges())
build-and-test	Run flutter test --coverage	2025-07-30T14:32:04.6193655Z                         ^^^^^^^^^^^
build-and-test	Run flutter test --coverage	2025-07-30T14:32:04.6194133Z test/firebase_test_helper.dart:94:25: Error: The method 'signInWithEmailAndPassword' isn't defined for the class 'MockFirebaseAuth'.
build-and-test	Run flutter test --coverage	2025-07-30T14:32:04.6194712Z  - 'MockFirebaseAuth' is from 'test/firebase_test_helper.dart'.
build-and-test	Run flutter test --coverage	2025-07-30T14:32:04.6195211Z Try correcting the name to the name of an existing method, or defining a method named 'signInWithEmailAndPassword'.
build-and-test	Run flutter test --coverage	2025-07-30T14:32:04.6195721Z     when(() => mockAuth.signInWithEmailAndPassword(any(), any()))
build-and-test	Run flutter test --coverage	2025-07-30T14:32:04.6196017Z                         ^^^^^^^^^^^^^^^^^^^^^^^^^^
build-and-test	Run flutter test --coverage	2025-07-30T14:32:04.6196543Z test/firebase_test_helper.dart:96:25: Error: The method 'createUserWithEmailAndPassword' isn't defined for the class 'MockFirebaseAuth'.
build-and-test	Run flutter test --coverage	2025-07-30T14:32:04.6197317Z  - 'MockFirebaseAuth' is from 'test/firebase_test_helper.dart'.
build-and-test	Run flutter test --coverage	2025-07-30T14:32:04.6197831Z Try correcting the name to the name of an existing method, or defining a method named 'createUserWithEmailAndPassword'.
build-and-test	Run flutter test --coverage	2025-07-30T14:32:04.6198489Z     when(() => mockAuth.createUserWithEmailAndPassword(any(), any()))
build-and-test	Run flutter test --coverage	2025-07-30T14:32:04.6198801Z                         ^^^^^^^^^^^^^^^^^^^^^^^^^^^^^^
build-and-test	Run flutter test --coverage	2025-07-30T14:32:04.6199234Z test/firebase_test_helper.dart:98:25: Error: The method 'signOut' isn't defined for the class 'MockFirebaseAuth'.
build-and-test	Run flutter test --coverage	2025-07-30T14:32:04.6199731Z  - 'MockFirebaseAuth' is from 'test/firebase_test_helper.dart'.
build-and-test	Run flutter test --coverage	2025-07-30T14:32:04.6200166Z Try correcting the name to the name of an existing method, or defining a method named 'signOut'.
build-and-test	Run flutter test --coverage	2025-07-30T14:32:04.6200595Z     when(() => mockAuth.signOut()).thenAnswer((_) async {});
build-and-test	Run flutter test --coverage	2025-07-30T14:32:04.6200863Z                         ^^^^^^^
build-and-test	Run flutter test --coverage	2025-07-30T14:32:04.6201458Z test/firebase_test_helper.dart:108:60: Error: The argument type 'MockCollectionReference' can't be assigned to the parameter type 'CollectionReference<Map<String, dynamic>>'.
build-and-test	Run flutter test --coverage	2025-07-30T14:32:04.6202319Z  - 'MockCollectionReference' is from 'test/firebase_test_helper.dart'.
build-and-test	Run flutter test --coverage	2025-07-30T14:32:04.6203044Z  - 'CollectionReference' is from 'package:cloud_firestore/cloud_firestore.dart' ('../../../.pub-cache/hosted/pub.dev/cloud_firestore-5.6.11/lib/cloud_firestore.dart').
build-and-test	Run flutter test --coverage	2025-07-30T14:32:04.6203656Z  - 'Map' is from 'dart:core'.
build-and-test	Run flutter test --coverage	2025-07-30T14:32:04.6203969Z     when(() => mockFirestore.collection(any())).thenReturn(mockCollection);
build-and-test	Run flutter test --coverage	2025-07-30T14:32:04.6204309Z                                                            ^
build-and-test	Run flutter test --coverage	2025-07-30T14:32:04.6204885Z test/firebase_test_helper.dart:132:52: Error: A value of type 'MockDocumentSnapshot' can't be assigned to a variable of type 'QueryDocumentSnapshot<Object?>'.
build-and-test	Run flutter test --coverage	2025-07-30T14:32:04.6205547Z  - 'MockDocumentSnapshot' is from 'test/firebase_test_helper.dart'.
build-and-test	Run flutter test --coverage	2025-07-30T14:32:04.6206262Z  - 'QueryDocumentSnapshot' is from 'package:cloud_firestore/cloud_firestore.dart' ('../../../.pub-cache/hosted/pub.dev/cloud_firestore-5.6.11/lib/cloud_firestore.dart').
build-and-test	Run flutter test --coverage	2025-07-30T14:32:04.6206880Z  - 'Object' is from 'dart:core'.
build-and-test	Run flutter test --coverage	2025-07-30T14:32:04.6207209Z     when(() => mockQuerySnapshot.docs).thenReturn([mockDocumentSnapshot]);
build-and-test	Run flutter test --coverage	2025-07-30T14:32:04.6207543Z                                                    ^
build-and-test	Run flutter test --coverage	2025-07-30T14:32:05.0835827Z ##[group]❌ loading /home/runner/work/appoint/appoint/test/integration/full_flow_test.dart (failed)
build-and-test	Run flutter test --coverage	2025-07-30T14:32:05.0837950Z Failed to load "/home/runner/work/appoint/appoint/test/integration/full_flow_test.dart": Compilation failed for testPath=/home/runner/work/appoint/appoint/test/integration/full_flow_test.dart
build-and-test	Run flutter test --coverage	2025-07-30T14:32:05.0839545Z 
build-and-test	Run flutter test --coverage	2025-07-30T14:32:05.0842190Z ##[endgroup]
build-and-test	Run flutter test --coverage	2025-07-30T14:32:05.1204364Z ##[group]❌ loading /home/runner/work/appoint/appoint/test/widgets/login_screen_test.dart (failed after test completion)
build-and-test	Run flutter test --coverage	2025-07-30T14:32:05.1205007Z Error: the Dart compiler exited unexpectedly.
build-and-test	Run flutter test --coverage	2025-07-30T14:32:05.1206479Z package:flutter_tools/src/base/common.dart 10:3  throwToolExit
build-and-test	Run flutter test --coverage	2025-07-30T14:32:05.1207295Z package:flutter_tools/src/compile.dart 893:9     DefaultResidentCompiler._compile.<fn>
build-and-test	Run flutter test --coverage	2025-07-30T14:32:05.1208073Z dart:async/zone.dart 1422:47                     _rootRunUnary
build-and-test	Run flutter test --coverage	2025-07-30T14:32:05.1208831Z dart:async/future_impl.dart 902:45               Future._propagateToListeners.handleValueCallback
build-and-test	Run flutter test --coverage	2025-07-30T14:32:05.1209643Z dart:async/future_impl.dart 931:13               Future._propagateToListeners
build-and-test	Run flutter test --coverage	2025-07-30T14:32:05.1210071Z dart:async/future_impl.dart 827:9                Future._propagateToListeners
build-and-test	Run flutter test --coverage	2025-07-30T14:32:05.1210506Z dart:async/future_impl.dart 707:5                Future._completeWithValue
build-and-test	Run flutter test --coverage	2025-07-30T14:32:05.1210935Z dart:async/future_impl.dart 777:7                Future._asyncCompleteWithValue.<fn>
build-and-test	Run flutter test --coverage	2025-07-30T14:32:05.1211330Z dart:async/zone.dart 1414:13                     _rootRun
build-and-test	Run flutter test --coverage	2025-07-30T14:32:05.1212272Z dart:async/zone.dart 1317:19                     _CustomZone.run
build-and-test	Run flutter test --coverage	2025-07-30T14:32:05.1212645Z dart:async/zone.dart 1225:7                      _CustomZone.runGuarded
build-and-test	Run flutter test --coverage	2025-07-30T14:32:05.1213055Z dart:async/zone.dart 1265:23                     _CustomZone.bindCallbackGuarded.<fn>
build-and-test	Run flutter test --coverage	2025-07-30T14:32:05.1213600Z dart:async/schedule_microtask.dart 40:21         _microtaskLoop
build-and-test	Run flutter test --coverage	2025-07-30T14:32:05.1213984Z dart:async/schedule_microtask.dart 49:5          _startMicrotaskLoop
build-and-test	Run flutter test --coverage	2025-07-30T14:32:05.1214429Z dart:isolate-patch/isolate_patch.dart 118:13     _runPendingImmediateCallback
build-and-test	Run flutter test --coverage	2025-07-30T14:32:05.1214925Z dart:isolate-patch/isolate_patch.dart 185:5      _RawReceivePort._handleMessage
build-and-test	Run flutter test --coverage	2025-07-30T14:32:05.1215408Z ##[endgroup]
build-and-test	Run flutter test --coverage	2025-07-30T14:32:07.9963474Z test/firebase_test_helper.dart:11:48: Error: Type 'FirebaseAuth' not found.
build-and-test	Run flutter test --coverage	2025-07-30T14:32:07.9966082Z class MockFirebaseAuth extends Mock implements FirebaseAuth {}
build-and-test	Run flutter test --coverage	2025-07-30T14:32:07.9967009Z                                                ^^^^^^^^^^^^
build-and-test	Run flutter test --coverage	2025-07-30T14:32:07.9967843Z test/firebase_test_helper.dart:13:40: Error: Type 'User' not found.
build-and-test	Run flutter test --coverage	2025-07-30T14:32:07.9969590Z class MockUser extends Mock implements User {}
build-and-test	Run flutter test --coverage	2025-07-30T14:32:07.9970028Z                                        ^^^^
build-and-test	Run flutter test --coverage	2025-07-30T14:32:07.9970579Z test/firebase_test_helper.dart:15:50: Error: Type 'UserCredential' not found.
build-and-test	Run flutter test --coverage	2025-07-30T14:32:07.9971296Z class MockUserCredential extends Mock implements UserCredential {}
build-and-test	Run flutter test --coverage	2025-07-30T14:32:07.9972062Z                                                  ^^^^^^^^^^^^^^
build-and-test	Run flutter test --coverage	2025-07-30T14:32:08.2020711Z test/family_integration_test.dart:22:7: Error: Setter not found: 'json'.
build-and-test	Run flutter test --coverage	2025-07-30T14:32:08.2022582Z       json = link.toJson();
build-and-test	Run flutter test --coverage	2025-07-30T14:32:08.2022970Z       ^^^^
build-and-test	Run flutter test --coverage	2025-07-30T14:32:08.2023480Z test/family_integration_test.dart:23:38: Error: Undefined name 'json'.
build-and-test	Run flutter test --coverage	2025-07-30T14:32:08.2024236Z       fromJson = FamilyLink.fromJson(json);
build-and-test	Run flutter test --coverage	2025-07-30T14:32:08.2024756Z                                      ^^^^
build-and-test	Run flutter test --coverage	2025-07-30T14:32:08.2025512Z test/family_integration_test.dart:23:7: Error: Setter not found: 'fromJson'.
build-and-test	Run flutter test --coverage	2025-07-30T14:32:08.2026318Z       fromJson = FamilyLink.fromJson(json);
build-and-test	Run flutter test --coverage	2025-07-30T14:32:08.2026772Z       ^^^^^^^^
build-and-test	Run flutter test --coverage	2025-07-30T14:32:08.2027322Z test/family_integration_test.dart:25:14: Error: Undefined name 'fromJson'.
build-and-test	Run flutter test --coverage	2025-07-30T14:32:08.2028036Z       expect(fromJson.id, equals(link.id));
build-and-test	Run flutter test --coverage	2025-07-30T14:32:08.2028452Z              ^^^^^^^^
build-and-test	Run flutter test --coverage	2025-07-30T14:32:08.2029182Z test/family_integration_test.dart:26:14: Error: Undefined name 'fromJson'.
build-and-test	Run flutter test --coverage	2025-07-30T14:32:08.2029996Z       expect(fromJson.parentId, equals(link.parentId));
build-and-test	Run flutter test --coverage	2025-07-30T14:32:08.2030508Z              ^^^^^^^^
build-and-test	Run flutter test --coverage	2025-07-30T14:32:08.2031066Z test/family_integration_test.dart:27:14: Error: Undefined name 'fromJson'.
build-and-test	Run flutter test --coverage	2025-07-30T14:32:08.2031916Z       expect(fromJson.childId, equals(link.childId));
build-and-test	Run flutter test --coverage	2025-07-30T14:32:08.2032221Z              ^^^^^^^^
build-and-test	Run flutter test --coverage	2025-07-30T14:32:08.2032540Z test/family_integration_test.dart:28:14: Error: Undefined name 'fromJson'.
build-and-test	Run flutter test --coverage	2025-07-30T14:32:08.2032975Z       expect(fromJson.status, equals(link.status));
build-and-test	Run flutter test --coverage	2025-07-30T14:32:08.2033250Z              ^^^^^^^^
build-and-test	Run flutter test --coverage	2025-07-30T14:32:08.2033765Z test/family_integration_test.dart:19:22: Error: The argument type 'List<dynamic>' can't be assigned to the parameter type 'DateTime?'.
build-and-test	Run flutter test --coverage	2025-07-30T14:32:08.2034362Z  - 'List' is from 'dart:core'.
build-and-test	Run flutter test --coverage	2025-07-30T14:32:08.2034608Z  - 'DateTime' is from 'dart:core'.
build-and-test	Run flutter test --coverage	2025-07-30T14:32:08.2034856Z         consentedAt: [],
build-and-test	Run flutter test --coverage	2025-07-30T14:32:08.2035057Z                      ^
build-and-test	Run flutter test --coverage	2025-07-30T14:32:08.2035567Z test/family_integration_test.dart:38:22: Error: The argument type 'List<dynamic>' can't be assigned to the parameter type 'DateTime?'.
build-and-test	Run flutter test --coverage	2025-07-30T14:32:08.2036147Z  - 'List' is from 'dart:core'.
build-and-test	Run flutter test --coverage	2025-07-30T14:32:08.2036388Z  - 'DateTime' is from 'dart:core'.
build-and-test	Run flutter test --coverage	2025-07-30T14:32:08.2036616Z         consentedAt: [],
build-and-test	Run flutter test --coverage	2025-07-30T14:32:08.2036808Z                      ^
build-and-test	Run flutter test --coverage	2025-07-30T14:32:08.2037274Z test/family_integration_test.dart:47:22: Error: The argument type 'List<DateTime>' can't be assigned to the parameter type 'DateTime?'.
build-and-test	Run flutter test --coverage	2025-07-30T14:32:08.2038126Z  - 'List' is from 'dart:core'.
build-and-test	Run flutter test --coverage	2025-07-30T14:32:08.2038346Z  - 'DateTime' is from 'dart:core'.
build-and-test	Run flutter test --coverage	2025-07-30T14:32:08.2038589Z         consentedAt: [DateTime.now()],
build-and-test	Run flutter test --coverage	2025-07-30T14:32:08.2038995Z                      ^
build-and-test	Run flutter test --coverage	2025-07-30T14:32:08.2039433Z test/family_integration_test.dart:61:22: Error: The argument type 'List<dynamic>' can't be assigned to the parameter type 'DateTime?'.
build-and-test	Run flutter test --coverage	2025-07-30T14:32:08.2040094Z  - 'List' is from 'dart:core'.
build-and-test	Run flutter test --coverage	2025-07-30T14:32:08.2040475Z  - 'DateTime' is from 'dart:core'.
build-and-test	Run flutter test --coverage	2025-07-30T14:32:08.2040873Z         consentedAt: [],
build-and-test	Run flutter test --coverage	2025-07-30T14:32:08.2041209Z                      ^
build-and-test	Run flutter test --coverage	2025-07-30T14:32:08.2042034Z test/firebase_test_helper.dart:78:25: Error: The getter 'uid' isn't defined for the class 'MockUser'.
build-and-test	Run flutter test --coverage	2025-07-30T14:32:08.2042871Z  - 'MockUser' is from 'test/firebase_test_helper.dart'.
build-and-test	Run flutter test --coverage	2025-07-30T14:32:08.2044142Z Try correcting the name to the name of an existing getter, or defining a getter or field named 'uid'.
build-and-test	Run flutter test --coverage	2025-07-30T14:32:08.2044626Z     when(() => mockUser.uid).thenReturn('test-user-id');
build-and-test	Run flutter test --coverage	2025-07-30T14:32:08.2044894Z                         ^^^
build-and-test	Run flutter test --coverage	2025-07-30T14:32:08.2045282Z test/firebase_test_helper.dart:79:25: Error: The getter 'email' isn't defined for the class 'MockUser'.
build-and-test	Run flutter test --coverage	2025-07-30T14:32:08.2045756Z  - 'MockUser' is from 'test/firebase_test_helper.dart'.
build-and-test	Run flutter test --coverage	2025-07-30T14:32:08.2046190Z Try correcting the name to the name of an existing getter, or defining a getter or field named 'email'.
build-and-test	Run flutter test --coverage	2025-07-30T14:32:08.2046648Z     when(() => mockUser.email).thenReturn('test@example.com');
build-and-test	Run flutter test --coverage	2025-07-30T14:32:08.2046928Z                         ^^^^^
build-and-test	Run flutter test --coverage	2025-07-30T14:32:08.2049683Z test/firebase_test_helper.dart:80:25: Error: The getter 'displayName' isn't defined for the class 'MockUser'.
build-and-test	Run flutter test --coverage	2025-07-30T14:32:08.2050787Z  - 'MockUser' is from 'test/firebase_test_helper.dart'.
build-and-test	Run flutter test --coverage	2025-07-30T14:32:08.2051970Z Try correcting the name to the name of an existing getter, or defining a getter or field named 'displayName'.
build-and-test	Run flutter test --coverage	2025-07-30T14:32:08.2053159Z     when(() => mockUser.displayName).thenReturn('Test User');
build-and-test	Run flutter test --coverage	2025-07-30T14:32:08.2053894Z                         ^^^^^^^^^^^
build-and-test	Run flutter test --coverage	2025-07-30T14:32:08.2055887Z test/firebase_test_helper.dart:81:25: Error: The getter 'photoURL' isn't defined for the class 'MockUser'.
build-and-test	Run flutter test --coverage	2025-07-30T14:32:08.2056786Z  - 'MockUser' is from 'test/firebase_test_helper.dart'.
build-and-test	Run flutter test --coverage	2025-07-30T14:32:08.2057628Z Try correcting the name to the name of an existing getter, or defining a getter or field named 'photoURL'.
build-and-test	Run flutter test --coverage	2025-07-30T14:32:08.2058612Z     when(() => mockUser.photoURL).thenReturn('https://example.com/photo.jpg');
build-and-test	Run flutter test --coverage	2025-07-30T14:32:08.2060681Z                         ^^^^^^^^
build-and-test	Run flutter test --coverage	2025-07-30T14:32:08.2062823Z test/firebase_test_helper.dart:82:25: Error: The getter 'isAnonymous' isn't defined for the class 'MockUser'.
build-and-test	Run flutter test --coverage	2025-07-30T14:32:08.2065069Z  - 'MockUser' is from 'test/firebase_test_helper.dart'.
build-and-test	Run flutter test --coverage	2025-07-30T14:32:08.2066748Z Try correcting the name to the name of an existing getter, or defining a getter or field named 'isAnonymous'.
build-and-test	Run flutter test --coverage	2025-07-30T14:32:08.2069307Z     when(() => mockUser.isAnonymous).thenReturn(false);
build-and-test	Run flutter test --coverage	2025-07-30T14:32:08.2069767Z                         ^^^^^^^^^^^
build-and-test	Run flutter test --coverage	2025-07-30T14:32:08.2070295Z test/firebase_test_helper.dart:83:25: Error: The getter 'emailVerified' isn't defined for the class 'MockUser'.
build-and-test	Run flutter test --coverage	2025-07-30T14:32:08.2070806Z  - 'MockUser' is from 'test/firebase_test_helper.dart'.
build-and-test	Run flutter test --coverage	2025-07-30T14:32:08.2071267Z Try correcting the name to the name of an existing getter, or defining a getter or field named 'emailVerified'.
build-and-test	Run flutter test --coverage	2025-07-30T14:32:08.2071877Z     when(() => mockUser.emailVerified).thenReturn(true);
build-and-test	Run flutter test --coverage	2025-07-30T14:32:08.2072144Z                         ^^^^^^^^^^^^^
build-and-test	Run flutter test --coverage	2025-07-30T14:32:08.2072567Z test/firebase_test_helper.dart:86:35: Error: The getter 'user' isn't defined for the class 'MockUserCredential'.
build-and-test	Run flutter test --coverage	2025-07-30T14:32:08.2073079Z  - 'MockUserCredential' is from 'test/firebase_test_helper.dart'.
build-and-test	Run flutter test --coverage	2025-07-30T14:32:08.2073551Z Try correcting the name to the name of an existing getter, or defining a getter or field named 'user'.
build-and-test	Run flutter test --coverage	2025-07-30T14:32:08.2074220Z     when(() => mockUserCredential.user).thenReturn(mockUser);
build-and-test	Run flutter test --coverage	2025-07-30T14:32:08.2074497Z                                   ^^^^
build-and-test	Run flutter test --coverage	2025-07-30T14:32:08.2074936Z test/firebase_test_helper.dart:89:25: Error: The getter 'currentUser' isn't defined for the class 'MockFirebaseAuth'.
build-and-test	Run flutter test --coverage	2025-07-30T14:32:08.2075586Z  - 'MockFirebaseAuth' is from 'test/firebase_test_helper.dart'.
build-and-test	Run flutter test --coverage	2025-07-30T14:32:08.2076073Z Try correcting the name to the name of an existing getter, or defining a getter or field named 'currentUser'.
build-and-test	Run flutter test --coverage	2025-07-30T14:32:08.2076537Z     when(() => mockAuth.currentUser).thenReturn(mockUser);
build-and-test	Run flutter test --coverage	2025-07-30T14:32:08.2076803Z                         ^^^^^^^^^^^
build-and-test	Run flutter test --coverage	2025-07-30T14:32:08.2077270Z test/firebase_test_helper.dart:90:25: Error: The method 'authStateChanges' isn't defined for the class 'MockFirebaseAuth'.
build-and-test	Run flutter test --coverage	2025-07-30T14:32:08.2077809Z  - 'MockFirebaseAuth' is from 'test/firebase_test_helper.dart'.
build-and-test	Run flutter test --coverage	2025-07-30T14:32:08.2078289Z Try correcting the name to the name of an existing method, or defining a method named 'authStateChanges'.
build-and-test	Run flutter test --coverage	2025-07-30T14:32:08.2078714Z     when(() => mockAuth.authStateChanges())
build-and-test	Run flutter test --coverage	2025-07-30T14:32:08.2078950Z                         ^^^^^^^^^^^^^^^^
build-and-test	Run flutter test --coverage	2025-07-30T14:32:08.2079392Z test/firebase_test_helper.dart:92:25: Error: The method 'userChanges' isn't defined for the class 'MockFirebaseAuth'.
build-and-test	Run flutter test --coverage	2025-07-30T14:32:08.2079900Z  - 'MockFirebaseAuth' is from 'test/firebase_test_helper.dart'.
build-and-test	Run flutter test --coverage	2025-07-30T14:32:08.2080358Z Try correcting the name to the name of an existing method, or defining a method named 'userChanges'.
build-and-test	Run flutter test --coverage	2025-07-30T14:32:08.2080760Z     when(() => mockAuth.userChanges())
build-and-test	Run flutter test --coverage	2025-07-30T14:32:08.2080988Z                         ^^^^^^^^^^^
build-and-test	Run flutter test --coverage	2025-07-30T14:32:08.2081468Z test/firebase_test_helper.dart:94:25: Error: The method 'signInWithEmailAndPassword' isn't defined for the class 'MockFirebaseAuth'.
build-and-test	Run flutter test --coverage	2025-07-30T14:32:08.2082163Z  - 'MockFirebaseAuth' is from 'test/firebase_test_helper.dart'.
build-and-test	Run flutter test --coverage	2025-07-30T14:32:08.2082671Z Try correcting the name to the name of an existing method, or defining a method named 'signInWithEmailAndPassword'.
build-and-test	Run flutter test --coverage	2025-07-30T14:32:08.2083173Z     when(() => mockAuth.signInWithEmailAndPassword(any(), any()))
build-and-test	Run flutter test --coverage	2025-07-30T14:32:08.2083474Z                         ^^^^^^^^^^^^^^^^^^^^^^^^^^
build-and-test	Run flutter test --coverage	2025-07-30T14:32:08.2084018Z test/firebase_test_helper.dart:96:25: Error: The method 'createUserWithEmailAndPassword' isn't defined for the class 'MockFirebaseAuth'.
build-and-test	Run flutter test --coverage	2025-07-30T14:32:08.2084600Z  - 'MockFirebaseAuth' is from 'test/firebase_test_helper.dart'.
build-and-test	Run flutter test --coverage	2025-07-30T14:32:08.2085127Z Try correcting the name to the name of an existing method, or defining a method named 'createUserWithEmailAndPassword'.
build-and-test	Run flutter test --coverage	2025-07-30T14:32:08.2085657Z     when(() => mockAuth.createUserWithEmailAndPassword(any(), any()))
build-and-test	Run flutter test --coverage	2025-07-30T14:32:08.2085974Z                         ^^^^^^^^^^^^^^^^^^^^^^^^^^^^^^
build-and-test	Run flutter test --coverage	2025-07-30T14:32:08.2086405Z test/firebase_test_helper.dart:98:25: Error: The method 'signOut' isn't defined for the class 'MockFirebaseAuth'.
build-and-test	Run flutter test --coverage	2025-07-30T14:32:08.2086907Z  - 'MockFirebaseAuth' is from 'test/firebase_test_helper.dart'.
build-and-test	Run flutter test --coverage	2025-07-30T14:32:08.2087349Z Try correcting the name to the name of an existing method, or defining a method named 'signOut'.
build-and-test	Run flutter test --coverage	2025-07-30T14:32:08.2087772Z     when(() => mockAuth.signOut()).thenAnswer((_) async {});
build-and-test	Run flutter test --coverage	2025-07-30T14:32:08.2088043Z                         ^^^^^^^
build-and-test	Run flutter test --coverage	2025-07-30T14:32:08.2088628Z test/firebase_test_helper.dart:108:60: Error: The argument type 'MockCollectionReference' can't be assigned to the parameter type 'CollectionReference<Map<String, dynamic>>'.
build-and-test	Run flutter test --coverage	2025-07-30T14:32:08.2089359Z  - 'MockCollectionReference' is from 'test/firebase_test_helper.dart'.
build-and-test	Run flutter test --coverage	2025-07-30T14:32:08.2090090Z  - 'CollectionReference' is from 'package:cloud_firestore/cloud_firestore.dart' ('../../../.pub-cache/hosted/pub.dev/cloud_firestore-5.6.11/lib/cloud_firestore.dart').
build-and-test	Run flutter test --coverage	2025-07-30T14:32:08.2090703Z  - 'Map' is from 'dart:core'.
build-and-test	Run flutter test --coverage	2025-07-30T14:32:08.2091022Z     when(() => mockFirestore.collection(any())).thenReturn(mockCollection);
build-and-test	Run flutter test --coverage	2025-07-30T14:32:08.2091630Z                                                            ^
build-and-test	Run flutter test --coverage	2025-07-30T14:32:08.2092219Z test/firebase_test_helper.dart:132:52: Error: A value of type 'MockDocumentSnapshot' can't be assigned to a variable of type 'QueryDocumentSnapshot<Object?>'.
build-and-test	Run flutter test --coverage	2025-07-30T14:32:08.2093001Z  - 'MockDocumentSnapshot' is from 'test/firebase_test_helper.dart'.
build-and-test	Run flutter test --coverage	2025-07-30T14:32:08.2093707Z  - 'QueryDocumentSnapshot' is from 'package:cloud_firestore/cloud_firestore.dart' ('../../../.pub-cache/hosted/pub.dev/cloud_firestore-5.6.11/lib/cloud_firestore.dart').
build-and-test	Run flutter test --coverage	2025-07-30T14:32:08.2094325Z  - 'Object' is from 'dart:core'.
build-and-test	Run flutter test --coverage	2025-07-30T14:32:08.2094640Z     when(() => mockQuerySnapshot.docs).thenReturn([mockDocumentSnapshot]);
build-and-test	Run flutter test --coverage	2025-07-30T14:32:08.2094974Z                                                    ^
build-and-test	Run flutter test --coverage	2025-07-30T14:32:08.6797593Z ##[group]❌ loading /home/runner/work/appoint/appoint/test/family_integration_test.dart (failed)
build-and-test	Run flutter test --coverage	2025-07-30T14:32:08.6799515Z Failed to load "/home/runner/work/appoint/appoint/test/family_integration_test.dart": Compilation failed for testPath=/home/runner/work/appoint/appoint/test/family_integration_test.dart
build-and-test	Run flutter test --coverage	2025-07-30T14:32:08.6801832Z 
build-and-test	Run flutter test --coverage	2025-07-30T14:32:08.6802484Z ##[endgroup]
build-and-test	Run flutter test --coverage	2025-07-30T14:32:08.7173510Z ##[group]❌ loading /home/runner/work/appoint/appoint/test/widgets/login_screen_test.dart (failed after test completion)
build-and-test	Run flutter test --coverage	2025-07-30T14:32:08.7174156Z Error: the Dart compiler exited unexpectedly.
build-and-test	Run flutter test --coverage	2025-07-30T14:32:08.7175727Z package:flutter_tools/src/base/common.dart 10:3  throwToolExit
build-and-test	Run flutter test --coverage	2025-07-30T14:32:08.7176233Z package:flutter_tools/src/compile.dart 893:9     DefaultResidentCompiler._compile.<fn>
build-and-test	Run flutter test --coverage	2025-07-30T14:32:08.7176684Z dart:async/zone.dart 1422:47                     _rootRunUnary
build-and-test	Run flutter test --coverage	2025-07-30T14:32:08.7177144Z dart:async/future_impl.dart 902:45               Future._propagateToListeners.handleValueCallback
build-and-test	Run flutter test --coverage	2025-07-30T14:32:08.7177651Z dart:async/future_impl.dart 931:13               Future._propagateToListeners
build-and-test	Run flutter test --coverage	2025-07-30T14:32:08.7178112Z dart:async/future_impl.dart 827:9                Future._propagateToListeners
build-and-test	Run flutter test --coverage	2025-07-30T14:32:08.7178538Z dart:async/future_impl.dart 707:5                Future._completeWithValue
build-and-test	Run flutter test --coverage	2025-07-30T14:32:08.7178978Z dart:async/future_impl.dart 777:7                Future._asyncCompleteWithValue.<fn>
build-and-test	Run flutter test --coverage	2025-07-30T14:32:08.7179379Z dart:async/zone.dart 1414:13                     _rootRun
build-and-test	Run flutter test --coverage	2025-07-30T14:32:08.7179710Z dart:async/zone.dart 1317:19                     _CustomZone.run
build-and-test	Run flutter test --coverage	2025-07-30T14:32:08.7180083Z dart:async/zone.dart 1225:7                      _CustomZone.runGuarded
build-and-test	Run flutter test --coverage	2025-07-30T14:32:08.7180495Z dart:async/zone.dart 1265:23                     _CustomZone.bindCallbackGuarded.<fn>
build-and-test	Run flutter test --coverage	2025-07-30T14:32:08.7180912Z dart:async/schedule_microtask.dart 40:21         _microtaskLoop
build-and-test	Run flutter test --coverage	2025-07-30T14:32:08.7181304Z dart:async/schedule_microtask.dart 49:5          _startMicrotaskLoop
build-and-test	Run flutter test --coverage	2025-07-30T14:32:08.7182330Z dart:isolate-patch/isolate_patch.dart 118:13     _runPendingImmediateCallback
build-and-test	Run flutter test --coverage	2025-07-30T14:32:08.7182831Z dart:isolate-patch/isolate_patch.dart 185:5      _RawReceivePort._handleMessage
build-and-test	Run flutter test --coverage	2025-07-30T14:32:08.7183330Z ##[endgroup]
build-and-test	Run flutter test --coverage	2025-07-30T14:32:11.6161373Z test/firebase_test_helper.dart:11:48: Error: Type 'FirebaseAuth' not found.
build-and-test	Run flutter test --coverage	2025-07-30T14:32:11.6164391Z class MockFirebaseAuth extends Mock implements FirebaseAuth {}
build-and-test	Run flutter test --coverage	2025-07-30T14:32:11.6165000Z                                                ^^^^^^^^^^^^
build-and-test	Run flutter test --coverage	2025-07-30T14:32:11.6165564Z test/firebase_test_helper.dart:13:40: Error: Type 'User' not found.
build-and-test	Run flutter test --coverage	2025-07-30T14:32:11.6166160Z class MockUser extends Mock implements User {}
build-and-test	Run flutter test --coverage	2025-07-30T14:32:11.6166561Z                                        ^^^^
build-and-test	Run flutter test --coverage	2025-07-30T14:32:11.6172998Z test/firebase_test_helper.dart:15:50: Error: Type 'UserCredential' not found.
build-and-test	Run flutter test --coverage	2025-07-30T14:32:11.6173765Z class MockUserCredential extends Mock implements UserCredential {}
build-and-test	Run flutter test --coverage	2025-07-30T14:32:11.6174316Z                                                  ^^^^^^^^^^^^^^
build-and-test	Run flutter test --coverage	2025-07-30T14:32:11.8340221Z test/services/error_handling_service_test.dart:232:7: Error: Setter not found: 'e'.
build-and-test	Run flutter test --coverage	2025-07-30T14:32:11.8341440Z       e = FirebaseAuthException(code: code);
build-and-test	Run flutter test --coverage	2025-07-30T14:32:11.8343264Z       ^
build-and-test	Run flutter test --coverage	2025-07-30T14:32:11.8343801Z test/services/error_handling_service_test.dart:233:54: Error: Undefined name 'e'.
build-and-test	Run flutter test --coverage	2025-07-30T14:32:11.8344845Z       result = service.getLocalizedFirebaseAuthError(e, l10n);
build-and-test	Run flutter test --coverage	2025-07-30T14:32:11.8345370Z                                                      ^
build-and-test	Run flutter test --coverage	2025-07-30T14:32:11.8346030Z test/services/error_handling_service_test.dart:233:7: Error: Setter not found: 'result'.
build-and-test	Run flutter test --coverage	2025-07-30T14:32:11.8346826Z       result = service.getLocalizedFirebaseAuthError(e, l10n);
build-and-test	Run flutter test --coverage	2025-07-30T14:32:11.8347326Z       ^^^^^^
build-and-test	Run flutter test --coverage	2025-07-30T14:32:11.8347867Z test/services/error_handling_service_test.dart:234:14: Error: Undefined name 'result'.
build-and-test	Run flutter test --coverage	2025-07-30T14:32:11.8348656Z       expect(result, expected, reason: 'Failed for code: $code');
build-and-test	Run flutter test --coverage	2025-07-30T14:32:11.8349140Z              ^^^^^^
build-and-test	Run flutter test --coverage	2025-07-30T14:32:11.8349684Z test/services/error_handling_service_test.dart:239:5: Error: Setter not found: 'e'.
build-and-test	Run flutter test --coverage	2025-07-30T14:32:11.8350418Z     e = FirebaseAuthException(code: 'some-unknown-code');
build-and-test	Run flutter test --coverage	2025-07-30T14:32:11.8350874Z     ^
build-and-test	Run flutter test --coverage	2025-07-30T14:32:11.8351276Z test/services/error_handling_service_test.dart:240:52: Error: Undefined name 'e'.
build-and-test	Run flutter test --coverage	2025-07-30T14:32:11.8352013Z     result = service.getLocalizedFirebaseAuthError(e, l10n);
build-and-test	Run flutter test --coverage	2025-07-30T14:32:11.8352349Z                                                    ^
build-and-test	Run flutter test --coverage	2025-07-30T14:32:11.8352760Z test/services/error_handling_service_test.dart:240:5: Error: Setter not found: 'result'.
build-and-test	Run flutter test --coverage	2025-07-30T14:32:11.8353238Z     result = service.getLocalizedFirebaseAuthError(e, l10n);
build-and-test	Run flutter test --coverage	2025-07-30T14:32:11.8353532Z     ^^^^^^
build-and-test	Run flutter test --coverage	2025-07-30T14:32:11.8353853Z test/services/error_handling_service_test.dart:241:12: Error: Undefined name 'result'.
build-and-test	Run flutter test --coverage	2025-07-30T14:32:11.8354279Z     expect(result, l10n.authErrorUnknown);
build-and-test	Run flutter test --coverage	2025-07-30T14:32:11.8354524Z            ^^^^^^
build-and-test	Run flutter test --coverage	2025-07-30T14:32:11.8369544Z test/firebase_test_helper.dart:78:25: Error: The getter 'uid' isn't defined for the class 'MockUser'.
build-and-test	Run flutter test --coverage	2025-07-30T14:32:11.8370408Z  - 'MockUser' is from 'test/firebase_test_helper.dart'.
build-and-test	Run flutter test --coverage	2025-07-30T14:32:11.8371234Z Try correcting the name to the name of an existing getter, or defining a getter or field named 'uid'.
build-and-test	Run flutter test --coverage	2025-07-30T14:32:11.8372251Z     when(() => mockUser.uid).thenReturn('test-user-id');
build-and-test	Run flutter test --coverage	2025-07-30T14:32:11.8372741Z                         ^^^
build-and-test	Run flutter test --coverage	2025-07-30T14:32:11.8373436Z test/firebase_test_helper.dart:79:25: Error: The getter 'email' isn't defined for the class 'MockUser'.
build-and-test	Run flutter test --coverage	2025-07-30T14:32:11.8374275Z  - 'MockUser' is from 'test/firebase_test_helper.dart'.
build-and-test	Run flutter test --coverage	2025-07-30T14:32:11.8375088Z Try correcting the name to the name of an existing getter, or defining a getter or field named 'email'.
build-and-test	Run flutter test --coverage	2025-07-30T14:32:11.8375922Z     when(() => mockUser.email).thenReturn('test@example.com');
build-and-test	Run flutter test --coverage	2025-07-30T14:32:11.8376428Z                         ^^^^^
build-and-test	Run flutter test --coverage	2025-07-30T14:32:11.8377336Z test/firebase_test_helper.dart:80:25: Error: The getter 'displayName' isn't defined for the class 'MockUser'.
build-and-test	Run flutter test --coverage	2025-07-30T14:32:11.8379545Z  - 'MockUser' is from 'test/firebase_test_helper.dart'.
build-and-test	Run flutter test --coverage	2025-07-30T14:32:11.8380463Z Try correcting the name to the name of an existing getter, or defining a getter or field named 'displayName'.
build-and-test	Run flutter test --coverage	2025-07-30T14:32:11.8381373Z     when(() => mockUser.displayName).thenReturn('Test User');
build-and-test	Run flutter test --coverage	2025-07-30T14:32:11.8382189Z                         ^^^^^^^^^^^
build-and-test	Run flutter test --coverage	2025-07-30T14:32:11.8382949Z test/firebase_test_helper.dart:81:25: Error: The getter 'photoURL' isn't defined for the class 'MockUser'.
build-and-test	Run flutter test --coverage	2025-07-30T14:32:11.8383912Z  - 'MockUser' is from 'test/firebase_test_helper.dart'.
build-and-test	Run flutter test --coverage	2025-07-30T14:32:11.8384776Z Try correcting the name to the name of an existing getter, or defining a getter or field named 'photoURL'.
build-and-test	Run flutter test --coverage	2025-07-30T14:32:11.8385814Z     when(() => mockUser.photoURL).thenReturn('https://example.com/photo.jpg');
build-and-test	Run flutter test --coverage	2025-07-30T14:32:11.8386456Z                         ^^^^^^^^
build-and-test	Run flutter test --coverage	2025-07-30T14:32:11.8387207Z test/firebase_test_helper.dart:82:25: Error: The getter 'isAnonymous' isn't defined for the class 'MockUser'.
build-and-test	Run flutter test --coverage	2025-07-30T14:32:11.8388431Z  - 'MockUser' is from 'test/firebase_test_helper.dart'.
build-and-test	Run flutter test --coverage	2025-07-30T14:32:11.8389323Z Try correcting the name to the name of an existing getter, or defining a getter or field named 'isAnonymous'.
build-and-test	Run flutter test --coverage	2025-07-30T14:32:11.8390459Z     when(() => mockUser.isAnonymous).thenReturn(false);
build-and-test	Run flutter test --coverage	2025-07-30T14:32:11.8390958Z                         ^^^^^^^^^^^
build-and-test	Run flutter test --coverage	2025-07-30T14:32:11.8391940Z test/firebase_test_helper.dart:83:25: Error: The getter 'emailVerified' isn't defined for the class 'MockUser'.
build-and-test	Run flutter test --coverage	2025-07-30T14:32:11.8392832Z  - 'MockUser' is from 'test/firebase_test_helper.dart'.
build-and-test	Run flutter test --coverage	2025-07-30T14:32:11.8393689Z Try correcting the name to the name of an existing getter, or defining a getter or field named 'emailVerified'.
build-and-test	Run flutter test --coverage	2025-07-30T14:32:11.8394569Z     when(() => mockUser.emailVerified).thenReturn(true);
build-and-test	Run flutter test --coverage	2025-07-30T14:32:11.8395058Z                         ^^^^^^^^^^^^^
build-and-test	Run flutter test --coverage	2025-07-30T14:32:11.8395835Z test/firebase_test_helper.dart:86:35: Error: The getter 'user' isn't defined for the class 'MockUserCredential'.
build-and-test	Run flutter test --coverage	2025-07-30T14:32:11.8396832Z  - 'MockUserCredential' is from 'test/firebase_test_helper.dart'.
build-and-test	Run flutter test --coverage	2025-07-30T14:32:11.8397696Z Try correcting the name to the name of an existing getter, or defining a getter or field named 'user'.
build-and-test	Run flutter test --coverage	2025-07-30T14:32:11.8398476Z     when(() => mockUserCredential.user).thenReturn(mockUser);
build-and-test	Run flutter test --coverage	2025-07-30T14:32:11.8398946Z                                   ^^^^
build-and-test	Run flutter test --coverage	2025-07-30T14:32:11.8399689Z test/firebase_test_helper.dart:89:25: Error: The getter 'currentUser' isn't defined for the class 'MockFirebaseAuth'.
build-and-test	Run flutter test --coverage	2025-07-30T14:32:11.8400640Z  - 'MockFirebaseAuth' is from 'test/firebase_test_helper.dart'.
build-and-test	Run flutter test --coverage	2025-07-30T14:32:11.8401775Z Try correcting the name to the name of an existing getter, or defining a getter or field named 'currentUser'.
build-and-test	Run flutter test --coverage	2025-07-30T14:32:11.8402674Z     when(() => mockAuth.currentUser).thenReturn(mockUser);
build-and-test	Run flutter test --coverage	2025-07-30T14:32:11.8403169Z                         ^^^^^^^^^^^
build-and-test	Run flutter test --coverage	2025-07-30T14:32:11.8403998Z test/firebase_test_helper.dart:90:25: Error: The method 'authStateChanges' isn't defined for the class 'MockFirebaseAuth'.
build-and-test	Run flutter test --coverage	2025-07-30T14:32:11.8405025Z  - 'MockFirebaseAuth' is from 'test/firebase_test_helper.dart'.
build-and-test	Run flutter test --coverage	2025-07-30T14:32:11.8405915Z Try correcting the name to the name of an existing method, or defining a method named 'authStateChanges'.
build-and-test	Run flutter test --coverage	2025-07-30T14:32:11.8406778Z     when(() => mockAuth.authStateChanges())
build-and-test	Run flutter test --coverage	2025-07-30T14:32:11.8407245Z                         ^^^^^^^^^^^^^^^^
build-and-test	Run flutter test --coverage	2025-07-30T14:32:11.8408093Z test/firebase_test_helper.dart:92:25: Error: The method 'userChanges' isn't defined for the class 'MockFirebaseAuth'.
build-and-test	Run flutter test --coverage	2025-07-30T14:32:11.8409120Z  - 'MockFirebaseAuth' is from 'test/firebase_test_helper.dart'.
build-and-test	Run flutter test --coverage	2025-07-30T14:32:11.8409997Z Try correcting the name to the name of an existing method, or defining a method named 'userChanges'.
build-and-test	Run flutter test --coverage	2025-07-30T14:32:11.8410760Z     when(() => mockAuth.userChanges())
build-and-test	Run flutter test --coverage	2025-07-30T14:32:11.8411192Z                         ^^^^^^^^^^^
build-and-test	Run flutter test --coverage	2025-07-30T14:32:11.8412328Z test/firebase_test_helper.dart:94:25: Error: The method 'signInWithEmailAndPassword' isn't defined for the class 'MockFirebaseAuth'.
build-and-test	Run flutter test --coverage	2025-07-30T14:32:11.8413493Z  - 'MockFirebaseAuth' is from 'test/firebase_test_helper.dart'.
build-and-test	Run flutter test --coverage	2025-07-30T14:32:11.8414479Z Try correcting the name to the name of an existing method, or defining a method named 'signInWithEmailAndPassword'.
build-and-test	Run flutter test --coverage	2025-07-30T14:32:11.8415484Z     when(() => mockAuth.signInWithEmailAndPassword(any(), any()))
build-and-test	Run flutter test --coverage	2025-07-30T14:32:11.8416059Z                         ^^^^^^^^^^^^^^^^^^^^^^^^^^
build-and-test	Run flutter test --coverage	2025-07-30T14:32:11.8417067Z test/firebase_test_helper.dart:96:25: Error: The method 'createUserWithEmailAndPassword' isn't defined for the class 'MockFirebaseAuth'.
build-and-test	Run flutter test --coverage	2025-07-30T14:32:11.8418216Z  - 'MockFirebaseAuth' is from 'test/firebase_test_helper.dart'.
build-and-test	Run flutter test --coverage	2025-07-30T14:32:11.8419210Z Try correcting the name to the name of an existing method, or defining a method named 'createUserWithEmailAndPassword'.
build-and-test	Run flutter test --coverage	2025-07-30T14:32:11.8420254Z     when(() => mockAuth.createUserWithEmailAndPassword(any(), any()))
build-and-test	Run flutter test --coverage	2025-07-30T14:32:11.8421123Z                         ^^^^^^^^^^^^^^^^^^^^^^^^^^^^^^
build-and-test	Run flutter test --coverage	2025-07-30T14:32:11.8422158Z test/firebase_test_helper.dart:98:25: Error: The method 'signOut' isn't defined for the class 'MockFirebaseAuth'.
build-and-test	Run flutter test --coverage	2025-07-30T14:32:11.8423177Z  - 'MockFirebaseAuth' is from 'test/firebase_test_helper.dart'.
build-and-test	Run flutter test --coverage	2025-07-30T14:32:11.8424304Z Try correcting the name to the name of an existing method, or defining a method named 'signOut'.
build-and-test	Run flutter test --coverage	2025-07-30T14:32:11.8425139Z     when(() => mockAuth.signOut()).thenAnswer((_) async {});
build-and-test	Run flutter test --coverage	2025-07-30T14:32:11.8425657Z                         ^^^^^^^
build-and-test	Run flutter test --coverage	2025-07-30T14:32:11.8426819Z test/firebase_test_helper.dart:108:60: Error: The argument type 'MockCollectionReference' can't be assigned to the parameter type 'CollectionReference<Map<String, dynamic>>'.
build-and-test	Run flutter test --coverage	2025-07-30T14:32:11.8428149Z  - 'MockCollectionReference' is from 'test/firebase_test_helper.dart'.
build-and-test	Run flutter test --coverage	2025-07-30T14:32:11.8429413Z  - 'CollectionReference' is from 'package:cloud_firestore/cloud_firestore.dart' ('../../../.pub-cache/hosted/pub.dev/cloud_firestore-5.6.11/lib/cloud_firestore.dart').
build-and-test	Run flutter test --coverage	2025-07-30T14:32:11.8430559Z  - 'Map' is from 'dart:core'.
build-and-test	Run flutter test --coverage	2025-07-30T14:32:11.8431132Z     when(() => mockFirestore.collection(any())).thenReturn(mockCollection);
build-and-test	Run flutter test --coverage	2025-07-30T14:32:11.8431951Z                                                            ^
build-and-test	Run flutter test --coverage	2025-07-30T14:32:11.8433074Z test/firebase_test_helper.dart:132:52: Error: A value of type 'MockDocumentSnapshot' can't be assigned to a variable of type 'QueryDocumentSnapshot<Object?>'.
build-and-test	Run flutter test --coverage	2025-07-30T14:32:11.8434383Z  - 'MockDocumentSnapshot' is from 'test/firebase_test_helper.dart'.
build-and-test	Run flutter test --coverage	2025-07-30T14:32:11.8435742Z  - 'QueryDocumentSnapshot' is from 'package:cloud_firestore/cloud_firestore.dart' ('../../../.pub-cache/hosted/pub.dev/cloud_firestore-5.6.11/lib/cloud_firestore.dart').
build-and-test	Run flutter test --coverage	2025-07-30T14:32:11.8436922Z  - 'Object' is from 'dart:core'.
build-and-test	Run flutter test --coverage	2025-07-30T14:32:11.8437525Z     when(() => mockQuerySnapshot.docs).thenReturn([mockDocumentSnapshot]);
build-and-test	Run flutter test --coverage	2025-07-30T14:32:11.8438139Z                                                    ^
build-and-test	Run flutter test --coverage	2025-07-30T14:32:12.3806996Z ##[group]❌ loading /home/runner/work/appoint/appoint/test/services/error_handling_service_test.dart (failed)
build-and-test	Run flutter test --coverage	2025-07-30T14:32:12.3808950Z Failed to load "/home/runner/work/appoint/appoint/test/services/error_handling_service_test.dart": Compilation failed for testPath=/home/runner/work/appoint/appoint/test/services/error_handling_service_test.dart
build-and-test	Run flutter test --coverage	2025-07-30T14:32:12.3809970Z 
build-and-test	Run flutter test --coverage	2025-07-30T14:32:12.3810217Z ##[endgroup]
build-and-test	Run flutter test --coverage	2025-07-30T14:32:12.4161746Z ##[group]❌ loading /home/runner/work/appoint/appoint/test/widgets/login_screen_test.dart (failed after test completion)
build-and-test	Run flutter test --coverage	2025-07-30T14:32:12.4162495Z Error: the Dart compiler exited unexpectedly.
build-and-test	Run flutter test --coverage	2025-07-30T14:32:12.4163669Z package:flutter_tools/src/base/common.dart 10:3  throwToolExit
build-and-test	Run flutter test --coverage	2025-07-30T14:32:12.4164502Z package:flutter_tools/src/compile.dart 893:9     DefaultResidentCompiler._compile.<fn>
build-and-test	Run flutter test --coverage	2025-07-30T14:32:12.4165066Z dart:async/zone.dart 1422:47                     _rootRunUnary
build-and-test	Run flutter test --coverage	2025-07-30T14:32:12.4165641Z dart:async/future_impl.dart 902:45               Future._propagateToListeners.handleValueCallback
build-and-test	Run flutter test --coverage	2025-07-30T14:32:12.4166302Z dart:async/future_impl.dart 931:13               Future._propagateToListeners
build-and-test	Run flutter test --coverage	2025-07-30T14:32:12.4166791Z dart:async/future_impl.dart 827:9                Future._propagateToListeners
build-and-test	Run flutter test --coverage	2025-07-30T14:32:12.4167291Z dart:async/future_impl.dart 707:5                Future._completeWithValue
build-and-test	Run flutter test --coverage	2025-07-30T14:32:12.4167785Z dart:async/future_impl.dart 777:7                Future._asyncCompleteWithValue.<fn>
build-and-test	Run flutter test --coverage	2025-07-30T14:32:12.4168219Z dart:async/zone.dart 1414:13                     _rootRun
build-and-test	Run flutter test --coverage	2025-07-30T14:32:12.4168593Z dart:async/zone.dart 1317:19                     _CustomZone.run
build-and-test	Run flutter test --coverage	2025-07-30T14:32:12.4169005Z dart:async/zone.dart 1225:7                      _CustomZone.runGuarded
build-and-test	Run flutter test --coverage	2025-07-30T14:32:12.4169461Z dart:async/zone.dart 1265:23                     _CustomZone.bindCallbackGuarded.<fn>
build-and-test	Run flutter test --coverage	2025-07-30T14:32:12.4169913Z dart:async/schedule_microtask.dart 40:21         _microtaskLoop
build-and-test	Run flutter test --coverage	2025-07-30T14:32:12.4170665Z dart:async/schedule_microtask.dart 49:5          _startMicrotaskLoop
build-and-test	Run flutter test --coverage	2025-07-30T14:32:12.4171171Z dart:isolate-patch/isolate_patch.dart 118:13     _runPendingImmediateCallback
build-and-test	Run flutter test --coverage	2025-07-30T14:32:12.4172116Z dart:isolate-patch/isolate_patch.dart 185:5      _RawReceivePort._handleMessage
build-and-test	Run flutter test --coverage	2025-07-30T14:32:12.4172900Z ##[endgroup]
build-and-test	Run flutter test --coverage	2025-07-30T14:32:15.2452977Z test/firebase_test_helper.dart:11:48: Error: Type 'FirebaseAuth' not found.
build-and-test	Run flutter test --coverage	2025-07-30T14:32:15.2454171Z class MockFirebaseAuth extends Mock implements FirebaseAuth {}
build-and-test	Run flutter test --coverage	2025-07-30T14:32:15.2454980Z                                                ^^^^^^^^^^^^
build-and-test	Run flutter test --coverage	2025-07-30T14:32:15.2456188Z test/firebase_test_helper.dart:13:40: Error: Type 'User' not found.
build-and-test	Run flutter test --coverage	2025-07-30T14:32:15.2457226Z class MockUser extends Mock implements User {}
build-and-test	Run flutter test --coverage	2025-07-30T14:32:15.2457854Z                                        ^^^^
build-and-test	Run flutter test --coverage	2025-07-30T14:32:15.2458559Z test/firebase_test_helper.dart:15:50: Error: Type 'UserCredential' not found.
build-and-test	Run flutter test --coverage	2025-07-30T14:32:15.2460250Z class MockUserCredential extends Mock implements UserCredential {}
build-and-test	Run flutter test --coverage	2025-07-30T14:32:15.2460799Z                                                  ^^^^^^^^^^^^^^
build-and-test	Run flutter test --coverage	2025-07-30T14:32:15.4751074Z test/services/user_deletion_service_test.dart:15:7: Error: Setter not found: 'service'.
build-and-test	Run flutter test --coverage	2025-07-30T14:32:15.4754214Z       service = TestServiceFactory.createUserDeletionService();
build-and-test	Run flutter test --coverage	2025-07-30T14:32:15.4754782Z       ^^^^^^^
build-and-test	Run flutter test --coverage	2025-07-30T14:32:15.4755370Z test/services/user_deletion_service_test.dart:16:14: Error: Undefined name 'service'.
build-and-test	Run flutter test --coverage	2025-07-30T14:32:15.4756139Z       expect(service, isA<UserDeletionService>());
build-and-test	Run flutter test --coverage	2025-07-30T14:32:15.4756603Z              ^^^^^^^
build-and-test	Run flutter test --coverage	2025-07-30T14:32:15.4757236Z test/services/user_deletion_service_test.dart:20:7: Error: Setter not found: 'service'.
build-and-test	Run flutter test --coverage	2025-07-30T14:32:15.4758093Z       service = TestServiceFactory.createUserDeletionService();
build-and-test	Run flutter test --coverage	2025-07-30T14:32:15.4758653Z       ^^^^^^^
build-and-test	Run flutter test --coverage	2025-07-30T14:32:15.4759230Z test/services/user_deletion_service_test.dart:21:14: Error: Undefined name 'service'.
build-and-test	Run flutter test --coverage	2025-07-30T14:32:15.4760047Z       expect(service.deleteCurrentUser, isA<Function>());
build-and-test	Run flutter test --coverage	2025-07-30T14:32:15.4760537Z              ^^^^^^^
build-and-test	Run flutter test --coverage	2025-07-30T14:32:15.4761118Z test/services/user_deletion_service_test.dart:32:7: Error: Setter not found: 'service'.
build-and-test	Run flutter test --coverage	2025-07-30T14:32:15.4762210Z       service = TestServiceFactory.createUserDeletionService();
build-and-test	Run flutter test --coverage	2025-07-30T14:32:15.4762755Z       ^^^^^^^
build-and-test	Run flutter test --coverage	2025-07-30T14:32:15.4763340Z test/services/user_deletion_service_test.dart:33:14: Error: Undefined name 'service'.
build-and-test	Run flutter test --coverage	2025-07-30T14:32:15.4764143Z       expect(service.runtimeType, UserDeletionService);
build-and-test	Run flutter test --coverage	2025-07-30T14:32:15.4764629Z              ^^^^^^^
build-and-test	Run flutter test --coverage	2025-07-30T14:32:15.4776806Z test/firebase_test_helper.dart:78:25: Error: The getter 'uid' isn't defined for the class 'MockUser'.
build-and-test	Run flutter test --coverage	2025-07-30T14:32:15.4778095Z  - 'MockUser' is from 'test/firebase_test_helper.dart'.
build-and-test	Run flutter test --coverage	2025-07-30T14:32:15.4779913Z Try correcting the name to the name of an existing getter, or defining a getter or field named 'uid'.
build-and-test	Run flutter test --coverage	2025-07-30T14:32:15.4781416Z     when(() => mockUser.uid).thenReturn('test-user-id');
build-and-test	Run flutter test --coverage	2025-07-30T14:32:15.4782958Z                         ^^^
build-and-test	Run flutter test --coverage	2025-07-30T14:32:15.4785305Z test/firebase_test_helper.dart:79:25: Error: The getter 'email' isn't defined for the class 'MockUser'.
build-and-test	Run flutter test --coverage	2025-07-30T14:32:15.4786151Z  - 'MockUser' is from 'test/firebase_test_helper.dart'.
build-and-test	Run flutter test --coverage	2025-07-30T14:32:15.4786932Z Try correcting the name to the name of an existing getter, or defining a getter or field named 'email'.
build-and-test	Run flutter test --coverage	2025-07-30T14:32:15.4787725Z     when(() => mockUser.email).thenReturn('test@example.com');
build-and-test	Run flutter test --coverage	2025-07-30T14:32:15.4788194Z                         ^^^^^
build-and-test	Run flutter test --coverage	2025-07-30T14:32:15.4788884Z test/firebase_test_helper.dart:80:25: Error: The getter 'displayName' isn't defined for the class 'MockUser'.
build-and-test	Run flutter test --coverage	2025-07-30T14:32:15.4792291Z  - 'MockUser' is from 'test/firebase_test_helper.dart'.
build-and-test	Run flutter test --coverage	2025-07-30T14:32:15.4793226Z Try correcting the name to the name of an existing getter, or defining a getter or field named 'displayName'.
build-and-test	Run flutter test --coverage	2025-07-30T14:32:15.4794444Z     when(() => mockUser.displayName).thenReturn('Test User');
build-and-test	Run flutter test --coverage	2025-07-30T14:32:15.4794916Z                         ^^^^^^^^^^^
build-and-test	Run flutter test --coverage	2025-07-30T14:32:15.4795616Z test/firebase_test_helper.dart:81:25: Error: The getter 'photoURL' isn't defined for the class 'MockUser'.
build-and-test	Run flutter test --coverage	2025-07-30T14:32:15.4796635Z  - 'MockUser' is from 'test/firebase_test_helper.dart'.
build-and-test	Run flutter test --coverage	2025-07-30T14:32:15.4797411Z Try correcting the name to the name of an existing getter, or defining a getter or field named 'photoURL'.
build-and-test	Run flutter test --coverage	2025-07-30T14:32:15.4798316Z     when(() => mockUser.photoURL).thenReturn('https://example.com/photo.jpg');
build-and-test	Run flutter test --coverage	2025-07-30T14:32:15.4798893Z                         ^^^^^^^^
build-and-test	Run flutter test --coverage	2025-07-30T14:32:15.4799600Z test/firebase_test_helper.dart:82:25: Error: The getter 'isAnonymous' isn't defined for the class 'MockUser'.
build-and-test	Run flutter test --coverage	2025-07-30T14:32:15.4800402Z  - 'MockUser' is from 'test/firebase_test_helper.dart'.
build-and-test	Run flutter test --coverage	2025-07-30T14:32:15.4801182Z Try correcting the name to the name of an existing getter, or defining a getter or field named 'isAnonymous'.
build-and-test	Run flutter test --coverage	2025-07-30T14:32:15.4802129Z     when(() => mockUser.isAnonymous).thenReturn(false);
build-and-test	Run flutter test --coverage	2025-07-30T14:32:15.4802582Z                         ^^^^^^^^^^^
build-and-test	Run flutter test --coverage	2025-07-30T14:32:15.4803286Z test/firebase_test_helper.dart:83:25: Error: The getter 'emailVerified' isn't defined for the class 'MockUser'.
build-and-test	Run flutter test --coverage	2025-07-30T14:32:15.4804108Z  - 'MockUser' is from 'test/firebase_test_helper.dart'.
build-and-test	Run flutter test --coverage	2025-07-30T14:32:15.4804893Z Try correcting the name to the name of an existing getter, or defining a getter or field named 'emailVerified'.
build-and-test	Run flutter test --coverage	2025-07-30T14:32:15.4805717Z     when(() => mockUser.emailVerified).thenReturn(true);
build-and-test	Run flutter test --coverage	2025-07-30T14:32:15.4806165Z                         ^^^^^^^^^^^^^
build-and-test	Run flutter test --coverage	2025-07-30T14:32:15.4806868Z test/firebase_test_helper.dart:86:35: Error: The getter 'user' isn't defined for the class 'MockUserCredential'.
build-and-test	Run flutter test --coverage	2025-07-30T14:32:15.4807749Z  - 'MockUserCredential' is from 'test/firebase_test_helper.dart'.
build-and-test	Run flutter test --coverage	2025-07-30T14:32:15.4808574Z Try correcting the name to the name of an existing getter, or defining a getter or field named 'user'.
build-and-test	Run flutter test --coverage	2025-07-30T14:32:15.4809364Z     when(() => mockUserCredential.user).thenReturn(mockUser);
build-and-test	Run flutter test --coverage	2025-07-30T14:32:15.4809838Z                                   ^^^^
build-and-test	Run flutter test --coverage	2025-07-30T14:32:15.4810586Z test/firebase_test_helper.dart:89:25: Error: The getter 'currentUser' isn't defined for the class 'MockFirebaseAuth'.
build-and-test	Run flutter test --coverage	2025-07-30T14:32:15.4811494Z  - 'MockFirebaseAuth' is from 'test/firebase_test_helper.dart'.
build-and-test	Run flutter test --coverage	2025-07-30T14:32:15.4812495Z Try correcting the name to the name of an existing getter, or defining a getter or field named 'currentUser'.
build-and-test	Run flutter test --coverage	2025-07-30T14:32:15.4813287Z     when(() => mockAuth.currentUser).thenReturn(mockUser);
build-and-test	Run flutter test --coverage	2025-07-30T14:32:15.4813737Z                         ^^^^^^^^^^^
build-and-test	Run flutter test --coverage	2025-07-30T14:32:15.4814413Z test/firebase_test_helper.dart:90:25: Error: The method 'authStateChanges' isn't defined for the class 'MockFirebaseAuth'.
build-and-test	Run flutter test --coverage	2025-07-30T14:32:15.4815009Z  - 'MockFirebaseAuth' is from 'test/firebase_test_helper.dart'.
build-and-test	Run flutter test --coverage	2025-07-30T14:32:15.4815496Z Try correcting the name to the name of an existing method, or defining a method named 'authStateChanges'.
build-and-test	Run flutter test --coverage	2025-07-30T14:32:15.4815938Z     when(() => mockAuth.authStateChanges())
build-and-test	Run flutter test --coverage	2025-07-30T14:32:15.4816185Z                         ^^^^^^^^^^^^^^^^
build-and-test	Run flutter test --coverage	2025-07-30T14:32:15.4816633Z test/firebase_test_helper.dart:92:25: Error: The method 'userChanges' isn't defined for the class 'MockFirebaseAuth'.
build-and-test	Run flutter test --coverage	2025-07-30T14:32:15.4817157Z  - 'MockFirebaseAuth' is from 'test/firebase_test_helper.dart'.
build-and-test	Run flutter test --coverage	2025-07-30T14:32:15.4817610Z Try correcting the name to the name of an existing method, or defining a method named 'userChanges'.
build-and-test	Run flutter test --coverage	2025-07-30T14:32:15.4818019Z     when(() => mockAuth.userChanges())
build-and-test	Run flutter test --coverage	2025-07-30T14:32:15.4818250Z                         ^^^^^^^^^^^
build-and-test	Run flutter test --coverage	2025-07-30T14:32:15.4818736Z test/firebase_test_helper.dart:94:25: Error: The method 'signInWithEmailAndPassword' isn't defined for the class 'MockFirebaseAuth'.
build-and-test	Run flutter test --coverage	2025-07-30T14:32:15.4819308Z  - 'MockFirebaseAuth' is from 'test/firebase_test_helper.dart'.
build-and-test	Run flutter test --coverage	2025-07-30T14:32:15.4819808Z Try correcting the name to the name of an existing method, or defining a method named 'signInWithEmailAndPassword'.
build-and-test	Run flutter test --coverage	2025-07-30T14:32:15.4820473Z     when(() => mockAuth.signInWithEmailAndPassword(any(), any()))
build-and-test	Run flutter test --coverage	2025-07-30T14:32:15.4820772Z                         ^^^^^^^^^^^^^^^^^^^^^^^^^^
build-and-test	Run flutter test --coverage	2025-07-30T14:32:15.4821298Z test/firebase_test_helper.dart:96:25: Error: The method 'createUserWithEmailAndPassword' isn't defined for the class 'MockFirebaseAuth'.
build-and-test	Run flutter test --coverage	2025-07-30T14:32:15.4822252Z  - 'MockFirebaseAuth' is from 'test/firebase_test_helper.dart'.
build-and-test	Run flutter test --coverage	2025-07-30T14:32:15.4822767Z Try correcting the name to the name of an existing method, or defining a method named 'createUserWithEmailAndPassword'.
build-and-test	Run flutter test --coverage	2025-07-30T14:32:15.4823301Z     when(() => mockAuth.createUserWithEmailAndPassword(any(), any()))
build-and-test	Run flutter test --coverage	2025-07-30T14:32:15.4823611Z                         ^^^^^^^^^^^^^^^^^^^^^^^^^^^^^^
build-and-test	Run flutter test --coverage	2025-07-30T14:32:15.4824046Z test/firebase_test_helper.dart:98:25: Error: The method 'signOut' isn't defined for the class 'MockFirebaseAuth'.
build-and-test	Run flutter test --coverage	2025-07-30T14:32:15.4824544Z  - 'MockFirebaseAuth' is from 'test/firebase_test_helper.dart'.
build-and-test	Run flutter test --coverage	2025-07-30T14:32:15.4824987Z Try correcting the name to the name of an existing method, or defining a method named 'signOut'.
build-and-test	Run flutter test --coverage	2025-07-30T14:32:15.4825414Z     when(() => mockAuth.signOut()).thenAnswer((_) async {});
build-and-test	Run flutter test --coverage	2025-07-30T14:32:15.4825690Z                         ^^^^^^^
build-and-test	Run flutter test --coverage	2025-07-30T14:32:15.4826284Z test/firebase_test_helper.dart:108:60: Error: The argument type 'MockCollectionReference' can't be assigned to the parameter type 'CollectionReference<Map<String, dynamic>>'.
build-and-test	Run flutter test --coverage	2025-07-30T14:32:15.4827004Z  - 'MockCollectionReference' is from 'test/firebase_test_helper.dart'.
build-and-test	Run flutter test --coverage	2025-07-30T14:32:15.4827701Z  - 'CollectionReference' is from 'package:cloud_firestore/cloud_firestore.dart' ('../../../.pub-cache/hosted/pub.dev/cloud_firestore-5.6.11/lib/cloud_firestore.dart').
build-and-test	Run flutter test --coverage	2025-07-30T14:32:15.4828325Z  - 'Map' is from 'dart:core'.
build-and-test	Run flutter test --coverage	2025-07-30T14:32:15.4828641Z     when(() => mockFirestore.collection(any())).thenReturn(mockCollection);
build-and-test	Run flutter test --coverage	2025-07-30T14:32:15.4828985Z                                                            ^
build-and-test	Run flutter test --coverage	2025-07-30T14:32:15.4829561Z test/firebase_test_helper.dart:132:52: Error: A value of type 'MockDocumentSnapshot' can't be assigned to a variable of type 'QueryDocumentSnapshot<Object?>'.
build-and-test	Run flutter test --coverage	2025-07-30T14:32:15.4830251Z  - 'MockDocumentSnapshot' is from 'test/firebase_test_helper.dart'.
build-and-test	Run flutter test --coverage	2025-07-30T14:32:15.4830980Z  - 'QueryDocumentSnapshot' is from 'package:cloud_firestore/cloud_firestore.dart' ('../../../.pub-cache/hosted/pub.dev/cloud_firestore-5.6.11/lib/cloud_firestore.dart').
build-and-test	Run flutter test --coverage	2025-07-30T14:32:15.4831808Z  - 'Object' is from 'dart:core'.
build-and-test	Run flutter test --coverage	2025-07-30T14:32:15.4832140Z     when(() => mockQuerySnapshot.docs).thenReturn([mockDocumentSnapshot]);
build-and-test	Run flutter test --coverage	2025-07-30T14:32:15.4832471Z                                                    ^
build-and-test	Run flutter test --coverage	2025-07-30T14:32:16.0279793Z ##[group]❌ loading /home/runner/work/appoint/appoint/test/services/user_deletion_service_test.dart (failed)
build-and-test	Run flutter test --coverage	2025-07-30T14:32:16.0281910Z Failed to load "/home/runner/work/appoint/appoint/test/services/user_deletion_service_test.dart": Compilation failed for testPath=/home/runner/work/appoint/appoint/test/services/user_deletion_service_test.dart
build-and-test	Run flutter test --coverage	2025-07-30T14:32:16.0283279Z 
build-and-test	Run flutter test --coverage	2025-07-30T14:32:16.0283619Z ##[endgroup]
build-and-test	Run flutter test --coverage	2025-07-30T14:32:16.0663160Z ##[group]❌ loading /home/runner/work/appoint/appoint/test/widgets/login_screen_test.dart (failed after test completion)
build-and-test	Run flutter test --coverage	2025-07-30T14:32:16.0664189Z Error: the Dart compiler exited unexpectedly.
build-and-test	Run flutter test --coverage	2025-07-30T14:32:16.0665586Z package:flutter_tools/src/base/common.dart 10:3  throwToolExit
build-and-test	Run flutter test --coverage	2025-07-30T14:32:16.0666323Z package:flutter_tools/src/compile.dart 893:9     DefaultResidentCompiler._compile.<fn>
build-and-test	Run flutter test --coverage	2025-07-30T14:32:16.0667041Z dart:async/zone.dart 1422:47                     _rootRunUnary
build-and-test	Run flutter test --coverage	2025-07-30T14:32:16.0667750Z dart:async/future_impl.dart 902:45               Future._propagateToListeners.handleValueCallback
build-and-test	Run flutter test --coverage	2025-07-30T14:32:16.0668542Z dart:async/future_impl.dart 931:13               Future._propagateToListeners
build-and-test	Run flutter test --coverage	2025-07-30T14:32:16.0669276Z dart:async/future_impl.dart 827:9                Future._propagateToListeners
build-and-test	Run flutter test --coverage	2025-07-30T14:32:16.0670430Z dart:async/future_impl.dart 707:5                Future._completeWithValue
build-and-test	Run flutter test --coverage	2025-07-30T14:32:16.0671161Z dart:async/future_impl.dart 777:7                Future._asyncCompleteWithValue.<fn>
build-and-test	Run flutter test --coverage	2025-07-30T14:32:16.0672291Z dart:async/zone.dart 1414:13                     _rootRun
build-and-test	Run flutter test --coverage	2025-07-30T14:32:16.0672886Z dart:async/zone.dart 1317:19                     _CustomZone.run
build-and-test	Run flutter test --coverage	2025-07-30T14:32:16.0673551Z dart:async/zone.dart 1225:7                      _CustomZone.runGuarded
build-and-test	Run flutter test --coverage	2025-07-30T14:32:16.0674302Z dart:async/zone.dart 1265:23                     _CustomZone.bindCallbackGuarded.<fn>
build-and-test	Run flutter test --coverage	2025-07-30T14:32:16.0681946Z dart:async/schedule_microtask.dart 40:21         _microtaskLoop
build-and-test	Run flutter test --coverage	2025-07-30T14:32:16.0682698Z dart:async/schedule_microtask.dart 49:5          _startMicrotaskLoop
build-and-test	Run flutter test --coverage	2025-07-30T14:32:16.0683511Z dart:isolate-patch/isolate_patch.dart 118:13     _runPendingImmediateCallback
build-and-test	Run flutter test --coverage	2025-07-30T14:32:16.0684386Z dart:isolate-patch/isolate_patch.dart 185:5      _RawReceivePort._handleMessage
build-and-test	Run flutter test --coverage	2025-07-30T14:32:16.0685282Z ##[endgroup]
build-and-test	Run flutter test --coverage	2025-07-30T14:32:18.9444180Z test/firebase_test_helper.dart:11:48: Error: Type 'FirebaseAuth' not found.
build-and-test	Run flutter test --coverage	2025-07-30T14:32:18.9447442Z class MockFirebaseAuth extends Mock implements FirebaseAuth {}
build-and-test	Run flutter test --coverage	2025-07-30T14:32:18.9449443Z                                                ^^^^^^^^^^^^
build-and-test	Run flutter test --coverage	2025-07-30T14:32:18.9449970Z test/firebase_test_helper.dart:13:40: Error: Type 'User' not found.
build-and-test	Run flutter test --coverage	2025-07-30T14:32:18.9450546Z class MockUser extends Mock implements User {}
build-and-test	Run flutter test --coverage	2025-07-30T14:32:18.9450944Z                                        ^^^^
build-and-test	Run flutter test --coverage	2025-07-30T14:32:18.9451494Z test/firebase_test_helper.dart:15:50: Error: Type 'UserCredential' not found.
build-and-test	Run flutter test --coverage	2025-07-30T14:32:18.9452413Z class MockUserCredential extends Mock implements UserCredential {}
build-and-test	Run flutter test --coverage	2025-07-30T14:32:18.9452972Z                                                  ^^^^^^^^^^^^^^
build-and-test	Run flutter test --coverage	2025-07-30T14:32:19.1581250Z test/firebase_test_helper.dart:78:25: Error: The getter 'uid' isn't defined for the class 'MockUser'.
build-and-test	Run flutter test --coverage	2025-07-30T14:32:19.1582521Z  - 'MockUser' is from 'test/firebase_test_helper.dart'.
build-and-test	Run flutter test --coverage	2025-07-30T14:32:19.1583365Z Try correcting the name to the name of an existing getter, or defining a getter or field named 'uid'.
build-and-test	Run flutter test --coverage	2025-07-30T14:32:19.1584191Z     when(() => mockUser.uid).thenReturn('test-user-id');
build-and-test	Run flutter test --coverage	2025-07-30T14:32:19.1584673Z                         ^^^
build-and-test	Run flutter test --coverage	2025-07-30T14:32:19.1587253Z test/firebase_test_helper.dart:79:25: Error: The getter 'email' isn't defined for the class 'MockUser'.
build-and-test	Run flutter test --coverage	2025-07-30T14:32:19.1588157Z  - 'MockUser' is from 'test/firebase_test_helper.dart'.
build-and-test	Run flutter test --coverage	2025-07-30T14:32:19.1588995Z Try correcting the name to the name of an existing getter, or defining a getter or field named 'email'.
build-and-test	Run flutter test --coverage	2025-07-30T14:32:19.1589873Z     when(() => mockUser.email).thenReturn('test@example.com');
build-and-test	Run flutter test --coverage	2025-07-30T14:32:19.1590403Z                         ^^^^^
build-and-test	Run flutter test --coverage	2025-07-30T14:32:19.1591183Z test/firebase_test_helper.dart:80:25: Error: The getter 'displayName' isn't defined for the class 'MockUser'.
build-and-test	Run flutter test --coverage	2025-07-30T14:32:19.1592272Z  - 'MockUser' is from 'test/firebase_test_helper.dart'.
build-and-test	Run flutter test --coverage	2025-07-30T14:32:19.1593067Z Try correcting the name to the name of an existing getter, or defining a getter or field named 'displayName'.
build-and-test	Run flutter test --coverage	2025-07-30T14:32:19.1593890Z     when(() => mockUser.displayName).thenReturn('Test User');
build-and-test	Run flutter test --coverage	2025-07-30T14:32:19.1594388Z                         ^^^^^^^^^^^
build-and-test	Run flutter test --coverage	2025-07-30T14:32:19.1595093Z test/firebase_test_helper.dart:81:25: Error: The getter 'photoURL' isn't defined for the class 'MockUser'.
build-and-test	Run flutter test --coverage	2025-07-30T14:32:19.1595890Z  - 'MockUser' is from 'test/firebase_test_helper.dart'.
build-and-test	Run flutter test --coverage	2025-07-30T14:32:19.1596681Z Try correcting the name to the name of an existing getter, or defining a getter or field named 'photoURL'.
build-and-test	Run flutter test --coverage	2025-07-30T14:32:19.1597634Z     when(() => mockUser.photoURL).thenReturn('https://example.com/photo.jpg');
build-and-test	Run flutter test --coverage	2025-07-30T14:32:19.1598214Z                         ^^^^^^^^
build-and-test	Run flutter test --coverage	2025-07-30T14:32:19.1598918Z test/firebase_test_helper.dart:82:25: Error: The getter 'isAnonymous' isn't defined for the class 'MockUser'.
build-and-test	Run flutter test --coverage	2025-07-30T14:32:19.1600120Z  - 'MockUser' is from 'test/firebase_test_helper.dart'.
build-and-test	Run flutter test --coverage	2025-07-30T14:32:19.1600754Z Try correcting the name to the name of an existing getter, or defining a getter or field named 'isAnonymous'.
build-and-test	Run flutter test --coverage	2025-07-30T14:32:19.1601236Z     when(() => mockUser.isAnonymous).thenReturn(false);
build-and-test	Run flutter test --coverage	2025-07-30T14:32:19.1601938Z                         ^^^^^^^^^^^
build-and-test	Run flutter test --coverage	2025-07-30T14:32:19.1602691Z test/firebase_test_helper.dart:83:25: Error: The getter 'emailVerified' isn't defined for the class 'MockUser'.
build-and-test	Run flutter test --coverage	2025-07-30T14:32:19.1603520Z  - 'MockUser' is from 'test/firebase_test_helper.dart'.
build-and-test	Run flutter test --coverage	2025-07-30T14:32:19.1604323Z Try correcting the name to the name of an existing getter, or defining a getter or field named 'emailVerified'.
build-and-test	Run flutter test --coverage	2025-07-30T14:32:19.1605132Z     when(() => mockUser.emailVerified).thenReturn(true);
build-and-test	Run flutter test --coverage	2025-07-30T14:32:19.1605579Z                         ^^^^^^^^^^^^^
build-and-test	Run flutter test --coverage	2025-07-30T14:32:19.1606300Z test/firebase_test_helper.dart:86:35: Error: The getter 'user' isn't defined for the class 'MockUserCredential'.
build-and-test	Run flutter test --coverage	2025-07-30T14:32:19.1607207Z  - 'MockUserCredential' is from 'test/firebase_test_helper.dart'.
build-and-test	Run flutter test --coverage	2025-07-30T14:32:19.1608046Z Try correcting the name to the name of an existing getter, or defining a getter or field named 'user'.
build-and-test	Run flutter test --coverage	2025-07-30T14:32:19.1608834Z     when(() => mockUserCredential.user).thenReturn(mockUser);
build-and-test	Run flutter test --coverage	2025-07-30T14:32:19.1609316Z                                   ^^^^
build-and-test	Run flutter test --coverage	2025-07-30T14:32:19.1610087Z test/firebase_test_helper.dart:89:25: Error: The getter 'currentUser' isn't defined for the class 'MockFirebaseAuth'.
build-and-test	Run flutter test --coverage	2025-07-30T14:32:19.1610994Z  - 'MockFirebaseAuth' is from 'test/firebase_test_helper.dart'.
build-and-test	Run flutter test --coverage	2025-07-30T14:32:19.1611985Z Try correcting the name to the name of an existing getter, or defining a getter or field named 'currentUser'.
build-and-test	Run flutter test --coverage	2025-07-30T14:32:19.1612785Z     when(() => mockAuth.currentUser).thenReturn(mockUser);
build-and-test	Run flutter test --coverage	2025-07-30T14:32:19.1613246Z                         ^^^^^^^^^^^
build-and-test	Run flutter test --coverage	2025-07-30T14:32:19.1614029Z test/firebase_test_helper.dart:90:25: Error: The method 'authStateChanges' isn't defined for the class 'MockFirebaseAuth'.
build-and-test	Run flutter test --coverage	2025-07-30T14:32:19.1614988Z  - 'MockFirebaseAuth' is from 'test/firebase_test_helper.dart'.
build-and-test	Run flutter test --coverage	2025-07-30T14:32:19.1615810Z Try correcting the name to the name of an existing method, or defining a method named 'authStateChanges'.
build-and-test	Run flutter test --coverage	2025-07-30T14:32:19.1616247Z     when(() => mockAuth.authStateChanges())
build-and-test	Run flutter test --coverage	2025-07-30T14:32:19.1616498Z                         ^^^^^^^^^^^^^^^^
build-and-test	Run flutter test --coverage	2025-07-30T14:32:19.1616937Z test/firebase_test_helper.dart:92:25: Error: The method 'userChanges' isn't defined for the class 'MockFirebaseAuth'.
build-and-test	Run flutter test --coverage	2025-07-30T14:32:19.1617458Z  - 'MockFirebaseAuth' is from 'test/firebase_test_helper.dart'.
build-and-test	Run flutter test --coverage	2025-07-30T14:32:19.1617912Z Try correcting the name to the name of an existing method, or defining a method named 'userChanges'.
build-and-test	Run flutter test --coverage	2025-07-30T14:32:19.1618334Z     when(() => mockAuth.userChanges())
build-and-test	Run flutter test --coverage	2025-07-30T14:32:19.1618563Z                         ^^^^^^^^^^^
build-and-test	Run flutter test --coverage	2025-07-30T14:32:19.1619072Z test/firebase_test_helper.dart:94:25: Error: The method 'signInWithEmailAndPassword' isn't defined for the class 'MockFirebaseAuth'.
build-and-test	Run flutter test --coverage	2025-07-30T14:32:19.1619669Z  - 'MockFirebaseAuth' is from 'test/firebase_test_helper.dart'.
build-and-test	Run flutter test --coverage	2025-07-30T14:32:19.1620181Z Try correcting the name to the name of an existing method, or defining a method named 'signInWithEmailAndPassword'.
build-and-test	Run flutter test --coverage	2025-07-30T14:32:19.1620697Z     when(() => mockAuth.signInWithEmailAndPassword(any(), any()))
build-and-test	Run flutter test --coverage	2025-07-30T14:32:19.1621005Z                         ^^^^^^^^^^^^^^^^^^^^^^^^^^
build-and-test	Run flutter test --coverage	2025-07-30T14:32:19.1621705Z test/firebase_test_helper.dart:96:25: Error: The method 'createUserWithEmailAndPassword' isn't defined for the class 'MockFirebaseAuth'.
build-and-test	Run flutter test --coverage	2025-07-30T14:32:19.1622365Z  - 'MockFirebaseAuth' is from 'test/firebase_test_helper.dart'.
build-and-test	Run flutter test --coverage	2025-07-30T14:32:19.1622901Z Try correcting the name to the name of an existing method, or defining a method named 'createUserWithEmailAndPassword'.
build-and-test	Run flutter test --coverage	2025-07-30T14:32:19.1623450Z     when(() => mockAuth.createUserWithEmailAndPassword(any(), any()))
build-and-test	Run flutter test --coverage	2025-07-30T14:32:19.1623951Z                         ^^^^^^^^^^^^^^^^^^^^^^^^^^^^^^
build-and-test	Run flutter test --coverage	2025-07-30T14:32:19.1624391Z test/firebase_test_helper.dart:98:25: Error: The method 'signOut' isn't defined for the class 'MockFirebaseAuth'.
build-and-test	Run flutter test --coverage	2025-07-30T14:32:19.1624901Z  - 'MockFirebaseAuth' is from 'test/firebase_test_helper.dart'.
build-and-test	Run flutter test --coverage	2025-07-30T14:32:19.1625460Z Try correcting the name to the name of an existing method, or defining a method named 'signOut'.
build-and-test	Run flutter test --coverage	2025-07-30T14:32:19.1625892Z     when(() => mockAuth.signOut()).thenAnswer((_) async {});
build-and-test	Run flutter test --coverage	2025-07-30T14:32:19.1626156Z                         ^^^^^^^
build-and-test	Run flutter test --coverage	2025-07-30T14:32:19.1626757Z test/firebase_test_helper.dart:108:60: Error: The argument type 'MockCollectionReference' can't be assigned to the parameter type 'CollectionReference<Map<String, dynamic>>'.
build-and-test	Run flutter test --coverage	2025-07-30T14:32:19.1627479Z  - 'MockCollectionReference' is from 'test/firebase_test_helper.dart'.
build-and-test	Run flutter test --coverage	2025-07-30T14:32:19.1628182Z  - 'CollectionReference' is from 'package:cloud_firestore/cloud_firestore.dart' ('../../../.pub-cache/hosted/pub.dev/cloud_firestore-5.6.11/lib/cloud_firestore.dart').
build-and-test	Run flutter test --coverage	2025-07-30T14:32:19.1628790Z  - 'Map' is from 'dart:core'.
build-and-test	Run flutter test --coverage	2025-07-30T14:32:19.1629098Z     when(() => mockFirestore.collection(any())).thenReturn(mockCollection);
build-and-test	Run flutter test --coverage	2025-07-30T14:32:19.1629436Z                                                            ^
build-and-test	Run flutter test --coverage	2025-07-30T14:32:19.1630027Z test/firebase_test_helper.dart:132:52: Error: A value of type 'MockDocumentSnapshot' can't be assigned to a variable of type 'QueryDocumentSnapshot<Object?>'.
build-and-test	Run flutter test --coverage	2025-07-30T14:32:19.1630690Z  - 'MockDocumentSnapshot' is from 'test/firebase_test_helper.dart'.
build-and-test	Run flutter test --coverage	2025-07-30T14:32:19.1631396Z  - 'QueryDocumentSnapshot' is from 'package:cloud_firestore/cloud_firestore.dart' ('../../../.pub-cache/hosted/pub.dev/cloud_firestore-5.6.11/lib/cloud_firestore.dart').
build-and-test	Run flutter test --coverage	2025-07-30T14:32:19.1632265Z  - 'Object' is from 'dart:core'.
build-and-test	Run flutter test --coverage	2025-07-30T14:32:19.1632597Z     when(() => mockQuerySnapshot.docs).thenReturn([mockDocumentSnapshot]);
build-and-test	Run flutter test --coverage	2025-07-30T14:32:19.1632936Z                                                    ^
build-and-test	Run flutter test --coverage	2025-07-30T14:32:19.6544050Z ##[group]❌ loading /home/runner/work/appoint/appoint/test/services/booking_service_test.dart (failed)
build-and-test	Run flutter test --coverage	2025-07-30T14:32:19.6545850Z Failed to load "/home/runner/work/appoint/appoint/test/services/booking_service_test.dart": Compilation failed for testPath=/home/runner/work/appoint/appoint/test/services/booking_service_test.dart
build-and-test	Run flutter test --coverage	2025-07-30T14:32:19.6547125Z 
build-and-test	Run flutter test --coverage	2025-07-30T14:32:19.6547461Z ##[endgroup]
build-and-test	Run flutter test --coverage	2025-07-30T14:32:19.6903250Z ##[group]❌ loading /home/runner/work/appoint/appoint/test/widgets/login_screen_test.dart (failed after test completion)
build-and-test	Run flutter test --coverage	2025-07-30T14:32:19.6903911Z Error: the Dart compiler exited unexpectedly.
build-and-test	Run flutter test --coverage	2025-07-30T14:32:19.6905708Z package:flutter_tools/src/base/common.dart 10:3  throwToolExit
build-and-test	Run flutter test --coverage	2025-07-30T14:32:19.6906326Z package:flutter_tools/src/compile.dart 893:9     DefaultResidentCompiler._compile.<fn>
build-and-test	Run flutter test --coverage	2025-07-30T14:32:19.6906834Z dart:async/zone.dart 1422:47                     _rootRunUnary
build-and-test	Run flutter test --coverage	2025-07-30T14:32:19.6907462Z dart:async/future_impl.dart 902:45               Future._propagateToListeners.handleValueCallback
build-and-test	Run flutter test --coverage	2025-07-30T14:32:19.6908061Z dart:async/future_impl.dart 931:13               Future._propagateToListeners
build-and-test	Run flutter test --coverage	2025-07-30T14:32:19.6908556Z dart:async/future_impl.dart 827:9                Future._propagateToListeners
build-and-test	Run flutter test --coverage	2025-07-30T14:32:19.6909041Z dart:async/future_impl.dart 707:5                Future._completeWithValue
build-and-test	Run flutter test --coverage	2025-07-30T14:32:19.6909537Z dart:async/future_impl.dart 777:7                Future._asyncCompleteWithValue.<fn>
build-and-test	Run flutter test --coverage	2025-07-30T14:32:19.6909975Z dart:async/zone.dart 1414:13                     _rootRun
build-and-test	Run flutter test --coverage	2025-07-30T14:32:19.6910345Z dart:async/zone.dart 1317:19                     _CustomZone.run
build-and-test	Run flutter test --coverage	2025-07-30T14:32:19.6910761Z dart:async/zone.dart 1225:7                      _CustomZone.runGuarded
build-and-test	Run flutter test --coverage	2025-07-30T14:32:19.6911215Z dart:async/zone.dart 1265:23                     _CustomZone.bindCallbackGuarded.<fn>
build-and-test	Run flutter test --coverage	2025-07-30T14:32:19.6911922Z dart:async/schedule_microtask.dart 40:21         _microtaskLoop
build-and-test	Run flutter test --coverage	2025-07-30T14:32:19.6912671Z dart:async/schedule_microtask.dart 49:5          _startMicrotaskLoop
build-and-test	Run flutter test --coverage	2025-07-30T14:32:19.6913126Z dart:isolate-patch/isolate_patch.dart 118:13     _runPendingImmediateCallback
build-and-test	Run flutter test --coverage	2025-07-30T14:32:19.6913610Z dart:isolate-patch/isolate_patch.dart 185:5      _RawReceivePort._handleMessage
build-and-test	Run flutter test --coverage	2025-07-30T14:32:19.6914233Z ##[endgroup]
build-and-test	Run flutter test --coverage	2025-07-30T14:32:23.5317578Z ✅ /home/runner/work/appoint/appoint/test/services/REDACTED_TOKEN.dart: Social Account Conflict Integration Tests isSocialAccountConflict should return true for REDACTED_TOKEN
build-and-test	Run flutter test --coverage	2025-07-30T14:32:23.5339024Z ✅ /home/runner/work/appoint/appoint/test/services/REDACTED_TOKEN.dart: Social Account Conflict Integration Tests isSocialAccountConflict should return true for credential-already-in-use
build-and-test	Run flutter test --coverage	2025-07-30T14:32:23.5375628Z ✅ /home/runner/work/appoint/appoint/test/services/REDACTED_TOKEN.dart: Social Account Conflict Integration Tests isSocialAccountConflict should return false for other error codes
build-and-test	Run flutter test --coverage	2025-07-30T14:32:23.5423533Z ✅ /home/runner/work/appoint/appoint/test/services/REDACTED_TOKEN.dart: Social Account Conflict Integration Tests getConflictingEmail should return email for REDACTED_TOKEN
build-and-test	Run flutter test --coverage	2025-07-30T14:32:23.5445877Z ✅ /home/runner/work/appoint/appoint/test/services/REDACTED_TOKEN.dart: Social Account Conflict Integration Tests getConflictingEmail should return null for other error codes
build-and-test	Run flutter test --coverage	2025-07-30T14:32:24.5250259Z ✅ /home/runner/work/appoint/appoint/test/services/REDACTED_TOKEN.dart: Social Account Conflict Integration Tests SocialAccountConflictDialog should display correct title and message
build-and-test	Run flutter test --coverage	2025-07-30T14:32:24.6107199Z ✅ /home/runner/work/appoint/appoint/test/services/REDACTED_TOKEN.dart: Social Account Conflict Integration Tests SocialAccountConflictDialog should display all three buttons
build-and-test	Run flutter test --coverage	2025-07-30T14:32:24.6802380Z ✅ /home/runner/work/appoint/appoint/test/services/REDACTED_TOKEN.dart: Social Account Conflict Integration Tests SocialAccountConflictDialog should call onCancel when cancel button is pressed
build-and-test	Run flutter test --coverage	2025-07-30T14:32:24.7452549Z ✅ /home/runner/work/appoint/appoint/test/services/REDACTED_TOKEN.dart: Social Account Conflict Integration Tests SocialAccountConflictDialog should call onSignInWithExistingMethod when existing method button is pressed
build-and-test	Run flutter test --coverage	2025-07-30T14:32:24.8022788Z ✅ /home/runner/work/appoint/appoint/test/services/REDACTED_TOKEN.dart: Social Account Conflict Integration Tests SocialAccountConflictDialog should call onLinkAccounts when link accounts button is pressed
build-and-test	Run flutter test --coverage	2025-07-30T14:32:24.8464203Z ✅ /home/runner/work/appoint/appoint/test/services/REDACTED_TOKEN.dart: Social Account Conflict Integration Tests SocialAccountConflictDialog should handle missing email gracefully
build-and-test	Run flutter test --coverage	2025-07-30T14:32:24.8947204Z ✅ /home/runner/work/appoint/appoint/test/services/payment_service_test.dart: PaymentService createPaymentIntent should create payment intent successfully
build-and-test	Run flutter test --coverage	2025-07-30T14:32:24.9030168Z ✅ /home/runner/work/appoint/appoint/test/services/payment_service_test.dart: PaymentService createPaymentIntent should throw exception when amount is invalid
build-and-test	Run flutter test --coverage	2025-07-30T14:32:24.9085053Z ✅ /home/runner/work/appoint/appoint/test/services/payment_service_test.dart: PaymentService handlePayment should return succeeded when payment succeeds immediately
build-and-test	Run flutter test --coverage	2025-07-30T14:32:24.9117422Z ✅ /home/runner/work/appoint/appoint/test/services/payment_service_test.dart: PaymentService handlePayment should handle requires_action status and complete 3D Secure
build-and-test	Run flutter test --coverage	2025-07-30T14:32:24.9147299Z ✅ /home/runner/work/appoint/appoint/test/services/payment_service_test.dart: PaymentService handlePayment should return failed when requires_payment_method
build-and-test	Run flutter test --coverage	2025-07-30T14:32:24.9173160Z ✅ /home/runner/work/appoint/appoint/test/services/payment_service_test.dart: PaymentService handlePayment should handle general payment exception
build-and-test	Run flutter test --coverage	2025-07-30T14:32:24.9198027Z ✅ /home/runner/work/appoint/appoint/test/services/payment_service_test.dart: PaymentService PaymentStatus Messages should return correct status messages
build-and-test	Run flutter test --coverage	2025-07-30T14:32:24.9221271Z ✅ /home/runner/work/appoint/appoint/test/services/payment_service_test.dart: PaymentService PaymentService Error Handling should handle card_declined error from Firebase Functions
build-and-test	Run flutter test --coverage	2025-07-30T14:32:25.8265653Z test/services/ui_notification_service_test.dart:94:7: Error: Setter not found: 'messengerKey'.
build-and-test	Run flutter test --coverage	2025-07-30T14:32:25.8267080Z       messengerKey = GlobalKey<ScaffoldMessengerState>();
build-and-test	Run flutter test --coverage	2025-07-30T14:32:25.8267789Z       ^^^^^^^^^^^^
build-and-test	Run flutter test --coverage	2025-07-30T14:32:25.8268445Z test/services/ui_notification_service_test.dart:95:45: Error: Undefined name 'messengerKey'.
build-and-test	Run flutter test --coverage	2025-07-30T14:32:25.8269257Z       service = ScaffoldNotificationService(messengerKey);
build-and-test	Run flutter test --coverage	2025-07-30T14:32:25.8269755Z                                             ^^^^^^^^^^^^
build-and-test	Run flutter test --coverage	2025-07-30T14:32:25.8270456Z test/services/ui_notification_service_test.dart:95:7: Error: Setter not found: 'service'.
build-and-test	Run flutter test --coverage	2025-07-30T14:32:25.8271222Z       service = ScaffoldNotificationService(messengerKey);
build-and-test	Run flutter test --coverage	2025-07-30T14:32:25.8271862Z       ^^^^^^^
build-and-test	Run flutter test --coverage	2025-07-30T14:32:25.8272417Z test/services/ui_notification_service_test.dart:97:14: Error: Undefined name 'service'.
build-and-test	Run flutter test --coverage	2025-07-30T14:32:25.8273162Z       expect(service, isA<UINotificationService>());
build-and-test	Run flutter test --coverage	2025-07-30T14:32:25.8273596Z              ^^^^^^^
build-and-test	Run flutter test --coverage	2025-07-30T14:32:25.8922152Z ##[group]❌ loading /home/runner/work/appoint/appoint/test/services/ui_notification_service_test.dart (failed)
build-and-test	Run flutter test --coverage	2025-07-30T14:32:25.8924532Z Failed to load "/home/runner/work/appoint/appoint/test/services/ui_notification_service_test.dart": Compilation failed for testPath=/home/runner/work/appoint/appoint/test/services/ui_notification_service_test.dart
build-and-test	Run flutter test --coverage	2025-07-30T14:32:25.8926244Z 
build-and-test	Run flutter test --coverage	2025-07-30T14:32:25.8926636Z ##[endgroup]
build-and-test	Run flutter test --coverage	2025-07-30T14:32:25.9322524Z ##[group]❌ loading /home/runner/work/appoint/appoint/test/widgets/login_screen_test.dart (failed after test completion)
build-and-test	Run flutter test --coverage	2025-07-30T14:32:25.9323620Z Error: the Dart compiler exited unexpectedly.
build-and-test	Run flutter test --coverage	2025-07-30T14:32:25.9324808Z package:flutter_tools/src/base/common.dart 10:3  throwToolExit
build-and-test	Run flutter test --coverage	2025-07-30T14:32:25.9325634Z package:flutter_tools/src/compile.dart 893:9     DefaultResidentCompiler._compile.<fn>
build-and-test	Run flutter test --coverage	2025-07-30T14:32:25.9326438Z dart:async/zone.dart 1422:47                     _rootRunUnary
build-and-test	Run flutter test --coverage	2025-07-30T14:32:25.9327220Z dart:async/future_impl.dart 902:45               Future._propagateToListeners.handleValueCallback
build-and-test	Run flutter test --coverage	2025-07-30T14:32:25.9328093Z dart:async/future_impl.dart 931:13               Future._propagateToListeners
build-and-test	Run flutter test --coverage	2025-07-30T14:32:25.9328809Z dart:async/future_impl.dart 827:9                Future._propagateToListeners
build-and-test	Run flutter test --coverage	2025-07-30T14:32:25.9329306Z dart:async/future_impl.dart 707:5                Future._completeWithValue
build-and-test	Run flutter test --coverage	2025-07-30T14:32:25.9329812Z dart:async/future_impl.dart 777:7                Future._asyncCompleteWithValue.<fn>
build-and-test	Run flutter test --coverage	2025-07-30T14:32:25.9330249Z dart:async/zone.dart 1414:13                     _rootRun
build-and-test	Run flutter test --coverage	2025-07-30T14:32:25.9330586Z dart:async/zone.dart 1317:19                     _CustomZone.run
build-and-test	Run flutter test --coverage	2025-07-30T14:32:25.9330979Z dart:async/zone.dart 1225:7                      _CustomZone.runGuarded
build-and-test	Run flutter test --coverage	2025-07-30T14:32:25.9331392Z dart:async/zone.dart 1265:23                     _CustomZone.bindCallbackGuarded.<fn>
build-and-test	Run flutter test --coverage	2025-07-30T14:32:25.9332022Z dart:async/schedule_microtask.dart 40:21         _microtaskLoop
build-and-test	Run flutter test --coverage	2025-07-30T14:32:25.9332417Z dart:async/schedule_microtask.dart 49:5          _startMicrotaskLoop
build-and-test	Run flutter test --coverage	2025-07-30T14:32:25.9332854Z dart:isolate-patch/isolate_patch.dart 118:13     _runPendingImmediateCallback
build-and-test	Run flutter test --coverage	2025-07-30T14:32:25.9333333Z dart:isolate-patch/isolate_patch.dart 185:5      _RawReceivePort._handleMessage
build-and-test	Run flutter test --coverage	2025-07-30T14:32:25.9333830Z ##[endgroup]
build-and-test	Run flutter test --coverage	2025-07-30T14:32:28.2551976Z test/firebase_test_helper.dart:11:48: Error: Type 'FirebaseAuth' not found.
build-and-test	Run flutter test --coverage	2025-07-30T14:32:28.2552886Z class MockFirebaseAuth extends Mock implements FirebaseAuth {}
build-and-test	Run flutter test --coverage	2025-07-30T14:32:28.2553637Z                                                ^^^^^^^^^^^^
build-and-test	Run flutter test --coverage	2025-07-30T14:32:28.2554017Z test/firebase_test_helper.dart:13:40: Error: Type 'User' not found.
build-and-test	Run flutter test --coverage	2025-07-30T14:32:28.2554415Z class MockUser extends Mock implements User {}
build-and-test	Run flutter test --coverage	2025-07-30T14:32:28.2554718Z                                        ^^^^
build-and-test	Run flutter test --coverage	2025-07-30T14:32:28.2555234Z test/firebase_test_helper.dart:15:50: Error: Type 'UserCredential' not found.
build-and-test	Run flutter test --coverage	2025-07-30T14:32:28.2555731Z class MockUserCredential extends Mock implements UserCredential {}
build-and-test	Run flutter test --coverage	2025-07-30T14:32:28.2556104Z                                                  ^^^^^^^^^^^^^^
build-and-test	Run flutter test --coverage	2025-07-30T14:32:28.3982769Z test/services/broadcast_service_test.dart:144:56: Error: A value of type 'MockDocumentSnapshot' can't be assigned to a variable of type 'QueryDocumentSnapshot<Map<String, dynamic>>'.
build-and-test	Run flutter test --coverage	2025-07-30T14:32:28.3984308Z  - 'MockDocumentSnapshot' is from 'test/services/broadcast_service_test.dart'.
build-and-test	Run flutter test --coverage	2025-07-30T14:32:28.3985734Z  - 'QueryDocumentSnapshot' is from 'package:cloud_firestore/cloud_firestore.dart' ('../../../.pub-cache/hosted/pub.dev/cloud_firestore-5.6.11/lib/cloud_firestore.dart').
build-and-test	Run flutter test --coverage	2025-07-30T14:32:28.3986604Z  - 'Map' is from 'dart:core'.
build-and-test	Run flutter test --coverage	2025-07-30T14:32:28.3986928Z         when(() => mockQuerySnapshot.docs).thenReturn([mockDoc1, mockDoc2]);
build-and-test	Run flutter test --coverage	2025-07-30T14:32:28.3987288Z                                                        ^
build-and-test	Run flutter test --coverage	2025-07-30T14:32:28.3987967Z test/services/broadcast_service_test.dart:144:66: Error: A value of type 'MockDocumentSnapshot' can't be assigned to a variable of type 'QueryDocumentSnapshot<Map<String, dynamic>>'.
build-and-test	Run flutter test --coverage	2025-07-30T14:32:28.3988915Z  - 'MockDocumentSnapshot' is from 'test/services/broadcast_service_test.dart'.
build-and-test	Run flutter test --coverage	2025-07-30T14:32:28.3989834Z  - 'QueryDocumentSnapshot' is from 'package:cloud_firestore/cloud_firestore.dart' ('../../../.pub-cache/hosted/pub.dev/cloud_firestore-5.6.11/lib/cloud_firestore.dart').
build-and-test	Run flutter test --coverage	2025-07-30T14:32:28.3990664Z  - 'Map' is from 'dart:core'.
build-and-test	Run flutter test --coverage	2025-07-30T14:32:28.3991019Z         when(() => mockQuerySnapshot.docs).thenReturn([mockDoc1, mockDoc2]);
build-and-test	Run flutter test --coverage	2025-07-30T14:32:28.3991473Z                                                                  ^
build-and-test	Run flutter test --coverage	2025-07-30T14:32:28.3992860Z test/services/broadcast_service_test.dart:188:56: Error: A value of type 'MockDocumentSnapshot' can't be assigned to a variable of type 'QueryDocumentSnapshot<Map<String, dynamic>>'.
build-and-test	Run flutter test --coverage	2025-07-30T14:32:28.3993718Z  - 'MockDocumentSnapshot' is from 'test/services/broadcast_service_test.dart'.
build-and-test	Run flutter test --coverage	2025-07-30T14:32:28.3994466Z  - 'QueryDocumentSnapshot' is from 'package:cloud_firestore/cloud_firestore.dart' ('../../../.pub-cache/hosted/pub.dev/cloud_firestore-5.6.11/lib/cloud_firestore.dart').
build-and-test	Run flutter test --coverage	2025-07-30T14:32:28.3995095Z  - 'Map' is from 'dart:core'.
build-and-test	Run flutter test --coverage	2025-07-30T14:32:28.3995360Z         when(() => mockQuerySnapshot.docs).thenReturn([mockDoc]);
build-and-test	Run flutter test --coverage	2025-07-30T14:32:28.3995662Z                                                        ^
build-and-test	Run flutter test --coverage	2025-07-30T14:32:28.3996325Z test/services/broadcast_service_test.dart:222:56: Error: A value of type 'MockDocumentSnapshot' can't be assigned to a variable of type 'QueryDocumentSnapshot<Map<String, dynamic>>'.
build-and-test	Run flutter test --coverage	2025-07-30T14:32:28.3997096Z  - 'MockDocumentSnapshot' is from 'test/services/broadcast_service_test.dart'.
build-and-test	Run flutter test --coverage	2025-07-30T14:32:28.3997817Z  - 'QueryDocumentSnapshot' is from 'package:cloud_firestore/cloud_firestore.dart' ('../../../.pub-cache/hosted/pub.dev/cloud_firestore-5.6.11/lib/cloud_firestore.dart').
build-and-test	Run flutter test --coverage	2025-07-30T14:32:28.3998422Z  - 'Map' is from 'dart:core'.
build-and-test	Run flutter test --coverage	2025-07-30T14:32:28.3998684Z         when(() => mockQuerySnapshot.docs).thenReturn([mockDoc]);
build-and-test	Run flutter test --coverage	2025-07-30T14:32:28.3998969Z                                                        ^
build-and-test	Run flutter test --coverage	2025-07-30T14:32:28.4136783Z test/firebase_test_helper.dart:78:25: Error: The getter 'uid' isn't defined for the class 'MockUser'.
build-and-test	Run flutter test --coverage	2025-07-30T14:32:28.4137805Z  - 'MockUser' is from 'test/firebase_test_helper.dart'.
build-and-test	Run flutter test --coverage	2025-07-30T14:32:28.4138750Z Try correcting the name to the name of an existing getter, or defining a getter or field named 'uid'.
build-and-test	Run flutter test --coverage	2025-07-30T14:32:28.4139688Z     when(() => mockUser.uid).thenReturn('test-user-id');
build-and-test	Run flutter test --coverage	2025-07-30T14:32:28.4140683Z                         ^^^
build-and-test	Run flutter test --coverage	2025-07-30T14:32:28.4141488Z test/firebase_test_helper.dart:79:25: Error: The getter 'email' isn't defined for the class 'MockUser'.
build-and-test	Run flutter test --coverage	2025-07-30T14:32:28.4142696Z  - 'MockUser' is from 'test/firebase_test_helper.dart'.
build-and-test	Run flutter test --coverage	2025-07-30T14:32:28.4143888Z Try correcting the name to the name of an existing getter, or defining a getter or field named 'email'.
build-and-test	Run flutter test --coverage	2025-07-30T14:32:28.4144892Z     when(() => mockUser.email).thenReturn('test@example.com');
build-and-test	Run flutter test --coverage	2025-07-30T14:32:28.4145480Z                         ^^^^^
build-and-test	Run flutter test --coverage	2025-07-30T14:32:28.4146283Z test/firebase_test_helper.dart:80:25: Error: The getter 'displayName' isn't defined for the class 'MockUser'.
build-and-test	Run flutter test --coverage	2025-07-30T14:32:28.4147096Z  - 'MockUser' is from 'test/firebase_test_helper.dart'.
build-and-test	Run flutter test --coverage	2025-07-30T14:32:28.4147885Z Try correcting the name to the name of an existing getter, or defining a getter or field named 'displayName'.
build-and-test	Run flutter test --coverage	2025-07-30T14:32:28.4148709Z     when(() => mockUser.displayName).thenReturn('Test User');
build-and-test	Run flutter test --coverage	2025-07-30T14:32:28.4149188Z                         ^^^^^^^^^^^
build-and-test	Run flutter test --coverage	2025-07-30T14:32:28.4149868Z test/firebase_test_helper.dart:81:25: Error: The getter 'photoURL' isn't defined for the class 'MockUser'.
build-and-test	Run flutter test --coverage	2025-07-30T14:32:28.4150642Z  - 'MockUser' is from 'test/firebase_test_helper.dart'.
build-and-test	Run flutter test --coverage	2025-07-30T14:32:28.4151414Z Try correcting the name to the name of an existing getter, or defining a getter or field named 'photoURL'.
build-and-test	Run flutter test --coverage	2025-07-30T14:32:28.4152466Z     when(() => mockUser.photoURL).thenReturn('https://example.com/photo.jpg');
build-and-test	Run flutter test --coverage	2025-07-30T14:32:28.4153039Z                         ^^^^^^^^
build-and-test	Run flutter test --coverage	2025-07-30T14:32:28.4153734Z test/firebase_test_helper.dart:82:25: Error: The getter 'isAnonymous' isn't defined for the class 'MockUser'.
build-and-test	Run flutter test --coverage	2025-07-30T14:32:28.4154539Z  - 'MockUser' is from 'test/firebase_test_helper.dart'.
build-and-test	Run flutter test --coverage	2025-07-30T14:32:28.4155331Z Try correcting the name to the name of an existing getter, or defining a getter or field named 'isAnonymous'.
build-and-test	Run flutter test --coverage	2025-07-30T14:32:28.4156110Z     when(() => mockUser.isAnonymous).thenReturn(false);
build-and-test	Run flutter test --coverage	2025-07-30T14:32:28.4156544Z                         ^^^^^^^^^^^
build-and-test	Run flutter test --coverage	2025-07-30T14:32:28.4157257Z test/firebase_test_helper.dart:83:25: Error: The getter 'emailVerified' isn't defined for the class 'MockUser'.
build-and-test	Run flutter test --coverage	2025-07-30T14:32:28.4158073Z  - 'MockUser' is from 'test/firebase_test_helper.dart'.
build-and-test	Run flutter test --coverage	2025-07-30T14:32:28.4158879Z Try correcting the name to the name of an existing getter, or defining a getter or field named 'emailVerified'.
build-and-test	Run flutter test --coverage	2025-07-30T14:32:28.4159673Z     when(() => mockUser.emailVerified).thenReturn(true);
build-and-test	Run flutter test --coverage	2025-07-30T14:32:28.4160126Z                         ^^^^^^^^^^^^^
build-and-test	Run flutter test --coverage	2025-07-30T14:32:28.4160829Z test/firebase_test_helper.dart:86:35: Error: The getter 'user' isn't defined for the class 'MockUserCredential'.
build-and-test	Run flutter test --coverage	2025-07-30T14:32:28.4161831Z  - 'MockUserCredential' is from 'test/firebase_test_helper.dart'.
build-and-test	Run flutter test --coverage	2025-07-30T14:32:28.4162657Z Try correcting the name to the name of an existing getter, or defining a getter or field named 'user'.
build-and-test	Run flutter test --coverage	2025-07-30T14:32:28.4163448Z     when(() => mockUserCredential.user).thenReturn(mockUser);
build-and-test	Run flutter test --coverage	2025-07-30T14:32:28.4163927Z                                   ^^^^
build-and-test	Run flutter test --coverage	2025-07-30T14:32:28.4164684Z test/firebase_test_helper.dart:89:25: Error: The getter 'currentUser' isn't defined for the class 'MockFirebaseAuth'.
build-and-test	Run flutter test --coverage	2025-07-30T14:32:28.4165603Z  - 'MockFirebaseAuth' is from 'test/firebase_test_helper.dart'.
build-and-test	Run flutter test --coverage	2025-07-30T14:32:28.4166466Z Try correcting the name to the name of an existing getter, or defining a getter or field named 'currentUser'.
build-and-test	Run flutter test --coverage	2025-07-30T14:32:28.4167299Z     when(() => mockAuth.currentUser).thenReturn(mockUser);
build-and-test	Run flutter test --coverage	2025-07-30T14:32:28.4167750Z                         ^^^^^^^^^^^
build-and-test	Run flutter test --coverage	2025-07-30T14:32:28.4168546Z test/firebase_test_helper.dart:90:25: Error: The method 'authStateChanges' isn't defined for the class 'MockFirebaseAuth'.
build-and-test	Run flutter test --coverage	2025-07-30T14:32:28.4169495Z  - 'MockFirebaseAuth' is from 'test/firebase_test_helper.dart'.
build-and-test	Run flutter test --coverage	2025-07-30T14:32:28.4170322Z Try correcting the name to the name of an existing method, or defining a method named 'authStateChanges'.
build-and-test	Run flutter test --coverage	2025-07-30T14:32:28.4171199Z     when(() => mockAuth.authStateChanges())
build-and-test	Run flutter test --coverage	2025-07-30T14:32:28.4171444Z                         ^^^^^^^^^^^^^^^^
build-and-test	Run flutter test --coverage	2025-07-30T14:32:28.4172132Z test/firebase_test_helper.dart:92:25: Error: The method 'userChanges' isn't defined for the class 'MockFirebaseAuth'.
build-and-test	Run flutter test --coverage	2025-07-30T14:32:28.4172800Z  - 'MockFirebaseAuth' is from 'test/firebase_test_helper.dart'.
build-and-test	Run flutter test --coverage	2025-07-30T14:32:28.4173265Z Try correcting the name to the name of an existing method, or defining a method named 'userChanges'.
build-and-test	Run flutter test --coverage	2025-07-30T14:32:28.4173676Z     when(() => mockAuth.userChanges())
build-and-test	Run flutter test --coverage	2025-07-30T14:32:28.4173906Z                         ^^^^^^^^^^^
build-and-test	Run flutter test --coverage	2025-07-30T14:32:28.4174407Z test/firebase_test_helper.dart:94:25: Error: The method 'signInWithEmailAndPassword' isn't defined for the class 'MockFirebaseAuth'.
build-and-test	Run flutter test --coverage	2025-07-30T14:32:28.4175002Z  - 'MockFirebaseAuth' is from 'test/firebase_test_helper.dart'.
build-and-test	Run flutter test --coverage	2025-07-30T14:32:28.4175511Z Try correcting the name to the name of an existing method, or defining a method named 'signInWithEmailAndPassword'.
build-and-test	Run flutter test --coverage	2025-07-30T14:32:28.4176028Z     when(() => mockAuth.signInWithEmailAndPassword(any(), any()))
build-and-test	Run flutter test --coverage	2025-07-30T14:32:28.4176349Z                         ^^^^^^^^^^^^^^^^^^^^^^^^^^
build-and-test	Run flutter test --coverage	2025-07-30T14:32:28.4176871Z test/firebase_test_helper.dart:96:25: Error: The method 'createUserWithEmailAndPassword' isn't defined for the class 'MockFirebaseAuth'.
build-and-test	Run flutter test --coverage	2025-07-30T14:32:28.4177464Z  - 'MockFirebaseAuth' is from 'test/firebase_test_helper.dart'.
build-and-test	Run flutter test --coverage	2025-07-30T14:32:28.4177979Z Try correcting the name to the name of an existing method, or defining a method named 'createUserWithEmailAndPassword'.
build-and-test	Run flutter test --coverage	2025-07-30T14:32:28.4178516Z     when(() => mockAuth.createUserWithEmailAndPassword(any(), any()))
build-and-test	Run flutter test --coverage	2025-07-30T14:32:28.4178834Z                         ^^^^^^^^^^^^^^^^^^^^^^^^^^^^^^
build-and-test	Run flutter test --coverage	2025-07-30T14:32:28.4179270Z test/firebase_test_helper.dart:98:25: Error: The method 'signOut' isn't defined for the class 'MockFirebaseAuth'.
build-and-test	Run flutter test --coverage	2025-07-30T14:32:28.4179775Z  - 'MockFirebaseAuth' is from 'test/firebase_test_helper.dart'.
build-and-test	Run flutter test --coverage	2025-07-30T14:32:28.4180224Z Try correcting the name to the name of an existing method, or defining a method named 'signOut'.
build-and-test	Run flutter test --coverage	2025-07-30T14:32:28.4180656Z     when(() => mockAuth.signOut()).thenAnswer((_) async {});
build-and-test	Run flutter test --coverage	2025-07-30T14:32:28.4180922Z                         ^^^^^^^
build-and-test	Run flutter test --coverage	2025-07-30T14:32:28.4181632Z test/firebase_test_helper.dart:108:60: Error: The argument type 'MockCollectionReference' can't be assigned to the parameter type 'CollectionReference<Map<String, dynamic>>'.
build-and-test	Run flutter test --coverage	2025-07-30T14:32:28.4182361Z  - 'MockCollectionReference' is from 'test/firebase_test_helper.dart'.
build-and-test	Run flutter test --coverage	2025-07-30T14:32:28.4183055Z  - 'CollectionReference' is from 'package:cloud_firestore/cloud_firestore.dart' ('../../../.pub-cache/hosted/pub.dev/cloud_firestore-5.6.11/lib/cloud_firestore.dart').
build-and-test	Run flutter test --coverage	2025-07-30T14:32:28.4183658Z  - 'Map' is from 'dart:core'.
build-and-test	Run flutter test --coverage	2025-07-30T14:32:28.4183974Z     when(() => mockFirestore.collection(any())).thenReturn(mockCollection);
build-and-test	Run flutter test --coverage	2025-07-30T14:32:28.4184313Z                                                            ^
build-and-test	Run flutter test --coverage	2025-07-30T14:32:28.4184896Z test/firebase_test_helper.dart:132:52: Error: A value of type 'MockDocumentSnapshot' can't be assigned to a variable of type 'QueryDocumentSnapshot<Object?>'.
build-and-test	Run flutter test --coverage	2025-07-30T14:32:28.4185545Z  - 'MockDocumentSnapshot' is from 'test/firebase_test_helper.dart'.
build-and-test	Run flutter test --coverage	2025-07-30T14:32:28.4186250Z  - 'QueryDocumentSnapshot' is from 'package:cloud_firestore/cloud_firestore.dart' ('../../../.pub-cache/hosted/pub.dev/cloud_firestore-5.6.11/lib/cloud_firestore.dart').
build-and-test	Run flutter test --coverage	2025-07-30T14:32:28.4186882Z  - 'Object' is from 'dart:core'.
build-and-test	Run flutter test --coverage	2025-07-30T14:32:28.4187205Z     when(() => mockQuerySnapshot.docs).thenReturn([mockDocumentSnapshot]);
build-and-test	Run flutter test --coverage	2025-07-30T14:32:28.4187541Z                                                    ^
build-and-test	Run flutter test --coverage	2025-07-30T14:32:28.9218080Z ##[group]❌ loading /home/runner/work/appoint/appoint/test/services/broadcast_service_test.dart (failed)
build-and-test	Run flutter test --coverage	2025-07-30T14:32:28.9220308Z Failed to load "/home/runner/work/appoint/appoint/test/services/broadcast_service_test.dart": Compilation failed for testPath=/home/runner/work/appoint/appoint/test/services/broadcast_service_test.dart
build-and-test	Run flutter test --coverage	2025-07-30T14:32:28.9222117Z 
build-and-test	Run flutter test --coverage	2025-07-30T14:32:28.9222480Z ##[endgroup]
build-and-test	Run flutter test --coverage	2025-07-30T14:32:28.9558164Z ##[group]❌ loading /home/runner/work/appoint/appoint/test/widgets/login_screen_test.dart (failed after test completion)
build-and-test	Run flutter test --coverage	2025-07-30T14:32:28.9559119Z Error: the Dart compiler exited unexpectedly.
build-and-test	Run flutter test --coverage	2025-07-30T14:32:28.9560660Z package:flutter_tools/src/base/common.dart 10:3  throwToolExit
build-and-test	Run flutter test --coverage	2025-07-30T14:32:28.9561496Z package:flutter_tools/src/compile.dart 893:9     DefaultResidentCompiler._compile.<fn>
build-and-test	Run flutter test --coverage	2025-07-30T14:32:28.9562302Z dart:async/zone.dart 1422:47                     _rootRunUnary
build-and-test	Run flutter test --coverage	2025-07-30T14:32:28.9562933Z dart:async/future_impl.dart 902:45               Future._propagateToListeners.handleValueCallback
build-and-test	Run flutter test --coverage	2025-07-30T14:32:28.9563510Z dart:async/future_impl.dart 931:13               Future._propagateToListeners
build-and-test	Run flutter test --coverage	2025-07-30T14:32:28.9563995Z dart:async/future_impl.dart 827:9                Future._propagateToListeners
build-and-test	Run flutter test --coverage	2025-07-30T14:32:28.9564486Z dart:async/future_impl.dart 707:5                Future._completeWithValue
build-and-test	Run flutter test --coverage	2025-07-30T14:32:28.9564977Z dart:async/future_impl.dart 777:7                Future._asyncCompleteWithValue.<fn>
build-and-test	Run flutter test --coverage	2025-07-30T14:32:28.9565410Z dart:async/zone.dart 1414:13                     _rootRun
build-and-test	Run flutter test --coverage	2025-07-30T14:32:28.9565792Z dart:async/zone.dart 1317:19                     _CustomZone.run
build-and-test	Run flutter test --coverage	2025-07-30T14:32:28.9566202Z dart:async/zone.dart 1225:7                      _CustomZone.runGuarded
build-and-test	Run flutter test --coverage	2025-07-30T14:32:28.9566663Z dart:async/zone.dart 1265:23                     _CustomZone.bindCallbackGuarded.<fn>
build-and-test	Run flutter test --coverage	2025-07-30T14:32:28.9567115Z dart:async/schedule_microtask.dart 40:21         _microtaskLoop
build-and-test	Run flutter test --coverage	2025-07-30T14:32:28.9567519Z dart:async/schedule_microtask.dart 49:5          _startMicrotaskLoop
build-and-test	Run flutter test --coverage	2025-07-30T14:32:28.9567979Z dart:isolate-patch/isolate_patch.dart 118:13     _runPendingImmediateCallback
build-and-test	Run flutter test --coverage	2025-07-30T14:32:28.9568452Z dart:isolate-patch/isolate_patch.dart 185:5      _RawReceivePort._handleMessage
build-and-test	Run flutter test --coverage	2025-07-30T14:32:28.9568981Z ##[endgroup]
build-and-test	Run flutter test --coverage	2025-07-30T14:32:31.6987236Z test/mocks/firebase_mocks.dart:127:15: Error: Type 'MockFirebaseAuthGenerated' not found.
build-and-test	Run flutter test --coverage	2025-07-30T14:32:31.6991987Z   static late MockFirebaseAuthGenerated mockAuth;
build-and-test	Run flutter test --coverage	2025-07-30T14:32:31.6995985Z               ^^^^^^^^^^^^^^^^^^^^^^^^^
build-and-test	Run flutter test --coverage	2025-07-30T14:32:31.6998884Z test/mocks/firebase_mocks.dart:128:15: Error: Type 'MockFirebaseFirestoreGenerated' not found.
build-and-test	Run flutter test --coverage	2025-07-30T14:32:31.7001244Z   static late MockFirebaseFirestoreGenerated mockFirestore;
build-and-test	Run flutter test --coverage	2025-07-30T14:32:31.7008191Z               ^^^^^^^^^^^^^^^^^^^^^^^^^^^^^^
build-and-test	Run flutter test --coverage	2025-07-30T14:32:31.7008968Z test/mocks/firebase_mocks.dart:129:15: Error: Type 'MockFirebaseStorageGenerated' not found.
build-and-test	Run flutter test --coverage	2025-07-30T14:32:31.7009832Z   static late MockFirebaseStorageGenerated mockStorage;
build-and-test	Run flutter test --coverage	2025-07-30T14:32:31.7010376Z               ^^^^^^^^^^^^^^^^^^^^^^^^^^^^
build-and-test	Run flutter test --coverage	2025-07-30T14:32:31.7011001Z test/firebase_test_helper.dart:11:48: Error: Type 'FirebaseAuth' not found.
build-and-test	Run flutter test --coverage	2025-07-30T14:32:31.7011997Z class MockFirebaseAuth extends Mock implements FirebaseAuth {}
build-and-test	Run flutter test --coverage	2025-07-30T14:32:31.7012592Z                                                ^^^^^^^^^^^^
build-and-test	Run flutter test --coverage	2025-07-30T14:32:31.7013194Z test/firebase_test_helper.dart:13:40: Error: Type 'User' not found.
build-and-test	Run flutter test --coverage	2025-07-30T14:32:31.7013865Z class MockUser extends Mock implements User {}
build-and-test	Run flutter test --coverage	2025-07-30T14:32:31.7014327Z                                        ^^^^
build-and-test	Run flutter test --coverage	2025-07-30T14:32:31.7014938Z test/firebase_test_helper.dart:15:50: Error: Type 'UserCredential' not found.
build-and-test	Run flutter test --coverage	2025-07-30T14:32:31.7015727Z class MockUserCredential extends Mock implements UserCredential {}
build-and-test	Run flutter test --coverage	2025-07-30T14:32:31.7016323Z                                                  ^^^^^^^^^^^^^^
build-and-test	Run flutter test --coverage	2025-07-30T14:32:31.8924865Z test/services/auth_service_test.dart:23:10: Error: 'MockFirebaseAuthGenerated' isn't a type.
build-and-test	Run flutter test --coverage	2025-07-30T14:32:31.8962356Z     late MockFirebaseAuthGenerated mockAuth;
build-and-test	Run flutter test --coverage	2025-07-30T14:32:31.8963314Z          ^^^^^^^^^^^^^^^^^^^^^^^^^
build-and-test	Run flutter test --coverage	2025-07-30T14:32:31.8964310Z test/services/auth_service_test.dart:24:10: Error: 'MockFirebaseFirestoreGenerated' isn't a type.
build-and-test	Run flutter test --coverage	2025-07-30T14:32:31.8965574Z     late MockFirebaseFirestoreGenerated mockFirestore;
build-and-test	Run flutter test --coverage	2025-07-30T14:32:31.8966064Z          ^^^^^^^^^^^^^^^^^^^^^^^^^^^^^^
build-and-test	Run flutter test --coverage	2025-07-30T14:32:31.8966702Z test/services/auth_service_test.dart:25:10: Error: 'MockUserGenerated' isn't a type.
build-and-test	Run flutter test --coverage	2025-07-30T14:32:31.8967580Z     late MockUserGenerated mockUser;
build-and-test	Run flutter test --coverage	2025-07-30T14:32:31.8968006Z          ^^^^^^^^^^^^^^^^^
build-and-test	Run flutter test --coverage	2025-07-30T14:32:31.8968694Z test/services/auth_service_test.dart:26:10: Error: 'MockUserCredentialGenerated' isn't a type.
build-and-test	Run flutter test --coverage	2025-07-30T14:32:31.8969557Z     late MockUserCredentialGenerated mockUserCredential;
build-and-test	Run flutter test --coverage	2025-07-30T14:32:31.8970081Z          ^^^^^^^^^^^^^^^^^^^^^^^^^^^
build-and-test	Run flutter test --coverage	2025-07-30T14:32:31.8970814Z test/services/auth_service_test.dart:27:10: Error: 'MockDocumentReferenceGenerated' isn't a type.
build-and-test	Run flutter test --coverage	2025-07-30T14:32:31.8971852Z     late MockDocumentReferenceGenerated mockDocRef;
build-and-test	Run flutter test --coverage	2025-07-30T14:32:31.8972345Z          ^^^^^^^^^^^^^^^^^^^^^^^^^^^^^^
build-and-test	Run flutter test --coverage	2025-07-30T14:32:31.8973106Z test/services/auth_service_test.dart:28:10: Error: 'MockDocumentSnapshotGenerated' isn't a type.
build-and-test	Run flutter test --coverage	2025-07-30T14:32:31.8974005Z     late MockDocumentSnapshotGenerated mockDocSnapshot;
build-and-test	Run flutter test --coverage	2025-07-30T14:32:31.8974519Z          ^^^^^^^^^^^^^^^^^^^^^^^^^^^^^
build-and-test	Run flutter test --coverage	2025-07-30T14:32:31.8975286Z test/services/auth_service_test.dart:31:18: Error: Method not found: 'MockFirebaseAuthGenerated'.
build-and-test	Run flutter test --coverage	2025-07-30T14:32:31.8976106Z       mockAuth = MockFirebaseAuthGenerated();
build-and-test	Run flutter test --coverage	2025-07-30T14:32:31.8976570Z                  ^^^^^^^^^^^^^^^^^^^^^^^^^
build-and-test	Run flutter test --coverage	2025-07-30T14:32:31.8977357Z test/services/auth_service_test.dart:32:23: Error: Method not found: 'MockFirebaseFirestoreGenerated'.
build-and-test	Run flutter test --coverage	2025-07-30T14:32:31.8978218Z       mockFirestore = MockFirebaseFirestoreGenerated();
build-and-test	Run flutter test --coverage	2025-07-30T14:32:31.8978735Z                       ^^^^^^^^^^^^^^^^^^^^^^^^^^^^^^
build-and-test	Run flutter test --coverage	2025-07-30T14:32:31.8979426Z test/services/auth_service_test.dart:33:18: Error: Method not found: 'MockUserGenerated'.
build-and-test	Run flutter test --coverage	2025-07-30T14:32:31.8980162Z       mockUser = MockUserGenerated();
build-and-test	Run flutter test --coverage	2025-07-30T14:32:31.8980586Z                  ^^^^^^^^^^^^^^^^^
build-and-test	Run flutter test --coverage	2025-07-30T14:32:31.8981304Z test/services/auth_service_test.dart:34:28: Error: Method not found: 'MockUserCredentialGenerated'.
build-and-test	Run flutter test --coverage	2025-07-30T14:32:31.8982343Z       mockUserCredential = MockUserCredentialGenerated();
build-and-test	Run flutter test --coverage	2025-07-30T14:32:31.8982876Z                            ^^^^^^^^^^^^^^^^^^^^^^^^^^^
build-and-test	Run flutter test --coverage	2025-07-30T14:32:31.8983668Z test/services/auth_service_test.dart:35:20: Error: Method not found: 'MockDocumentReferenceGenerated'.
build-and-test	Run flutter test --coverage	2025-07-30T14:32:31.8984520Z       mockDocRef = MockDocumentReferenceGenerated();
build-and-test	Run flutter test --coverage	2025-07-30T14:32:31.8985014Z                    ^^^^^^^^^^^^^^^^^^^^^^^^^^^^^^
build-and-test	Run flutter test --coverage	2025-07-30T14:32:31.8985764Z test/services/auth_service_test.dart:36:25: Error: Method not found: 'MockDocumentSnapshotGenerated'.
build-and-test	Run flutter test --coverage	2025-07-30T14:32:31.8986647Z       mockDocSnapshot = MockDocumentSnapshotGenerated();
build-and-test	Run flutter test --coverage	2025-07-30T14:32:31.8987164Z                         ^^^^^^^^^^^^^^^^^^^^^^^^^^^^^
build-and-test	Run flutter test --coverage	2025-07-30T14:32:31.8987845Z test/services/auth_service_test.dart:231:11: Error: No named parameter with the name 'uid'.
build-and-test	Run flutter test --coverage	2025-07-30T14:32:31.8988537Z           uid: 'test-uid',
build-and-test	Run flutter test --coverage	2025-07-30T14:32:31.8988853Z           ^^^
build-and-test	Run flutter test --coverage	2025-07-30T14:32:31.8989431Z lib/models/user_profile.dart:7:9: Context: Found this candidate, but the arguments don't match.
build-and-test	Run flutter test --coverage	2025-07-30T14:32:31.8990184Z   const UserProfile({
build-and-test	Run flutter test --coverage	2025-07-30T14:32:31.8990540Z         ^^^^^^^^^^^
build-and-test	Run flutter test --coverage	2025-07-30T14:32:31.8991262Z test/services/auth_service_test.dart:237:11: Error: Method not found: 'REDACTED_TOKEN'.
build-and-test	Run flutter test --coverage	2025-07-30T14:32:31.8992295Z           REDACTED_TOKEN(),
build-and-test	Run flutter test --coverage	2025-07-30T14:32:31.8992765Z           ^^^^^^^^^^^^^^^^^^^^^^^^^^^^^^^^
build-and-test	Run flutter test --coverage	2025-07-30T14:32:31.8993454Z test/services/auth_service_test.dart:254:11: Error: No named parameter with the name 'uid'.
build-and-test	Run flutter test --coverage	2025-07-30T14:32:31.8994179Z           uid: 'test-uid',
build-and-test	Run flutter test --coverage	2025-07-30T14:32:31.8994529Z           ^^^
build-and-test	Run flutter test --coverage	2025-07-30T14:32:31.8995136Z lib/models/user_profile.dart:7:9: Context: Found this candidate, but the arguments don't match.
build-and-test	Run flutter test --coverage	2025-07-30T14:32:31.8995879Z   const UserProfile({
build-and-test	Run flutter test --coverage	2025-07-30T14:32:31.8996459Z         ^^^^^^^^^^^
build-and-test	Run flutter test --coverage	2025-07-30T14:32:31.8997161Z test/services/auth_service_test.dart:260:11: Error: Method not found: 'REDACTED_TOKEN'.
build-and-test	Run flutter test --coverage	2025-07-30T14:32:31.8998009Z           REDACTED_TOKEN(),
build-and-test	Run flutter test --coverage	2025-07-30T14:32:31.8998662Z           ^^^^^^^^^^^^^^^^^^^^^^^^^^^^^^^^
build-and-test	Run flutter test --coverage	2025-07-30T14:32:31.8999435Z test/services/auth_service_test.dart:285:11: Error: Method not found: 'REDACTED_TOKEN'.
build-and-test	Run flutter test --coverage	2025-07-30T14:32:31.9000286Z           REDACTED_TOKEN(),
build-and-test	Run flutter test --coverage	2025-07-30T14:32:31.9000733Z           ^^^^^^^^^^^^^^^^^^^^^^^^^^^^^^^^
build-and-test	Run flutter test --coverage	2025-07-30T14:32:31.9001719Z test/services/auth_service_test.dart:65:23: Error: The getter 'uid' isn't defined for the class 'UserProfile'.
build-and-test	Run flutter test --coverage	2025-07-30T14:32:31.9002907Z  - 'UserProfile' is from 'package:appoint/models/user_profile.dart' ('lib/models/user_profile.dart').
build-and-test	Run flutter test --coverage	2025-07-30T14:32:31.9004047Z Try correcting the name to the name of an existing getter, or defining a getter or field named 'uid'.
build-and-test	Run flutter test --coverage	2025-07-30T14:32:31.9004842Z         expect(result.uid, equals(uid));
build-and-test	Run flutter test --coverage	2025-07-30T14:32:31.9005273Z                       ^^^
build-and-test	Run flutter test --coverage	2025-07-30T14:32:31.9006081Z test/services/auth_service_test.dart:67:23: Error: The getter 'displayName' isn't defined for the class 'UserProfile'.
build-and-test	Run flutter test --coverage	2025-07-30T14:32:31.9007340Z  - 'UserProfile' is from 'package:appoint/models/user_profile.dart' ('lib/models/user_profile.dart').
build-and-test	Run flutter test --coverage	2025-07-30T14:32:31.9008502Z Try correcting the name to the name of an existing getter, or defining a getter or field named 'displayName'.
build-and-test	Run flutter test --coverage	2025-07-30T14:32:31.9009398Z         expect(result.displayName, equals('Test User'));
build-and-test	Run flutter test --coverage	2025-07-30T14:32:31.9009890Z                       ^^^^^^^^^^^
build-and-test	Run flutter test --coverage	2025-07-30T14:32:31.9010687Z test/services/auth_service_test.dart:140:23: Error: The getter 'uid' isn't defined for the class 'UserProfile'.
build-and-test	Run flutter test --coverage	2025-07-30T14:32:31.9012017Z  - 'UserProfile' is from 'package:appoint/models/user_profile.dart' ('lib/models/user_profile.dart').
build-and-test	Run flutter test --coverage	2025-07-30T14:32:31.9013125Z Try correcting the name to the name of an existing getter, or defining a getter or field named 'uid'.
build-and-test	Run flutter test --coverage	2025-07-30T14:32:31.9013917Z         expect(result.uid, equals(uid));
build-and-test	Run flutter test --coverage	2025-07-30T14:32:31.9014342Z                       ^^^
build-and-test	Run flutter test --coverage	2025-07-30T14:32:31.9015133Z test/services/auth_service_test.dart:142:23: Error: The getter 'displayName' isn't defined for the class 'UserProfile'.
build-and-test	Run flutter test --coverage	2025-07-30T14:32:31.9016371Z  - 'UserProfile' is from 'package:appoint/models/user_profile.dart' ('lib/models/user_profile.dart').
build-and-test	Run flutter test --coverage	2025-07-30T14:32:31.9017522Z Try correcting the name to the name of an existing getter, or defining a getter or field named 'displayName'.
build-and-test	Run flutter test --coverage	2025-07-30T14:32:31.9018430Z         expect(result.displayName, equals('New User'));
build-and-test	Run flutter test --coverage	2025-07-30T14:32:31.9018922Z                       ^^^^^^^^^^^
build-and-test	Run flutter test --coverage	2025-07-30T14:32:31.9019713Z test/services/auth_service_test.dart:211:24: Error: The getter 'uid' isn't defined for the class 'UserProfile'.
build-and-test	Run flutter test --coverage	2025-07-30T14:32:31.9020899Z  - 'UserProfile' is from 'package:appoint/models/user_profile.dart' ('lib/models/user_profile.dart').
build-and-test	Run flutter test --coverage	2025-07-30T14:32:31.9022224Z Try correcting the name to the name of an existing getter, or defining a getter or field named 'uid'.
build-and-test	Run flutter test --coverage	2025-07-30T14:32:31.9023021Z         expect(result?.uid, equals(uid));
build-and-test	Run flutter test --coverage	2025-07-30T14:32:31.9023447Z                        ^^^
build-and-test	Run flutter test --coverage	2025-07-30T14:32:31.9024107Z test/mocks/firebase_mocks.dart:127:15: Error: 'MockFirebaseAuthGenerated' isn't a type.
build-and-test	Run flutter test --coverage	2025-07-30T14:32:31.9024894Z   static late MockFirebaseAuthGenerated mockAuth;
build-and-test	Run flutter test --coverage	2025-07-30T14:32:31.9025395Z               ^^^^^^^^^^^^^^^^^^^^^^^^^
build-and-test	Run flutter test --coverage	2025-07-30T14:32:31.9026114Z test/mocks/firebase_mocks.dart:128:15: Error: 'MockFirebaseFirestoreGenerated' isn't a type.
build-and-test	Run flutter test --coverage	2025-07-30T14:32:31.9026991Z   static late MockFirebaseFirestoreGenerated mockFirestore;
build-and-test	Run flutter test --coverage	2025-07-30T14:32:31.9027543Z               ^^^^^^^^^^^^^^^^^^^^^^^^^^^^^^
build-and-test	Run flutter test --coverage	2025-07-30T14:32:31.9028230Z test/mocks/firebase_mocks.dart:129:15: Error: 'MockFirebaseStorageGenerated' isn't a type.
build-and-test	Run flutter test --coverage	2025-07-30T14:32:31.9029070Z   static late MockFirebaseStorageGenerated mockStorage;
build-and-test	Run flutter test --coverage	2025-07-30T14:32:31.9029887Z               ^^^^^^^^^^^^^^^^^^^^^^^^^^^^
build-and-test	Run flutter test --coverage	2025-07-30T14:32:31.9030627Z test/mocks/firebase_mocks.dart:132:16: Error: Method not found: 'MockFirebaseAuthGenerated'.
build-and-test	Run flutter test --coverage	2025-07-30T14:32:31.9031417Z     mockAuth = MockFirebaseAuthGenerated();
build-and-test	Run flutter test --coverage	2025-07-30T14:32:31.9032496Z                ^^^^^^^^^^^^^^^^^^^^^^^^^
build-and-test	Run flutter test --coverage	2025-07-30T14:32:31.9033488Z test/mocks/firebase_mocks.dart:133:21: Error: Method not found: 'MockFirebaseFirestoreGenerated'.
build-and-test	Run flutter test --coverage	2025-07-30T14:32:31.9034381Z     mockFirestore = MockFirebaseFirestoreGenerated();
build-and-test	Run flutter test --coverage	2025-07-30T14:32:31.9034897Z                     ^^^^^^^^^^^^^^^^^^^^^^^^^^^^^^
build-and-test	Run flutter test --coverage	2025-07-30T14:32:31.9035648Z test/mocks/firebase_mocks.dart:134:19: Error: Method not found: 'MockFirebaseStorageGenerated'.
build-and-test	Run flutter test --coverage	2025-07-30T14:32:31.9036473Z     mockStorage = MockFirebaseStorageGenerated();
build-and-test	Run flutter test --coverage	2025-07-30T14:32:31.9036986Z                   ^^^^^^^^^^^^^^^^^^^^^^^^^^^^
build-and-test	Run flutter test --coverage	2025-07-30T14:32:31.9037786Z test/firebase_test_helper.dart:78:25: Error: The getter 'uid' isn't defined for the class 'MockUser'.
build-and-test	Run flutter test --coverage	2025-07-30T14:32:31.9038636Z  - 'MockUser' is from 'test/firebase_test_helper.dart'.
build-and-test	Run flutter test --coverage	2025-07-30T14:32:31.9039469Z Try correcting the name to the name of an existing getter, or defining a getter or field named 'uid'.
build-and-test	Run flutter test --coverage	2025-07-30T14:32:31.9040292Z     when(() => mockUser.uid).thenReturn('test-user-id');
build-and-test	Run flutter test --coverage	2025-07-30T14:32:31.9054878Z                         ^^^
build-and-test	Run flutter test --coverage	2025-07-30T14:32:31.9055805Z test/firebase_test_helper.dart:79:25: Error: The getter 'email' isn't defined for the class 'MockUser'.
build-and-test	Run flutter test --coverage	2025-07-30T14:32:31.9056875Z  - 'MockUser' is from 'test/firebase_test_helper.dart'.
build-and-test	Run flutter test --coverage	2025-07-30T14:32:31.9057874Z Try correcting the name to the name of an existing getter, or defining a getter or field named 'email'.
build-and-test	Run flutter test --coverage	2025-07-30T14:32:31.9058924Z     when(() => mockUser.email).thenReturn('test@example.com');
build-and-test	Run flutter test --coverage	2025-07-30T14:32:31.9059562Z                         ^^^^^
build-and-test	Run flutter test --coverage	2025-07-30T14:32:31.9060432Z test/firebase_test_helper.dart:80:25: Error: The getter 'displayName' isn't defined for the class 'MockUser'.
build-and-test	Run flutter test --coverage	2025-07-30T14:32:31.9061712Z  - 'MockUser' is from 'test/firebase_test_helper.dart'.
build-and-test	Run flutter test --coverage	2025-07-30T14:32:31.9062742Z Try correcting the name to the name of an existing getter, or defining a getter or field named 'displayName'.
build-and-test	Run flutter test --coverage	2025-07-30T14:32:31.9063784Z     when(() => mockUser.displayName).thenReturn('Test User');
build-and-test	Run flutter test --coverage	2025-07-30T14:32:31.9064415Z                         ^^^^^^^^^^^
build-and-test	Run flutter test --coverage	2025-07-30T14:32:31.9065253Z test/firebase_test_helper.dart:81:25: Error: The getter 'photoURL' isn't defined for the class 'MockUser'.
build-and-test	Run flutter test --coverage	2025-07-30T14:32:31.9066239Z  - 'MockUser' is from 'test/firebase_test_helper.dart'.
build-and-test	Run flutter test --coverage	2025-07-30T14:32:31.9067168Z Try correcting the name to the name of an existing getter, or defining a getter or field named 'photoURL'.
build-and-test	Run flutter test --coverage	2025-07-30T14:32:31.9068288Z     when(() => mockUser.photoURL).thenReturn('https://example.com/photo.jpg');
build-and-test	Run flutter test --coverage	2025-07-30T14:32:31.9069049Z                         ^^^^^^^^
build-and-test	Run flutter test --coverage	2025-07-30T14:32:31.9069964Z test/firebase_test_helper.dart:82:25: Error: The getter 'isAnonymous' isn't defined for the class 'MockUser'.
build-and-test	Run flutter test --coverage	2025-07-30T14:32:31.9071045Z  - 'MockUser' is from 'test/firebase_test_helper.dart'.
build-and-test	Run flutter test --coverage	2025-07-30T14:32:31.9072200Z Try correcting the name to the name of an existing getter, or defining a getter or field named 'isAnonymous'.
build-and-test	Run flutter test --coverage	2025-07-30T14:32:31.9073186Z     when(() => mockUser.isAnonymous).thenReturn(false);
build-and-test	Run flutter test --coverage	2025-07-30T14:32:31.9074634Z                         ^^^^^^^^^^^
build-and-test	Run flutter test --coverage	2025-07-30T14:32:31.9075471Z test/firebase_test_helper.dart:83:25: Error: The getter 'emailVerified' isn't defined for the class 'MockUser'.
build-and-test	Run flutter test --coverage	2025-07-30T14:32:31.9076404Z  - 'MockUser' is from 'test/firebase_test_helper.dart'.
build-and-test	Run flutter test --coverage	2025-07-30T14:32:31.9077286Z Try correcting the name to the name of an existing getter, or defining a getter or field named 'emailVerified'.
build-and-test	Run flutter test --coverage	2025-07-30T14:32:31.9078175Z     when(() => mockUser.emailVerified).thenReturn(true);
build-and-test	Run flutter test --coverage	2025-07-30T14:32:31.9078687Z                         ^^^^^^^^^^^^^
build-and-test	Run flutter test --coverage	2025-07-30T14:32:31.9079473Z test/firebase_test_helper.dart:86:35: Error: The getter 'user' isn't defined for the class 'MockUserCredential'.
build-and-test	Run flutter test --coverage	2025-07-30T14:32:31.9080742Z  - 'MockUserCredential' is from 'test/firebase_test_helper.dart'.
build-and-test	Run flutter test --coverage	2025-07-30T14:32:31.9082019Z Try correcting the name to the name of an existing getter, or defining a getter or field named 'user'.
build-and-test	Run flutter test --coverage	2025-07-30T14:32:31.9082885Z     when(() => mockUserCredential.user).thenReturn(mockUser);
build-and-test	Run flutter test --coverage	2025-07-30T14:32:31.9083706Z                                   ^^^^
build-and-test	Run flutter test --coverage	2025-07-30T14:32:31.9084550Z test/firebase_test_helper.dart:89:25: Error: The getter 'currentUser' isn't defined for the class 'MockFirebaseAuth'.
build-and-test	Run flutter test --coverage	2025-07-30T14:32:31.9085600Z  - 'MockFirebaseAuth' is from 'test/firebase_test_helper.dart'.
build-and-test	Run flutter test --coverage	2025-07-30T14:32:31.9086546Z Try correcting the name to the name of an existing getter, or defining a getter or field named 'currentUser'.
build-and-test	Run flutter test --coverage	2025-07-30T14:32:31.9087432Z     when(() => mockAuth.currentUser).thenReturn(mockUser);
build-and-test	Run flutter test --coverage	2025-07-30T14:32:31.9087942Z                         ^^^^^^^^^^^
build-and-test	Run flutter test --coverage	2025-07-30T14:32:31.9088795Z test/firebase_test_helper.dart:90:25: Error: The method 'authStateChanges' isn't defined for the class 'MockFirebaseAuth'.
build-and-test	Run flutter test --coverage	2025-07-30T14:32:31.9089858Z  - 'MockFirebaseAuth' is from 'test/firebase_test_helper.dart'.
build-and-test	Run flutter test --coverage	2025-07-30T14:32:31.9090790Z Try correcting the name to the name of an existing method, or defining a method named 'authStateChanges'.
build-and-test	Run flutter test --coverage	2025-07-30T14:32:31.9091827Z     when(() => mockAuth.authStateChanges())
build-and-test	Run flutter test --coverage	2025-07-30T14:32:31.9092299Z                         ^^^^^^^^^^^^^^^^
build-and-test	Run flutter test --coverage	2025-07-30T14:32:31.9093140Z test/firebase_test_helper.dart:92:25: Error: The method 'userChanges' isn't defined for the class 'MockFirebaseAuth'.
build-and-test	Run flutter test --coverage	2025-07-30T14:32:31.9094148Z  - 'MockFirebaseAuth' is from 'test/firebase_test_helper.dart'.
build-and-test	Run flutter test --coverage	2025-07-30T14:32:31.9095036Z Try correcting the name to the name of an existing method, or defining a method named 'userChanges'.
build-and-test	Run flutter test --coverage	2025-07-30T14:32:31.9095840Z     when(() => mockAuth.userChanges())
build-and-test	Run flutter test --coverage	2025-07-30T14:32:31.9096272Z                         ^^^^^^^^^^^
build-and-test	Run flutter test --coverage	2025-07-30T14:32:31.9097190Z test/firebase_test_helper.dart:94:25: Error: The method 'signInWithEmailAndPassword' isn't defined for the class 'MockFirebaseAuth'.
build-and-test	Run flutter test --coverage	2025-07-30T14:32:31.9098352Z  - 'MockFirebaseAuth' is from 'test/firebase_test_helper.dart'.
build-and-test	Run flutter test --coverage	2025-07-30T14:32:31.9099352Z Try correcting the name to the name of an existing method, or defining a method named 'signInWithEmailAndPassword'.
build-and-test	Run flutter test --coverage	2025-07-30T14:32:31.9100344Z     when(() => mockAuth.signInWithEmailAndPassword(any(), any()))
build-and-test	Run flutter test --coverage	2025-07-30T14:32:31.9100909Z                         ^^^^^^^^^^^^^^^^^^^^^^^^^^
build-and-test	Run flutter test --coverage	2025-07-30T14:32:31.9102097Z test/firebase_test_helper.dart:96:25: Error: The method 'createUserWithEmailAndPassword' isn't defined for the class 'MockFirebaseAuth'.
build-and-test	Run flutter test --coverage	2025-07-30T14:32:31.9103253Z  - 'MockFirebaseAuth' is from 'test/firebase_test_helper.dart'.
build-and-test	Run flutter test --coverage	2025-07-30T14:32:31.9104261Z Try correcting the name to the name of an existing method, or defining a method named 'createUserWithEmailAndPassword'.
build-and-test	Run flutter test --coverage	2025-07-30T14:32:31.9105303Z     when(() => mockAuth.createUserWithEmailAndPassword(any(), any()))
build-and-test	Run flutter test --coverage	2025-07-30T14:32:31.9105916Z                         ^^^^^^^^^^^^^^^^^^^^^^^^^^^^^^
build-and-test	Run flutter test --coverage	2025-07-30T14:32:31.9106757Z test/firebase_test_helper.dart:98:25: Error: The method 'signOut' isn't defined for the class 'MockFirebaseAuth'.
build-and-test	Run flutter test --coverage	2025-07-30T14:32:31.9107733Z  - 'MockFirebaseAuth' is from 'test/firebase_test_helper.dart'.
build-and-test	Run flutter test --coverage	2025-07-30T14:32:31.9108625Z Try correcting the name to the name of an existing method, or defining a method named 'signOut'.
build-and-test	Run flutter test --coverage	2025-07-30T14:32:31.9109447Z     when(() => mockAuth.signOut()).thenAnswer((_) async {});
build-and-test	Run flutter test --coverage	2025-07-30T14:32:31.9109959Z                         ^^^^^^^
build-and-test	Run flutter test --coverage	2025-07-30T14:32:31.9111108Z test/firebase_test_helper.dart:108:60: Error: The argument type 'MockCollectionReference' can't be assigned to the parameter type 'CollectionReference<Map<String, dynamic>>'.
build-and-test	Run flutter test --coverage	2025-07-30T14:32:31.9112721Z  - 'MockCollectionReference' is from 'test/firebase_test_helper.dart'.
build-and-test	Run flutter test --coverage	2025-07-30T14:32:31.9114078Z  - 'CollectionReference' is from 'package:cloud_firestore/cloud_firestore.dart' ('../../../.pub-cache/hosted/pub.dev/cloud_firestore-5.6.11/lib/cloud_firestore.dart').
build-and-test	Run flutter test --coverage	2025-07-30T14:32:31.9115551Z  - 'Map' is from 'dart:core'.
build-and-test	Run flutter test --coverage	2025-07-30T14:32:31.9116156Z     when(() => mockFirestore.collection(any())).thenReturn(mockCollection);
build-and-test	Run flutter test --coverage	2025-07-30T14:32:31.9116805Z                                                            ^
build-and-test	Run flutter test --coverage	2025-07-30T14:32:31.9118160Z test/firebase_test_helper.dart:132:52: Error: A value of type 'MockDocumentSnapshot' can't be assigned to a variable of type 'QueryDocumentSnapshot<Object?>'.
build-and-test	Run flutter test --coverage	2025-07-30T14:32:31.9119460Z  - 'MockDocumentSnapshot' is from 'test/firebase_test_helper.dart'.
build-and-test	Run flutter test --coverage	2025-07-30T14:32:31.9120823Z  - 'QueryDocumentSnapshot' is from 'package:cloud_firestore/cloud_firestore.dart' ('../../../.pub-cache/hosted/pub.dev/cloud_firestore-5.6.11/lib/cloud_firestore.dart').
build-and-test	Run flutter test --coverage	2025-07-30T14:32:31.9122225Z  - 'Object' is from 'dart:core'.
build-and-test	Run flutter test --coverage	2025-07-30T14:32:31.9122840Z     when(() => mockQuerySnapshot.docs).thenReturn([mockDocumentSnapshot]);
build-and-test	Run flutter test --coverage	2025-07-30T14:32:31.9123479Z                                                    ^
build-and-test	Run flutter test --coverage	2025-07-30T14:32:32.1015161Z ##[group]❌ /home/runner/work/appoint/appoint/test/services/notification_service_test.dart: NotificationService should initialize without errors (failed)
build-and-test	Run flutter test --coverage	2025-07-30T14:32:32.1018192Z [core/no-app] No Firebase App '[DEFAULT]' has been created - call Firebase.initializeApp()
build-and-test	Run flutter test --coverage	2025-07-30T14:32:32.1019477Z package:REDACTED_TOKEN/src/method_channel/method_channel_firebase.dart 192:5  MethodChannelFirebase.app
build-and-test	Run flutter test --coverage	2025-07-30T14:32:32.1020760Z package:firebase_core/src/firebase.dart 79:41                                                   Firebase.app
build-and-test	Run flutter test --coverage	2025-07-30T14:32:32.1022063Z package:firebase_messaging/src/messaging.dart 32:47                                             FirebaseMessaging.instance
build-and-test	Run flutter test --coverage	2025-07-30T14:32:32.1023255Z package:appoint/services/notification_service.dart 14:58                                        new NotificationService
build-and-test	Run flutter test --coverage	2025-07-30T14:32:32.1025678Z test/services/notification_service_test.dart 9:29                                               main.<fn>.<fn>
build-and-test	Run flutter test --coverage	2025-07-30T14:32:32.1026688Z ##[endgroup]
build-and-test	Run flutter test --coverage	2025-07-30T14:32:32.1181217Z ##[group]❌ /home/runner/work/appoint/appoint/test/services/notification_service_test.dart: NotificationService should have required methods (failed)
build-and-test	Run flutter test --coverage	2025-07-30T14:32:32.1182946Z [core/no-app] No Firebase App '[DEFAULT]' has been created - call Firebase.initializeApp()
build-and-test	Run flutter test --coverage	2025-07-30T14:32:32.1184640Z package:REDACTED_TOKEN/src/method_channel/method_channel_firebase.dart 192:5  MethodChannelFirebase.app
build-and-test	Run flutter test --coverage	2025-07-30T14:32:32.1189919Z package:firebase_core/src/firebase.dart 79:41                                                   Firebase.app
build-and-test	Run flutter test --coverage	2025-07-30T14:32:32.1191909Z package:firebase_messaging/src/messaging.dart 32:47                                             FirebaseMessaging.instance
build-and-test	Run flutter test --coverage	2025-07-30T14:32:32.1194594Z package:appoint/services/notification_service.dart 14:58                                        new NotificationService
build-and-test	Run flutter test --coverage	2025-07-30T14:32:32.1195730Z test/services/notification_service_test.dart 9:29                                               main.<fn>.<fn>
build-and-test	Run flutter test --coverage	2025-07-30T14:32:32.1196721Z ##[endgroup]
build-and-test	Run flutter test --coverage	2025-07-30T14:32:32.1337266Z ##[group]❌ /home/runner/work/appoint/appoint/test/services/notification_service_test.dart: NotificationService should handle FCM stub correctly (failed)
build-and-test	Run flutter test --coverage	2025-07-30T14:32:32.1340699Z [core/no-app] No Firebase App '[DEFAULT]' has been created - call Firebase.initializeApp()
build-and-test	Run flutter test --coverage	2025-07-30T14:32:32.1342157Z package:REDACTED_TOKEN/src/method_channel/method_channel_firebase.dart 192:5  MethodChannelFirebase.app
build-and-test	Run flutter test --coverage	2025-07-30T14:32:32.1343424Z package:firebase_core/src/firebase.dart 79:41                                                   Firebase.app
build-and-test	Run flutter test --coverage	2025-07-30T14:32:32.1344505Z package:firebase_messaging/src/messaging.dart 32:47                                             FirebaseMessaging.instance
build-and-test	Run flutter test --coverage	2025-07-30T14:32:32.1345694Z package:appoint/services/notification_service.dart 14:58                                        new NotificationService
build-and-test	Run flutter test --coverage	2025-07-30T14:32:32.1347266Z test/services/notification_service_test.dart 9:29                                               main.<fn>.<fn>
build-and-test	Run flutter test --coverage	2025-07-30T14:32:32.1348262Z ##[endgroup]
build-and-test	Run flutter test --coverage	2025-07-30T14:32:32.1484502Z ##[group]❌ /home/runner/work/appoint/appoint/test/services/notification_service_test.dart: NotificationService should handle local notification parameters (failed)
build-and-test	Run flutter test --coverage	2025-07-30T14:32:32.1487522Z [core/no-app] No Firebase App '[DEFAULT]' has been created - call Firebase.initializeApp()
build-and-test	Run flutter test --coverage	2025-07-30T14:32:32.1489748Z package:REDACTED_TOKEN/src/method_channel/method_channel_firebase.dart 192:5  MethodChannelFirebase.app
build-and-test	Run flutter test --coverage	2025-07-30T14:32:32.1491961Z package:firebase_core/src/firebase.dart 79:41                                                   Firebase.app
build-and-test	Run flutter test --coverage	2025-07-30T14:32:32.1494009Z package:firebase_messaging/src/messaging.dart 32:47                                             FirebaseMessaging.instance
build-and-test	Run flutter test --coverage	2025-07-30T14:32:32.1495567Z package:appoint/services/notification_service.dart 14:58                                        new NotificationService
build-and-test	Run flutter test --coverage	2025-07-30T14:32:32.1496990Z test/services/notification_service_test.dart 9:29                                               main.<fn>.<fn>
build-and-test	Run flutter test --coverage	2025-07-30T14:32:32.1498861Z ##[endgroup]
build-and-test	Run flutter test --coverage	2025-07-30T14:32:32.1571427Z ##[group]❌ /home/runner/work/appoint/appoint/test/services/notification_service_test.dart: NotificationService should handle scheduled notification parameters (failed)
build-and-test	Run flutter test --coverage	2025-07-30T14:32:32.1573338Z [core/no-app] No Firebase App '[DEFAULT]' has been created - call Firebase.initializeApp()
build-and-test	Run flutter test --coverage	2025-07-30T14:32:32.1580475Z package:REDACTED_TOKEN/src/method_channel/method_channel_firebase.dart 192:5  MethodChannelFirebase.app
build-and-test	Run flutter test --coverage	2025-07-30T14:32:32.1582348Z package:firebase_core/src/firebase.dart 79:41                                                   Firebase.app
build-and-test	Run flutter test --coverage	2025-07-30T14:32:32.1593019Z package:firebase_messaging/src/messaging.dart 32:47                                             FirebaseMessaging.instance
build-and-test	Run flutter test --coverage	2025-07-30T14:32:32.1594449Z package:appoint/services/notification_service.dart 14:58                                        new NotificationService
build-and-test	Run flutter test --coverage	2025-07-30T14:32:32.1595787Z test/services/notification_service_test.dart 9:29                                               main.<fn>.<fn>
build-and-test	Run flutter test --coverage	2025-07-30T14:32:32.1596893Z ##[endgroup]
build-and-test	Run flutter test --coverage	2025-07-30T14:32:32.4822803Z ##[group]❌ loading /home/runner/work/appoint/appoint/test/services/auth_service_test.dart (failed)
build-and-test	Run flutter test --coverage	2025-07-30T14:32:32.4824902Z Failed to load "/home/runner/work/appoint/appoint/test/services/auth_service_test.dart": Compilation failed for testPath=/home/runner/work/appoint/appoint/test/services/auth_service_test.dart
build-and-test	Run flutter test --coverage	2025-07-30T14:32:32.4827064Z 
build-and-test	Run flutter test --coverage	2025-07-30T14:32:32.4827414Z ##[endgroup]
build-and-test	Run flutter test --coverage	2025-07-30T14:32:32.5215764Z ##[group]❌ loading /home/runner/work/appoint/appoint/test/widgets/login_screen_test.dart (failed after test completion)
build-and-test	Run flutter test --coverage	2025-07-30T14:32:32.5216790Z Error: the Dart compiler exited unexpectedly.
build-and-test	Run flutter test --coverage	2025-07-30T14:32:32.5217701Z package:flutter_tools/src/base/common.dart 10:3  throwToolExit
build-and-test	Run flutter test --coverage	2025-07-30T14:32:32.5218476Z package:flutter_tools/src/compile.dart 893:9     DefaultResidentCompiler._compile.<fn>
build-and-test	Run flutter test --coverage	2025-07-30T14:32:32.5219206Z dart:async/zone.dart 1422:47                     _rootRunUnary
build-and-test	Run flutter test --coverage	2025-07-30T14:32:32.5219928Z dart:async/future_impl.dart 902:45               Future._propagateToListeners.handleValueCallback
build-and-test	Run flutter test --coverage	2025-07-30T14:32:32.5220745Z dart:async/future_impl.dart 931:13               Future._propagateToListeners
build-and-test	Run flutter test --coverage	2025-07-30T14:32:32.5221478Z dart:async/future_impl.dart 827:9                Future._propagateToListeners
build-and-test	Run flutter test --coverage	2025-07-30T14:32:32.5222451Z dart:async/future_impl.dart 707:5                Future._completeWithValue
build-and-test	Run flutter test --coverage	2025-07-30T14:32:32.5223218Z dart:async/future_impl.dart 777:7                Future._asyncCompleteWithValue.<fn>
build-and-test	Run flutter test --coverage	2025-07-30T14:32:32.5223943Z dart:async/zone.dart 1414:13                     _rootRun
build-and-test	Run flutter test --coverage	2025-07-30T14:32:32.5224527Z dart:async/zone.dart 1317:19                     _CustomZone.run
build-and-test	Run flutter test --coverage	2025-07-30T14:32:32.5225188Z dart:async/zone.dart 1225:7                      _CustomZone.runGuarded
build-and-test	Run flutter test --coverage	2025-07-30T14:32:32.5226303Z dart:async/zone.dart 1265:23                     _CustomZone.bindCallbackGuarded.<fn>
build-and-test	Run flutter test --coverage	2025-07-30T14:32:32.5227018Z dart:async/schedule_microtask.dart 40:21         _microtaskLoop
build-and-test	Run flutter test --coverage	2025-07-30T14:32:32.5227712Z dart:async/schedule_microtask.dart 49:5          _startMicrotaskLoop
build-and-test	Run flutter test --coverage	2025-07-30T14:32:32.5228678Z dart:isolate-patch/isolate_patch.dart 118:13     _runPendingImmediateCallback
build-and-test	Run flutter test --coverage	2025-07-30T14:32:32.5229546Z dart:isolate-patch/isolate_patch.dart 185:5      _RawReceivePort._handleMessage
build-and-test	Run flutter test --coverage	2025-07-30T14:32:32.5230418Z ##[endgroup]
build-and-test	Run flutter test --coverage	2025-07-30T14:32:34.5864507Z test/services/booking_service_enhanced_test.dart:7:8: Error: Error when reading 'lib/services/booking_service.dart': No such file or directory
build-and-test	Run flutter test --coverage	2025-07-30T14:32:34.5865634Z import 'package:appoint/services/booking_service.dart';
build-and-test	Run flutter test --coverage	2025-07-30T14:32:34.5866099Z        ^
build-and-test	Run flutter test --coverage	2025-07-30T14:32:34.6060028Z test/mocks/firebase_mocks.dart:127:15: Error: Type 'MockFirebaseAuthGenerated' not found.
build-and-test	Run flutter test --coverage	2025-07-30T14:32:34.6062657Z   static late MockFirebaseAuthGenerated mockAuth;
build-and-test	Run flutter test --coverage	2025-07-30T14:32:34.6065009Z               ^^^^^^^^^^^^^^^^^^^^^^^^^
build-and-test	Run flutter test --coverage	2025-07-30T14:32:34.6066713Z test/mocks/firebase_mocks.dart:128:15: Error: Type 'MockFirebaseFirestoreGenerated' not found.
build-and-test	Run flutter test --coverage	2025-07-30T14:32:34.6068263Z   static late MockFirebaseFirestoreGenerated mockFirestore;
build-and-test	Run flutter test --coverage	2025-07-30T14:32:34.6069617Z               ^^^^^^^^^^^^^^^^^^^^^^^^^^^^^^
build-and-test	Run flutter test --coverage	2025-07-30T14:32:34.6073405Z test/mocks/firebase_mocks.dart:129:15: Error: Type 'MockFirebaseStorageGenerated' not found.
build-and-test	Run flutter test --coverage	2025-07-30T14:32:34.6074839Z   static late MockFirebaseStorageGenerated mockStorage;
build-and-test	Run flutter test --coverage	2025-07-30T14:32:34.6075663Z               ^^^^^^^^^^^^^^^^^^^^^^^^^^^^
build-and-test	Run flutter test --coverage	2025-07-30T14:32:34.6543188Z test/services/booking_service_enhanced_test.dart:14:3: Error: Undefined name 'BookingService'.
build-and-test	Run flutter test --coverage	2025-07-30T14:32:34.6545479Z   BookingService,
build-and-test	Run flutter test --coverage	2025-07-30T14:32:34.6545950Z   ^^^^^^^^^^^^^^
build-and-test	Run flutter test --coverage	2025-07-30T14:32:34.6591136Z test/services/booking_service_enhanced_test.dart:24:10: Error: 'BookingService' isn't a type.
build-and-test	Run flutter test --coverage	2025-07-30T14:32:34.6593344Z     late BookingService bookingService;
build-and-test	Run flutter test --coverage	2025-07-30T14:32:34.6596187Z          ^^^^^^^^^^^^^^
build-and-test	Run flutter test --coverage	2025-07-30T14:32:34.6598775Z test/services/booking_service_enhanced_test.dart:25:10: Error: 'MockFirebaseFirestoreGenerated' isn't a type.
build-and-test	Run flutter test --coverage	2025-07-30T14:32:34.6601023Z     late MockFirebaseFirestoreGenerated mockFirestore;
build-and-test	Run flutter test --coverage	2025-07-30T14:32:34.6603574Z          ^^^^^^^^^^^^^^^^^^^^^^^^^^^^^^
build-and-test	Run flutter test --coverage	2025-07-30T14:32:34.6628005Z test/services/booking_service_enhanced_test.dart:26:10: Error: 'REDACTED_TOKEN' isn't a type.
build-and-test	Run flutter test --coverage	2025-07-30T14:32:34.6629575Z     late REDACTED_TOKEN mockCollection;
build-and-test	Run flutter test --coverage	2025-07-30T14:32:34.6631456Z          ^^^^^^^^^^^^^^^^^^^^^^^^^^^^^^^^
build-and-test	Run flutter test --coverage	2025-07-30T14:32:34.6632531Z test/services/booking_service_enhanced_test.dart:27:10: Error: 'MockDocumentReferenceGenerated' isn't a type.
build-and-test	Run flutter test --coverage	2025-07-30T14:32:34.6633471Z     late MockDocumentReferenceGenerated mockDocRef;
build-and-test	Run flutter test --coverage	2025-07-30T14:32:34.6633990Z          ^^^^^^^^^^^^^^^^^^^^^^^^^^^^^^
build-and-test	Run flutter test --coverage	2025-07-30T14:32:34.6634831Z test/services/booking_service_enhanced_test.dart:28:10: Error: 'MockDocumentSnapshotGenerated' isn't a type.
build-and-test	Run flutter test --coverage	2025-07-30T14:32:34.6635794Z     late MockDocumentSnapshotGenerated mockDocSnapshot;
build-and-test	Run flutter test --coverage	2025-07-30T14:32:34.6636322Z          ^^^^^^^^^^^^^^^^^^^^^^^^^^^^^
build-and-test	Run flutter test --coverage	2025-07-30T14:32:34.6637099Z test/services/booking_service_enhanced_test.dart:29:10: Error: 'MockQueryGenerated' isn't a type.
build-and-test	Run flutter test --coverage	2025-07-30T14:32:34.6637930Z     late MockQueryGenerated mockQuery;
build-and-test	Run flutter test --coverage	2025-07-30T14:32:34.6638358Z          ^^^^^^^^^^^^^^^^^^
build-and-test	Run flutter test --coverage	2025-07-30T14:32:34.6639116Z test/services/booking_service_enhanced_test.dart:30:10: Error: 'MockQuerySnapshotGenerated' isn't a type.
build-and-test	Run flutter test --coverage	2025-07-30T14:32:34.6639967Z     late MockQuerySnapshotGenerated mockQuerySnapshot;
build-and-test	Run flutter test --coverage	2025-07-30T14:32:34.6640422Z          ^^^^^^^^^^^^^^^^^^^^^^^^^^
build-and-test	Run flutter test --coverage	2025-07-30T14:32:34.6641164Z test/services/booking_service_enhanced_test.dart:33:23: Error: Method not found: 'MockFirebaseFirestoreGenerated'.
build-and-test	Run flutter test --coverage	2025-07-30T14:32:34.6642229Z       mockFirestore = MockFirebaseFirestoreGenerated();
build-and-test	Run flutter test --coverage	2025-07-30T14:32:34.6643166Z                       ^^^^^^^^^^^^^^^^^^^^^^^^^^^^^^
build-and-test	Run flutter test --coverage	2025-07-30T14:32:34.6643964Z test/services/booking_service_enhanced_test.dart:34:24: Error: Method not found: 'REDACTED_TOKEN'.
build-and-test	Run flutter test --coverage	2025-07-30T14:32:34.6644858Z       mockCollection = REDACTED_TOKEN();
build-and-test	Run flutter test --coverage	2025-07-30T14:32:34.6645534Z                        ^^^^^^^^^^^^^^^^^^^^^^^^^^^^^^^^
build-and-test	Run flutter test --coverage	2025-07-30T14:32:34.6646302Z test/services/booking_service_enhanced_test.dart:35:20: Error: Method not found: 'MockDocumentReferenceGenerated'.
build-and-test	Run flutter test --coverage	2025-07-30T14:32:34.6647132Z       mockDocRef = MockDocumentReferenceGenerated();
build-and-test	Run flutter test --coverage	2025-07-30T14:32:34.6647603Z                    ^^^^^^^^^^^^^^^^^^^^^^^^^^^^^^
build-and-test	Run flutter test --coverage	2025-07-30T14:32:34.6648471Z test/services/booking_service_enhanced_test.dart:36:25: Error: Method not found: 'MockDocumentSnapshotGenerated'.
build-and-test	Run flutter test --coverage	2025-07-30T14:32:34.6649450Z       mockDocSnapshot = MockDocumentSnapshotGenerated();
build-and-test	Run flutter test --coverage	2025-07-30T14:32:34.6649991Z                         ^^^^^^^^^^^^^^^^^^^^^^^^^^^^^
build-and-test	Run flutter test --coverage	2025-07-30T14:32:34.6650793Z test/services/booking_service_enhanced_test.dart:37:19: Error: Method not found: 'MockQueryGenerated'.
build-and-test	Run flutter test --coverage	2025-07-30T14:32:34.6651806Z       mockQuery = MockQueryGenerated();
build-and-test	Run flutter test --coverage	2025-07-30T14:32:34.6652242Z                   ^^^^^^^^^^^^^^^^^^
build-and-test	Run flutter test --coverage	2025-07-30T14:32:34.6653064Z test/services/booking_service_enhanced_test.dart:38:27: Error: Method not found: 'MockQuerySnapshotGenerated'.
build-and-test	Run flutter test --coverage	2025-07-30T14:32:34.6654013Z       mockQuerySnapshot = MockQuerySnapshotGenerated();
build-and-test	Run flutter test --coverage	2025-07-30T14:32:34.6654528Z                           ^^^^^^^^^^^^^^^^^^^^^^^^^^
build-and-test	Run flutter test --coverage	2025-07-30T14:32:34.6655300Z test/services/booking_service_enhanced_test.dart:40:24: Error: Method not found: 'BookingService'.
build-and-test	Run flutter test --coverage	2025-07-30T14:32:34.6656105Z       bookingService = BookingService();
build-and-test	Run flutter test --coverage	2025-07-30T14:32:34.6656543Z                        ^^^^^^^^^^^^^^
build-and-test	Run flutter test --coverage	2025-07-30T14:32:34.6657284Z test/services/booking_service_enhanced_test.dart:53:19: Error: Undefined name 'BookingStatus'.
build-and-test	Run flutter test --coverage	2025-07-30T14:32:34.6658077Z           status: BookingStatus.pending,
build-and-test	Run flutter test --coverage	2025-07-30T14:32:34.6658537Z                   ^^^^^^^^^^^^^
build-and-test	Run flutter test --coverage	2025-07-30T14:32:34.6659288Z test/services/booking_service_enhanced_test.dart:49:11: Error: No named parameter with the name 'providerId'.
build-and-test	Run flutter test --coverage	2025-07-30T14:32:34.6660122Z           providerId: 'provider-123',
build-and-test	Run flutter test --coverage	2025-07-30T14:32:34.6660520Z           ^^^^^^^^^^
build-and-test	Run flutter test --coverage	2025-07-30T14:32:34.6661125Z lib/models/booking_model.dart:8:17: Context: Found this candidate, but the arguments don't match.
build-and-test	Run flutter test --coverage	2025-07-30T14:32:34.6688091Z   const factory BookingModel({
build-and-test	Run flutter test --coverage	2025-07-30T14:32:34.6688501Z                 ^
build-and-test	Run flutter test --coverage	2025-07-30T14:32:34.6689160Z test/services/booking_service_enhanced_test.dart:80:19: Error: Undefined name 'BookingStatus'.
build-and-test	Run flutter test --coverage	2025-07-30T14:32:34.6689977Z           status: BookingStatus.pending,
build-and-test	Run flutter test --coverage	2025-07-30T14:32:34.6690380Z                   ^^^^^^^^^^^^^
build-and-test	Run flutter test --coverage	2025-07-30T14:32:34.6691089Z test/services/booking_service_enhanced_test.dart:76:11: Error: No named parameter with the name 'providerId'.
build-and-test	Run flutter test --coverage	2025-07-30T14:32:34.6692076Z           providerId: 'provider-123',
build-and-test	Run flutter test --coverage	2025-07-30T14:32:34.6692457Z           ^^^^^^^^^^
build-and-test	Run flutter test --coverage	2025-07-30T14:32:34.6693050Z lib/models/booking_model.dart:8:17: Context: Found this candidate, but the arguments don't match.
build-and-test	Run flutter test --coverage	2025-07-30T14:32:34.6693739Z   const factory BookingModel({
build-and-test	Run flutter test --coverage	2025-07-30T14:32:34.6694073Z                 ^
build-and-test	Run flutter test --coverage	2025-07-30T14:32:34.6694680Z test/services/booking_service_enhanced_test.dart:106:19: Error: Undefined name 'BookingStatus'.
build-and-test	Run flutter test --coverage	2025-07-30T14:32:34.6695403Z           status: BookingStatus.pending,
build-and-test	Run flutter test --coverage	2025-07-30T14:32:34.6695802Z                   ^^^^^^^^^^^^^
build-and-test	Run flutter test --coverage	2025-07-30T14:32:34.6696582Z test/services/booking_service_enhanced_test.dart:101:11: Error: No named parameter with the name 'providerId'.
build-and-test	Run flutter test --coverage	2025-07-30T14:32:34.6697435Z           providerId: '',
build-and-test	Run flutter test --coverage	2025-07-30T14:32:34.6697775Z           ^^^^^^^^^^
build-and-test	Run flutter test --coverage	2025-07-30T14:32:34.6698438Z lib/models/booking_model.dart:8:17: Context: Found this candidate, but the arguments don't match.
build-and-test	Run flutter test --coverage	2025-07-30T14:32:34.6699206Z   const factory BookingModel({
build-and-test	Run flutter test --coverage	2025-07-30T14:32:34.6699580Z                 ^
build-and-test	Run flutter test --coverage	2025-07-30T14:32:34.6700652Z test/services/booking_service_enhanced_test.dart:148:26: Error: Method not found: 'MockDocumentSnapshotGenerated'.
build-and-test	Run flutter test --coverage	2025-07-30T14:32:34.6701818Z         final mockDoc1 = MockDocumentSnapshotGenerated();
build-and-test	Run flutter test --coverage	2025-07-30T14:32:34.6702358Z                          ^^^^^^^^^^^^^^^^^^^^^^^^^^^^^
build-and-test	Run flutter test --coverage	2025-07-30T14:32:34.6703511Z test/services/booking_service_enhanced_test.dart:149:26: Error: Method not found: 'MockDocumentSnapshotGenerated'.
build-and-test	Run flutter test --coverage	2025-07-30T14:32:34.6704431Z         final mockDoc2 = MockDocumentSnapshotGenerated();
build-and-test	Run flutter test --coverage	2025-07-30T14:32:34.6704914Z                          ^^^^^^^^^^^^^^^^^^^^^^^^^^^^^
build-and-test	Run flutter test --coverage	2025-07-30T14:32:34.6705608Z test/services/booking_service_enhanced_test.dart:211:27: Error: Undefined name 'BookingStatus'.
build-and-test	Run flutter test --coverage	2025-07-30T14:32:34.6706355Z         const newStatus = BookingStatus.confirmed;
build-and-test	Run flutter test --coverage	2025-07-30T14:32:34.6706765Z                           ^^^^^^^^^^^^^
build-and-test	Run flutter test --coverage	2025-07-30T14:32:34.6707459Z test/services/booking_service_enhanced_test.dart:232:27: Error: Undefined name 'BookingStatus'.
build-and-test	Run flutter test --coverage	2025-07-30T14:32:34.6708203Z         const newStatus = BookingStatus.confirmed;
build-and-test	Run flutter test --coverage	2025-07-30T14:32:34.6708584Z                           ^^^^^^^^^^^^^
build-and-test	Run flutter test --coverage	2025-07-30T14:32:34.6709228Z test/services/booking_service_enhanced_test.dart:256:21: Error: Undefined name 'BookingStatus'.
build-and-test	Run flutter test --coverage	2025-07-30T14:32:34.6709953Z           'status': BookingStatus.cancelled.name,
build-and-test	Run flutter test --coverage	2025-07-30T14:32:34.6710402Z                     ^^^^^^^^^^^^^
build-and-test	Run flutter test --coverage	2025-07-30T14:32:34.6711102Z test/services/booking_service_enhanced_test.dart:265:21: Error: Undefined name 'BookingStatus'.
build-and-test	Run flutter test --coverage	2025-07-30T14:32:34.6712019Z           'status': BookingStatus.cancelled.name,
build-and-test	Run flutter test --coverage	2025-07-30T14:32:34.6712436Z                     ^^^^^^^^^^^^^
build-and-test	Run flutter test --coverage	2025-07-30T14:32:34.6713091Z test/services/booking_service_enhanced_test.dart:277:21: Error: Undefined name 'BookingStatus'.
build-and-test	Run flutter test --coverage	2025-07-30T14:32:34.6713893Z           'status': BookingStatus.cancelled.name,
build-and-test	Run flutter test --coverage	2025-07-30T14:32:34.6714334Z                     ^^^^^^^^^^^^^
build-and-test	Run flutter test --coverage	2025-07-30T14:32:34.6715139Z test/services/booking_service_enhanced_test.dart:372:25: Error: Method not found: 'MockDocumentSnapshotGenerated'.
build-and-test	Run flutter test --coverage	2025-07-30T14:32:34.6716090Z         final mockDoc = MockDocumentSnapshotGenerated();
build-and-test	Run flutter test --coverage	2025-07-30T14:32:34.6716581Z                         ^^^^^^^^^^^^^^^^^^^^^^^^^^^^^
build-and-test	Run flutter test --coverage	2025-07-30T14:32:34.6717396Z test/services/booking_service_enhanced_test.dart:445:26: Error: Method not found: 'MockDocumentSnapshotGenerated'.
build-and-test	Run flutter test --coverage	2025-07-30T14:32:34.6718313Z         final mockDoc1 = MockDocumentSnapshotGenerated();
build-and-test	Run flutter test --coverage	2025-07-30T14:32:34.6718809Z                          ^^^^^^^^^^^^^^^^^^^^^^^^^^^^^
build-and-test	Run flutter test --coverage	2025-07-30T14:32:34.6719718Z test/services/booking_service_enhanced_test.dart:446:26: Error: Method not found: 'MockDocumentSnapshotGenerated'.
build-and-test	Run flutter test --coverage	2025-07-30T14:32:34.6720680Z         final mockDoc2 = MockDocumentSnapshotGenerated();
build-and-test	Run flutter test --coverage	2025-07-30T14:32:34.6721190Z                          ^^^^^^^^^^^^^^^^^^^^^^^^^^^^^
build-and-test	Run flutter test --coverage	2025-07-30T14:32:34.6759457Z test/mocks/firebase_mocks.dart:127:15: Error: 'MockFirebaseAuthGenerated' isn't a type.
build-and-test	Run flutter test --coverage	2025-07-30T14:32:34.6805643Z   static late MockFirebaseAuthGenerated mockAuth;
build-and-test	Run flutter test --coverage	2025-07-30T14:32:34.6806124Z               ^^^^^^^^^^^^^^^^^^^^^^^^^
build-and-test	Run flutter test --coverage	2025-07-30T14:32:34.6806825Z test/mocks/firebase_mocks.dart:128:15: Error: 'MockFirebaseFirestoreGenerated' isn't a type.
build-and-test	Run flutter test --coverage	2025-07-30T14:32:34.6807697Z   static late MockFirebaseFirestoreGenerated mockFirestore;
build-and-test	Run flutter test --coverage	2025-07-30T14:32:34.6808285Z               ^^^^^^^^^^^^^^^^^^^^^^^^^^^^^^
build-and-test	Run flutter test --coverage	2025-07-30T14:32:34.6808956Z test/mocks/firebase_mocks.dart:129:15: Error: 'MockFirebaseStorageGenerated' isn't a type.
build-and-test	Run flutter test --coverage	2025-07-30T14:32:34.6809788Z   static late MockFirebaseStorageGenerated mockStorage;
build-and-test	Run flutter test --coverage	2025-07-30T14:32:34.6810326Z               ^^^^^^^^^^^^^^^^^^^^^^^^^^^^
build-and-test	Run flutter test --coverage	2025-07-30T14:32:34.6811030Z test/mocks/firebase_mocks.dart:132:16: Error: Method not found: 'MockFirebaseAuthGenerated'.
build-and-test	Run flutter test --coverage	2025-07-30T14:32:34.6812016Z     mockAuth = MockFirebaseAuthGenerated();
build-and-test	Run flutter test --coverage	2025-07-30T14:32:34.6812475Z                ^^^^^^^^^^^^^^^^^^^^^^^^^
build-and-test	Run flutter test --coverage	2025-07-30T14:32:34.6813231Z test/mocks/firebase_mocks.dart:133:21: Error: Method not found: 'MockFirebaseFirestoreGenerated'.
build-and-test	Run flutter test --coverage	2025-07-30T14:32:34.6814494Z     mockFirestore = MockFirebaseFirestoreGenerated();
build-and-test	Run flutter test --coverage	2025-07-30T14:32:34.6815028Z                     ^^^^^^^^^^^^^^^^^^^^^^^^^^^^^^
build-and-test	Run flutter test --coverage	2025-07-30T14:32:34.6815783Z test/mocks/firebase_mocks.dart:134:19: Error: Method not found: 'MockFirebaseStorageGenerated'.
build-and-test	Run flutter test --coverage	2025-07-30T14:32:34.6816875Z     mockStorage = MockFirebaseStorageGenerated();
build-and-test	Run flutter test --coverage	2025-07-30T14:32:34.6817382Z                   ^^^^^^^^^^^^^^^^^^^^^^^^^^^^
build-and-test	Run flutter test --coverage	2025-07-30T14:32:34.7906163Z ##[group]❌ loading /home/runner/work/appoint/appoint/test/services/booking_service_enhanced_test.dart (failed)
build-and-test	Run flutter test --coverage	2025-07-30T14:32:34.7908119Z Failed to load "/home/runner/work/appoint/appoint/test/services/booking_service_enhanced_test.dart": Compilation failed for testPath=/home/runner/work/appoint/appoint/test/services/booking_service_enhanced_test.dart
build-and-test	Run flutter test --coverage	2025-07-30T14:32:34.7909488Z 
build-and-test	Run flutter test --coverage	2025-07-30T14:32:34.7909821Z ##[endgroup]
build-and-test	Run flutter test --coverage	2025-07-30T14:32:34.8186190Z ##[group]❌ loading /home/runner/work/appoint/appoint/test/widgets/login_screen_test.dart (failed after test completion)
build-and-test	Run flutter test --coverage	2025-07-30T14:32:34.8186814Z Error: the Dart compiler exited unexpectedly.
build-and-test	Run flutter test --coverage	2025-07-30T14:32:34.8188549Z package:flutter_tools/src/base/common.dart 10:3  throwToolExit
build-and-test	Run flutter test --coverage	2025-07-30T14:32:34.8189373Z package:flutter_tools/src/compile.dart 893:9     DefaultResidentCompiler._compile.<fn>
build-and-test	Run flutter test --coverage	2025-07-30T14:32:34.8190178Z dart:async/zone.dart 1422:47                     _rootRunUnary
build-and-test	Run flutter test --coverage	2025-07-30T14:32:34.8190934Z dart:async/future_impl.dart 902:45               Future._propagateToListeners.handleValueCallback
build-and-test	Run flutter test --coverage	2025-07-30T14:32:34.8191852Z dart:async/future_impl.dart 931:13               Future._propagateToListeners
build-and-test	Run flutter test --coverage	2025-07-30T14:32:34.8192332Z dart:async/future_impl.dart 827:9                Future._propagateToListeners
build-and-test	Run flutter test --coverage	2025-07-30T14:32:34.8192776Z dart:async/future_impl.dart 707:5                Future._completeWithValue
build-and-test	Run flutter test --coverage	2025-07-30T14:32:34.8193214Z dart:async/future_impl.dart 777:7                Future._asyncCompleteWithValue.<fn>
build-and-test	Run flutter test --coverage	2025-07-30T14:32:34.8193607Z dart:async/zone.dart 1414:13                     _rootRun
build-and-test	Run flutter test --coverage	2025-07-30T14:32:34.8193946Z dart:async/zone.dart 1317:19                     _CustomZone.run
build-and-test	Run flutter test --coverage	2025-07-30T14:32:34.8194326Z dart:async/zone.dart 1225:7                      _CustomZone.runGuarded
build-and-test	Run flutter test --coverage	2025-07-30T14:32:34.8194745Z dart:async/zone.dart 1265:23                     _CustomZone.bindCallbackGuarded.<fn>
build-and-test	Run flutter test --coverage	2025-07-30T14:32:34.8195153Z dart:async/schedule_microtask.dart 40:21         _microtaskLoop
build-and-test	Run flutter test --coverage	2025-07-30T14:32:34.8195541Z dart:async/schedule_microtask.dart 49:5          _startMicrotaskLoop
build-and-test	Run flutter test --coverage	2025-07-30T14:32:34.8195980Z dart:isolate-patch/isolate_patch.dart 118:13     _runPendingImmediateCallback
build-and-test	Run flutter test --coverage	2025-07-30T14:32:34.8196451Z dart:isolate-patch/isolate_patch.dart 185:5      _RawReceivePort._handleMessage
build-and-test	Run flutter test --coverage	2025-07-30T14:32:34.8196934Z ##[endgroup]
build-and-test	Run flutter test --coverage	2025-07-30T14:32:37.0799629Z test/firebase_test_helper.dart:11:48: Error: Type 'FirebaseAuth' not found.
build-and-test	Run flutter test --coverage	2025-07-30T14:32:37.0800532Z class MockFirebaseAuth extends Mock implements FirebaseAuth {}
build-and-test	Run flutter test --coverage	2025-07-30T14:32:37.0801133Z                                                ^^^^^^^^^^^^
build-and-test	Run flutter test --coverage	2025-07-30T14:32:37.0801699Z test/firebase_test_helper.dart:13:40: Error: Type 'User' not found.
build-and-test	Run flutter test --coverage	2025-07-30T14:32:37.0802185Z class MockUser extends Mock implements User {}
build-and-test	Run flutter test --coverage	2025-07-30T14:32:37.0802509Z                                        ^^^^
build-and-test	Run flutter test --coverage	2025-07-30T14:32:37.0802913Z test/firebase_test_helper.dart:15:50: Error: Type 'UserCredential' not found.
build-and-test	Run flutter test --coverage	2025-07-30T14:32:37.0803461Z class MockUserCredential extends Mock implements UserCredential {}
build-and-test	Run flutter test --coverage	2025-07-30T14:32:37.0803860Z                                                  ^^^^^^^^^^^^^^
build-and-test	Run flutter test --coverage	2025-07-30T14:32:37.2016302Z test/services/rewards_service_test.dart:36:7: Error: Setter not found: 'points'.
build-and-test	Run flutter test --coverage	2025-07-30T14:32:37.2017286Z       points = await service.getPoints(userId);
build-and-test	Run flutter test --coverage	2025-07-30T14:32:37.2017798Z       ^^^^^^
build-and-test	Run flutter test --coverage	2025-07-30T14:32:37.2018256Z test/services/rewards_service_test.dart:37:14: Error: Undefined name 'points'.
build-and-test	Run flutter test --coverage	2025-07-30T14:32:37.2018831Z       expect(points, RewardsService.referralSignupPoints * 2);
build-and-test	Run flutter test --coverage	2025-07-30T14:32:37.2019630Z              ^^^^^^
build-and-test	Run flutter test --coverage	2025-07-30T14:32:37.2029191Z test/fake_firebase_firestore.dart:19:5: Error: The setter 'transaction' isn't defined for the class 'FakeFirebaseFirestore'.
build-and-test	Run flutter test --coverage	2025-07-30T14:32:37.2030294Z  - 'FakeFirebaseFirestore' is from 'test/fake_firebase_firestore.dart'.
build-and-test	Run flutter test --coverage	2025-07-30T14:32:37.2031668Z Try correcting the name to the name of an existing setter, or defining a setter or field named 'transaction'.
build-and-test	Run flutter test --coverage	2025-07-30T14:32:37.2039425Z     transaction = _FakeTransaction(this);
build-and-test	Run flutter test --coverage	2025-07-30T14:32:37.2039834Z     ^^^^^^^^^^^
build-and-test	Run flutter test --coverage	2025-07-30T14:32:37.2040627Z test/fake_firebase_firestore.dart:20:35: Error: The getter 'transaction' isn't defined for the class 'FakeFirebaseFirestore'.
build-and-test	Run flutter test --coverage	2025-07-30T14:32:37.2041932Z  - 'FakeFirebaseFirestore' is from 'test/fake_firebase_firestore.dart'.
build-and-test	Run flutter test --coverage	2025-07-30T14:32:37.2042824Z Try correcting the name to the name of an existing getter, or defining a getter or field named 'transaction'.
build-and-test	Run flutter test --coverage	2025-07-30T14:32:37.2043623Z     result = await updateFunction(transaction);
build-and-test	Run flutter test --coverage	2025-07-30T14:32:37.2044056Z                                   ^^^^^^^^^^^
build-and-test	Run flutter test --coverage	2025-07-30T14:32:37.2044836Z test/fake_firebase_firestore.dart:20:5: Error: The setter 'result' isn't defined for the class 'FakeFirebaseFirestore'.
build-and-test	Run flutter test --coverage	2025-07-30T14:32:37.2045822Z  - 'FakeFirebaseFirestore' is from 'test/fake_firebase_firestore.dart'.
build-and-test	Run flutter test --coverage	2025-07-30T14:32:37.2046705Z Try correcting the name to the name of an existing setter, or defining a setter or field named 'result'.
build-and-test	Run flutter test --coverage	2025-07-30T14:32:37.2047174Z     result = await updateFunction(transaction);
build-and-test	Run flutter test --coverage	2025-07-30T14:32:37.2047422Z     ^^^^^^
build-and-test	Run flutter test --coverage	2025-07-30T14:32:37.2047847Z test/fake_firebase_firestore.dart:21:5: Error: The getter 'transaction' isn't defined for the class 'FakeFirebaseFirestore'.
build-and-test	Run flutter test --coverage	2025-07-30T14:32:37.2048429Z  - 'FakeFirebaseFirestore' is from 'test/fake_firebase_firestore.dart'.
build-and-test	Run flutter test --coverage	2025-07-30T14:32:37.2048939Z Try correcting the name to the name of an existing getter, or defining a getter or field named 'transaction'.
build-and-test	Run flutter test --coverage	2025-07-30T14:32:37.2049370Z     transaction.commit();
build-and-test	Run flutter test --coverage	2025-07-30T14:32:37.2049566Z     ^^^^^^^^^^^
build-and-test	Run flutter test --coverage	2025-07-30T14:32:37.2049969Z test/fake_firebase_firestore.dart:22:12: Error: The getter 'result' isn't defined for the class 'FakeFirebaseFirestore'.
build-and-test	Run flutter test --coverage	2025-07-30T14:32:37.2050519Z  - 'FakeFirebaseFirestore' is from 'test/fake_firebase_firestore.dart'.
build-and-test	Run flutter test --coverage	2025-07-30T14:32:37.2051022Z Try correcting the name to the name of an existing getter, or defining a getter or field named 'result'.
build-and-test	Run flutter test --coverage	2025-07-30T14:32:37.2051422Z     return result;
build-and-test	Run flutter test --coverage	2025-07-30T14:32:37.2051806Z            ^^^^^^
build-and-test	Run flutter test --coverage	2025-07-30T14:32:37.2052230Z test/fake_firebase_firestore.dart:45:5: Error: The setter 'id' isn't defined for the class '_FakeCollectionReference'.
build-and-test	Run flutter test --coverage	2025-07-30T14:32:37.2052791Z  - '_FakeCollectionReference' is from 'test/fake_firebase_firestore.dart'.
build-and-test	Run flutter test --coverage	2025-07-30T14:32:37.2053297Z Try correcting the name to the name of an existing setter, or defining a setter or field named 'id'.
build-and-test	Run flutter test --coverage	2025-07-30T14:32:37.2053753Z     id = DateTime.now().microsecondsSinceEpoch.toString();
build-and-test	Run flutter test --coverage	2025-07-30T14:32:37.2054034Z     ^^
build-and-test	Run flutter test --coverage	2025-07-30T14:32:37.2054426Z test/fake_firebase_firestore.dart:52:5: Error: The setter 'docId' isn't defined for the class '_FakeCollectionReference'.
build-and-test	Run flutter test --coverage	2025-07-30T14:32:37.2054989Z  - '_FakeCollectionReference' is from 'test/fake_firebase_firestore.dart'.
build-and-test	Run flutter test --coverage	2025-07-30T14:32:37.2055497Z Try correcting the name to the name of an existing setter, or defining a setter or field named 'docId'.
build-and-test	Run flutter test --coverage	2025-07-30T14:32:37.2055972Z     docId = id ?? DateTime.now().microsecondsSinceEpoch.toString();
build-and-test	Run flutter test --coverage	2025-07-30T14:32:37.2056265Z     ^^^^^
build-and-test	Run flutter test --coverage	2025-07-30T14:32:37.2056657Z test/fake_firebase_firestore.dart:53:22: Error: The getter 'docId' isn't defined for the class '_FakeCollectionReference'.
build-and-test	Run flutter test --coverage	2025-07-30T14:32:37.2057213Z  - '_FakeCollectionReference' is from 'test/fake_firebase_firestore.dart'.
build-and-test	Run flutter test --coverage	2025-07-30T14:32:37.2057707Z Try correcting the name to the name of an existing getter, or defining a getter or field named 'docId'.
build-and-test	Run flutter test --coverage	2025-07-30T14:32:37.2058144Z     _col.putIfAbsent(docId, () => <String, dynamic>{});
build-and-test	Run flutter test --coverage	2025-07-30T14:32:37.2058592Z                      ^^^^^
build-and-test	Run flutter test --coverage	2025-07-30T14:32:37.2059022Z test/fake_firebase_firestore.dart:54:42: Error: The getter 'docId' isn't defined for the class '_FakeCollectionReference'.
build-and-test	Run flutter test --coverage	2025-07-30T14:32:37.2059597Z  - '_FakeCollectionReference' is from 'test/fake_firebase_firestore.dart'.
build-and-test	Run flutter test --coverage	2025-07-30T14:32:37.2060220Z Try correcting the name to the name of an existing getter, or defining a getter or field named 'docId'.
build-and-test	Run flutter test --coverage	2025-07-30T14:32:37.2060661Z     return _FakeDocumentReference(_path, docId, _fs);
build-and-test	Run flutter test --coverage	2025-07-30T14:32:37.2060937Z                                          ^^^^^
build-and-test	Run flutter test --coverage	2025-07-30T14:32:37.2066280Z test/fake_firebase_firestore.dart:299:10: Error: The setter 'entry' isn't defined for the class '_FakeTransaction'.
build-and-test	Run flutter test --coverage	2025-07-30T14:32:37.2067348Z  - '_FakeTransaction' is from 'test/fake_firebase_firestore.dart'.
build-and-test	Run flutter test --coverage	2025-07-30T14:32:37.2068268Z Try correcting the name to the name of an existing setter, or defining a setter or field named 'entry'.
build-and-test	Run flutter test --coverage	2025-07-30T14:32:37.2069084Z     for (entry in _pendingChanges.entries) {
build-and-test	Run flutter test --coverage	2025-07-30T14:32:37.2069559Z          ^^^^^
build-and-test	Run flutter test --coverage	2025-07-30T14:32:37.2070262Z test/fake_firebase_firestore.dart:300:20: Error: The getter 'entry' isn't defined for the class '_FakeTransaction'.
build-and-test	Run flutter test --coverage	2025-07-30T14:32:37.2071224Z  - '_FakeTransaction' is from 'test/fake_firebase_firestore.dart'.
build-and-test	Run flutter test --coverage	2025-07-30T14:32:37.2072326Z Try correcting the name to the name of an existing getter, or defining a getter or field named 'entry'.
build-and-test	Run flutter test --coverage	2025-07-30T14:32:37.2073095Z       final path = entry.key;
build-and-test	Run flutter test --coverage	2025-07-30T14:32:37.2073497Z                    ^^^^^
build-and-test	Run flutter test --coverage	2025-07-30T14:32:37.2074214Z test/fake_firebase_firestore.dart:301:23: Error: The getter 'entry' isn't defined for the class '_FakeTransaction'.
build-and-test	Run flutter test --coverage	2025-07-30T14:32:37.2075207Z  - '_FakeTransaction' is from 'test/fake_firebase_firestore.dart'.
build-and-test	Run flutter test --coverage	2025-07-30T14:32:37.2076121Z Try correcting the name to the name of an existing getter, or defining a getter or field named 'entry'.
build-and-test	Run flutter test --coverage	2025-07-30T14:32:37.2076908Z       final changes = entry.value;
build-and-test	Run flutter test --coverage	2025-07-30T14:32:37.2077325Z                       ^^^^^
build-and-test	Run flutter test --coverage	2025-07-30T14:32:37.2078119Z test/fake_firebase_firestore.dart:303:12: Error: The setter 'docEntry' isn't defined for the class '_FakeTransaction'.
build-and-test	Run flutter test --coverage	2025-07-30T14:32:37.2079143Z  - '_FakeTransaction' is from 'test/fake_firebase_firestore.dart'.
build-and-test	Run flutter test --coverage	2025-07-30T14:32:37.2080064Z Try correcting the name to the name of an existing setter, or defining a setter or field named 'docEntry'.
build-and-test	Run flutter test --coverage	2025-07-30T14:32:37.2080873Z       for (docEntry in changes.entries) {
build-and-test	Run flutter test --coverage	2025-07-30T14:32:37.2081319Z            ^^^^^^^^
build-and-test	Run flutter test --coverage	2025-07-30T14:32:37.2082294Z test/fake_firebase_firestore.dart:304:20: Error: The getter 'docEntry' isn't defined for the class '_FakeTransaction'.
build-and-test	Run flutter test --coverage	2025-07-30T14:32:37.2083337Z  - '_FakeTransaction' is from 'test/fake_firebase_firestore.dart'.
build-and-test	Run flutter test --coverage	2025-07-30T14:32:37.2084264Z Try correcting the name to the name of an existing getter, or defining a getter or field named 'docEntry'.
build-and-test	Run flutter test --coverage	2025-07-30T14:32:37.2085049Z         final id = docEntry.key;
build-and-test	Run flutter test --coverage	2025-07-30T14:32:37.2085450Z                    ^^^^^^^^
build-and-test	Run flutter test --coverage	2025-07-30T14:32:37.2086234Z test/fake_firebase_firestore.dart:305:22: Error: The getter 'docEntry' isn't defined for the class '_FakeTransaction'.
build-and-test	Run flutter test --coverage	2025-07-30T14:32:37.2087259Z  - '_FakeTransaction' is from 'test/fake_firebase_firestore.dart'.
build-and-test	Run flutter test --coverage	2025-07-30T14:32:37.2088184Z Try correcting the name to the name of an existing getter, or defining a getter or field named 'docEntry'.
build-and-test	Run flutter test --coverage	2025-07-30T14:32:37.2088986Z         final data = docEntry.value;
build-and-test	Run flutter test --coverage	2025-07-30T14:32:37.2089398Z                      ^^^^^^^^
build-and-test	Run flutter test --coverage	2025-07-30T14:32:37.2090110Z test/firebase_test_helper.dart:78:25: Error: The getter 'uid' isn't defined for the class 'MockUser'.
build-and-test	Run flutter test --coverage	2025-07-30T14:32:37.2090966Z  - 'MockUser' is from 'test/firebase_test_helper.dart'.
build-and-test	Run flutter test --coverage	2025-07-30T14:32:37.2092018Z Try correcting the name to the name of an existing getter, or defining a getter or field named 'uid'.
build-and-test	Run flutter test --coverage	2025-07-30T14:32:37.2092875Z     when(() => mockUser.uid).thenReturn('test-user-id');
build-and-test	Run flutter test --coverage	2025-07-30T14:32:37.2093352Z                         ^^^
build-and-test	Run flutter test --coverage	2025-07-30T14:32:37.2094332Z test/firebase_test_helper.dart:79:25: Error: The getter 'email' isn't defined for the class 'MockUser'.
build-and-test	Run flutter test --coverage	2025-07-30T14:32:37.2095197Z  - 'MockUser' is from 'test/firebase_test_helper.dart'.
build-and-test	Run flutter test --coverage	2025-07-30T14:32:37.2096035Z Try correcting the name to the name of an existing getter, or defining a getter or field named 'email'.
build-and-test	Run flutter test --coverage	2025-07-30T14:32:37.2097161Z     when(() => mockUser.email).thenReturn('test@example.com');
build-and-test	Run flutter test --coverage	2025-07-30T14:32:37.2097694Z                         ^^^^^
build-and-test	Run flutter test --coverage	2025-07-30T14:32:37.2098447Z test/firebase_test_helper.dart:80:25: Error: The getter 'displayName' isn't defined for the class 'MockUser'.
build-and-test	Run flutter test --coverage	2025-07-30T14:32:37.2099345Z  - 'MockUser' is from 'test/firebase_test_helper.dart'.
build-and-test	Run flutter test --coverage	2025-07-30T14:32:37.2100254Z Try correcting the name to the name of an existing getter, or defining a getter or field named 'displayName'.
build-and-test	Run flutter test --coverage	2025-07-30T14:32:37.2101183Z     when(() => mockUser.displayName).thenReturn('Test User');
build-and-test	Run flutter test --coverage	2025-07-30T14:32:37.2101927Z                         ^^^^^^^^^^^
build-and-test	Run flutter test --coverage	2025-07-30T14:32:37.2102723Z test/firebase_test_helper.dart:81:25: Error: The getter 'photoURL' isn't defined for the class 'MockUser'.
build-and-test	Run flutter test --coverage	2025-07-30T14:32:37.2103631Z  - 'MockUser' is from 'test/firebase_test_helper.dart'.
build-and-test	Run flutter test --coverage	2025-07-30T14:32:37.2104532Z Try correcting the name to the name of an existing getter, or defining a getter or field named 'photoURL'.
build-and-test	Run flutter test --coverage	2025-07-30T14:32:37.2105552Z     when(() => mockUser.photoURL).thenReturn('https://example.com/photo.jpg');
build-and-test	Run flutter test --coverage	2025-07-30T14:32:37.2106207Z                         ^^^^^^^^
build-and-test	Run flutter test --coverage	2025-07-30T14:32:37.2106985Z test/firebase_test_helper.dart:82:25: Error: The getter 'isAnonymous' isn't defined for the class 'MockUser'.
build-and-test	Run flutter test --coverage	2025-07-30T14:32:37.2107901Z  - 'MockUser' is from 'test/firebase_test_helper.dart'.
build-and-test	Run flutter test --coverage	2025-07-30T14:32:37.2108719Z Try correcting the name to the name of an existing getter, or defining a getter or field named 'isAnonymous'.
build-and-test	Run flutter test --coverage	2025-07-30T14:32:37.2109514Z     when(() => mockUser.isAnonymous).thenReturn(false);
build-and-test	Run flutter test --coverage	2025-07-30T14:32:37.2109988Z                         ^^^^^^^^^^^
build-and-test	Run flutter test --coverage	2025-07-30T14:32:37.2110721Z test/firebase_test_helper.dart:83:25: Error: The getter 'emailVerified' isn't defined for the class 'MockUser'.
build-and-test	Run flutter test --coverage	2025-07-30T14:32:37.2111861Z  - 'MockUser' is from 'test/firebase_test_helper.dart'.
build-and-test	Run flutter test --coverage	2025-07-30T14:32:37.2112766Z Try correcting the name to the name of an existing getter, or defining a getter or field named 'emailVerified'.
build-and-test	Run flutter test --coverage	2025-07-30T14:32:37.2113672Z     when(() => mockUser.emailVerified).thenReturn(true);
build-and-test	Run flutter test --coverage	2025-07-30T14:32:37.2114177Z                         ^^^^^^^^^^^^^
build-and-test	Run flutter test --coverage	2025-07-30T14:32:37.2114937Z test/firebase_test_helper.dart:86:35: Error: The getter 'user' isn't defined for the class 'MockUserCredential'.
build-and-test	Run flutter test --coverage	2025-07-30T14:32:37.2115934Z  - 'MockUserCredential' is from 'test/firebase_test_helper.dart'.
build-and-test	Run flutter test --coverage	2025-07-30T14:32:37.2116859Z Try correcting the name to the name of an existing getter, or defining a getter or field named 'user'.
build-and-test	Run flutter test --coverage	2025-07-30T14:32:37.2117748Z     when(() => mockUserCredential.user).thenReturn(mockUser);
build-and-test	Run flutter test --coverage	2025-07-30T14:32:37.2118393Z                                   ^^^^
build-and-test	Run flutter test --coverage	2025-07-30T14:32:37.2119282Z test/firebase_test_helper.dart:89:25: Error: The getter 'currentUser' isn't defined for the class 'MockFirebaseAuth'.
build-and-test	Run flutter test --coverage	2025-07-30T14:32:37.2120291Z  - 'MockFirebaseAuth' is from 'test/firebase_test_helper.dart'.
build-and-test	Run flutter test --coverage	2025-07-30T14:32:37.2121228Z Try correcting the name to the name of an existing getter, or defining a getter or field named 'currentUser'.
build-and-test	Run flutter test --coverage	2025-07-30T14:32:37.2122387Z     when(() => mockAuth.currentUser).thenReturn(mockUser);
build-and-test	Run flutter test --coverage	2025-07-30T14:32:37.2122907Z                         ^^^^^^^^^^^
build-and-test	Run flutter test --coverage	2025-07-30T14:32:37.2123779Z test/firebase_test_helper.dart:90:25: Error: The method 'authStateChanges' isn't defined for the class 'MockFirebaseAuth'.
build-and-test	Run flutter test --coverage	2025-07-30T14:32:37.2124844Z  - 'MockFirebaseAuth' is from 'test/firebase_test_helper.dart'.
build-and-test	Run flutter test --coverage	2025-07-30T14:32:37.2125801Z Try correcting the name to the name of an existing method, or defining a method named 'authStateChanges'.
build-and-test	Run flutter test --coverage	2025-07-30T14:32:37.2126670Z     when(() => mockAuth.authStateChanges())
build-and-test	Run flutter test --coverage	2025-07-30T14:32:37.2127394Z                         ^^^^^^^^^^^^^^^^
build-and-test	Run flutter test --coverage	2025-07-30T14:32:37.2128240Z test/firebase_test_helper.dart:92:25: Error: The method 'userChanges' isn't defined for the class 'MockFirebaseAuth'.
build-and-test	Run flutter test --coverage	2025-07-30T14:32:37.2129248Z  - 'MockFirebaseAuth' is from 'test/firebase_test_helper.dart'.
build-and-test	Run flutter test --coverage	2025-07-30T14:32:37.2130412Z Try correcting the name to the name of an existing method, or defining a method named 'userChanges'.
build-and-test	Run flutter test --coverage	2025-07-30T14:32:37.2131218Z     when(() => mockAuth.userChanges())
build-and-test	Run flutter test --coverage	2025-07-30T14:32:37.2131846Z                         ^^^^^^^^^^^
build-and-test	Run flutter test --coverage	2025-07-30T14:32:37.2132807Z test/firebase_test_helper.dart:94:25: Error: The method 'signInWithEmailAndPassword' isn't defined for the class 'MockFirebaseAuth'.
build-and-test	Run flutter test --coverage	2025-07-30T14:32:37.2133946Z  - 'MockFirebaseAuth' is from 'test/firebase_test_helper.dart'.
build-and-test	Run flutter test --coverage	2025-07-30T14:32:37.2134945Z Try correcting the name to the name of an existing method, or defining a method named 'signInWithEmailAndPassword'.
build-and-test	Run flutter test --coverage	2025-07-30T14:32:37.2135941Z     when(() => mockAuth.signInWithEmailAndPassword(any(), any()))
build-and-test	Run flutter test --coverage	2025-07-30T14:32:37.2136529Z                         ^^^^^^^^^^^^^^^^^^^^^^^^^^
build-and-test	Run flutter test --coverage	2025-07-30T14:32:37.2137540Z test/firebase_test_helper.dart:96:25: Error: The method 'createUserWithEmailAndPassword' isn't defined for the class 'MockFirebaseAuth'.
build-and-test	Run flutter test --coverage	2025-07-30T14:32:37.2138649Z  - 'MockFirebaseAuth' is from 'test/firebase_test_helper.dart'.
build-and-test	Run flutter test --coverage	2025-07-30T14:32:37.2139607Z Try correcting the name to the name of an existing method, or defining a method named 'createUserWithEmailAndPassword'.
build-and-test	Run flutter test --coverage	2025-07-30T14:32:37.2140616Z     when(() => mockAuth.createUserWithEmailAndPassword(any(), any()))
build-and-test	Run flutter test --coverage	2025-07-30T14:32:37.2141194Z                         ^^^^^^^^^^^^^^^^^^^^^^^^^^^^^^
build-and-test	Run flutter test --coverage	2025-07-30T14:32:37.2142218Z test/firebase_test_helper.dart:98:25: Error: The method 'signOut' isn't defined for the class 'MockFirebaseAuth'.
build-and-test	Run flutter test --coverage	2025-07-30T14:32:37.2143205Z  - 'MockFirebaseAuth' is from 'test/firebase_test_helper.dart'.
build-and-test	Run flutter test --coverage	2025-07-30T14:32:37.2144084Z Try correcting the name to the name of an existing method, or defining a method named 'signOut'.
build-and-test	Run flutter test --coverage	2025-07-30T14:32:37.2144918Z     when(() => mockAuth.signOut()).thenAnswer((_) async {});
build-and-test	Run flutter test --coverage	2025-07-30T14:32:37.2145432Z                         ^^^^^^^
build-and-test	Run flutter test --coverage	2025-07-30T14:32:37.2146576Z test/firebase_test_helper.dart:108:60: Error: The argument type 'MockCollectionReference' can't be assigned to the parameter type 'CollectionReference<Map<String, dynamic>>'.
build-and-test	Run flutter test --coverage	2025-07-30T14:32:37.2148020Z  - 'MockCollectionReference' is from 'test/firebase_test_helper.dart'.
build-and-test	Run flutter test --coverage	2025-07-30T14:32:37.2149401Z  - 'CollectionReference' is from 'package:cloud_firestore/cloud_firestore.dart' ('../../../.pub-cache/hosted/pub.dev/cloud_firestore-5.6.11/lib/cloud_firestore.dart').
build-and-test	Run flutter test --coverage	2025-07-30T14:32:37.2150592Z  - 'Map' is from 'dart:core'.
build-and-test	Run flutter test --coverage	2025-07-30T14:32:37.2151204Z     when(() => mockFirestore.collection(any())).thenReturn(mockCollection);
build-and-test	Run flutter test --coverage	2025-07-30T14:32:37.2152050Z                                                            ^
build-and-test	Run flutter test --coverage	2025-07-30T14:32:37.2153162Z test/firebase_test_helper.dart:132:52: Error: A value of type 'MockDocumentSnapshot' can't be assigned to a variable of type 'QueryDocumentSnapshot<Object?>'.
build-and-test	Run flutter test --coverage	2025-07-30T14:32:37.2154466Z  - 'MockDocumentSnapshot' is from 'test/firebase_test_helper.dart'.
build-and-test	Run flutter test --coverage	2025-07-30T14:32:37.2155822Z  - 'QueryDocumentSnapshot' is from 'package:cloud_firestore/cloud_firestore.dart' ('../../../.pub-cache/hosted/pub.dev/cloud_firestore-5.6.11/lib/cloud_firestore.dart').
build-and-test	Run flutter test --coverage	2025-07-30T14:32:37.2157028Z  - 'Object' is from 'dart:core'.
build-and-test	Run flutter test --coverage	2025-07-30T14:32:37.2157635Z     when(() => mockQuerySnapshot.docs).thenReturn([mockDocumentSnapshot]);
build-and-test	Run flutter test --coverage	2025-07-30T14:32:37.2158280Z                                                    ^
build-and-test	Run flutter test --coverage	2025-07-30T14:32:37.6859308Z ##[group]❌ loading /home/runner/work/appoint/appoint/test/services/rewards_service_test.dart (failed)
build-and-test	Run flutter test --coverage	2025-07-30T14:32:37.6861961Z Failed to load "/home/runner/work/appoint/appoint/test/services/rewards_service_test.dart": Compilation failed for testPath=/home/runner/work/appoint/appoint/test/services/rewards_service_test.dart
build-and-test	Run flutter test --coverage	2025-07-30T14:32:37.6863484Z 
build-and-test	Run flutter test --coverage	2025-07-30T14:32:37.6863840Z ##[endgroup]
build-and-test	Run flutter test --coverage	2025-07-30T14:32:37.7167915Z ##[group]❌ loading /home/runner/work/appoint/appoint/test/widgets/login_screen_test.dart (failed after test completion)
build-and-test	Run flutter test --coverage	2025-07-30T14:32:37.7168542Z Error: the Dart compiler exited unexpectedly.
build-and-test	Run flutter test --coverage	2025-07-30T14:32:37.7170378Z package:flutter_tools/src/base/common.dart 10:3  throwToolExit
build-and-test	Run flutter test --coverage	2025-07-30T14:32:37.7171197Z package:flutter_tools/src/compile.dart 893:9     DefaultResidentCompiler._compile.<fn>
build-and-test	Run flutter test --coverage	2025-07-30T14:32:37.7172164Z dart:async/zone.dart 1422:47                     _rootRunUnary
build-and-test	Run flutter test --coverage	2025-07-30T14:32:37.7172934Z dart:async/future_impl.dart 902:45               Future._propagateToListeners.handleValueCallback
build-and-test	Run flutter test --coverage	2025-07-30T14:32:37.7173568Z dart:async/future_impl.dart 931:13               Future._propagateToListeners
build-and-test	Run flutter test --coverage	2025-07-30T14:32:37.7173998Z dart:async/future_impl.dart 827:9                Future._propagateToListeners
build-and-test	Run flutter test --coverage	2025-07-30T14:32:37.7174410Z dart:async/future_impl.dart 707:5                Future._completeWithValue
build-and-test	Run flutter test --coverage	2025-07-30T14:32:37.7174856Z dart:async/future_impl.dart 777:7                Future._asyncCompleteWithValue.<fn>
build-and-test	Run flutter test --coverage	2025-07-30T14:32:37.7175248Z dart:async/zone.dart 1414:13                     _rootRun
build-and-test	Run flutter test --coverage	2025-07-30T14:32:37.7175577Z dart:async/zone.dart 1317:19                     _CustomZone.run
build-and-test	Run flutter test --coverage	2025-07-30T14:32:37.7175957Z dart:async/zone.dart 1225:7                      _CustomZone.runGuarded
build-and-test	Run flutter test --coverage	2025-07-30T14:32:37.7176361Z dart:async/zone.dart 1265:23                     _CustomZone.bindCallbackGuarded.<fn>
build-and-test	Run flutter test --coverage	2025-07-30T14:32:37.7176773Z dart:async/schedule_microtask.dart 40:21         _microtaskLoop
build-and-test	Run flutter test --coverage	2025-07-30T14:32:37.7177168Z dart:async/schedule_microtask.dart 49:5          _startMicrotaskLoop
build-and-test	Run flutter test --coverage	2025-07-30T14:32:37.7177629Z dart:isolate-patch/isolate_patch.dart 118:13     _runPendingImmediateCallback
build-and-test	Run flutter test --coverage	2025-07-30T14:32:37.7178118Z dart:isolate-patch/isolate_patch.dart 185:5      _RawReceivePort._handleMessage
build-and-test	Run flutter test --coverage	2025-07-30T14:32:37.7178616Z ##[endgroup]
build-and-test	Run flutter test --coverage	2025-07-30T14:32:39.7469970Z test/services/offline_booking_repository_test.dart:15:8: Error: Error when reading 'test/services/offline_booking_repository_test.mocks.dart': No such file or directory
build-and-test	Run flutter test --coverage	2025-07-30T14:32:39.7472070Z import 'offline_booking_repository_test.mocks.dart';
build-and-test	Run flutter test --coverage	2025-07-30T14:32:39.7474638Z        ^
build-and-test	Run flutter test --coverage	2025-07-30T14:32:39.9360273Z test/services/offline_booking_repository_test.dart:33:10: Error: 'MockFirebaseFirestore' isn't a type.
build-and-test	Run flutter test --coverage	2025-07-30T14:32:39.9362370Z     late MockFirebaseFirestore mockFirestore;
build-and-test	Run flutter test --coverage	2025-07-30T14:32:39.9363130Z          ^^^^^^^^^^^^^^^^^^^^^
build-and-test	Run flutter test --coverage	2025-07-30T14:32:39.9363980Z test/services/offline_booking_repository_test.dart:34:10: Error: 'MockFirebaseAuth' isn't a type.
build-and-test	Run flutter test --coverage	2025-07-30T14:32:39.9364972Z     late MockFirebaseAuth mockAuth;
build-and-test	Run flutter test --coverage	2025-07-30T14:32:39.9365490Z          ^^^^^^^^^^^^^^^^
build-and-test	Run flutter test --coverage	2025-07-30T14:32:39.9366372Z test/services/offline_booking_repository_test.dart:35:10: Error: 'MockConnectivity' isn't a type.
build-and-test	Run flutter test --coverage	2025-07-30T14:32:39.9367331Z     late MockConnectivity mockConnectivity;
build-and-test	Run flutter test --coverage	2025-07-30T14:32:39.9368015Z          ^^^^^^^^^^^^^^^^
build-and-test	Run flutter test --coverage	2025-07-30T14:32:39.9368947Z test/services/offline_booking_repository_test.dart:36:10: Error: 'MockUser' isn't a type.
build-and-test	Run flutter test --coverage	2025-07-30T14:32:39.9369702Z     late MockUser mockUser;
build-and-test	Run flutter test --coverage	2025-07-30T14:32:39.9370076Z          ^^^^^^^^
build-and-test	Run flutter test --coverage	2025-07-30T14:32:39.9370783Z test/services/offline_booking_repository_test.dart:37:10: Error: 'MockCollectionReference' isn't a type.
build-and-test	Run flutter test --coverage	2025-07-30T14:32:39.9372002Z     late MockCollectionReference<Map<String, dynamic>> mockCollection;
build-and-test	Run flutter test --coverage	2025-07-30T14:32:39.9372610Z          ^^^^^^^^^^^^^^^^^^^^^^^
build-and-test	Run flutter test --coverage	2025-07-30T14:32:39.9373357Z test/services/offline_booking_repository_test.dart:38:10: Error: 'MockDocumentReference' isn't a type.
build-and-test	Run flutter test --coverage	2025-07-30T14:32:39.9374326Z     late MockDocumentReference<Map<String, dynamic>> mockDocument;
build-and-test	Run flutter test --coverage	2025-07-30T14:32:39.9374891Z          ^^^^^^^^^^^^^^^^^^^^^
build-and-test	Run flutter test --coverage	2025-07-30T14:32:39.9375607Z test/services/offline_booking_repository_test.dart:39:10: Error: 'MockQuerySnapshot' isn't a type.
build-and-test	Run flutter test --coverage	2025-07-30T14:32:39.9376562Z     late MockQuerySnapshot<Map<String, dynamic>> mockQuerySnapshot;
build-and-test	Run flutter test --coverage	2025-07-30T14:32:39.9377575Z          ^^^^^^^^^^^^^^^^^
build-and-test	Run flutter test --coverage	2025-07-30T14:32:39.9378268Z test/services/offline_booking_repository_test.dart:40:10: Error: 'MockWriteBatch' isn't a type.
build-and-test	Run flutter test --coverage	2025-07-30T14:32:39.9379046Z     late MockWriteBatch mockBatch;
build-and-test	Run flutter test --coverage	2025-07-30T14:32:39.9379728Z          ^^^^^^^^^^^^^^
build-and-test	Run flutter test --coverage	2025-07-30T14:32:39.9380466Z test/services/offline_booking_repository_test.dart:50:23: Error: Method not found: 'MockFirebaseFirestore'.
build-and-test	Run flutter test --coverage	2025-07-30T14:32:39.9381358Z       mockFirestore = MockFirebaseFirestore();
build-and-test	Run flutter test --coverage	2025-07-30T14:32:39.9381999Z                       ^^^^^^^^^^^^^^^^^^^^^
build-and-test	Run flutter test --coverage	2025-07-30T14:32:39.9382790Z test/services/offline_booking_repository_test.dart:51:18: Error: Method not found: 'MockFirebaseAuth'.
build-and-test	Run flutter test --coverage	2025-07-30T14:32:39.9383611Z       mockAuth = MockFirebaseAuth();
build-and-test	Run flutter test --coverage	2025-07-30T14:32:39.9384023Z                  ^^^^^^^^^^^^^^^^
build-and-test	Run flutter test --coverage	2025-07-30T14:32:39.9384774Z test/services/offline_booking_repository_test.dart:52:26: Error: Method not found: 'MockConnectivity'.
build-and-test	Run flutter test --coverage	2025-07-30T14:32:39.9385621Z       mockConnectivity = MockConnectivity();
build-and-test	Run flutter test --coverage	2025-07-30T14:32:39.9386072Z                          ^^^^^^^^^^^^^^^^
build-and-test	Run flutter test --coverage	2025-07-30T14:32:39.9386801Z test/services/offline_booking_repository_test.dart:53:18: Error: Method not found: 'MockUser'.
build-and-test	Run flutter test --coverage	2025-07-30T14:32:39.9387552Z       mockUser = MockUser();
build-and-test	Run flutter test --coverage	2025-07-30T14:32:39.9387936Z                  ^^^^^^^^
build-and-test	Run flutter test --coverage	2025-07-30T14:32:39.9388694Z test/services/offline_booking_repository_test.dart:54:24: Error: Method not found: 'MockCollectionReference'.
build-and-test	Run flutter test --coverage	2025-07-30T14:32:39.9389585Z       mockCollection = MockCollectionReference();
build-and-test	Run flutter test --coverage	2025-07-30T14:32:39.9390053Z                        ^^^^^^^^^^^^^^^^^^^^^^^
build-and-test	Run flutter test --coverage	2025-07-30T14:32:39.9390869Z test/services/offline_booking_repository_test.dart:55:22: Error: Method not found: 'MockDocumentReference'.
build-and-test	Run flutter test --coverage	2025-07-30T14:32:39.9391951Z       mockDocument = MockDocumentReference();
build-and-test	Run flutter test --coverage	2025-07-30T14:32:39.9392392Z                      ^^^^^^^^^^^^^^^^^^^^^
build-and-test	Run flutter test --coverage	2025-07-30T14:32:39.9393173Z test/services/offline_booking_repository_test.dart:56:27: Error: Method not found: 'MockQuerySnapshot'.
build-and-test	Run flutter test --coverage	2025-07-30T14:32:39.9394042Z       mockQuerySnapshot = MockQuerySnapshot();
build-and-test	Run flutter test --coverage	2025-07-30T14:32:39.9394515Z                           ^^^^^^^^^^^^^^^^^
build-and-test	Run flutter test --coverage	2025-07-30T14:32:39.9395278Z test/services/offline_booking_repository_test.dart:57:19: Error: Method not found: 'MockWriteBatch'.
build-and-test	Run flutter test --coverage	2025-07-30T14:32:39.9396104Z       mockBatch = MockWriteBatch();
build-and-test	Run flutter test --coverage	2025-07-30T14:32:39.9396501Z                   ^^^^^^^^^^^^^^
build-and-test	Run flutter test --coverage	2025-07-30T14:32:39.9397215Z test/services/offline_booking_repository_test.dart:117:9: Error: Setter not found: 'bookings'.
build-and-test	Run flutter test --coverage	2025-07-30T14:32:39.9398044Z         bookings = await repository.getBookings();
build-and-test	Run flutter test --coverage	2025-07-30T14:32:39.9398513Z         ^^^^^^^^
build-and-test	Run flutter test --coverage	2025-07-30T14:32:39.9399152Z test/services/offline_booking_repository_test.dart:118:16: Error: Undefined name 'bookings'.
build-and-test	Run flutter test --coverage	2025-07-30T14:32:39.9399924Z         expect(bookings.length, equals(1));
build-and-test	Run flutter test --coverage	2025-07-30T14:32:39.9400354Z                ^^^^^^^^
build-and-test	Run flutter test --coverage	2025-07-30T14:32:39.9400995Z test/services/offline_booking_repository_test.dart:119:16: Error: Undefined name 'bookings'.
build-and-test	Run flutter test --coverage	2025-07-30T14:32:39.9402052Z         expect(bookings.first.id, equals('test-booking-1'));
build-and-test	Run flutter test --coverage	2025-07-30T14:32:39.9402559Z                ^^^^^^^^
build-and-test	Run flutter test --coverage	2025-07-30T14:32:39.9403326Z test/services/offline_booking_repository_test.dart:244:13: Error: Method not found: 'MockQueryDocumentSnapshot'.
build-and-test	Run flutter test --coverage	2025-07-30T14:32:39.9404314Z             MockQueryDocumentSnapshot<Map<String, dynamic>>();
build-and-test	Run flutter test --coverage	2025-07-30T14:32:39.9404824Z             ^^^^^^^^^^^^^^^^^^^^^^^^^
build-and-test	Run flutter test --coverage	2025-07-30T14:32:39.9405546Z test/services/offline_booking_repository_test.dart:279:9: Error: Setter not found: 'bookings'.
build-and-test	Run flutter test --coverage	2025-07-30T14:32:39.9406359Z         bookings = await repository.getBookings();
build-and-test	Run flutter test --coverage	2025-07-30T14:32:39.9406810Z         ^^^^^^^^
build-and-test	Run flutter test --coverage	2025-07-30T14:32:39.9407439Z test/services/offline_booking_repository_test.dart:280:16: Error: Undefined name 'bookings'.
build-and-test	Run flutter test --coverage	2025-07-30T14:32:39.9408229Z         expect(bookings.length, equals(1));
build-and-test	Run flutter test --coverage	2025-07-30T14:32:39.9408661Z                ^^^^^^^^
build-and-test	Run flutter test --coverage	2025-07-30T14:32:39.9409613Z test/services/offline_booking_repository_test.dart:281:16: Error: Undefined name 'bookings'.
build-and-test	Run flutter test --coverage	2025-07-30T14:32:39.9410565Z         expect(bookings.first.serviceName, equals('Test Service (Local)'));
build-and-test	Run flutter test --coverage	2025-07-30T14:32:39.9411177Z                ^^^^^^^^
build-and-test	Run flutter test --coverage	2025-07-30T14:32:39.9412161Z test/services/offline_booking_repository_test.dart:301:13: Error: Method not found: 'MockQueryDocumentSnapshot'.
build-and-test	Run flutter test --coverage	2025-07-30T14:32:39.9413418Z             MockQueryDocumentSnapshot<Map<String, dynamic>>();
build-and-test	Run flutter test --coverage	2025-07-30T14:32:39.9413944Z             ^^^^^^^^^^^^^^^^^^^^^^^^^
build-and-test	Run flutter test --coverage	2025-07-30T14:32:39.9414682Z test/services/offline_booking_repository_test.dart:336:9: Error: Setter not found: 'bookings'.
build-and-test	Run flutter test --coverage	2025-07-30T14:32:39.9415486Z         bookings = await repository.getBookings();
build-and-test	Run flutter test --coverage	2025-07-30T14:32:39.9415944Z         ^^^^^^^^
build-and-test	Run flutter test --coverage	2025-07-30T14:32:39.9416604Z test/services/offline_booking_repository_test.dart:337:16: Error: Undefined name 'bookings'.
build-and-test	Run flutter test --coverage	2025-07-30T14:32:39.9417385Z         expect(bookings.length, equals(1));
build-and-test	Run flutter test --coverage	2025-07-30T14:32:39.9417841Z                ^^^^^^^^
build-and-test	Run flutter test --coverage	2025-07-30T14:32:39.9418485Z test/services/offline_booking_repository_test.dart:338:16: Error: Undefined name 'bookings'.
build-and-test	Run flutter test --coverage	2025-07-30T14:32:39.9419423Z         expect(bookings.first.serviceName, equals('Test Service (Local)'));
build-and-test	Run flutter test --coverage	2025-07-30T14:32:39.9420017Z                ^^^^^^^^
build-and-test	Run flutter test --coverage	2025-07-30T14:32:39.9420815Z test/services/offline_booking_repository_test.dart:357:13: Error: Method not found: 'MockQueryDocumentSnapshot'.
build-and-test	Run flutter test --coverage	2025-07-30T14:32:39.9422051Z             MockQueryDocumentSnapshot<Map<String, dynamic>>();
build-and-test	Run flutter test --coverage	2025-07-30T14:32:39.9422586Z             ^^^^^^^^^^^^^^^^^^^^^^^^^
build-and-test	Run flutter test --coverage	2025-07-30T14:32:39.9423305Z test/services/offline_booking_repository_test.dart:393:9: Error: Setter not found: 'bookings'.
build-and-test	Run flutter test --coverage	2025-07-30T14:32:39.9424094Z         bookings = await repository.getBookings();
build-and-test	Run flutter test --coverage	2025-07-30T14:32:39.9424552Z         ^^^^^^^^
build-and-test	Run flutter test --coverage	2025-07-30T14:32:39.9425187Z test/services/offline_booking_repository_test.dart:394:16: Error: Undefined name 'bookings'.
build-and-test	Run flutter test --coverage	2025-07-30T14:32:39.9425982Z         expect(bookings.length, equals(1));
build-and-test	Run flutter test --coverage	2025-07-30T14:32:39.9426425Z                ^^^^^^^^
build-and-test	Run flutter test --coverage	2025-07-30T14:32:39.9427088Z test/services/offline_booking_repository_test.dart:395:16: Error: Undefined name 'bookings'.
build-and-test	Run flutter test --coverage	2025-07-30T14:32:39.9428021Z         expect(bookings.first.serviceName, equals('Test Service (Local)'));
build-and-test	Run flutter test --coverage	2025-07-30T14:32:39.9428628Z                ^^^^^^^^
build-and-test	Run flutter test --coverage	2025-07-30T14:32:39.9429421Z test/services/offline_booking_repository_test.dart:414:13: Error: Method not found: 'MockQueryDocumentSnapshot'.
build-and-test	Run flutter test --coverage	2025-07-30T14:32:39.9430401Z             MockQueryDocumentSnapshot<Map<String, dynamic>>();
build-and-test	Run flutter test --coverage	2025-07-30T14:32:39.9430934Z             ^^^^^^^^^^^^^^^^^^^^^^^^^
build-and-test	Run flutter test --coverage	2025-07-30T14:32:39.9431837Z test/services/offline_booking_repository_test.dart:450:9: Error: Setter not found: 'bookings'.
build-and-test	Run flutter test --coverage	2025-07-30T14:32:39.9432678Z         bookings = await repository.getBookings();
build-and-test	Run flutter test --coverage	2025-07-30T14:32:39.9433154Z         ^^^^^^^^
build-and-test	Run flutter test --coverage	2025-07-30T14:32:39.9433788Z test/services/offline_booking_repository_test.dart:451:16: Error: Undefined name 'bookings'.
build-and-test	Run flutter test --coverage	2025-07-30T14:32:39.9434589Z         expect(bookings.length, equals(1));
build-and-test	Run flutter test --coverage	2025-07-30T14:32:39.9435008Z                ^^^^^^^^
build-and-test	Run flutter test --coverage	2025-07-30T14:32:39.9435651Z test/services/offline_booking_repository_test.dart:452:16: Error: Undefined name 'bookings'.
build-and-test	Run flutter test --coverage	2025-07-30T14:32:39.9436570Z         expect(bookings.first.serviceName, equals('Test Service (Local)'));
build-and-test	Run flutter test --coverage	2025-07-30T14:32:39.9437199Z                ^^^^^^^^
build-and-test	Run flutter test --coverage	2025-07-30T14:32:39.9437953Z test/services/offline_booking_repository_test.dart:535:9: Error: Setter not found: 'connectivityController'.
build-and-test	Run flutter test --coverage	2025-07-30T14:32:39.9438982Z         connectivityController = StreamController<ConnectivityResult>();
build-and-test	Run flutter test --coverage	2025-07-30T14:32:39.9439593Z         ^^^^^^^^^^^^^^^^^^^^^^
build-and-test	Run flutter test --coverage	2025-07-30T14:32:39.9440373Z test/services/offline_booking_repository_test.dart:540:32: Error: Undefined name 'connectivityController'.
build-and-test	Run flutter test --coverage	2025-07-30T14:32:39.9441292Z             .thenAnswer((_) => connectivityController.stream);
build-and-test	Run flutter test --coverage	2025-07-30T14:32:39.9442031Z                                ^^^^^^^^^^^^^^^^^^^^^^
build-and-test	Run flutter test --coverage	2025-07-30T14:32:39.9443152Z test/services/offline_booking_repository_test.dart:563:9: Error: Undefined name 'connectivityController'.
build-and-test	Run flutter test --coverage	2025-07-30T14:32:39.9444103Z         connectivityController.add(ConnectivityResult.wifi);
build-and-test	Run flutter test --coverage	2025-07-30T14:32:39.9444624Z         ^^^^^^^^^^^^^^^^^^^^^^
build-and-test	Run flutter test --coverage	2025-07-30T14:32:40.1652245Z ##[group]❌ loading /home/runner/work/appoint/appoint/test/services/offline_booking_repository_test.dart (failed)
build-and-test	Run flutter test --coverage	2025-07-30T14:32:40.1654649Z Failed to load "/home/runner/work/appoint/appoint/test/services/offline_booking_repository_test.dart": Compilation failed for testPath=/home/runner/work/appoint/appoint/test/services/offline_booking_repository_test.dart
build-and-test	Run flutter test --coverage	2025-07-30T14:32:40.1660380Z 
build-and-test	Run flutter test --coverage	2025-07-30T14:32:40.1662092Z ##[endgroup]
build-and-test	Run flutter test --coverage	2025-07-30T14:32:40.1934098Z ##[group]❌ loading /home/runner/work/appoint/appoint/test/widgets/login_screen_test.dart (failed after test completion)
build-and-test	Run flutter test --coverage	2025-07-30T14:32:40.1935081Z Error: the Dart compiler exited unexpectedly.
build-and-test	Run flutter test --coverage	2025-07-30T14:32:40.1937106Z package:flutter_tools/src/base/common.dart 10:3  throwToolExit
build-and-test	Run flutter test --coverage	2025-07-30T14:32:40.1938150Z package:flutter_tools/src/compile.dart 893:9     DefaultResidentCompiler._compile.<fn>
build-and-test	Run flutter test --coverage	2025-07-30T14:32:40.1938904Z dart:async/zone.dart 1422:47                     _rootRunUnary
build-and-test	Run flutter test --coverage	2025-07-30T14:32:40.1939652Z dart:async/future_impl.dart 902:45               Future._propagateToListeners.handleValueCallback
build-and-test	Run flutter test --coverage	2025-07-30T14:32:40.1940524Z dart:async/future_impl.dart 931:13               Future._propagateToListeners
build-and-test	Run flutter test --coverage	2025-07-30T14:32:40.1941242Z dart:async/future_impl.dart 827:9                Future._propagateToListeners
build-and-test	Run flutter test --coverage	2025-07-30T14:32:40.1942277Z dart:async/future_impl.dart 707:5                Future._completeWithValue
build-and-test	Run flutter test --coverage	2025-07-30T14:32:40.1943148Z dart:async/future_impl.dart 777:7                Future._asyncCompleteWithValue.<fn>
build-and-test	Run flutter test --coverage	2025-07-30T14:32:40.1943909Z dart:async/zone.dart 1414:13                     _rootRun
build-and-test	Run flutter test --coverage	2025-07-30T14:32:40.1944560Z dart:async/zone.dart 1317:19                     _CustomZone.run
build-and-test	Run flutter test --coverage	2025-07-30T14:32:40.1945280Z dart:async/zone.dart 1225:7                      _CustomZone.runGuarded
build-and-test	Run flutter test --coverage	2025-07-30T14:32:40.1946084Z dart:async/zone.dart 1265:23                     _CustomZone.bindCallbackGuarded.<fn>
build-and-test	Run flutter test --coverage	2025-07-30T14:32:40.1946876Z dart:async/schedule_microtask.dart 40:21         _microtaskLoop
build-and-test	Run flutter test --coverage	2025-07-30T14:32:40.1947568Z dart:async/schedule_microtask.dart 49:5          _startMicrotaskLoop
build-and-test	Run flutter test --coverage	2025-07-30T14:32:40.1948432Z dart:isolate-patch/isolate_patch.dart 118:13     _runPendingImmediateCallback
build-and-test	Run flutter test --coverage	2025-07-30T14:32:40.1949291Z dart:isolate-patch/isolate_patch.dart 185:5      _RawReceivePort._handleMessage
build-and-test	Run flutter test --coverage	2025-07-30T14:32:40.1950147Z ##[endgroup]
build-and-test	Run flutter test --coverage	2025-07-30T14:32:42.4383165Z test/firebase_test_helper.dart:11:48: Error: Type 'FirebaseAuth' not found.
build-and-test	Run flutter test --coverage	2025-07-30T14:32:42.4386288Z class MockFirebaseAuth extends Mock implements FirebaseAuth {}
build-and-test	Run flutter test --coverage	2025-07-30T14:32:42.4386831Z                                                ^^^^^^^^^^^^
build-and-test	Run flutter test --coverage	2025-07-30T14:32:42.4387399Z test/firebase_test_helper.dart:13:40: Error: Type 'User' not found.
build-and-test	Run flutter test --coverage	2025-07-30T14:32:42.4388019Z class MockUser extends Mock implements User {}
build-and-test	Run flutter test --coverage	2025-07-30T14:32:42.4388455Z                                        ^^^^
build-and-test	Run flutter test --coverage	2025-07-30T14:32:42.4389038Z test/firebase_test_helper.dart:15:50: Error: Type 'UserCredential' not found.
build-and-test	Run flutter test --coverage	2025-07-30T14:32:42.4389796Z class MockUserCredential extends Mock implements UserCredential {}
build-and-test	Run flutter test --coverage	2025-07-30T14:32:42.4390381Z                                                  ^^^^^^^^^^^^^^
build-and-test	Run flutter test --coverage	2025-07-30T14:32:42.5779099Z test/firebase_test_helper.dart:78:25: Error: The getter 'uid' isn't defined for the class 'MockUser'.
build-and-test	Run flutter test --coverage	2025-07-30T14:32:42.5780200Z  - 'MockUser' is from 'test/firebase_test_helper.dart'.
build-and-test	Run flutter test --coverage	2025-07-30T14:32:42.5781177Z Try correcting the name to the name of an existing getter, or defining a getter or field named 'uid'.
build-and-test	Run flutter test --coverage	2025-07-30T14:32:42.5782322Z     when(() => mockUser.uid).thenReturn('test-user-id');
build-and-test	Run flutter test --coverage	2025-07-30T14:32:42.5782894Z                         ^^^
build-and-test	Run flutter test --coverage	2025-07-30T14:32:42.5783553Z test/firebase_test_helper.dart:79:25: Error: The getter 'email' isn't defined for the class 'MockUser'.
build-and-test	Run flutter test --coverage	2025-07-30T14:32:42.5784704Z  - 'MockUser' is from 'test/firebase_test_helper.dart'.
build-and-test	Run flutter test --coverage	2025-07-30T14:32:42.5785464Z Try correcting the name to the name of an existing getter, or defining a getter or field named 'email'.
build-and-test	Run flutter test --coverage	2025-07-30T14:32:42.5786250Z     when(() => mockUser.email).thenReturn('test@example.com');
build-and-test	Run flutter test --coverage	2025-07-30T14:32:42.5786931Z                         ^^^^^
build-and-test	Run flutter test --coverage	2025-07-30T14:32:42.5787621Z test/firebase_test_helper.dart:80:25: Error: The getter 'displayName' isn't defined for the class 'MockUser'.
build-and-test	Run flutter test --coverage	2025-07-30T14:32:42.5788435Z  - 'MockUser' is from 'test/firebase_test_helper.dart'.
build-and-test	Run flutter test --coverage	2025-07-30T14:32:42.5789235Z Try correcting the name to the name of an existing getter, or defining a getter or field named 'displayName'.
build-and-test	Run flutter test --coverage	2025-07-30T14:32:42.5790049Z     when(() => mockUser.displayName).thenReturn('Test User');
build-and-test	Run flutter test --coverage	2025-07-30T14:32:42.5790530Z                         ^^^^^^^^^^^
build-and-test	Run flutter test --coverage	2025-07-30T14:32:42.5791223Z test/firebase_test_helper.dart:81:25: Error: The getter 'photoURL' isn't defined for the class 'MockUser'.
build-and-test	Run flutter test --coverage	2025-07-30T14:32:42.5792166Z  - 'MockUser' is from 'test/firebase_test_helper.dart'.
build-and-test	Run flutter test --coverage	2025-07-30T14:32:42.5792957Z Try correcting the name to the name of an existing getter, or defining a getter or field named 'photoURL'.
build-and-test	Run flutter test --coverage	2025-07-30T14:32:42.5793887Z     when(() => mockUser.photoURL).thenReturn('https://example.com/photo.jpg');
build-and-test	Run flutter test --coverage	2025-07-30T14:32:42.5794484Z                         ^^^^^^^^
build-and-test	Run flutter test --coverage	2025-07-30T14:32:42.5795188Z test/firebase_test_helper.dart:82:25: Error: The getter 'isAnonymous' isn't defined for the class 'MockUser'.
build-and-test	Run flutter test --coverage	2025-07-30T14:32:42.5796011Z  - 'MockUser' is from 'test/firebase_test_helper.dart'.
build-and-test	Run flutter test --coverage	2025-07-30T14:32:42.5796800Z Try correcting the name to the name of an existing getter, or defining a getter or field named 'isAnonymous'.
build-and-test	Run flutter test --coverage	2025-07-30T14:32:42.5797576Z     when(() => mockUser.isAnonymous).thenReturn(false);
build-and-test	Run flutter test --coverage	2025-07-30T14:32:42.5798015Z                         ^^^^^^^^^^^
build-and-test	Run flutter test --coverage	2025-07-30T14:32:42.5798726Z test/firebase_test_helper.dart:83:25: Error: The getter 'emailVerified' isn't defined for the class 'MockUser'.
build-and-test	Run flutter test --coverage	2025-07-30T14:32:42.5799566Z  - 'MockUser' is from 'test/firebase_test_helper.dart'.
build-and-test	Run flutter test --coverage	2025-07-30T14:32:42.5800357Z Try correcting the name to the name of an existing getter, or defining a getter or field named 'emailVerified'.
build-and-test	Run flutter test --coverage	2025-07-30T14:32:42.5801164Z     when(() => mockUser.emailVerified).thenReturn(true);
build-and-test	Run flutter test --coverage	2025-07-30T14:32:42.5801743Z                         ^^^^^^^^^^^^^
build-and-test	Run flutter test --coverage	2025-07-30T14:32:42.5802464Z test/firebase_test_helper.dart:86:35: Error: The getter 'user' isn't defined for the class 'MockUserCredential'.
build-and-test	Run flutter test --coverage	2025-07-30T14:32:42.5803364Z  - 'MockUserCredential' is from 'test/firebase_test_helper.dart'.
build-and-test	Run flutter test --coverage	2025-07-30T14:32:42.5804189Z Try correcting the name to the name of an existing getter, or defining a getter or field named 'user'.
build-and-test	Run flutter test --coverage	2025-07-30T14:32:42.5804969Z     when(() => mockUserCredential.user).thenReturn(mockUser);
build-and-test	Run flutter test --coverage	2025-07-30T14:32:42.5805446Z                                   ^^^^
build-and-test	Run flutter test --coverage	2025-07-30T14:32:42.5806204Z test/firebase_test_helper.dart:89:25: Error: The getter 'currentUser' isn't defined for the class 'MockFirebaseAuth'.
build-and-test	Run flutter test --coverage	2025-07-30T14:32:42.5807131Z  - 'MockFirebaseAuth' is from 'test/firebase_test_helper.dart'.
build-and-test	Run flutter test --coverage	2025-07-30T14:32:42.5808026Z Try correcting the name to the name of an existing getter, or defining a getter or field named 'currentUser'.
build-and-test	Run flutter test --coverage	2025-07-30T14:32:42.5808844Z     when(() => mockAuth.currentUser).thenReturn(mockUser);
build-and-test	Run flutter test --coverage	2025-07-30T14:32:42.5809301Z                         ^^^^^^^^^^^
build-and-test	Run flutter test --coverage	2025-07-30T14:32:42.5810079Z test/firebase_test_helper.dart:90:25: Error: The method 'authStateChanges' isn't defined for the class 'MockFirebaseAuth'.
build-and-test	Run flutter test --coverage	2025-07-30T14:32:42.5811021Z  - 'MockFirebaseAuth' is from 'test/firebase_test_helper.dart'.
build-and-test	Run flutter test --coverage	2025-07-30T14:32:42.5811977Z Try correcting the name to the name of an existing method, or defining a method named 'authStateChanges'.
build-and-test	Run flutter test --coverage	2025-07-30T14:32:42.5812731Z     when(() => mockAuth.authStateChanges())
build-and-test	Run flutter test --coverage	2025-07-30T14:32:42.5813143Z                         ^^^^^^^^^^^^^^^^
build-and-test	Run flutter test --coverage	2025-07-30T14:32:42.5814102Z test/firebase_test_helper.dart:92:25: Error: The method 'userChanges' isn't defined for the class 'MockFirebaseAuth'.
build-and-test	Run flutter test --coverage	2025-07-30T14:32:42.5815015Z  - 'MockFirebaseAuth' is from 'test/firebase_test_helper.dart'.
build-and-test	Run flutter test --coverage	2025-07-30T14:32:42.5815817Z Try correcting the name to the name of an existing method, or defining a method named 'userChanges'.
build-and-test	Run flutter test --coverage	2025-07-30T14:32:42.5816589Z     when(() => mockAuth.userChanges())
build-and-test	Run flutter test --coverage	2025-07-30T14:32:42.5816844Z                         ^^^^^^^^^^^
build-and-test	Run flutter test --coverage	2025-07-30T14:32:42.5817347Z test/firebase_test_helper.dart:94:25: Error: The method 'signInWithEmailAndPassword' isn't defined for the class 'MockFirebaseAuth'.
build-and-test	Run flutter test --coverage	2025-07-30T14:32:42.5817946Z  - 'MockFirebaseAuth' is from 'test/firebase_test_helper.dart'.
build-and-test	Run flutter test --coverage	2025-07-30T14:32:42.5818477Z Try correcting the name to the name of an existing method, or defining a method named 'signInWithEmailAndPassword'.
build-and-test	Run flutter test --coverage	2025-07-30T14:32:42.5818986Z     when(() => mockAuth.signInWithEmailAndPassword(any(), any()))
build-and-test	Run flutter test --coverage	2025-07-30T14:32:42.5819298Z                         ^^^^^^^^^^^^^^^^^^^^^^^^^^
build-and-test	Run flutter test --coverage	2025-07-30T14:32:42.5819844Z test/firebase_test_helper.dart:96:25: Error: The method 'createUserWithEmailAndPassword' isn't defined for the class 'MockFirebaseAuth'.
build-and-test	Run flutter test --coverage	2025-07-30T14:32:42.5820447Z  - 'MockFirebaseAuth' is from 'test/firebase_test_helper.dart'.
build-and-test	Run flutter test --coverage	2025-07-30T14:32:42.5820976Z Try correcting the name to the name of an existing method, or defining a method named 'createUserWithEmailAndPassword'.
build-and-test	Run flutter test --coverage	2025-07-30T14:32:42.5821685Z     when(() => mockAuth.createUserWithEmailAndPassword(any(), any()))
build-and-test	Run flutter test --coverage	2025-07-30T14:32:42.5822075Z                         ^^^^^^^^^^^^^^^^^^^^^^^^^^^^^^
build-and-test	Run flutter test --coverage	2025-07-30T14:32:42.5822513Z test/firebase_test_helper.dart:98:25: Error: The method 'signOut' isn't defined for the class 'MockFirebaseAuth'.
build-and-test	Run flutter test --coverage	2025-07-30T14:32:42.5823026Z  - 'MockFirebaseAuth' is from 'test/firebase_test_helper.dart'.
build-and-test	Run flutter test --coverage	2025-07-30T14:32:42.5823471Z Try correcting the name to the name of an existing method, or defining a method named 'signOut'.
build-and-test	Run flutter test --coverage	2025-07-30T14:32:42.5823899Z     when(() => mockAuth.signOut()).thenAnswer((_) async {});
build-and-test	Run flutter test --coverage	2025-07-30T14:32:42.5824177Z                         ^^^^^^^
build-and-test	Run flutter test --coverage	2025-07-30T14:32:42.5824766Z test/firebase_test_helper.dart:108:60: Error: The argument type 'MockCollectionReference' can't be assigned to the parameter type 'CollectionReference<Map<String, dynamic>>'.
build-and-test	Run flutter test --coverage	2025-07-30T14:32:42.5825494Z  - 'MockCollectionReference' is from 'test/firebase_test_helper.dart'.
build-and-test	Run flutter test --coverage	2025-07-30T14:32:42.5826191Z  - 'CollectionReference' is from 'package:cloud_firestore/cloud_firestore.dart' ('../../../.pub-cache/hosted/pub.dev/cloud_firestore-5.6.11/lib/cloud_firestore.dart').
build-and-test	Run flutter test --coverage	2025-07-30T14:32:42.5826796Z  - 'Map' is from 'dart:core'.
build-and-test	Run flutter test --coverage	2025-07-30T14:32:42.5827102Z     when(() => mockFirestore.collection(any())).thenReturn(mockCollection);
build-and-test	Run flutter test --coverage	2025-07-30T14:32:42.5827437Z                                                            ^
build-and-test	Run flutter test --coverage	2025-07-30T14:32:42.5828019Z test/firebase_test_helper.dart:132:52: Error: A value of type 'MockDocumentSnapshot' can't be assigned to a variable of type 'QueryDocumentSnapshot<Object?>'.
build-and-test	Run flutter test --coverage	2025-07-30T14:32:42.5828672Z  - 'MockDocumentSnapshot' is from 'test/firebase_test_helper.dart'.
build-and-test	Run flutter test --coverage	2025-07-30T14:32:42.5829380Z  - 'QueryDocumentSnapshot' is from 'package:cloud_firestore/cloud_firestore.dart' ('../../../.pub-cache/hosted/pub.dev/cloud_firestore-5.6.11/lib/cloud_firestore.dart').
build-and-test	Run flutter test --coverage	2025-07-30T14:32:42.5830007Z  - 'Object' is from 'dart:core'.
build-and-test	Run flutter test --coverage	2025-07-30T14:32:42.5830318Z     when(() => mockQuerySnapshot.docs).thenReturn([mockDocumentSnapshot]);
build-and-test	Run flutter test --coverage	2025-07-30T14:32:42.5830649Z                                                    ^
build-and-test	Run flutter test --coverage	2025-07-30T14:32:43.1345678Z ##[group]❌ loading /home/runner/work/appoint/appoint/test/services/REDACTED_TOKEN.dart (failed)
build-and-test	Run flutter test --coverage	2025-07-30T14:32:43.1347661Z Failed to load "/home/runner/work/appoint/appoint/test/services/REDACTED_TOKEN.dart": Compilation failed for testPath=/home/runner/work/appoint/appoint/test/services/REDACTED_TOKEN.dart
build-and-test	Run flutter test --coverage	2025-07-30T14:32:43.1349054Z 
build-and-test	Run flutter test --coverage	2025-07-30T14:32:43.1349664Z ##[endgroup]
build-and-test	Run flutter test --coverage	2025-07-30T14:32:43.1663530Z ##[group]❌ loading /home/runner/work/appoint/appoint/test/widgets/login_screen_test.dart (failed after test completion)
build-and-test	Run flutter test --coverage	2025-07-30T14:32:43.1689570Z Error: the Dart compiler exited unexpectedly.
build-and-test	Run flutter test --coverage	2025-07-30T14:32:43.1690177Z package:flutter_tools/src/base/common.dart 10:3  throwToolExit
build-and-test	Run flutter test --coverage	2025-07-30T14:32:43.1690944Z package:flutter_tools/src/compile.dart 893:9     DefaultResidentCompiler._compile.<fn>
build-and-test	Run flutter test --coverage	2025-07-30T14:32:43.1691399Z dart:async/zone.dart 1422:47                     _rootRunUnary
build-and-test	Run flutter test --coverage	2025-07-30T14:32:43.1692070Z dart:async/future_impl.dart 902:45               Future._propagateToListeners.handleValueCallback
build-and-test	Run flutter test --coverage	2025-07-30T14:32:43.1692562Z dart:async/future_impl.dart 931:13               Future._propagateToListeners
build-and-test	Run flutter test --coverage	2025-07-30T14:32:43.1692988Z dart:async/future_impl.dart 827:9                Future._propagateToListeners
build-and-test	Run flutter test --coverage	2025-07-30T14:32:43.1693402Z dart:async/future_impl.dart 707:5                Future._completeWithValue
build-and-test	Run flutter test --coverage	2025-07-30T14:32:43.1693846Z dart:async/future_impl.dart 777:7                Future._asyncCompleteWithValue.<fn>
build-and-test	Run flutter test --coverage	2025-07-30T14:32:43.1694246Z dart:async/zone.dart 1414:13                     _rootRun
build-and-test	Run flutter test --coverage	2025-07-30T14:32:43.1694581Z dart:async/zone.dart 1317:19                     _CustomZone.run
build-and-test	Run flutter test --coverage	2025-07-30T14:32:43.1694954Z dart:async/zone.dart 1225:7                      _CustomZone.runGuarded
build-and-test	Run flutter test --coverage	2025-07-30T14:32:43.1695358Z dart:async/zone.dart 1265:23                     _CustomZone.bindCallbackGuarded.<fn>
build-and-test	Run flutter test --coverage	2025-07-30T14:32:43.1695762Z dart:async/schedule_microtask.dart 40:21         _microtaskLoop
build-and-test	Run flutter test --coverage	2025-07-30T14:32:43.1696146Z dart:async/schedule_microtask.dart 49:5          _startMicrotaskLoop
build-and-test	Run flutter test --coverage	2025-07-30T14:32:43.1696594Z dart:isolate-patch/isolate_patch.dart 118:13     _runPendingImmediateCallback
build-and-test	Run flutter test --coverage	2025-07-30T14:32:43.1697070Z dart:isolate-patch/isolate_patch.dart 185:5      _RawReceivePort._handleMessage
build-and-test	Run flutter test --coverage	2025-07-30T14:32:43.1697567Z ##[endgroup]
build-and-test	Run flutter test --coverage	2025-07-30T14:32:45.4253704Z test/firebase_test_helper.dart:11:48: Error: Type 'FirebaseAuth' not found.
build-and-test	Run flutter test --coverage	2025-07-30T14:32:45.4254604Z class MockFirebaseAuth extends Mock implements FirebaseAuth {}
build-and-test	Run flutter test --coverage	2025-07-30T14:32:45.4255159Z                                                ^^^^^^^^^^^^
build-and-test	Run flutter test --coverage	2025-07-30T14:32:45.4255606Z test/firebase_test_helper.dart:13:40: Error: Type 'User' not found.
build-and-test	Run flutter test --coverage	2025-07-30T14:32:45.4256030Z class MockUser extends Mock implements User {}
build-and-test	Run flutter test --coverage	2025-07-30T14:32:45.4256320Z                                        ^^^^
build-and-test	Run flutter test --coverage	2025-07-30T14:32:45.4256707Z test/firebase_test_helper.dart:15:50: Error: Type 'UserCredential' not found.
build-and-test	Run flutter test --coverage	2025-07-30T14:32:45.4257216Z class MockUserCredential extends Mock implements UserCredential {}
build-and-test	Run flutter test --coverage	2025-07-30T14:32:45.4257592Z                                                  ^^^^^^^^^^^^^^
build-and-test	Run flutter test --coverage	2025-07-30T14:32:45.5617097Z test/services/admin_service_test.dart:15:7: Error: Setter not found: 'service'.
build-and-test	Run flutter test --coverage	2025-07-30T14:32:45.5618067Z       service = TestServiceFactory.createAdminService();
build-and-test	Run flutter test --coverage	2025-07-30T14:32:45.5618658Z       ^^^^^^^
build-and-test	Run flutter test --coverage	2025-07-30T14:32:45.5619288Z test/services/admin_service_test.dart:16:14: Error: Undefined name 'service'.
build-and-test	Run flutter test --coverage	2025-07-30T14:32:45.5620123Z       expect(service, isA<AdminService>());
build-and-test	Run flutter test --coverage	2025-07-30T14:32:45.5620563Z              ^^^^^^^
build-and-test	Run flutter test --coverage	2025-07-30T14:32:45.5621086Z test/services/admin_service_test.dart:20:7: Error: Setter not found: 'service'.
build-and-test	Run flutter test --coverage	2025-07-30T14:32:45.5621881Z       service = TestServiceFactory.createAdminService();
build-and-test	Run flutter test --coverage	2025-07-30T14:32:45.5622325Z       ^^^^^^^
build-and-test	Run flutter test --coverage	2025-07-30T14:32:45.5622770Z test/services/admin_service_test.dart:21:14: Error: Undefined name 'service'.
build-and-test	Run flutter test --coverage	2025-07-30T14:32:45.5623423Z       expect(service.fetchAllUsers, isA<Function>());
build-and-test	Run flutter test --coverage	2025-07-30T14:32:45.5623868Z              ^^^^^^^
build-and-test	Run flutter test --coverage	2025-07-30T14:32:45.5625816Z test/services/admin_service_test.dart:25:7: Error: Setter not found: 'service'.
build-and-test	Run flutter test --coverage	2025-07-30T14:32:45.5626614Z       service = TestServiceFactory.createAdminService();
build-and-test	Run flutter test --coverage	2025-07-30T14:32:45.5627123Z       ^^^^^^^
build-and-test	Run flutter test --coverage	2025-07-30T14:32:45.5627667Z test/services/admin_service_test.dart:26:14: Error: Undefined name 'service'.
build-and-test	Run flutter test --coverage	2025-07-30T14:32:45.5628438Z       expect(service.fetchOrganizations, isA<Function>());
build-and-test	Run flutter test --coverage	2025-07-30T14:32:45.5629258Z              ^^^^^^^
build-and-test	Run flutter test --coverage	2025-07-30T14:32:45.5629819Z test/services/admin_service_test.dart:30:7: Error: Setter not found: 'service'.
build-and-test	Run flutter test --coverage	2025-07-30T14:32:45.5630594Z       service = TestServiceFactory.createAdminService();
build-and-test	Run flutter test --coverage	2025-07-30T14:32:45.5631155Z       ^^^^^^^
build-and-test	Run flutter test --coverage	2025-07-30T14:32:45.5631681Z test/services/admin_service_test.dart:31:14: Error: Undefined name 'service'.
build-and-test	Run flutter test --coverage	2025-07-30T14:32:45.5632182Z       expect(service.fetchAnalytics, isA<Function>());
build-and-test	Run flutter test --coverage	2025-07-30T14:32:45.5632494Z              ^^^^^^^
build-and-test	Run flutter test --coverage	2025-07-30T14:32:45.5632867Z test/services/admin_service_test.dart:35:7: Error: Setter not found: 'service'.
build-and-test	Run flutter test --coverage	2025-07-30T14:32:45.5633376Z       service = TestServiceFactory.createAdminService();
build-and-test	Run flutter test --coverage	2025-07-30T14:32:45.5633704Z       ^^^^^^^
build-and-test	Run flutter test --coverage	2025-07-30T14:32:45.5634045Z test/services/admin_service_test.dart:36:14: Error: Undefined name 'service'.
build-and-test	Run flutter test --coverage	2025-07-30T14:32:45.5634523Z       expect(service.updateUserRole, isA<Function>());
build-and-test	Run flutter test --coverage	2025-07-30T14:32:45.5634838Z              ^^^^^^^
build-and-test	Run flutter test --coverage	2025-07-30T14:32:45.5635200Z test/services/admin_service_test.dart:40:7: Error: Setter not found: 'service'.
build-and-test	Run flutter test --coverage	2025-07-30T14:32:45.5635683Z       service = TestServiceFactory.createAdminService();
build-and-test	Run flutter test --coverage	2025-07-30T14:32:45.5635940Z       ^^^^^^^
build-and-test	Run flutter test --coverage	2025-07-30T14:32:45.5636220Z test/services/admin_service_test.dart:41:14: Error: Undefined name 'service'.
build-and-test	Run flutter test --coverage	2025-07-30T14:32:45.5636587Z       expect(service.runtimeType, AdminService);
build-and-test	Run flutter test --coverage	2025-07-30T14:32:45.5636833Z              ^^^^^^^
build-and-test	Run flutter test --coverage	2025-07-30T14:32:45.5637120Z test/services/admin_service_test.dart:45:7: Error: Setter not found: 'service'.
build-and-test	Run flutter test --coverage	2025-07-30T14:32:45.5637516Z       service = TestServiceFactory.createAdminService();
build-and-test	Run flutter test --coverage	2025-07-30T14:32:45.5637781Z       ^^^^^^^
build-and-test	Run flutter test --coverage	2025-07-30T14:32:45.5638052Z test/services/admin_service_test.dart:46:14: Error: Undefined name 'service'.
build-and-test	Run flutter test --coverage	2025-07-30T14:32:45.5638414Z       expect(service, isA<AdminService>());
build-and-test	Run flutter test --coverage	2025-07-30T14:32:45.5638637Z              ^^^^^^^
build-and-test	Run flutter test --coverage	2025-07-30T14:32:45.5668196Z test/firebase_test_helper.dart:78:25: Error: The getter 'uid' isn't defined for the class 'MockUser'.
build-and-test	Run flutter test --coverage	2025-07-30T14:32:45.5669567Z  - 'MockUser' is from 'test/firebase_test_helper.dart'.
build-and-test	Run flutter test --coverage	2025-07-30T14:32:45.5672162Z Try correcting the name to the name of an existing getter, or defining a getter or field named 'uid'.
build-and-test	Run flutter test --coverage	2025-07-30T14:32:45.5673022Z     when(() => mockUser.uid).thenReturn('test-user-id');
build-and-test	Run flutter test --coverage	2025-07-30T14:32:45.5673584Z                         ^^^
build-and-test	Run flutter test --coverage	2025-07-30T14:32:45.5674281Z test/firebase_test_helper.dart:79:25: Error: The getter 'email' isn't defined for the class 'MockUser'.
build-and-test	Run flutter test --coverage	2025-07-30T14:32:45.5675212Z  - 'MockUser' is from 'test/firebase_test_helper.dart'.
build-and-test	Run flutter test --coverage	2025-07-30T14:32:45.5676037Z Try correcting the name to the name of an existing getter, or defining a getter or field named 'email'.
build-and-test	Run flutter test --coverage	2025-07-30T14:32:45.5676909Z     when(() => mockUser.email).thenReturn('test@example.com');
build-and-test	Run flutter test --coverage	2025-07-30T14:32:45.5677437Z                         ^^^^^
build-and-test	Run flutter test --coverage	2025-07-30T14:32:45.5678192Z test/firebase_test_helper.dart:80:25: Error: The getter 'displayName' isn't defined for the class 'MockUser'.
build-and-test	Run flutter test --coverage	2025-07-30T14:32:45.5679108Z  - 'MockUser' is from 'test/firebase_test_helper.dart'.
build-and-test	Run flutter test --coverage	2025-07-30T14:32:45.5679975Z Try correcting the name to the name of an existing getter, or defining a getter or field named 'displayName'.
build-and-test	Run flutter test --coverage	2025-07-30T14:32:45.5680888Z     when(() => mockUser.displayName).thenReturn('Test User');
build-and-test	Run flutter test --coverage	2025-07-30T14:32:45.5681430Z                         ^^^^^^^^^^^
build-and-test	Run flutter test --coverage	2025-07-30T14:32:45.5690846Z test/firebase_test_helper.dart:81:25: Error: The getter 'photoURL' isn't defined for the class 'MockUser'.
build-and-test	Run flutter test --coverage	2025-07-30T14:32:45.5692009Z  - 'MockUser' is from 'test/firebase_test_helper.dart'.
build-and-test	Run flutter test --coverage	2025-07-30T14:32:45.5692860Z Try correcting the name to the name of an existing getter, or defining a getter or field named 'photoURL'.
build-and-test	Run flutter test --coverage	2025-07-30T14:32:45.5693839Z     when(() => mockUser.photoURL).thenReturn('https://example.com/photo.jpg');
build-and-test	Run flutter test --coverage	2025-07-30T14:32:45.5694458Z                         ^^^^^^^^
build-and-test	Run flutter test --coverage	2025-07-30T14:32:45.5695205Z test/firebase_test_helper.dart:82:25: Error: The getter 'isAnonymous' isn't defined for the class 'MockUser'.
build-and-test	Run flutter test --coverage	2025-07-30T14:32:45.5696334Z  - 'MockUser' is from 'test/firebase_test_helper.dart'.
build-and-test	Run flutter test --coverage	2025-07-30T14:32:45.5697178Z Try correcting the name to the name of an existing getter, or defining a getter or field named 'isAnonymous'.
build-and-test	Run flutter test --coverage	2025-07-30T14:32:45.5698248Z     when(() => mockUser.isAnonymous).thenReturn(false);
build-and-test	Run flutter test --coverage	2025-07-30T14:32:45.5698719Z                         ^^^^^^^^^^^
build-and-test	Run flutter test --coverage	2025-07-30T14:32:45.5699488Z test/firebase_test_helper.dart:83:25: Error: The getter 'emailVerified' isn't defined for the class 'MockUser'.
build-and-test	Run flutter test --coverage	2025-07-30T14:32:45.5700389Z  - 'MockUser' is from 'test/firebase_test_helper.dart'.
build-and-test	Run flutter test --coverage	2025-07-30T14:32:45.5701202Z Try correcting the name to the name of an existing getter, or defining a getter or field named 'emailVerified'.
build-and-test	Run flutter test --coverage	2025-07-30T14:32:45.5701971Z     when(() => mockUser.emailVerified).thenReturn(true);
build-and-test	Run flutter test --coverage	2025-07-30T14:32:45.5702249Z                         ^^^^^^^^^^^^^
build-and-test	Run flutter test --coverage	2025-07-30T14:32:45.5702687Z test/firebase_test_helper.dart:86:35: Error: The getter 'user' isn't defined for the class 'MockUserCredential'.
build-and-test	Run flutter test --coverage	2025-07-30T14:32:45.5703227Z  - 'MockUserCredential' is from 'test/firebase_test_helper.dart'.
build-and-test	Run flutter test --coverage	2025-07-30T14:32:45.5703715Z Try correcting the name to the name of an existing getter, or defining a getter or field named 'user'.
build-and-test	Run flutter test --coverage	2025-07-30T14:32:45.5704174Z     when(() => mockUserCredential.user).thenReturn(mockUser);
build-and-test	Run flutter test --coverage	2025-07-30T14:32:45.5704454Z                                   ^^^^
build-and-test	Run flutter test --coverage	2025-07-30T14:32:45.5704902Z test/firebase_test_helper.dart:89:25: Error: The getter 'currentUser' isn't defined for the class 'MockFirebaseAuth'.
build-and-test	Run flutter test --coverage	2025-07-30T14:32:45.5705424Z  - 'MockFirebaseAuth' is from 'test/firebase_test_helper.dart'.
build-and-test	Run flutter test --coverage	2025-07-30T14:32:45.5705911Z Try correcting the name to the name of an existing getter, or defining a getter or field named 'currentUser'.
build-and-test	Run flutter test --coverage	2025-07-30T14:32:45.5706387Z     when(() => mockAuth.currentUser).thenReturn(mockUser);
build-and-test	Run flutter test --coverage	2025-07-30T14:32:45.5706652Z                         ^^^^^^^^^^^
build-and-test	Run flutter test --coverage	2025-07-30T14:32:45.5707108Z test/firebase_test_helper.dart:90:25: Error: The method 'authStateChanges' isn't defined for the class 'MockFirebaseAuth'.
build-and-test	Run flutter test --coverage	2025-07-30T14:32:45.5707641Z  - 'MockFirebaseAuth' is from 'test/firebase_test_helper.dart'.
build-and-test	Run flutter test --coverage	2025-07-30T14:32:45.5708115Z Try correcting the name to the name of an existing method, or defining a method named 'authStateChanges'.
build-and-test	Run flutter test --coverage	2025-07-30T14:32:45.5708543Z     when(() => mockAuth.authStateChanges())
build-and-test	Run flutter test --coverage	2025-07-30T14:32:45.5708789Z                         ^^^^^^^^^^^^^^^^
build-and-test	Run flutter test --coverage	2025-07-30T14:32:45.5709230Z test/firebase_test_helper.dart:92:25: Error: The method 'userChanges' isn't defined for the class 'MockFirebaseAuth'.
build-and-test	Run flutter test --coverage	2025-07-30T14:32:45.5709741Z  - 'MockFirebaseAuth' is from 'test/firebase_test_helper.dart'.
build-and-test	Run flutter test --coverage	2025-07-30T14:32:45.5710197Z Try correcting the name to the name of an existing method, or defining a method named 'userChanges'.
build-and-test	Run flutter test --coverage	2025-07-30T14:32:45.5710603Z     when(() => mockAuth.userChanges())
build-and-test	Run flutter test --coverage	2025-07-30T14:32:45.5710831Z                         ^^^^^^^^^^^
build-and-test	Run flutter test --coverage	2025-07-30T14:32:45.5711310Z test/firebase_test_helper.dart:94:25: Error: The method 'signInWithEmailAndPassword' isn't defined for the class 'MockFirebaseAuth'.
build-and-test	Run flutter test --coverage	2025-07-30T14:32:45.5712020Z  - 'MockFirebaseAuth' is from 'test/firebase_test_helper.dart'.
build-and-test	Run flutter test --coverage	2025-07-30T14:32:45.5712535Z Try correcting the name to the name of an existing method, or defining a method named 'signInWithEmailAndPassword'.
build-and-test	Run flutter test --coverage	2025-07-30T14:32:45.5713055Z     when(() => mockAuth.signInWithEmailAndPassword(any(), any()))
build-and-test	Run flutter test --coverage	2025-07-30T14:32:45.5713360Z                         ^^^^^^^^^^^^^^^^^^^^^^^^^^
build-and-test	Run flutter test --coverage	2025-07-30T14:32:45.5713885Z test/firebase_test_helper.dart:96:25: Error: The method 'createUserWithEmailAndPassword' isn't defined for the class 'MockFirebaseAuth'.
build-and-test	Run flutter test --coverage	2025-07-30T14:32:45.5714482Z  - 'MockFirebaseAuth' is from 'test/firebase_test_helper.dart'.
build-and-test	Run flutter test --coverage	2025-07-30T14:32:45.5715003Z Try correcting the name to the name of an existing method, or defining a method named 'createUserWithEmailAndPassword'.
build-and-test	Run flutter test --coverage	2025-07-30T14:32:45.5715533Z     when(() => mockAuth.createUserWithEmailAndPassword(any(), any()))
build-and-test	Run flutter test --coverage	2025-07-30T14:32:45.5716016Z                         ^^^^^^^^^^^^^^^^^^^^^^^^^^^^^^
build-and-test	Run flutter test --coverage	2025-07-30T14:32:45.5716452Z test/firebase_test_helper.dart:98:25: Error: The method 'signOut' isn't defined for the class 'MockFirebaseAuth'.
build-and-test	Run flutter test --coverage	2025-07-30T14:32:45.5717060Z  - 'MockFirebaseAuth' is from 'test/firebase_test_helper.dart'.
build-and-test	Run flutter test --coverage	2025-07-30T14:32:45.5717499Z Try correcting the name to the name of an existing method, or defining a method named 'signOut'.
build-and-test	Run flutter test --coverage	2025-07-30T14:32:45.5717927Z     when(() => mockAuth.signOut()).thenAnswer((_) async {});
build-and-test	Run flutter test --coverage	2025-07-30T14:32:45.5718202Z                         ^^^^^^^
build-and-test	Run flutter test --coverage	2025-07-30T14:32:45.5718883Z test/firebase_test_helper.dart:108:60: Error: The argument type 'MockCollectionReference' can't be assigned to the parameter type 'CollectionReference<Map<String, dynamic>>'.
build-and-test	Run flutter test --coverage	2025-07-30T14:32:45.5720303Z  - 'MockCollectionReference' is from 'test/firebase_test_helper.dart'.
build-and-test	Run flutter test --coverage	2025-07-30T14:32:45.5721760Z  - 'CollectionReference' is from 'package:cloud_firestore/cloud_firestore.dart' ('../../../.pub-cache/hosted/pub.dev/cloud_firestore-5.6.11/lib/cloud_firestore.dart').
build-and-test	Run flutter test --coverage	2025-07-30T14:32:45.5722914Z  - 'Map' is from 'dart:core'.
build-and-test	Run flutter test --coverage	2025-07-30T14:32:45.5723498Z     when(() => mockFirestore.collection(any())).thenReturn(mockCollection);
build-and-test	Run flutter test --coverage	2025-07-30T14:32:45.5724131Z                                                            ^
build-and-test	Run flutter test --coverage	2025-07-30T14:32:45.5725189Z test/firebase_test_helper.dart:132:52: Error: A value of type 'MockDocumentSnapshot' can't be assigned to a variable of type 'QueryDocumentSnapshot<Object?>'.
build-and-test	Run flutter test --coverage	2025-07-30T14:32:45.5726369Z  - 'MockDocumentSnapshot' is from 'test/firebase_test_helper.dart'.
build-and-test	Run flutter test --coverage	2025-07-30T14:32:45.5727704Z  - 'QueryDocumentSnapshot' is from 'package:cloud_firestore/cloud_firestore.dart' ('../../../.pub-cache/hosted/pub.dev/cloud_firestore-5.6.11/lib/cloud_firestore.dart').
build-and-test	Run flutter test --coverage	2025-07-30T14:32:45.5728753Z  - 'Object' is from 'dart:core'.
build-and-test	Run flutter test --coverage	2025-07-30T14:32:45.5729086Z     when(() => mockQuerySnapshot.docs).thenReturn([mockDocumentSnapshot]);
build-and-test	Run flutter test --coverage	2025-07-30T14:32:45.5729441Z                                                    ^
build-and-test	Run flutter test --coverage	2025-07-30T14:32:46.1186329Z ##[group]❌ loading /home/runner/work/appoint/appoint/test/services/admin_service_test.dart (failed)
build-and-test	Run flutter test --coverage	2025-07-30T14:32:46.1188983Z Failed to load "/home/runner/work/appoint/appoint/test/services/admin_service_test.dart": Compilation failed for testPath=/home/runner/work/appoint/appoint/test/services/admin_service_test.dart
build-and-test	Run flutter test --coverage	2025-07-30T14:32:46.1190176Z 
build-and-test	Run flutter test --coverage	2025-07-30T14:32:46.1190503Z ##[endgroup]
build-and-test	Run flutter test --coverage	2025-07-30T14:32:46.1509942Z ##[group]❌ loading /home/runner/work/appoint/appoint/test/widgets/login_screen_test.dart (failed after test completion)
build-and-test	Run flutter test --coverage	2025-07-30T14:32:46.1510561Z Error: the Dart compiler exited unexpectedly.
build-and-test	Run flutter test --coverage	2025-07-30T14:32:46.1512207Z package:flutter_tools/src/base/common.dart 10:3  throwToolExit
build-and-test	Run flutter test --coverage	2025-07-30T14:32:46.1512955Z package:flutter_tools/src/compile.dart 893:9     DefaultResidentCompiler._compile.<fn>
build-and-test	Run flutter test --coverage	2025-07-30T14:32:46.1513434Z dart:async/zone.dart 1422:47                     _rootRunUnary
build-and-test	Run flutter test --coverage	2025-07-30T14:32:46.1513908Z dart:async/future_impl.dart 902:45               Future._propagateToListeners.handleValueCallback
build-and-test	Run flutter test --coverage	2025-07-30T14:32:46.1514404Z dart:async/future_impl.dart 931:13               Future._propagateToListeners
build-and-test	Run flutter test --coverage	2025-07-30T14:32:46.1514837Z dart:async/future_impl.dart 827:9                Future._propagateToListeners
build-and-test	Run flutter test --coverage	2025-07-30T14:32:46.1515268Z dart:async/future_impl.dart 707:5                Future._completeWithValue
build-and-test	Run flutter test --coverage	2025-07-30T14:32:46.1515710Z dart:async/future_impl.dart 777:7                Future._asyncCompleteWithValue.<fn>
build-and-test	Run flutter test --coverage	2025-07-30T14:32:46.1516102Z dart:async/zone.dart 1414:13                     _rootRun
build-and-test	Run flutter test --coverage	2025-07-30T14:32:46.1516430Z dart:async/zone.dart 1317:19                     _CustomZone.run
build-and-test	Run flutter test --coverage	2025-07-30T14:32:46.1516804Z dart:async/zone.dart 1225:7                      _CustomZone.runGuarded
build-and-test	Run flutter test --coverage	2025-07-30T14:32:46.1517200Z dart:async/zone.dart 1265:23                     _CustomZone.bindCallbackGuarded.<fn>
build-and-test	Run flutter test --coverage	2025-07-30T14:32:46.1517610Z dart:async/schedule_microtask.dart 40:21         _microtaskLoop
build-and-test	Run flutter test --coverage	2025-07-30T14:32:46.1518273Z dart:async/schedule_microtask.dart 49:5          _startMicrotaskLoop
build-and-test	Run flutter test --coverage	2025-07-30T14:32:46.1518710Z dart:isolate-patch/isolate_patch.dart 118:13     _runPendingImmediateCallback
build-and-test	Run flutter test --coverage	2025-07-30T14:32:46.1519189Z dart:isolate-patch/isolate_patch.dart 185:5      _RawReceivePort._handleMessage
build-and-test	Run flutter test --coverage	2025-07-30T14:32:46.1519819Z ##[endgroup]
build-and-test	Run flutter test --coverage	2025-07-30T14:32:48.4276723Z test/firebase_test_helper.dart:11:48: Error: Type 'FirebaseAuth' not found.
build-and-test	Run flutter test --coverage	2025-07-30T14:32:48.4277585Z class MockFirebaseAuth extends Mock implements FirebaseAuth {}
build-and-test	Run flutter test --coverage	2025-07-30T14:32:48.4278154Z                                                ^^^^^^^^^^^^
build-and-test	Run flutter test --coverage	2025-07-30T14:32:48.4278741Z test/firebase_test_helper.dart:13:40: Error: Type 'User' not found.
build-and-test	Run flutter test --coverage	2025-07-30T14:32:48.4279362Z class MockUser extends Mock implements User {}
build-and-test	Run flutter test --coverage	2025-07-30T14:32:48.4279814Z                                        ^^^^
build-and-test	Run flutter test --coverage	2025-07-30T14:32:48.4280456Z test/firebase_test_helper.dart:15:50: Error: Type 'UserCredential' not found.
build-and-test	Run flutter test --coverage	2025-07-30T14:32:48.4281280Z class MockUserCredential extends Mock implements UserCredential {}
build-and-test	Run flutter test --coverage	2025-07-30T14:32:48.4282044Z                                                  ^^^^^^^^^^^^^^
build-and-test	Run flutter test --coverage	2025-07-30T14:32:48.5625499Z test/services/referral_service_test.dart:15:7: Error: Setter not found: 'service'.
build-and-test	Run flutter test --coverage	2025-07-30T14:32:48.5626340Z       service = TestServiceFactory.createReferralService();
build-and-test	Run flutter test --coverage	2025-07-30T14:32:48.5626833Z       ^^^^^^^
build-and-test	Run flutter test --coverage	2025-07-30T14:32:48.5627364Z test/services/referral_service_test.dart:16:14: Error: Undefined name 'service'.
build-and-test	Run flutter test --coverage	2025-07-30T14:32:48.5628050Z       expect(service, isA<ReferralService>());
build-and-test	Run flutter test --coverage	2025-07-30T14:32:48.5628466Z              ^^^^^^^
build-and-test	Run flutter test --coverage	2025-07-30T14:32:48.5629019Z test/services/referral_service_test.dart:20:7: Error: Setter not found: 'service'.
build-and-test	Run flutter test --coverage	2025-07-30T14:32:48.5629769Z       service = TestServiceFactory.createReferralService();
build-and-test	Run flutter test --coverage	2025-07-30T14:32:48.5630257Z       ^^^^^^^
build-and-test	Run flutter test --coverage	2025-07-30T14:32:48.5630774Z test/services/referral_service_test.dart:21:14: Error: Undefined name 'service'.
build-and-test	Run flutter test --coverage	2025-07-30T14:32:48.5631466Z       expect(service, isA<ReferralService>());
build-and-test	Run flutter test --coverage	2025-07-30T14:32:48.5632060Z              ^^^^^^^
build-and-test	Run flutter test --coverage	2025-07-30T14:32:48.5632602Z test/services/referral_service_test.dart:25:7: Error: Setter not found: 'service'.
build-and-test	Run flutter test --coverage	2025-07-30T14:32:48.5633361Z       service = TestServiceFactory.createReferralService();
build-and-test	Run flutter test --coverage	2025-07-30T14:32:48.5633851Z       ^^^^^^^
build-and-test	Run flutter test --coverage	2025-07-30T14:32:48.5634376Z test/services/referral_service_test.dart:26:14: Error: Undefined name 'service'.
build-and-test	Run flutter test --coverage	2025-07-30T14:32:48.5635050Z       expect(service, isA<ReferralService>());
build-and-test	Run flutter test --coverage	2025-07-30T14:32:48.5635460Z              ^^^^^^^
build-and-test	Run flutter test --coverage	2025-07-30T14:32:48.5636001Z test/services/referral_service_test.dart:30:7: Error: Setter not found: 'service'.
build-and-test	Run flutter test --coverage	2025-07-30T14:32:48.5636735Z       service = TestServiceFactory.createReferralService();
build-and-test	Run flutter test --coverage	2025-07-30T14:32:48.5637205Z       ^^^^^^^
build-and-test	Run flutter test --coverage	2025-07-30T14:32:48.5637699Z test/services/referral_service_test.dart:31:14: Error: Undefined name 'service'.
build-and-test	Run flutter test --coverage	2025-07-30T14:32:48.5638426Z       expect(service.generateReferralCode, isA<Function>());
build-and-test	Run flutter test --coverage	2025-07-30T14:32:48.5638907Z              ^^^^^^^
build-and-test	Run flutter test --coverage	2025-07-30T14:32:48.5639435Z test/services/referral_service_test.dart:35:7: Error: Setter not found: 'service'.
build-and-test	Run flutter test --coverage	2025-07-30T14:32:48.5640156Z       service = TestServiceFactory.createReferralService();
build-and-test	Run flutter test --coverage	2025-07-30T14:32:48.5640630Z       ^^^^^^^
build-and-test	Run flutter test --coverage	2025-07-30T14:32:48.5641070Z test/services/referral_service_test.dart:36:14: Error: Undefined name 'service'.
build-and-test	Run flutter test --coverage	2025-07-30T14:32:48.5641699Z       expect(service.REDACTED_TOKEN, isA<Function>());
build-and-test	Run flutter test --coverage	2025-07-30T14:32:48.5642062Z              ^^^^^^^
build-and-test	Run flutter test --coverage	2025-07-30T14:32:48.5649415Z test/firebase_test_helper.dart:78:25: Error: The getter 'uid' isn't defined for the class 'MockUser'.
build-and-test	Run flutter test --coverage	2025-07-30T14:32:48.5650296Z  - 'MockUser' is from 'test/firebase_test_helper.dart'.
build-and-test	Run flutter test --coverage	2025-07-30T14:32:48.5651123Z Try correcting the name to the name of an existing getter, or defining a getter or field named 'uid'.
build-and-test	Run flutter test --coverage	2025-07-30T14:32:48.5652154Z     when(() => mockUser.uid).thenReturn('test-user-id');
build-and-test	Run flutter test --coverage	2025-07-30T14:32:48.5652998Z                         ^^^
build-and-test	Run flutter test --coverage	2025-07-30T14:32:48.5653715Z test/firebase_test_helper.dart:79:25: Error: The getter 'email' isn't defined for the class 'MockUser'.
build-and-test	Run flutter test --coverage	2025-07-30T14:32:48.5654671Z  - 'MockUser' is from 'test/firebase_test_helper.dart'.
build-and-test	Run flutter test --coverage	2025-07-30T14:32:48.5655741Z Try correcting the name to the name of an existing getter, or defining a getter or field named 'email'.
build-and-test	Run flutter test --coverage	2025-07-30T14:32:48.5656622Z     when(() => mockUser.email).thenReturn('test@example.com');
build-and-test	Run flutter test --coverage	2025-07-30T14:32:48.5657142Z                         ^^^^^
build-and-test	Run flutter test --coverage	2025-07-30T14:32:48.5657876Z test/firebase_test_helper.dart:80:25: Error: The getter 'displayName' isn't defined for the class 'MockUser'.
build-and-test	Run flutter test --coverage	2025-07-30T14:32:48.5658766Z  - 'MockUser' is from 'test/firebase_test_helper.dart'.
build-and-test	Run flutter test --coverage	2025-07-30T14:32:48.5659635Z Try correcting the name to the name of an existing getter, or defining a getter or field named 'displayName'.
build-and-test	Run flutter test --coverage	2025-07-30T14:32:48.5660521Z     when(() => mockUser.displayName).thenReturn('Test User');
build-and-test	Run flutter test --coverage	2025-07-30T14:32:48.5661055Z                         ^^^^^^^^^^^
build-and-test	Run flutter test --coverage	2025-07-30T14:32:48.5663987Z test/firebase_test_helper.dart:81:25: Error: The getter 'photoURL' isn't defined for the class 'MockUser'.
build-and-test	Run flutter test --coverage	2025-07-30T14:32:48.5664906Z  - 'MockUser' is from 'test/firebase_test_helper.dart'.
build-and-test	Run flutter test --coverage	2025-07-30T14:32:48.5665756Z Try correcting the name to the name of an existing getter, or defining a getter or field named 'photoURL'.
build-and-test	Run flutter test --coverage	2025-07-30T14:32:48.5666781Z     when(() => mockUser.photoURL).thenReturn('https://example.com/photo.jpg');
build-and-test	Run flutter test --coverage	2025-07-30T14:32:48.5667429Z                         ^^^^^^^^
build-and-test	Run flutter test --coverage	2025-07-30T14:32:48.5668212Z test/firebase_test_helper.dart:82:25: Error: The getter 'isAnonymous' isn't defined for the class 'MockUser'.
build-and-test	Run flutter test --coverage	2025-07-30T14:32:48.5669160Z  - 'MockUser' is from 'test/firebase_test_helper.dart'.
build-and-test	Run flutter test --coverage	2025-07-30T14:32:48.5670042Z Try correcting the name to the name of an existing getter, or defining a getter or field named 'isAnonymous'.
build-and-test	Run flutter test --coverage	2025-07-30T14:32:48.5670889Z     when(() => mockUser.isAnonymous).thenReturn(false);
build-and-test	Run flutter test --coverage	2025-07-30T14:32:48.5671361Z                         ^^^^^^^^^^^
build-and-test	Run flutter test --coverage	2025-07-30T14:32:48.5672349Z test/firebase_test_helper.dart:83:25: Error: The getter 'emailVerified' isn't defined for the class 'MockUser'.
build-and-test	Run flutter test --coverage	2025-07-30T14:32:48.5673253Z  - 'MockUser' is from 'test/firebase_test_helper.dart'.
build-and-test	Run flutter test --coverage	2025-07-30T14:32:48.5674127Z Try correcting the name to the name of an existing getter, or defining a getter or field named 'emailVerified'.
build-and-test	Run flutter test --coverage	2025-07-30T14:32:48.5675040Z     when(() => mockUser.emailVerified).thenReturn(true);
build-and-test	Run flutter test --coverage	2025-07-30T14:32:48.5675526Z                         ^^^^^^^^^^^^^
build-and-test	Run flutter test --coverage	2025-07-30T14:32:48.5676282Z test/firebase_test_helper.dart:86:35: Error: The getter 'user' isn't defined for the class 'MockUserCredential'.
build-and-test	Run flutter test --coverage	2025-07-30T14:32:48.5677286Z  - 'MockUserCredential' is from 'test/firebase_test_helper.dart'.
build-and-test	Run flutter test --coverage	2025-07-30T14:32:48.5678205Z Try correcting the name to the name of an existing getter, or defining a getter or field named 'user'.
build-and-test	Run flutter test --coverage	2025-07-30T14:32:48.5679079Z     when(() => mockUserCredential.user).thenReturn(mockUser);
build-and-test	Run flutter test --coverage	2025-07-30T14:32:48.5679622Z                                   ^^^^
build-and-test	Run flutter test --coverage	2025-07-30T14:32:48.5680451Z test/firebase_test_helper.dart:89:25: Error: The getter 'currentUser' isn't defined for the class 'MockFirebaseAuth'.
build-and-test	Run flutter test --coverage	2025-07-30T14:32:48.5681371Z  - 'MockFirebaseAuth' is from 'test/firebase_test_helper.dart'.
build-and-test	Run flutter test --coverage	2025-07-30T14:32:48.5682412Z Try correcting the name to the name of an existing getter, or defining a getter or field named 'currentUser'.
build-and-test	Run flutter test --coverage	2025-07-30T14:32:48.5683265Z     when(() => mockAuth.currentUser).thenReturn(mockUser);
build-and-test	Run flutter test --coverage	2025-07-30T14:32:48.5683715Z                         ^^^^^^^^^^^
build-and-test	Run flutter test --coverage	2025-07-30T14:32:48.5684514Z test/firebase_test_helper.dart:90:25: Error: The method 'authStateChanges' isn't defined for the class 'MockFirebaseAuth'.
build-and-test	Run flutter test --coverage	2025-07-30T14:32:48.5685561Z  - 'MockFirebaseAuth' is from 'test/firebase_test_helper.dart'.
build-and-test	Run flutter test --coverage	2025-07-30T14:32:48.5686469Z Try correcting the name to the name of an existing method, or defining a method named 'authStateChanges'.
build-and-test	Run flutter test --coverage	2025-07-30T14:32:48.5687549Z     when(() => mockAuth.authStateChanges())
build-and-test	Run flutter test --coverage	2025-07-30T14:32:48.5688008Z                         ^^^^^^^^^^^^^^^^
build-and-test	Run flutter test --coverage	2025-07-30T14:32:48.5688849Z test/firebase_test_helper.dart:92:25: Error: The method 'userChanges' isn't defined for the class 'MockFirebaseAuth'.
build-and-test	Run flutter test --coverage	2025-07-30T14:32:48.5690119Z  - 'MockFirebaseAuth' is from 'test/firebase_test_helper.dart'.
build-and-test	Run flutter test --coverage	2025-07-30T14:32:48.5691041Z Try correcting the name to the name of an existing method, or defining a method named 'userChanges'.
build-and-test	Run flutter test --coverage	2025-07-30T14:32:48.5692215Z     when(() => mockAuth.userChanges())
build-and-test	Run flutter test --coverage	2025-07-30T14:32:48.5692666Z                         ^^^^^^^^^^^
build-and-test	Run flutter test --coverage	2025-07-30T14:32:48.5693599Z test/firebase_test_helper.dart:94:25: Error: The method 'signInWithEmailAndPassword' isn't defined for the class 'MockFirebaseAuth'.
build-and-test	Run flutter test --coverage	2025-07-30T14:32:48.5694714Z  - 'MockFirebaseAuth' is from 'test/firebase_test_helper.dart'.
build-and-test	Run flutter test --coverage	2025-07-30T14:32:48.5695688Z Try correcting the name to the name of an existing method, or defining a method named 'signInWithEmailAndPassword'.
build-and-test	Run flutter test --coverage	2025-07-30T14:32:48.5696641Z     when(() => mockAuth.signInWithEmailAndPassword(any(), any()))
build-and-test	Run flutter test --coverage	2025-07-30T14:32:48.5697188Z                         ^^^^^^^^^^^^^^^^^^^^^^^^^^
build-and-test	Run flutter test --coverage	2025-07-30T14:32:48.5698186Z test/firebase_test_helper.dart:96:25: Error: The method 'createUserWithEmailAndPassword' isn't defined for the class 'MockFirebaseAuth'.
build-and-test	Run flutter test --coverage	2025-07-30T14:32:48.5699350Z  - 'MockFirebaseAuth' is from 'test/firebase_test_helper.dart'.
build-and-test	Run flutter test --coverage	2025-07-30T14:32:48.5700368Z Try correcting the name to the name of an existing method, or defining a method named 'createUserWithEmailAndPassword'.
build-and-test	Run flutter test --coverage	2025-07-30T14:32:48.5701396Z     when(() => mockAuth.createUserWithEmailAndPassword(any(), any()))
build-and-test	Run flutter test --coverage	2025-07-30T14:32:48.5702214Z                         ^^^^^^^^^^^^^^^^^^^^^^^^^^^^^^
build-and-test	Run flutter test --coverage	2025-07-30T14:32:48.5703024Z test/firebase_test_helper.dart:98:25: Error: The method 'signOut' isn't defined for the class 'MockFirebaseAuth'.
build-and-test	Run flutter test --coverage	2025-07-30T14:32:48.5704002Z  - 'MockFirebaseAuth' is from 'test/firebase_test_helper.dart'.
build-and-test	Run flutter test --coverage	2025-07-30T14:32:48.5704858Z Try correcting the name to the name of an existing method, or defining a method named 'signOut'.
build-and-test	Run flutter test --coverage	2025-07-30T14:32:48.5705677Z     when(() => mockAuth.signOut()).thenAnswer((_) async {});
build-and-test	Run flutter test --coverage	2025-07-30T14:32:48.5706198Z                         ^^^^^^^
build-and-test	Run flutter test --coverage	2025-07-30T14:32:48.5707331Z test/firebase_test_helper.dart:108:60: Error: The argument type 'MockCollectionReference' can't be assigned to the parameter type 'CollectionReference<Map<String, dynamic>>'.
build-and-test	Run flutter test --coverage	2025-07-30T14:32:48.5708770Z  - 'MockCollectionReference' is from 'test/firebase_test_helper.dart'.
build-and-test	Run flutter test --coverage	2025-07-30T14:32:48.5710130Z  - 'CollectionReference' is from 'package:cloud_firestore/cloud_firestore.dart' ('../../../.pub-cache/hosted/pub.dev/cloud_firestore-5.6.11/lib/cloud_firestore.dart').
build-and-test	Run flutter test --coverage	2025-07-30T14:32:48.5711330Z  - 'Map' is from 'dart:core'.
build-and-test	Run flutter test --coverage	2025-07-30T14:32:48.5712118Z     when(() => mockFirestore.collection(any())).thenReturn(mockCollection);
build-and-test	Run flutter test --coverage	2025-07-30T14:32:48.5712744Z                                                            ^
build-and-test	Run flutter test --coverage	2025-07-30T14:32:48.5713855Z test/firebase_test_helper.dart:132:52: Error: A value of type 'MockDocumentSnapshot' can't be assigned to a variable of type 'QueryDocumentSnapshot<Object?>'.
build-and-test	Run flutter test --coverage	2025-07-30T14:32:48.5715114Z  - 'MockDocumentSnapshot' is from 'test/firebase_test_helper.dart'.
build-and-test	Run flutter test --coverage	2025-07-30T14:32:48.5716488Z  - 'QueryDocumentSnapshot' is from 'package:cloud_firestore/cloud_firestore.dart' ('../../../.pub-cache/hosted/pub.dev/cloud_firestore-5.6.11/lib/cloud_firestore.dart').
build-and-test	Run flutter test --coverage	2025-07-30T14:32:48.5717693Z  - 'Object' is from 'dart:core'.
build-and-test	Run flutter test --coverage	2025-07-30T14:32:48.5718283Z     when(() => mockQuerySnapshot.docs).thenReturn([mockDocumentSnapshot]);
build-and-test	Run flutter test --coverage	2025-07-30T14:32:48.5718915Z                                                    ^
build-and-test	Run flutter test --coverage	2025-07-30T14:32:49.1267992Z ##[group]❌ loading /home/runner/work/appoint/appoint/test/services/referral_service_test.dart (failed)
build-and-test	Run flutter test --coverage	2025-07-30T14:32:49.1269754Z Failed to load "/home/runner/work/appoint/appoint/test/services/referral_service_test.dart": Compilation failed for testPath=/home/runner/work/appoint/appoint/test/services/referral_service_test.dart
build-and-test	Run flutter test --coverage	2025-07-30T14:32:49.1271286Z 
build-and-test	Run flutter test --coverage	2025-07-30T14:32:49.1271813Z ##[endgroup]
build-and-test	Run flutter test --coverage	2025-07-30T14:32:49.1567814Z ##[group]❌ loading /home/runner/work/appoint/appoint/test/widgets/login_screen_test.dart (failed after test completion)
build-and-test	Run flutter test --coverage	2025-07-30T14:32:49.1569273Z Error: the Dart compiler exited unexpectedly.
build-and-test	Run flutter test --coverage	2025-07-30T14:32:49.1570602Z package:flutter_tools/src/base/common.dart 10:3  throwToolExit
build-and-test	Run flutter test --coverage	2025-07-30T14:32:49.1571405Z package:flutter_tools/src/compile.dart 893:9     DefaultResidentCompiler._compile.<fn>
build-and-test	Run flutter test --coverage	2025-07-30T14:32:49.1572386Z dart:async/zone.dart 1422:47                     _rootRunUnary
build-and-test	Run flutter test --coverage	2025-07-30T14:32:49.1573164Z dart:async/future_impl.dart 902:45               Future._propagateToListeners.handleValueCallback
build-and-test	Run flutter test --coverage	2025-07-30T14:32:49.1574078Z dart:async/future_impl.dart 931:13               Future._propagateToListeners
build-and-test	Run flutter test --coverage	2025-07-30T14:32:49.1574881Z dart:async/future_impl.dart 827:9                Future._propagateToListeners
build-and-test	Run flutter test --coverage	2025-07-30T14:32:49.1575655Z dart:async/future_impl.dart 707:5                Future._completeWithValue
build-and-test	Run flutter test --coverage	2025-07-30T14:32:49.1576682Z dart:async/future_impl.dart 777:7                Future._asyncCompleteWithValue.<fn>
build-and-test	Run flutter test --coverage	2025-07-30T14:32:49.1577445Z dart:async/zone.dart 1414:13                     _rootRun
build-and-test	Run flutter test --coverage	2025-07-30T14:32:49.1578039Z dart:async/zone.dart 1317:19                     _CustomZone.run
build-and-test	Run flutter test --coverage	2025-07-30T14:32:49.1578695Z dart:async/zone.dart 1225:7                      _CustomZone.runGuarded
build-and-test	Run flutter test --coverage	2025-07-30T14:32:49.1579413Z dart:async/zone.dart 1265:23                     _CustomZone.bindCallbackGuarded.<fn>
build-and-test	Run flutter test --coverage	2025-07-30T14:32:49.1580138Z dart:async/schedule_microtask.dart 40:21         _microtaskLoop
build-and-test	Run flutter test --coverage	2025-07-30T14:32:49.1580829Z dart:async/schedule_microtask.dart 49:5          _startMicrotaskLoop
build-and-test	Run flutter test --coverage	2025-07-30T14:32:49.1582034Z dart:isolate-patch/isolate_patch.dart 118:13     _runPendingImmediateCallback
build-and-test	Run flutter test --coverage	2025-07-30T14:32:49.1582936Z dart:isolate-patch/isolate_patch.dart 185:5      _RawReceivePort._handleMessage
build-and-test	Run flutter test --coverage	2025-07-30T14:32:49.1583814Z ##[endgroup]
build-and-test	Run flutter test --coverage	2025-07-30T14:32:51.4260337Z test/firebase_test_helper.dart:11:48: Error: Type 'FirebaseAuth' not found.
build-and-test	Run flutter test --coverage	2025-07-30T14:32:51.4261418Z class MockFirebaseAuth extends Mock implements FirebaseAuth {}
build-and-test	Run flutter test --coverage	2025-07-30T14:32:51.4262301Z                                                ^^^^^^^^^^^^
build-and-test	Run flutter test --coverage	2025-07-30T14:32:51.4262761Z test/firebase_test_helper.dart:13:40: Error: Type 'User' not found.
build-and-test	Run flutter test --coverage	2025-07-30T14:32:51.4263224Z class MockUser extends Mock implements User {}
build-and-test	Run flutter test --coverage	2025-07-30T14:32:51.4263554Z                                        ^^^^
build-and-test	Run flutter test --coverage	2025-07-30T14:32:51.4263983Z test/firebase_test_helper.dart:15:50: Error: Type 'UserCredential' not found.
build-and-test	Run flutter test --coverage	2025-07-30T14:32:51.4264537Z class MockUserCredential extends Mock implements UserCredential {}
build-and-test	Run flutter test --coverage	2025-07-30T14:32:51.4264947Z                                                  ^^^^^^^^^^^^^^
build-and-test	Run flutter test --coverage	2025-07-30T14:32:51.5996120Z test/ambassador_dashboard_test.dart:470:30: Error: Property 'stats' cannot be accessed on 'AmbassadorData?' because it is potentially null.
build-and-test	Run flutter test --coverage	2025-07-30T14:32:51.5997836Z  - 'AmbassadorData' is from 'package:appoint/models/ambassador_stats.dart' ('lib/models/ambassador_stats.dart').
build-and-test	Run flutter test --coverage	2025-07-30T14:32:51.5998696Z Try accessing using ?. instead.
build-and-test	Run flutter test --coverage	2025-07-30T14:32:51.5999142Z           expect(state.value.stats, equals(mockStats));
build-and-test	Run flutter test --coverage	2025-07-30T14:32:51.5999605Z                              ^^^^^
build-and-test	Run flutter test --coverage	2025-07-30T14:32:51.6199081Z test/firebase_test_helper.dart:78:25: Error: The getter 'uid' isn't defined for the class 'MockUser'.
build-and-test	Run flutter test --coverage	2025-07-30T14:32:51.6200174Z  - 'MockUser' is from 'test/firebase_test_helper.dart'.
build-and-test	Run flutter test --coverage	2025-07-30T14:32:51.6201148Z Try correcting the name to the name of an existing getter, or defining a getter or field named 'uid'.
build-and-test	Run flutter test --coverage	2025-07-30T14:32:51.6202234Z     when(() => mockUser.uid).thenReturn('test-user-id');
build-and-test	Run flutter test --coverage	2025-07-30T14:32:51.6202751Z                         ^^^
build-and-test	Run flutter test --coverage	2025-07-30T14:32:51.6203476Z test/firebase_test_helper.dart:79:25: Error: The getter 'email' isn't defined for the class 'MockUser'.
build-and-test	Run flutter test --coverage	2025-07-30T14:32:51.6204337Z  - 'MockUser' is from 'test/firebase_test_helper.dart'.
build-and-test	Run flutter test --coverage	2025-07-30T14:32:51.6205542Z Try correcting the name to the name of an existing getter, or defining a getter or field named 'email'.
build-and-test	Run flutter test --coverage	2025-07-30T14:32:51.6206431Z     when(() => mockUser.email).thenReturn('test@example.com');
build-and-test	Run flutter test --coverage	2025-07-30T14:32:51.6206956Z                         ^^^^^
build-and-test	Run flutter test --coverage	2025-07-30T14:32:51.6207907Z test/firebase_test_helper.dart:80:25: Error: The getter 'displayName' isn't defined for the class 'MockUser'.
build-and-test	Run flutter test --coverage	2025-07-30T14:32:51.6208440Z  - 'MockUser' is from 'test/firebase_test_helper.dart'.
build-and-test	Run flutter test --coverage	2025-07-30T14:32:51.6208942Z Try correcting the name to the name of an existing getter, or defining a getter or field named 'displayName'.
build-and-test	Run flutter test --coverage	2025-07-30T14:32:51.6209454Z     when(() => mockUser.displayName).thenReturn('Test User');
build-and-test	Run flutter test --coverage	2025-07-30T14:32:51.6209744Z                         ^^^^^^^^^^^
build-and-test	Run flutter test --coverage	2025-07-30T14:32:51.6210206Z test/firebase_test_helper.dart:81:25: Error: The getter 'photoURL' isn't defined for the class 'MockUser'.
build-and-test	Run flutter test --coverage	2025-07-30T14:32:51.6210700Z  - 'MockUser' is from 'test/firebase_test_helper.dart'.
build-and-test	Run flutter test --coverage	2025-07-30T14:32:51.6219527Z Try correcting the name to the name of an existing getter, or defining a getter or field named 'photoURL'.
build-and-test	Run flutter test --coverage	2025-07-30T14:32:51.6220544Z     when(() => mockUser.photoURL).thenReturn('https://example.com/photo.jpg');
build-and-test	Run flutter test --coverage	2025-07-30T14:32:51.6221181Z                         ^^^^^^^^
build-and-test	Run flutter test --coverage	2025-07-30T14:32:51.6222138Z test/firebase_test_helper.dart:82:25: Error: The getter 'isAnonymous' isn't defined for the class 'MockUser'.
build-and-test	Run flutter test --coverage	2025-07-30T14:32:51.6223030Z  - 'MockUser' is from 'test/firebase_test_helper.dart'.
build-and-test	Run flutter test --coverage	2025-07-30T14:32:51.6223900Z Try correcting the name to the name of an existing getter, or defining a getter or field named 'isAnonymous'.
build-and-test	Run flutter test --coverage	2025-07-30T14:32:51.6224711Z     when(() => mockUser.isAnonymous).thenReturn(false);
build-and-test	Run flutter test --coverage	2025-07-30T14:32:51.6225176Z                         ^^^^^^^^^^^
build-and-test	Run flutter test --coverage	2025-07-30T14:32:51.6225911Z test/firebase_test_helper.dart:83:25: Error: The getter 'emailVerified' isn't defined for the class 'MockUser'.
build-and-test	Run flutter test --coverage	2025-07-30T14:32:51.6226755Z  - 'MockUser' is from 'test/firebase_test_helper.dart'.
build-and-test	Run flutter test --coverage	2025-07-30T14:32:51.6227580Z Try correcting the name to the name of an existing getter, or defining a getter or field named 'emailVerified'.
build-and-test	Run flutter test --coverage	2025-07-30T14:32:51.6228398Z     when(() => mockUser.emailVerified).thenReturn(true);
build-and-test	Run flutter test --coverage	2025-07-30T14:32:51.6228702Z                         ^^^^^^^^^^^^^
build-and-test	Run flutter test --coverage	2025-07-30T14:32:51.6229133Z test/firebase_test_helper.dart:86:35: Error: The getter 'user' isn't defined for the class 'MockUserCredential'.
build-and-test	Run flutter test --coverage	2025-07-30T14:32:51.6229654Z  - 'MockUserCredential' is from 'test/firebase_test_helper.dart'.
build-and-test	Run flutter test --coverage	2025-07-30T14:32:51.6230153Z Try correcting the name to the name of an existing getter, or defining a getter or field named 'user'.
build-and-test	Run flutter test --coverage	2025-07-30T14:32:51.6230615Z     when(() => mockUserCredential.user).thenReturn(mockUser);
build-and-test	Run flutter test --coverage	2025-07-30T14:32:51.6230902Z                                   ^^^^
build-and-test	Run flutter test --coverage	2025-07-30T14:32:51.6231362Z test/firebase_test_helper.dart:89:25: Error: The getter 'currentUser' isn't defined for the class 'MockFirebaseAuth'.
build-and-test	Run flutter test --coverage	2025-07-30T14:32:51.6232166Z  - 'MockFirebaseAuth' is from 'test/firebase_test_helper.dart'.
build-and-test	Run flutter test --coverage	2025-07-30T14:32:51.6232667Z Try correcting the name to the name of an existing getter, or defining a getter or field named 'currentUser'.
build-and-test	Run flutter test --coverage	2025-07-30T14:32:51.6233127Z     when(() => mockAuth.currentUser).thenReturn(mockUser);
build-and-test	Run flutter test --coverage	2025-07-30T14:32:51.6233408Z                         ^^^^^^^^^^^
build-and-test	Run flutter test --coverage	2025-07-30T14:32:51.6233858Z test/firebase_test_helper.dart:90:25: Error: The method 'authStateChanges' isn't defined for the class 'MockFirebaseAuth'.
build-and-test	Run flutter test --coverage	2025-07-30T14:32:51.6234403Z  - 'MockFirebaseAuth' is from 'test/firebase_test_helper.dart'.
build-and-test	Run flutter test --coverage	2025-07-30T14:32:51.6234882Z Try correcting the name to the name of an existing method, or defining a method named 'authStateChanges'.
build-and-test	Run flutter test --coverage	2025-07-30T14:32:51.6235317Z     when(() => mockAuth.authStateChanges())
build-and-test	Run flutter test --coverage	2025-07-30T14:32:51.6235562Z                         ^^^^^^^^^^^^^^^^
build-and-test	Run flutter test --coverage	2025-07-30T14:32:51.6236000Z test/firebase_test_helper.dart:92:25: Error: The method 'userChanges' isn't defined for the class 'MockFirebaseAuth'.
build-and-test	Run flutter test --coverage	2025-07-30T14:32:51.6236722Z  - 'MockFirebaseAuth' is from 'test/firebase_test_helper.dart'.
build-and-test	Run flutter test --coverage	2025-07-30T14:32:51.6237177Z Try correcting the name to the name of an existing method, or defining a method named 'userChanges'.
build-and-test	Run flutter test --coverage	2025-07-30T14:32:51.6237587Z     when(() => mockAuth.userChanges())
build-and-test	Run flutter test --coverage	2025-07-30T14:32:51.6237936Z                         ^^^^^^^^^^^
build-and-test	Run flutter test --coverage	2025-07-30T14:32:51.6238423Z test/firebase_test_helper.dart:94:25: Error: The method 'signInWithEmailAndPassword' isn't defined for the class 'MockFirebaseAuth'.
build-and-test	Run flutter test --coverage	2025-07-30T14:32:51.6239007Z  - 'MockFirebaseAuth' is from 'test/firebase_test_helper.dart'.
build-and-test	Run flutter test --coverage	2025-07-30T14:32:51.6239510Z Try correcting the name to the name of an existing method, or defining a method named 'signInWithEmailAndPassword'.
build-and-test	Run flutter test --coverage	2025-07-30T14:32:51.6240022Z     when(() => mockAuth.signInWithEmailAndPassword(any(), any()))
build-and-test	Run flutter test --coverage	2025-07-30T14:32:51.6240324Z                         ^^^^^^^^^^^^^^^^^^^^^^^^^^
build-and-test	Run flutter test --coverage	2025-07-30T14:32:51.6240853Z test/firebase_test_helper.dart:96:25: Error: The method 'createUserWithEmailAndPassword' isn't defined for the class 'MockFirebaseAuth'.
build-and-test	Run flutter test --coverage	2025-07-30T14:32:51.6241453Z  - 'MockFirebaseAuth' is from 'test/firebase_test_helper.dart'.
build-and-test	Run flutter test --coverage	2025-07-30T14:32:51.6242087Z Try correcting the name to the name of an existing method, or defining a method named 'createUserWithEmailAndPassword'.
build-and-test	Run flutter test --coverage	2025-07-30T14:32:51.6242634Z     when(() => mockAuth.createUserWithEmailAndPassword(any(), any()))
build-and-test	Run flutter test --coverage	2025-07-30T14:32:51.6242947Z                         ^^^^^^^^^^^^^^^^^^^^^^^^^^^^^^
build-and-test	Run flutter test --coverage	2025-07-30T14:32:51.6243428Z test/firebase_test_helper.dart:98:25: Error: The method 'signOut' isn't defined for the class 'MockFirebaseAuth'.
build-and-test	Run flutter test --coverage	2025-07-30T14:32:51.6243925Z  - 'MockFirebaseAuth' is from 'test/firebase_test_helper.dart'.
build-and-test	Run flutter test --coverage	2025-07-30T14:32:51.6244372Z Try correcting the name to the name of an existing method, or defining a method named 'signOut'.
build-and-test	Run flutter test --coverage	2025-07-30T14:32:51.6244804Z     when(() => mockAuth.signOut()).thenAnswer((_) async {});
build-and-test	Run flutter test --coverage	2025-07-30T14:32:51.6245068Z                         ^^^^^^^
build-and-test	Run flutter test --coverage	2025-07-30T14:32:51.6245670Z test/firebase_test_helper.dart:108:60: Error: The argument type 'MockCollectionReference' can't be assigned to the parameter type 'CollectionReference<Map<String, dynamic>>'.
build-and-test	Run flutter test --coverage	2025-07-30T14:32:51.6246389Z  - 'MockCollectionReference' is from 'test/firebase_test_helper.dart'.
build-and-test	Run flutter test --coverage	2025-07-30T14:32:51.6247101Z  - 'CollectionReference' is from 'package:cloud_firestore/cloud_firestore.dart' ('../../../.pub-cache/hosted/pub.dev/cloud_firestore-5.6.11/lib/cloud_firestore.dart').
build-and-test	Run flutter test --coverage	2025-07-30T14:32:51.6247712Z  - 'Map' is from 'dart:core'.
build-and-test	Run flutter test --coverage	2025-07-30T14:32:51.6248022Z     when(() => mockFirestore.collection(any())).thenReturn(mockCollection);
build-and-test	Run flutter test --coverage	2025-07-30T14:32:51.6248360Z                                                            ^
build-and-test	Run flutter test --coverage	2025-07-30T14:32:51.6248934Z test/firebase_test_helper.dart:132:52: Error: A value of type 'MockDocumentSnapshot' can't be assigned to a variable of type 'QueryDocumentSnapshot<Object?>'.
build-and-test	Run flutter test --coverage	2025-07-30T14:32:51.6249595Z  - 'MockDocumentSnapshot' is from 'test/firebase_test_helper.dart'.
build-and-test	Run flutter test --coverage	2025-07-30T14:32:51.6250307Z  - 'QueryDocumentSnapshot' is from 'package:cloud_firestore/cloud_firestore.dart' ('../../../.pub-cache/hosted/pub.dev/cloud_firestore-5.6.11/lib/cloud_firestore.dart').
build-and-test	Run flutter test --coverage	2025-07-30T14:32:51.6250920Z  - 'Object' is from 'dart:core'.
build-and-test	Run flutter test --coverage	2025-07-30T14:32:51.6251245Z     when(() => mockQuerySnapshot.docs).thenReturn([mockDocumentSnapshot]);
build-and-test	Run flutter test --coverage	2025-07-30T14:32:51.6251684Z                                                    ^
build-and-test	Run flutter test --coverage	2025-07-30T14:32:52.2656402Z ##[group]❌ loading /home/runner/work/appoint/appoint/test/ambassador_dashboard_test.dart (failed)
build-and-test	Run flutter test --coverage	2025-07-30T14:32:52.2658187Z Failed to load "/home/runner/work/appoint/appoint/test/ambassador_dashboard_test.dart": Compilation failed for testPath=/home/runner/work/appoint/appoint/test/ambassador_dashboard_test.dart
build-and-test	Run flutter test --coverage	2025-07-30T14:32:52.2659000Z 
build-and-test	Run flutter test --coverage	2025-07-30T14:32:52.2659227Z ##[endgroup]
build-and-test	Run flutter test --coverage	2025-07-30T14:32:52.2995452Z ##[group]❌ loading /home/runner/work/appoint/appoint/test/widgets/login_screen_test.dart (failed after test completion)
build-and-test	Run flutter test --coverage	2025-07-30T14:32:52.2996491Z Error: the Dart compiler exited unexpectedly.
build-and-test	Run flutter test --coverage	2025-07-30T14:32:52.2997667Z package:flutter_tools/src/base/common.dart 10:3  throwToolExit
build-and-test	Run flutter test --coverage	2025-07-30T14:32:52.2998278Z package:flutter_tools/src/compile.dart 893:9     DefaultResidentCompiler._compile.<fn>
build-and-test	Run flutter test --coverage	2025-07-30T14:32:52.2998993Z dart:async/zone.dart 1422:47                     _rootRunUnary
build-and-test	Run flutter test --coverage	2025-07-30T14:32:52.2999727Z dart:async/future_impl.dart 902:45               Future._propagateToListeners.handleValueCallback
build-and-test	Run flutter test --coverage	2025-07-30T14:32:52.3000558Z dart:async/future_impl.dart 931:13               Future._propagateToListeners
build-and-test	Run flutter test --coverage	2025-07-30T14:32:52.3001352Z dart:async/future_impl.dart 827:9                Future._propagateToListeners
build-and-test	Run flutter test --coverage	2025-07-30T14:32:52.3002495Z dart:async/future_impl.dart 707:5                Future._completeWithValue
build-and-test	Run flutter test --coverage	2025-07-30T14:32:52.3003062Z dart:async/future_impl.dart 777:7                Future._asyncCompleteWithValue.<fn>
build-and-test	Run flutter test --coverage	2025-07-30T14:32:52.3003544Z dart:async/zone.dart 1414:13                     _rootRun
build-and-test	Run flutter test --coverage	2025-07-30T14:32:52.3003958Z dart:async/zone.dart 1317:19                     _CustomZone.run
build-and-test	Run flutter test --coverage	2025-07-30T14:32:52.3004411Z dart:async/zone.dart 1225:7                      _CustomZone.runGuarded
build-and-test	Run flutter test --coverage	2025-07-30T14:32:52.3004915Z dart:async/zone.dart 1265:23                     _CustomZone.bindCallbackGuarded.<fn>
build-and-test	Run flutter test --coverage	2025-07-30T14:32:52.3005428Z dart:async/schedule_microtask.dart 40:21         _microtaskLoop
build-and-test	Run flutter test --coverage	2025-07-30T14:32:52.3005908Z dart:async/schedule_microtask.dart 49:5          _startMicrotaskLoop
build-and-test	Run flutter test --coverage	2025-07-30T14:32:52.3006409Z dart:isolate-patch/isolate_patch.dart 118:13     _runPendingImmediateCallback
build-and-test	Run flutter test --coverage	2025-07-30T14:32:52.3006894Z dart:isolate-patch/isolate_patch.dart 185:5      _RawReceivePort._handleMessage
build-and-test	Run flutter test --coverage	2025-07-30T14:32:52.3007399Z ##[endgroup]
build-and-test	Run flutter test --coverage	2025-07-30T14:32:54.5422715Z test/firebase_test_helper.dart:11:48: Error: Type 'FirebaseAuth' not found.
build-and-test	Run flutter test --coverage	2025-07-30T14:32:54.5423572Z class MockFirebaseAuth extends Mock implements FirebaseAuth {}
build-and-test	Run flutter test --coverage	2025-07-30T14:32:54.5424126Z                                                ^^^^^^^^^^^^
build-and-test	Run flutter test --coverage	2025-07-30T14:32:54.5424720Z test/firebase_test_helper.dart:13:40: Error: Type 'User' not found.
build-and-test	Run flutter test --coverage	2025-07-30T14:32:54.5425321Z class MockUser extends Mock implements User {}
build-and-test	Run flutter test --coverage	2025-07-30T14:32:54.5425761Z                                        ^^^^
build-and-test	Run flutter test --coverage	2025-07-30T14:32:54.5426401Z test/firebase_test_helper.dart:15:50: Error: Type 'UserCredential' not found.
build-and-test	Run flutter test --coverage	2025-07-30T14:32:54.5426868Z class MockUserCredential extends Mock implements UserCredential {}
build-and-test	Run flutter test --coverage	2025-07-30T14:32:54.5427224Z                                                  ^^^^^^^^^^^^^^
build-and-test	Run flutter test --coverage	2025-07-30T14:32:54.6658487Z test/otp_flow_test.dart:129:33: Error: The method 'verifyOTP' isn't defined for the class 'MockPhoneAuthCredential'.
build-and-test	Run flutter test --coverage	2025-07-30T14:32:54.6659555Z  - 'MockPhoneAuthCredential' is from 'test/otp_flow_test.dart'.
build-and-test	Run flutter test --coverage	2025-07-30T14:32:54.6660419Z Try correcting the name to the name of an existing method, or defining a method named 'verifyOTP'.
build-and-test	Run flutter test --coverage	2025-07-30T14:32:54.6661177Z       when(() => mockCredential.verifyOTP(otpCode))
build-and-test	Run flutter test --coverage	2025-07-30T14:32:54.6661838Z                                 ^^^^^^^^^
build-and-test	Run flutter test --coverage	2025-07-30T14:32:54.6662903Z test/otp_flow_test.dart:156:28: Error: The argument type 'void Function(UserCredential)' can't be assigned to the parameter type 'void Function(PhoneAuthCredential)'.
build-and-test	Run flutter test --coverage	2025-07-30T14:32:54.6664567Z  - 'UserCredential' is from 'package:firebase_auth/firebase_auth.dart' ('../../../.pub-cache/hosted/pub.dev/firebase_auth-5.6.2/lib/firebase_auth.dart').
build-and-test	Run flutter test --coverage	2025-07-30T14:32:54.6666596Z  - 'PhoneAuthCredential' is from 'package:REDACTED_TOKEN/src/providers/phone_auth.dart' ('../../../.pub-cache/hosted/pub.dev/REDACTED_TOKEN.7.2/lib/src/providers/phone_auth.dart').
build-and-test	Run flutter test --coverage	2025-07-30T14:32:54.6668110Z     verificationCompleted: (UserCredential credential) {
build-and-test	Run flutter test --coverage	2025-07-30T14:32:54.6668608Z                            ^
build-and-test	Run flutter test --coverage	2025-07-30T14:32:54.6669094Z test/otp_flow_test.dart:173:20: Error: The method 'verifyOTP' isn't defined for the class 'PhoneAuthCredential'.
build-and-test	Run flutter test --coverage	2025-07-30T14:32:54.6670213Z  - 'PhoneAuthCredential' is from 'package:REDACTED_TOKEN/src/providers/phone_auth.dart' ('../../../.pub-cache/hosted/pub.dev/REDACTED_TOKEN.7.2/lib/src/providers/phone_auth.dart').
build-and-test	Run flutter test --coverage	2025-07-30T14:32:54.6672358Z Try correcting the name to the name of an existing method, or defining a method named 'verifyOTP'.
build-and-test	Run flutter test --coverage	2025-07-30T14:32:54.6673418Z   await credential.verifyOTP(otpCode);
build-and-test	Run flutter test --coverage	2025-07-30T14:32:54.6673844Z                    ^^^^^^^^^
build-and-test	Run flutter test --coverage	2025-07-30T14:32:54.6674256Z test/firebase_test_helper.dart:78:25: Error: The getter 'uid' isn't defined for the class 'MockUser'.
build-and-test	Run flutter test --coverage	2025-07-30T14:32:54.6674729Z  - 'MockUser' is from 'test/firebase_test_helper.dart'.
build-and-test	Run flutter test --coverage	2025-07-30T14:32:54.6675188Z Try correcting the name to the name of an existing getter, or defining a getter or field named 'uid'.
build-and-test	Run flutter test --coverage	2025-07-30T14:32:54.6675624Z     when(() => mockUser.uid).thenReturn('test-user-id');
build-and-test	Run flutter test --coverage	2025-07-30T14:32:54.6675891Z                         ^^^
build-and-test	Run flutter test --coverage	2025-07-30T14:32:54.6679092Z test/firebase_test_helper.dart:79:25: Error: The getter 'email' isn't defined for the class 'MockUser'.
build-and-test	Run flutter test --coverage	2025-07-30T14:32:54.6680160Z  - 'MockUser' is from 'test/firebase_test_helper.dart'.
build-and-test	Run flutter test --coverage	2025-07-30T14:32:54.6681154Z Try correcting the name to the name of an existing getter, or defining a getter or field named 'email'.
build-and-test	Run flutter test --coverage	2025-07-30T14:32:54.6682429Z     when(() => mockUser.email).thenReturn('test@example.com');
build-and-test	Run flutter test --coverage	2025-07-30T14:32:54.6682967Z                         ^^^^^
build-and-test	Run flutter test --coverage	2025-07-30T14:32:54.6683749Z test/firebase_test_helper.dart:80:25: Error: The getter 'displayName' isn't defined for the class 'MockUser'.
build-and-test	Run flutter test --coverage	2025-07-30T14:32:54.6684641Z  - 'MockUser' is from 'test/firebase_test_helper.dart'.
build-and-test	Run flutter test --coverage	2025-07-30T14:32:54.6685528Z Try correcting the name to the name of an existing getter, or defining a getter or field named 'displayName'.
build-and-test	Run flutter test --coverage	2025-07-30T14:32:54.6686426Z     when(() => mockUser.displayName).thenReturn('Test User');
build-and-test	Run flutter test --coverage	2025-07-30T14:32:54.6686958Z                         ^^^^^^^^^^^
build-and-test	Run flutter test --coverage	2025-07-30T14:32:54.6687699Z test/firebase_test_helper.dart:81:25: Error: The getter 'photoURL' isn't defined for the class 'MockUser'.
build-and-test	Run flutter test --coverage	2025-07-30T14:32:54.6688614Z  - 'MockUser' is from 'test/firebase_test_helper.dart'.
build-and-test	Run flutter test --coverage	2025-07-30T14:32:54.6689454Z Try correcting the name to the name of an existing getter, or defining a getter or field named 'photoURL'.
build-and-test	Run flutter test --coverage	2025-07-30T14:32:54.6690478Z     when(() => mockUser.photoURL).thenReturn('https://example.com/photo.jpg');
build-and-test	Run flutter test --coverage	2025-07-30T14:32:54.6691128Z                         ^^^^^^^^
build-and-test	Run flutter test --coverage	2025-07-30T14:32:54.6692078Z test/firebase_test_helper.dart:82:25: Error: The getter 'isAnonymous' isn't defined for the class 'MockUser'.
build-and-test	Run flutter test --coverage	2025-07-30T14:32:54.6693014Z  - 'MockUser' is from 'test/firebase_test_helper.dart'.
build-and-test	Run flutter test --coverage	2025-07-30T14:32:54.6693908Z Try correcting the name to the name of an existing getter, or defining a getter or field named 'isAnonymous'.
build-and-test	Run flutter test --coverage	2025-07-30T14:32:54.6694774Z     when(() => mockUser.isAnonymous).thenReturn(false);
build-and-test	Run flutter test --coverage	2025-07-30T14:32:54.6695233Z                         ^^^^^^^^^^^
build-and-test	Run flutter test --coverage	2025-07-30T14:32:54.6695990Z test/firebase_test_helper.dart:83:25: Error: The getter 'emailVerified' isn't defined for the class 'MockUser'.
build-and-test	Run flutter test --coverage	2025-07-30T14:32:54.6696922Z  - 'MockUser' is from 'test/firebase_test_helper.dart'.
build-and-test	Run flutter test --coverage	2025-07-30T14:32:54.6697800Z Try correcting the name to the name of an existing getter, or defining a getter or field named 'emailVerified'.
build-and-test	Run flutter test --coverage	2025-07-30T14:32:54.6698728Z     when(() => mockUser.emailVerified).thenReturn(true);
build-and-test	Run flutter test --coverage	2025-07-30T14:32:54.6699233Z                         ^^^^^^^^^^^^^
build-and-test	Run flutter test --coverage	2025-07-30T14:32:54.6700030Z test/firebase_test_helper.dart:86:35: Error: The getter 'user' isn't defined for the class 'MockUserCredential'.
build-and-test	Run flutter test --coverage	2025-07-30T14:32:54.6700940Z  - 'MockUserCredential' is from 'test/firebase_test_helper.dart'.
build-and-test	Run flutter test --coverage	2025-07-30T14:32:54.6702000Z Try correcting the name to the name of an existing getter, or defining a getter or field named 'user'.
build-and-test	Run flutter test --coverage	2025-07-30T14:32:54.6702795Z     when(() => mockUserCredential.user).thenReturn(mockUser);
build-and-test	Run flutter test --coverage	2025-07-30T14:32:54.6703275Z                                   ^^^^
build-and-test	Run flutter test --coverage	2025-07-30T14:32:54.6704053Z test/firebase_test_helper.dart:89:25: Error: The getter 'currentUser' isn't defined for the class 'MockFirebaseAuth'.
build-and-test	Run flutter test --coverage	2025-07-30T14:32:54.6705283Z  - 'MockFirebaseAuth' is from 'test/firebase_test_helper.dart'.
build-and-test	Run flutter test --coverage	2025-07-30T14:32:54.6706227Z Try correcting the name to the name of an existing getter, or defining a getter or field named 'currentUser'.
build-and-test	Run flutter test --coverage	2025-07-30T14:32:54.6707391Z     when(() => mockAuth.currentUser).thenReturn(mockUser);
build-and-test	Run flutter test --coverage	2025-07-30T14:32:54.6707928Z                         ^^^^^^^^^^^
build-and-test	Run flutter test --coverage	2025-07-30T14:32:54.6708800Z test/firebase_test_helper.dart:90:25: Error: The method 'authStateChanges' isn't defined for the class 'MockFirebaseAuth'.
build-and-test	Run flutter test --coverage	2025-07-30T14:32:54.6709870Z  - 'MockFirebaseAuth' is from 'test/firebase_test_helper.dart'.
build-and-test	Run flutter test --coverage	2025-07-30T14:32:54.6710794Z Try correcting the name to the name of an existing method, or defining a method named 'authStateChanges'.
build-and-test	Run flutter test --coverage	2025-07-30T14:32:54.6711837Z     when(() => mockAuth.authStateChanges())
build-and-test	Run flutter test --coverage	2025-07-30T14:32:54.6712306Z                         ^^^^^^^^^^^^^^^^
build-and-test	Run flutter test --coverage	2025-07-30T14:32:54.6713146Z test/firebase_test_helper.dart:92:25: Error: The method 'userChanges' isn't defined for the class 'MockFirebaseAuth'.
build-and-test	Run flutter test --coverage	2025-07-30T14:32:54.6714151Z  - 'MockFirebaseAuth' is from 'test/firebase_test_helper.dart'.
build-and-test	Run flutter test --coverage	2025-07-30T14:32:54.6715045Z Try correcting the name to the name of an existing method, or defining a method named 'userChanges'.
build-and-test	Run flutter test --coverage	2025-07-30T14:32:54.6715862Z     when(() => mockAuth.userChanges())
build-and-test	Run flutter test --coverage	2025-07-30T14:32:54.6716291Z                         ^^^^^^^^^^^
build-and-test	Run flutter test --coverage	2025-07-30T14:32:54.6717254Z test/firebase_test_helper.dart:94:25: Error: The method 'signInWithEmailAndPassword' isn't defined for the class 'MockFirebaseAuth'.
build-and-test	Run flutter test --coverage	2025-07-30T14:32:54.6718396Z  - 'MockFirebaseAuth' is from 'test/firebase_test_helper.dart'.
build-and-test	Run flutter test --coverage	2025-07-30T14:32:54.6719352Z Try correcting the name to the name of an existing method, or defining a method named 'signInWithEmailAndPassword'.
build-and-test	Run flutter test --coverage	2025-07-30T14:32:54.6720348Z     when(() => mockAuth.signInWithEmailAndPassword(any(), any()))
build-and-test	Run flutter test --coverage	2025-07-30T14:32:54.6720916Z                         ^^^^^^^^^^^^^^^^^^^^^^^^^^
build-and-test	Run flutter test --coverage	2025-07-30T14:32:54.6722133Z test/firebase_test_helper.dart:96:25: Error: The method 'createUserWithEmailAndPassword' isn't defined for the class 'MockFirebaseAuth'.
build-and-test	Run flutter test --coverage	2025-07-30T14:32:54.6723341Z  - 'MockFirebaseAuth' is from 'test/firebase_test_helper.dart'.
build-and-test	Run flutter test --coverage	2025-07-30T14:32:54.6724376Z Try correcting the name to the name of an existing method, or defining a method named 'createUserWithEmailAndPassword'.
build-and-test	Run flutter test --coverage	2025-07-30T14:32:54.6725433Z     when(() => mockAuth.createUserWithEmailAndPassword(any(), any()))
build-and-test	Run flutter test --coverage	2025-07-30T14:32:54.6726042Z                         ^^^^^^^^^^^^^^^^^^^^^^^^^^^^^^
build-and-test	Run flutter test --coverage	2025-07-30T14:32:54.6726880Z test/firebase_test_helper.dart:98:25: Error: The method 'signOut' isn't defined for the class 'MockFirebaseAuth'.
build-and-test	Run flutter test --coverage	2025-07-30T14:32:54.6727942Z  - 'MockFirebaseAuth' is from 'test/firebase_test_helper.dart'.
build-and-test	Run flutter test --coverage	2025-07-30T14:32:54.6728806Z Try correcting the name to the name of an existing method, or defining a method named 'signOut'.
build-and-test	Run flutter test --coverage	2025-07-30T14:32:54.6729643Z     when(() => mockAuth.signOut()).thenAnswer((_) async {});
build-and-test	Run flutter test --coverage	2025-07-30T14:32:54.6730152Z                         ^^^^^^^
build-and-test	Run flutter test --coverage	2025-07-30T14:32:54.6731274Z test/firebase_test_helper.dart:108:60: Error: The argument type 'MockCollectionReference' can't be assigned to the parameter type 'CollectionReference<Map<String, dynamic>>'.
build-and-test	Run flutter test --coverage	2025-07-30T14:32:54.6732882Z  - 'MockCollectionReference' is from 'test/firebase_test_helper.dart'.
build-and-test	Run flutter test --coverage	2025-07-30T14:32:54.6734263Z  - 'CollectionReference' is from 'package:cloud_firestore/cloud_firestore.dart' ('../../../.pub-cache/hosted/pub.dev/cloud_firestore-5.6.11/lib/cloud_firestore.dart').
build-and-test	Run flutter test --coverage	2025-07-30T14:32:54.6735469Z  - 'Map' is from 'dart:core'.
build-and-test	Run flutter test --coverage	2025-07-30T14:32:54.6736068Z     when(() => mockFirestore.collection(any())).thenReturn(mockCollection);
build-and-test	Run flutter test --coverage	2025-07-30T14:32:54.6736722Z                                                            ^
build-and-test	Run flutter test --coverage	2025-07-30T14:32:54.6737819Z test/firebase_test_helper.dart:132:52: Error: A value of type 'MockDocumentSnapshot' can't be assigned to a variable of type 'QueryDocumentSnapshot<Object?>'.
build-and-test	Run flutter test --coverage	2025-07-30T14:32:54.6739394Z  - 'MockDocumentSnapshot' is from 'test/firebase_test_helper.dart'.
build-and-test	Run flutter test --coverage	2025-07-30T14:32:54.6740778Z  - 'QueryDocumentSnapshot' is from 'package:cloud_firestore/cloud_firestore.dart' ('../../../.pub-cache/hosted/pub.dev/cloud_firestore-5.6.11/lib/cloud_firestore.dart').
build-and-test	Run flutter test --coverage	2025-07-30T14:32:54.6742446Z  - 'Object' is from 'dart:core'.
build-and-test	Run flutter test --coverage	2025-07-30T14:32:54.6743059Z     when(() => mockQuerySnapshot.docs).thenReturn([mockDocumentSnapshot]);
build-and-test	Run flutter test --coverage	2025-07-30T14:32:54.6743695Z                                                    ^
build-and-test	Run flutter test --coverage	2025-07-30T14:32:55.1537157Z ##[group]❌ loading /home/runner/work/appoint/appoint/test/otp_flow_test.dart (failed)
build-and-test	Run flutter test --coverage	2025-07-30T14:32:55.1539107Z Failed to load "/home/runner/work/appoint/appoint/test/otp_flow_test.dart": Compilation failed for testPath=/home/runner/work/appoint/appoint/test/otp_flow_test.dart
build-and-test	Run flutter test --coverage	2025-07-30T14:32:55.1541220Z 
build-and-test	Run flutter test --coverage	2025-07-30T14:32:55.1541740Z ##[endgroup]
build-and-test	Run flutter test --coverage	2025-07-30T14:32:55.1848109Z ##[group]❌ loading /home/runner/work/appoint/appoint/test/widgets/login_screen_test.dart (failed after test completion)
build-and-test	Run flutter test --coverage	2025-07-30T14:32:55.1848812Z Error: the Dart compiler exited unexpectedly.
build-and-test	Run flutter test --coverage	2025-07-30T14:32:55.1850555Z package:flutter_tools/src/base/common.dart 10:3  throwToolExit
build-and-test	Run flutter test --coverage	2025-07-30T14:32:55.1851167Z package:flutter_tools/src/compile.dart 893:9     DefaultResidentCompiler._compile.<fn>
build-and-test	Run flutter test --coverage	2025-07-30T14:32:55.1851876Z dart:async/zone.dart 1422:47                     _rootRunUnary
build-and-test	Run flutter test --coverage	2025-07-30T14:32:55.1852382Z dart:async/future_impl.dart 902:45               Future._propagateToListeners.handleValueCallback
build-and-test	Run flutter test --coverage	2025-07-30T14:32:55.1853075Z dart:async/future_impl.dart 931:13               Future._propagateToListeners
build-and-test	Run flutter test --coverage	2025-07-30T14:32:55.1853565Z dart:async/future_impl.dart 827:9                Future._propagateToListeners
build-and-test	Run flutter test --coverage	2025-07-30T14:32:55.1854040Z dart:async/future_impl.dart 707:5                Future._completeWithValue
build-and-test	Run flutter test --coverage	2025-07-30T14:32:55.1854529Z dart:async/future_impl.dart 777:7                Future._asyncCompleteWithValue.<fn>
build-and-test	Run flutter test --coverage	2025-07-30T14:32:55.1854971Z dart:async/zone.dart 1414:13                     _rootRun
build-and-test	Run flutter test --coverage	2025-07-30T14:32:55.1855340Z dart:async/zone.dart 1317:19                     _CustomZone.run
build-and-test	Run flutter test --coverage	2025-07-30T14:32:55.1855747Z dart:async/zone.dart 1225:7                      _CustomZone.runGuarded
build-and-test	Run flutter test --coverage	2025-07-30T14:32:55.1856204Z dart:async/zone.dart 1265:23                     _CustomZone.bindCallbackGuarded.<fn>
build-and-test	Run flutter test --coverage	2025-07-30T14:32:55.1856656Z dart:async/schedule_microtask.dart 40:21         _microtaskLoop
build-and-test	Run flutter test --coverage	2025-07-30T14:32:55.1857087Z dart:async/schedule_microtask.dart 49:5          _startMicrotaskLoop
build-and-test	Run flutter test --coverage	2025-07-30T14:32:55.1857583Z dart:isolate-patch/isolate_patch.dart 118:13     _runPendingImmediateCallback
build-and-test	Run flutter test --coverage	2025-07-30T14:32:55.1858115Z dart:isolate-patch/isolate_patch.dart 185:5      _RawReceivePort._handleMessage
build-and-test	Run flutter test --coverage	2025-07-30T14:32:55.1858651Z ##[endgroup]
build-and-test	Run flutter test --coverage	2025-07-30T14:32:57.3712691Z test/l10n/localization_test.dart:24:15: Error: Setter not found: 'l10n'.
build-and-test	Run flutter test --coverage	2025-07-30T14:32:57.3713473Z               l10n = AppLocalizations.of(context)!;
build-and-test	Run flutter test --coverage	2025-07-30T14:32:57.3713958Z               ^^^^
build-and-test	Run flutter test --coverage	2025-07-30T14:32:57.3714479Z test/l10n/localization_test.dart:28:26: Error: Undefined name 'l10n'.
build-and-test	Run flutter test --coverage	2025-07-30T14:32:57.3715107Z                     Text(l10n.adminBroadcast),
build-and-test	Run flutter test --coverage	2025-07-30T14:32:57.3715540Z                          ^^^^
build-and-test	Run flutter test --coverage	2025-07-30T14:32:57.3716116Z test/l10n/localization_test.dart:29:26: Error: Undefined name 'l10n'.
build-and-test	Run flutter test --coverage	2025-07-30T14:32:57.3716776Z                     Text(l10n.noBroadcastMessages),
build-and-test	Run flutter test --coverage	2025-07-30T14:32:57.3717218Z                          ^^^^
build-and-test	Run flutter test --coverage	2025-07-30T14:32:57.3717755Z test/l10n/localization_test.dart:30:26: Error: Undefined name 'l10n'.
build-and-test	Run flutter test --coverage	2025-07-30T14:32:57.3718388Z                     Text(l10n.contentLibrary),
build-and-test	Run flutter test --coverage	2025-07-30T14:32:57.3718787Z                          ^^^^
build-and-test	Run flutter test --coverage	2025-07-30T14:32:57.3719314Z test/l10n/localization_test.dart:31:26: Error: Undefined name 'l10n'.
build-and-test	Run flutter test --coverage	2025-07-30T14:32:57.3719923Z                     Text(l10n.sendNow),
build-and-test	Run flutter test --coverage	2025-07-30T14:32:57.3720333Z                          ^^^^
build-and-test	Run flutter test --coverage	2025-07-30T14:32:57.3720872Z test/l10n/localization_test.dart:32:26: Error: Undefined name 'l10n'.
build-and-test	Run flutter test --coverage	2025-07-30T14:32:57.3722191Z                     Text(l10n.details),
build-and-test	Run flutter test --coverage	2025-07-30T14:32:57.3722598Z                          ^^^^
build-and-test	Run flutter test --coverage	2025-07-30T14:32:57.3723127Z test/l10n/localization_test.dart:33:26: Error: Undefined name 'l10n'.
build-and-test	Run flutter test --coverage	2025-07-30T14:32:57.3724022Z                     Text(l10n.composeBroadcastMessage),
build-and-test	Run flutter test --coverage	2025-07-30T14:32:57.3724466Z                          ^^^^
build-and-test	Run flutter test --coverage	2025-07-30T14:32:57.3725002Z test/l10n/localization_test.dart:34:26: Error: Undefined name 'l10n'.
build-and-test	Run flutter test --coverage	2025-07-30T14:32:57.3725628Z                     Text(l10n.checkingPermissions),
build-and-test	Run flutter test --coverage	2025-07-30T14:32:57.3726068Z                          ^^^^
build-and-test	Run flutter test --coverage	2025-07-30T14:32:57.3726600Z test/l10n/localization_test.dart:35:26: Error: Undefined name 'l10n'.
build-and-test	Run flutter test --coverage	2025-07-30T14:32:57.3727223Z                     Text(l10n.mediaOptional),
build-and-test	Run flutter test --coverage	2025-07-30T14:32:57.3727638Z                          ^^^^
build-and-test	Run flutter test --coverage	2025-07-30T14:32:57.3728160Z test/l10n/localization_test.dart:36:26: Error: Undefined name 'l10n'.
build-and-test	Run flutter test --coverage	2025-07-30T14:32:57.3728789Z                     Text(l10n.pickImage),
build-and-test	Run flutter test --coverage	2025-07-30T14:32:57.3729193Z                          ^^^^
build-and-test	Run flutter test --coverage	2025-07-30T14:32:57.3729758Z test/l10n/localization_test.dart:37:26: Error: Undefined name 'l10n'.
build-and-test	Run flutter test --coverage	2025-07-30T14:32:57.3730369Z                     Text(l10n.pickVideo),
build-and-test	Run flutter test --coverage	2025-07-30T14:32:57.3730748Z                          ^^^^
build-and-test	Run flutter test --coverage	2025-07-30T14:32:57.3731255Z test/l10n/localization_test.dart:38:26: Error: Undefined name 'l10n'.
build-and-test	Run flutter test --coverage	2025-07-30T14:32:57.3732015Z                     Text(l10n.pollOptions),
build-and-test	Run flutter test --coverage	2025-07-30T14:32:57.3732418Z                          ^^^^
build-and-test	Run flutter test --coverage	2025-07-30T14:32:57.3732926Z test/l10n/localization_test.dart:39:26: Error: Undefined name 'l10n'.
build-and-test	Run flutter test --coverage	2025-07-30T14:32:57.3733540Z                     Text(l10n.targetingFilters),
build-and-test	Run flutter test --coverage	2025-07-30T14:32:57.3733970Z                          ^^^^
build-and-test	Run flutter test --coverage	2025-07-30T14:32:57.3734295Z test/l10n/localization_test.dart:40:26: Error: Undefined name 'l10n'.
build-and-test	Run flutter test --coverage	2025-07-30T14:32:57.3734902Z                     Text(l10n.scheduling),
build-and-test	Run flutter test --coverage	2025-07-30T14:32:57.3735313Z                          ^^^^
build-and-test	Run flutter test --coverage	2025-07-30T14:32:57.3735844Z test/l10n/localization_test.dart:41:26: Error: Undefined name 'l10n'.
build-and-test	Run flutter test --coverage	2025-07-30T14:32:57.3736452Z                     Text(l10n.scheduleForLater),
build-and-test	Run flutter test --coverage	2025-07-30T14:32:57.3736870Z                          ^^^^
build-and-test	Run flutter test --coverage	2025-07-30T14:32:57.3737394Z test/l10n/localization_test.dart:42:26: Error: Undefined name 'l10n'.
build-and-test	Run flutter test --coverage	2025-07-30T14:32:57.3738116Z                     Text(l10n.messageSavedSuccessfully),
build-and-test	Run flutter test --coverage	2025-07-30T14:32:57.3738556Z                          ^^^^
build-and-test	Run flutter test --coverage	2025-07-30T14:32:57.3739097Z test/l10n/localization_test.dart:43:26: Error: Undefined name 'l10n'.
build-and-test	Run flutter test --coverage	2025-07-30T14:32:57.3739735Z                     Text(l10n.messageSentSuccessfully),
build-and-test	Run flutter test --coverage	2025-07-30T14:32:57.3740184Z                          ^^^^
build-and-test	Run flutter test --coverage	2025-07-30T14:32:57.3740710Z test/l10n/localization_test.dart:44:26: Error: Undefined name 'l10n'.
build-and-test	Run flutter test --coverage	2025-07-30T14:32:57.3741300Z                     Text(l10n.close),
build-and-test	Run flutter test --coverage	2025-07-30T14:32:57.3741888Z                          ^^^^
build-and-test	Run flutter test --coverage	2025-07-30T14:32:57.3742441Z test/l10n/localization_test.dart:91:15: Error: Setter not found: 'l10n'.
build-and-test	Run flutter test --coverage	2025-07-30T14:32:57.3743122Z               l10n = AppLocalizations.of(context)!;
build-and-test	Run flutter test --coverage	2025-07-30T14:32:57.3743564Z               ^^^^
build-and-test	Run flutter test --coverage	2025-07-30T14:32:57.3744006Z test/l10n/localization_test.dart:95:26: Error: Undefined name 'l10n'.
build-and-test	Run flutter test --coverage	2025-07-30T14:32:57.3744543Z                     Text(l10n.type('Test Type')),
build-and-test	Run flutter test --coverage	2025-07-30T14:32:57.3744889Z                          ^^^^
build-and-test	Run flutter test --coverage	2025-07-30T14:32:57.3745314Z test/l10n/localization_test.dart:96:26: Error: Undefined name 'l10n'.
build-and-test	Run flutter test --coverage	2025-07-30T14:32:57.3745837Z                     Text(l10n.content('Test Content')),
build-and-test	Run flutter test --coverage	2025-07-30T14:32:57.3746184Z                          ^^^^
build-and-test	Run flutter test --coverage	2025-07-30T14:32:57.3746601Z test/l10n/localization_test.dart:97:26: Error: Undefined name 'l10n'.
build-and-test	Run flutter test --coverage	2025-07-30T14:32:57.3747102Z                     Text(l10n.status('Active')),
build-and-test	Run flutter test --coverage	2025-07-30T14:32:57.3747465Z                          ^^^^
build-and-test	Run flutter test --coverage	2025-07-30T14:32:57.3747910Z test/l10n/localization_test.dart:98:26: Error: Undefined name 'l10n'.
build-and-test	Run flutter test --coverage	2025-07-30T14:32:57.3748420Z                     Text(l10n.recipients(5)),
build-and-test	Run flutter test --coverage	2025-07-30T14:32:57.3749007Z                          ^^^^
build-and-test	Run flutter test --coverage	2025-07-30T14:32:57.3749442Z test/l10n/localization_test.dart:99:26: Error: Undefined name 'l10n'.
build-and-test	Run flutter test --coverage	2025-07-30T14:32:57.3749943Z                     Text(l10n.opened(10)),
build-and-test	Run flutter test --coverage	2025-07-30T14:32:57.3750470Z                          ^^^^
build-and-test	Run flutter test --coverage	2025-07-30T14:32:57.3750935Z test/l10n/localization_test.dart:100:26: Error: Undefined name 'l10n'.
build-and-test	Run flutter test --coverage	2025-07-30T14:32:57.3751465Z                     Text(l10n.created('2024-01-01')),
build-and-test	Run flutter test --coverage	2025-07-30T14:32:57.3752284Z                          ^^^^
build-and-test	Run flutter test --coverage	2025-07-30T14:32:57.3752809Z test/l10n/localization_test.dart:101:26: Error: Undefined name 'l10n'.
build-and-test	Run flutter test --coverage	2025-07-30T14:32:57.3753386Z                     Text(l10n.scheduled('2024-01-02')),
build-and-test	Run flutter test --coverage	2025-07-30T14:32:57.3753720Z                          ^^^^
build-and-test	Run flutter test --coverage	2025-07-30T14:32:57.3754220Z test/l10n/localization_test.dart:102:26: Error: Undefined name 'l10n'.
build-and-test	Run flutter test --coverage	2025-07-30T14:32:57.3754745Z                     Text(l10n.errorCheckingPermissions('Test Error')),
build-and-test	Run flutter test --coverage	2025-07-30T14:32:57.3755228Z                          ^^^^
build-and-test	Run flutter test --coverage	2025-07-30T14:32:57.3755661Z test/l10n/localization_test.dart:103:26: Error: Undefined name 'l10n'.
build-and-test	Run flutter test --coverage	2025-07-30T14:32:57.3756210Z                     Text(l10n.errorSavingMessage('Test Error')),
build-and-test	Run flutter test --coverage	2025-07-30T14:32:57.3756565Z                          ^^^^
build-and-test	Run flutter test --coverage	2025-07-30T14:32:57.3757106Z test/l10n/localization_test.dart:104:26: Error: Undefined name 'l10n'.
build-and-test	Run flutter test --coverage	2025-07-30T14:32:57.3757680Z                     Text(l10n.errorSendingMessage('Test Error')),
build-and-test	Run flutter test --coverage	2025-07-30T14:32:57.3758153Z                          ^^^^
build-and-test	Run flutter test --coverage	2025-07-30T14:32:57.3758700Z test/l10n/localization_test.dart:105:26: Error: Undefined name 'l10n'.
build-and-test	Run flutter test --coverage	2025-07-30T14:32:57.3759373Z                     Text(l10n.link('https://example.com')),
build-and-test	Run flutter test --coverage	2025-07-30T14:32:57.3759826Z                          ^^^^
build-and-test	Run flutter test --coverage	2025-07-30T14:32:57.3760371Z test/l10n/localization_test.dart:106:26: Error: Undefined name 'l10n'.
build-and-test	Run flutter test --coverage	2025-07-30T14:32:57.3760985Z                     Text(l10n.clicked(5)),
build-and-test	Run flutter test --coverage	2025-07-30T14:32:57.3761363Z                          ^^^^
build-and-test	Run flutter test --coverage	2025-07-30T14:32:57.4627028Z ##[group]❌ loading /home/runner/work/appoint/appoint/test/l10n/localization_test.dart (failed)
build-and-test	Run flutter test --coverage	2025-07-30T14:32:57.4629865Z Failed to load "/home/runner/work/appoint/appoint/test/l10n/localization_test.dart": Compilation failed for testPath=/home/runner/work/appoint/appoint/test/l10n/localization_test.dart
build-and-test	Run flutter test --coverage	2025-07-30T14:32:57.4631311Z 
build-and-test	Run flutter test --coverage	2025-07-30T14:32:57.4631888Z ##[endgroup]
build-and-test	Run flutter test --coverage	2025-07-30T14:32:57.4668931Z 
build-and-test	Run flutter test --coverage	2025-07-30T14:32:57.4704515Z ##[error]102 tests passed, 102 failed.
build-and-test	Run flutter test --coverage	2025-07-30T14:32:57.5536139Z ##[error]Process completed with exit code 1.
